******************************************************************************
                  TI ARM Linker PC v5.2.2                      
******************************************************************************
>> Linked Fri May 15 22:03:19 2015

OUTPUT FILE NAME:   <FestoStation.out>
ENTRY POINT SYMBOL: "_c_int00"  address: 0000bc89


MEMORY CONFIGURATION

         name            origin    length      used     unused   attr    fill
----------------------  --------  ---------  --------  --------  ----  --------
  FLASH                 00000000   00100000  00016826  000e97da  R  X
  SRAM                  20000000   00040000  00006cb4  0003934c  RW X


SEGMENT ALLOCATION MAP

run origin  load origin   length   init length attrs members
----------  ----------- ---------- ----------- ----- -------
00000000    00000000    00016830   00016830    r-x
  00000000    00000000    0000003c   0000003c    r-- .resetVecs
  00000040    00000040    0000fd5a   0000fd5a    r-x .text
  0000fd9c    0000fd9c    000065f8   000065f8    r-- .const
  00016398    00016398    00000498   00000498    r-- .cinit
20000000    20000000    00000360   00000000    rw-
  20000000    20000000    00000360   00000000    rw- .vecs
20000400    20000400    00006954   00000000    rw-
  20000400    20000400    00005e6c   00000000    rw- .bss
  2000626c    2000626c    000007e8   00000000    rw- .data
  20006a54    20006a54    00000300   00000000    rw- .stack


SECTION ALLOCATION MAP

 output                                  attributes/
section   page    origin      length       input sections
--------  ----  ----------  ----------   ----------------
.resetVecs 
*          0    00000000    0000003c     
                  00000000    0000003c     FestoStation_pem4f.oem4f (.resetVecs)

.text      0    00000040    0000fd5a     
                  00000040    000006c8     kentec320x240x16_ssd2119.obj (.text)
                  00000708    00000610     DK_TM4C129X.obj (.text)
                  00000d18    000004bc     FestoStation.obj (.text)
                  000011d4    00000004     usblib.lib : usbdma.obj (.text:DMAUSBStatus)
                  000011d8    00000434     sysbios.aem4f : BIOS.obj (.text:ti_sysbios_family_arm_m3_Hwi_excDumpRegs__I)
                  0000160c    000003f4     usblib.lib : usbhostenum.obj (.text:USBHostIntHandlerInternal)
                  00001a00    00000370     grlib.lib : image.obj (.text:InternalImageDraw)
                  00001d70    00000370     sysbios.aem4f : BIOS.obj (.text:ti_sysbios_knl_Event_pend__E)
                  000020e0    0000034c     ti.targets.arm.rtsarm.aem4f : System.oem4f (.text:xdc_runtime_System_doPrint__I)
                  0000242c    00000004     driverlib.lib : i2c.obj (.text:I2CMasterControl)
                  00002430    00000320     sysbios.aem4f : BIOS.obj (.text:ti_sysbios_knl_Semaphore_pend__E)
                  00002750    000002e4     grlib.lib : image.obj (.text:PixelTransparentDraw)
                  00002a34    000002d4     rtsv7M4_T_le_v4SPD16_eabi.lib : trgdrv.obj (.text)
                  00002d08    00000278     frame.obj (.text)
                  00002f80    00000256     grlib.lib : string.obj (.text:GrFontGlyphRender)
                  000031d6    00000002     drivers_tivaware.aem4f : SPITivaDMA.oem4f (.text:SPITivaDMA_serviceISR)
                  000031d8    00000254     sysbios.aem4f : BIOS.obj (.text:ti_sysbios_heaps_HeapMem_free__E)
                  0000342c    00000004     driverlib.lib : i2c.obj (.text:I2CMasterDataGet)
                  00003430    00000240     sysbios.aem4f : BIOS.obj (.text:ti_sysbios_heaps_HeapMem_alloc__E)
                  00003670    0000022c                   : BIOS.obj (.text:ti_sysbios_knl_Task_Instance_finalize__E)
                  0000389c    00000214     drivers_tivaware.aem4f : UARTTiva.oem4f (.text:UARTTiva_open)
                  00003ab0    00000204     Boot.aem4f : Boot_sysctl.oem4f (.text:ti_catalog_arm_cortexm4_tiva_ce_Boot_sysCtlClockFreqSetI__I)
                  00003cb4    000001f4     drivers_tivaware.aem4f : SDSPITiva.oem4f (.text:SDSPITiva_diskInitialize)
                  00003ea8    000001f4     sysbios.aem4f : BIOS.obj (.text:ti_sysbios_knl_Task_sleep__E)
                  0000409c    00000004     driverlib.lib : i2c.obj (.text:I2CMasterDataPut)
                  000040a0    000001f0     sysbios.aem4f : BIOS.obj (.text:ti_sysbios_family_arm_m3_Hwi_excHandlerMax__I)
                  00004290    000001c8                   : BIOS.obj (.text:ti_sysbios_knl_Task_Instance_init__E)
                  00004458    000001a0     drivers_tivaware.aem4f : USBMSCHFatFsTiva.oem4f (.text:USBMSCHFatFsTiva_open)
                  000045f8    0000019c     usblib.lib : usbhostenum.obj (.text:USBHCDPipeAllocSize)
                  00004794    00000190                : usbhostenum.obj (.text:ProcessUSBDeviceStateMachine)
                  00004924    00000004     driverlib.lib : lcd.obj (.text:LCDDMAConfigSet)
                  00004928    0000017c     sysbios.aem4f : BIOS.obj (.text:ti_sysbios_family_arm_lm4_TimestampProvider_get64__E)
                  00004aa4    00000178     usblib.lib : usbhhub.obj (.text:USBHHubMain)
                  00004c1c    00000004     driverlib.lib : lcd.obj (.text:LCDIDDConfigSet)
                  00004c20    00000174     sysbios.aem4f : BIOS.obj (.text:ti_sysbios_family_arm_m3_Hwi_excBusFault__I)
                  00004d94    00000170     drivers_tivaware.aem4f : PWMTiva.oem4f (.text:PWMTiva_open)
                  00004f04    00000170     usblib.lib : usbdma.obj (.text:USBLibDMAInit)
                  00005074    0000016c                : usbhostenum.obj (.text:USBHCDInitInternal)
                  000051e0    00000168     sysbios.aem4f : BIOS.obj (.text:ti_sysbios_family_arm_lm4_Timer_start__E)
                  00005348    00000164                   : BIOS.obj (.text:ti_sysbios_family_arm_m3_Hwi_excUsageFault__I)
                  000054ac    00000150     usblib.lib : usbdenum.obj (.text:USBDEP0StateTxConfig)
                  000055fc    00000150                : usbdenum.obj (.text:USBDeviceIntHandlerInternal)
                  0000574c    00000150                : usbhostenum.obj (.text:USBHCDPipeRead)
                  0000589c    00000004     driverlib.lib : ssi.obj (.text:SSIIntClear)
                  000058a0    00000150     sysbios.aem4f : BIOS.obj (.text:ti_sysbios_knl_Event_post__E)
                  000059f0    00000150                   : BIOS.obj (.text:ti_sysbios_knl_Semaphore_post__E)
                  00005b40    00000148     drivers_tivaware.aem4f : GPIOTiva.oem4f (.text:GPIO_setConfig)
                  00005c88    00000148     sysbios.aem4f : BIOS.obj (.text:ti_sysbios_family_arm_m3_Hwi_excMemFault__I)
                  00005dd0    00000140     usblib.lib : usbdconfig.obj (.text:USBDeviceConfig)
                  00005f10    0000013c     sysbios.aem4f : BIOS.obj (.text:ti_sysbios_heaps_HeapMem_Instance_init__E)
                  0000604c    00000138     FestoStation_pem4f.oem4f (.text:ti_uia_loggers_LoggerStopMode_writeMemoryRange__E)
                  00006184    00000004     driverlib.lib : uart.obj (.text:UARTIntClear)
                  00006188    00000134     sysbios.aem4f : BIOS.obj (.text:ti_sysbios_knl_Clock_workFunc__E)
                  000062bc    00000130     driverlib.lib : gpio.obj (.text:GPIOPadConfigSet)
                  000063ec    00000128     usblib.lib : usbhostenum.obj (.text:USBHCDPipeWrite)
                  00006514    00000004     driverlib.lib : usb.obj (.text:USBDevAddrSet)
                  00006518    0000011c     sysbios.aem4f : BIOS.obj (.text:ti_sysbios_family_arm_m3_Hwi_dispatchC__I)
                  00006634    00000004     drivers_tivaware.aem4f : USBMSCHFatFsTiva.oem4f (.text:USBMSCHFatFsTiva_control)
                  00006638    0000011c     sysbios.aem4f : BIOS.obj (.text:ti_sysbios_knl_Clock_Instance_init__E)
                  00006754    00000118     ti.targets.arm.rtsarm.aem4f : Error.oem4f (.text:xdc_runtime_Error_policyDefault__E)
                  0000686c    0000010c     FestoStation_pem4f.oem4f (.text:ti_uia_loggers_LoggerStopMode_write8__E)
                  00006978    00000100     usblib.lib : usbhostenum.obj (.text:USBHCDEnumHandler)
                  00006a78    00000100     ti.targets.arm.rtsarm.aem4f : Core-mem.oem4f (.text:xdc_runtime_Core_createObject__I)
                  00006b78    000000fc     drivers_tivaware.aem4f : PWMTiva.oem4f (.text:PWMTiva_setDuty)
                  00006c74    000000fc     usblib.lib : usbhmsc.obj (.text:USBHMSCDriveReady)
                  00006d70    000000f8     drivers_tivaware.aem4f : SDSPITiva.oem4f (.text:SDSPITiva_open)
                  00006e68    000000f8     ti.targets.arm.rtsarm.aem4f : Startup.oem4f (.text:xdc_runtime_Startup_startMods__I)
                  00006f60    000000f8     FestoStation_pem4f.oem4f (.text:xdc_runtime_System_printfExtend__I)
                  00007058    000000f4     drivers_tivaware.aem4f : SDSPITiva.oem4f (.text:SDSPITiva_diskIOctrl)
                  0000714c    000000f4     usblib.lib : usbhostenum.obj (.text:USBHCDInit)
                  00007240    000000f4     sysbios.aem4f : m3_Hwi_asm.obj (.text:ti_sysbios_family_arm_m3_Hwi_dispatch__I)
                  00007334    000000f4     FestoStation_pem4f.oem4f (.text:ti_uia_loggers_LoggerStopMode_write4__E)
                  00007428    000000f0     usblib.lib : usbhostenum.obj (.text:USBHCDControlTransfer)
                  00007518    000000f0                : usbhostenum.obj (.text:USBHCDPipeFree)
                  00007608    000000ec     drivers_tivaware.aem4f : SPITivaDMA.oem4f (.text:SPITivaDMA_open)
                  000076f4    000000ea     usblib.lib : usbdma.obj (.text:iDMAUSBTransfer)
                  000077de    00000002     drivers_tivaware.aem4f : WatchdogTiva.oem4f (.text:WatchdogTiva_close)
                  000077e0    000000e8                            : I2CTiva.oem4f (.text:I2CTiva_open)
                  000078c8    000000e8                            : SDSPITiva.oem4f (.text:SDSPITiva_diskWrite)
                  000079b0    000000e8     FestoStation_pem4f.oem4f (.text:ti_uia_loggers_LoggerStopMode_write2__E)
                  00007a98    000000e4     usblib.lib : usbdenum.obj (.text:USBDGetDescriptor)
                  00007b7c    000000e4     FestoStation_pem4f.oem4f (.text:ti_uia_loggers_LoggerStopMode_write1__E)
                  00007c60    000000e0     usblib.lib : usbhostenum.obj (.text:USBHCDMain)
                  00007d40    000000dc     drivers_tivaware.aem4f : SPITivaDMA.oem4f (.text:SPITivaDMA_configDMA)
                  00007e1c    000000d8     usblib.lib : usbdenum.obj (.text:USBDeviceEnumHandler)
                  00007ef4    000000d8                : usbhostenum.obj (.text:USBHCDPipeConfig)
                  00007fcc    00000004     drivers_tivaware.aem4f : USBMSCHFatFsTiva.oem4f (.text:USBMSCHFatFsTiva_hwiHandler)
                  00007fd0    000000d8     sysbios.aem4f : BIOS.obj (.text:ti_sysbios_family_arm_lm4_TimestampProvider_get32__E)
                  000080a8    000000d8     FestoStation_pem4f.oem4f (.text:ti_uia_loggers_LoggerStopMode_write0__E)
                  00008180    000000d6     drivers_tivaware.aem4f : I2CTiva.oem4f (.text:I2CTiva_hwiFxn)
                  00008256    00000002     usblib.lib : usbdma.obj (.text:iDMAUSBArbSizeSet)
                  00008258    000000cc     sysbios.aem4f : BIOS.obj (.text:ti_sysbios_knl_Task_schedule__I)
                  00008324    000000cc     ti.targets.arm.rtsarm.aem4f : Core-smem.oem4f (.text:xdc_runtime_Core_constructObject__I)
                  000083f0    000000c6     drivers_tivaware.aem4f : SDSPITiva.oem4f (.text:send_cmd)
                  000084b6    000000c4     grlib.lib : string.obj (.text:GrDefaultStringRenderer)
                  0000857a    00000006     driverlib.lib : gpio.obj (.text:GPIOIntClear)
                  00008580    000000c4     sysbios.aem4f : BIOS.obj (.text:ti_sysbios_family_arm_m3_Hwi_Module_startup__E)
                  00008644    000000c2     driverlib.lib : usb.obj (.text:USBHostEndpointConfig)
                  00008706    00000002     usblib.lib : usbdma.obj (.text:iDMAUSBUnitSizeSet)
                  00008708    000000c0     drivers_tivaware.aem4f : SDSPITiva.oem4f (.text:SDSPITiva_diskRead)
                  000087c8    000000c0     usblib.lib : usbdma.obj (.text:uDMAUSBChannelAllocate)
                  00008888    000000bc                : usbmode.obj (.text:USB0OTGModeIntHandler)
                  00008944    00000004     driverlib.lib : watchdog.obj (.text:WatchdogReloadSet)
                  00008948    000000bc     sysbios.aem4f : BIOS.obj (.text:ti_sysbios_family_arm_m3_Hwi_excDebugMon__I)
                  00008a04    00000004     FestoStation_pem4f.oem4f (.text:ti_sysbios_BIOS_RtsGateProxy_enter__E)
                  00008a08    000000bc     sysbios.aem4f : BIOS.obj (.text:ti_sysbios_family_arm_m3_Hwi_excHardFault__I)
                  00008ac4    00000004     FestoStation_pem4f.oem4f (.text:ti_sysbios_BIOS_RtsGateProxy_leave__E)
                  00008ac8    000000bc     sysbios.aem4f : BIOS.obj (.text:ti_sysbios_knl_Task_startCore__E)
                  00008b84    000000ba     usblib.lib : usbdma.obj (.text:uDMAUSBTransfer)
                  00008c3e    00000002     FestoStation_pem4f.oem4f (.text:ti_sysbios_BIOS_nullFunc__I)
                  00008c40    000000b4     sysbios.aem4f : BIOS.obj (.text:ti_sysbios_gates_GateMutex_enter__E)
                  00008cf4    00000004                   : BIOS.obj (.text:ti_sysbios_family_arm_lm4_Timer_masterEnable__I)
                  00008cf8    000000b4                   : BIOS.obj (.text:ti_sysbios_knl_Task_checkStacks__E)
                  00008dac    00000004     FestoStation_pem4f.oem4f (.text:ti_sysbios_family_arm_m3_Hwi_destruct)
                  00008db0    000000b0     sysbios.aem4f : BIOS.obj (.text:ti_sysbios_utils_Load_idleFxn__E)
                  00008e60    000000ac                   : BIOS.obj (.text:ti_sysbios_family_arm_lm4_Timer_enableTiva__I)
                  00008f0c    00000004     FestoStation_pem4f.oem4f (.text:ti_sysbios_family_arm_m3_TaskSupport_Module__startupDone__S)
                  00008f10    000000ac     sysbios.aem4f : BIOS.obj (.text:ti_sysbios_utils_Load_updateLoads__E)
                  00008fbc    00000004     FestoStation_pem4f.oem4f (.text:ti_sysbios_gates_GateMutex_destruct)
                  00008fc0    000000a8     sysbios.aem4f : BIOS.obj (.text:ti_sysbios_family_arm_lm4_Timer_enableTimers__I)
                  00009068    000000a8                   : BIOS.obj (.text:ti_sysbios_knl_Task_blockI__E)
                  00009110    000000a8                   : BIOS.obj (.text:ti_sysbios_knl_Task_postInit__I)
                  000091b8    000000a4     usblib.lib : usbhmsc.obj (.text:USBHMSCOpen)
                  0000925c    000000a4     drivers_tivaware.aem4f : WatchdogTiva.oem4f (.text:WatchdogTiva_open)
                  00009300    000000a4     sysbios.aem4f : BIOS.obj (.text:ti_sysbios_knl_Clock_Instance_finalize__E)
                  000093a4    000000a0     auto_init.aem4f : auto_init.oem4f (.text)
                  00009444    000000a0     drivers_tivaware.aem4f : SDSPITiva.oem4f (.text:rcvr_datablock)
                  000094e4    000000a0     ti.targets.arm.rtsarm.aem4f : Text.oem4f (.text:xdc_runtime_Text_putMod__E)
                  00009584    0000009c     usblib.lib : usbhostenum.obj (.text:USBHCDDeviceDisconnected)
                  00009620    0000009c     rtsv7M4_T_le_v4SPD16_eabi.lib : memcpy_t2.obj (.text)
                  000096bc    0000009a     ti.targets.arm.rtsarm.aem4f : Text.oem4f (.text:xdc_runtime_Text_putSite__E)
                  00009756    0000009a     drivers_tivaware.aem4f : SDSPITiva.oem4f (.text:xmit_datablock)
                  000097f0    00000098                            : GPIOTiva.oem4f (.text:GPIO_init)
                  00009888    00000098                            : UARTTiva.oem4f (.text:UARTTiva_readPolling)
                  00009920    00000098     usblib.lib : usbdenum.obj (.text:USBDSetInterface)
                  000099b8    00000098     Boot.aem4f : Boot.oem4f (.text:ti_catalog_arm_cortexm4_tiva_ce_Boot_sysCtlClockFreqSet__E)
                  00009a50    00000094     usblib.lib : usbhostenum.obj (.text:USBHCDOpenDriver)
                  00009ae4    00000004     FestoStation_pem4f.oem4f (.text:ti_sysbios_heaps_HeapMem_Module_GateProxy_enter__E)
                  00009ae8    00000094     sysbios.aem4f : BIOS.obj (.text:ti_sysbios_family_arm_m3_Hwi_Instance_init__E)
                  00009b7c    00000004     FestoStation_pem4f.oem4f (.text:ti_sysbios_heaps_HeapMem_Module_GateProxy_leave__E)
                  00009b80    00000094     sysbios.aem4f : BIOS.obj (.text:ti_sysbios_family_arm_m3_Hwi_initNVIC__E)
                  00009c14    00000004     FestoStation_pem4f.oem4f (.text:ti_sysbios_knl_Clock_TimerProxy_getMaxTicks__E)
                  00009c18    00000094     sysbios.aem4f : BIOS.obj (.text:ti_sysbios_knl_Task_exit__E)
                  00009cac    00000090     usblib.lib : usbhostenum.obj (.text:FIFOAlloc)
                  00009d3c    00000004     FestoStation_pem4f.oem4f (.text:ti_sysbios_knl_Clock_TimerProxy_getPeriod__E)
                  00009d40    00000090     sysbios.aem4f : BIOS.obj (.text:ti_sysbios_knl_Task_unblockI__E)
                  00009dd0    00000090     ti.uia.loggers.aem4f : LoggerStopMode.oem4f (.text:ti_uia_loggers_LoggerStopMode_initQueueDescriptor__E)
                  00009e60    0000008e     drivers_tivaware.aem4f : UARTTiva.oem4f (.text:readTaskBlocking)
                  00009eee    0000008c                            : UARTTiva.oem4f (.text:UARTTiva_control)
                  00009f7a    0000008c                            : UARTTiva.oem4f (.text:UARTTiva_write)
                  0000a006    00000002     FestoStation_pem4f.oem4f (.text:ti_uia_loggers_LoggerStopMode_setFilterLevel__E)
                  0000a008    0000008c     usblib.lib : usbdenum.obj (.text:USBDSetConfiguration)
                  0000a094    0000008c                : usbdconfig.obj (.text:USBDeviceConfigAlternate)
                  0000a120    0000008c                : usbhostenum.obj (.text:USBHCDClearFeature)
                  0000a1ac    0000008c     sysbios.aem4f : m3_TaskSupport_asm.obj (.text:ti_sysbios_family_arm_m3_TaskSupport_buildTaskStack)
                  0000a238    00000088     drivers_tivaware.aem4f : PWMTiva.oem4f (.text:PWMTiva_control)
                  0000a2c0    00000088     usblib.lib : usbhscsi.obj (.text:USBHSCSISendCommand)
                  0000a348    00000088     sysbios.aem4f : BIOS.obj (.text:ti_sysbios_knl_Mailbox_Module_startup__E)
                  0000a3d0    00000084     usblib.lib : usbdma.obj (.text:iDMAUSBChannelAllocate)
                  0000a454    00000084     driverlib.lib : udma.obj (.text:uDMAChannelTransferSet)
                  0000a4d8    0000007e     drivers_tivaware.aem4f : I2CTiva.oem4f (.text:I2CTiva_transfer)
                  0000a556    00000002     ti.uia.loggers.aem4f : LoggerStopMode.oem4f (.text:ti_uia_loggers_LoggerStopMode_setPriority__E)
                  0000a558    0000007c     drivers_tivaware.aem4f : SPITivaDMA.oem4f (.text:SPITivaDMA_initHw)
                  0000a5d4    0000007c     usblib.lib : usbdenum.obj (.text:USBDClearFeature)
                  0000a650    0000007c     drivers_tivaware.aem4f : UARTTiva.oem4f (.text:readIsrTextBlocking)
                  0000a6cc    00000004     FestoStation_pem4f.oem4f (.text:ti_sysbios_knl_Clock_destruct)
                  0000a6d0    0000007c     sysbios.aem4f : BIOS.obj (.text:ti_sysbios_utils_Load_logLoads__I)
                  0000a74c    0000007a     driverlib.lib : usb.obj (.text:USBDevEndpointConfigSet)
                  0000a7c6    0000007a     drivers_tivaware.aem4f : UARTTiva.oem4f (.text:readTaskCallback)
                  0000a840    0000007a     rtsv7M4_T_le_v4SPD16_eabi.lib : memset_t2.obj (.text)
                  0000a8ba    00000076     drivers_tivaware.aem4f : UARTTiva.oem4f (.text:readIsrTextCallback)
                  0000a930    00000074     usblib.lib : usbdenum.obj (.text:USBDGetStatus)
                  0000a9a4    00000074                : usbhostenum.obj (.text:USBHCDGetConfigDescriptor)
                  0000aa18    00000074     sysbios.aem4f : BIOS.obj (.text:ti_sysbios_family_arm_m3_Hwi_postInit__I)
                  0000aa8c    00000004     FestoStation_pem4f.oem4f (.text:ti_sysbios_knl_Queue_destruct)
                  0000aa90    00000074     sysbios.aem4f : BIOS.obj (.text:ti_sysbios_knl_Clock_start__E)
                  0000ab04    00000074     ti.uia.runtime.aem4f : QueueDescriptor.oem4f (.text:ti_uia_runtime_QueueDescriptor_addToList__E)
                  0000ab78    00000072     usblib.lib : usbdma.obj (.text:uDMAUSBArbSizeSet)
                  0000abea    00000070     drivers_tivaware.aem4f : SPITivaDMA.oem4f (.text:SPITivaDMA_transferCancel)
                  0000ac5a    00000002     usblib.lib : usbdma.obj (.text:uDMAUSBChannelIntDisable)
                  0000ac5c    00000070                : usbdenum.obj (.text:USBDEP0StateTx)
                  0000accc    00000004     FestoStation_pem4f.oem4f (.text:ti_sysbios_knl_Semaphore_delete)
                  0000acd0    00000070     sysbios.aem4f : BIOS.obj (.text:ti_sysbios_knl_Semaphore_Instance_init__E)
                  0000ad40    00000070     usblib.lib : usbdma.obj (.text:uDMAUSBUnitSizeSet)
                  0000adb0    0000006c                : usbmode.obj (.text:USBOTGSetMode)
                  0000ae1c    00000004     FestoStation_pem4f.oem4f (.text:ti_sysbios_knl_Semaphore_destruct)
                  0000ae20    0000006c     sysbios.aem4f : BIOS.obj (.text:ti_sysbios_utils_Load_updateThreadContexts__E)
                  0000ae8c    0000006c     drivers_tivaware.aem4f : UARTTiva.oem4f (.text:writeData)
                  0000aef8    0000006c     ti.targets.arm.rtsarm.aem4f : Error.oem4f (.text:xdc_runtime_Error_print__E)
                  0000af64    0000006c                                 : Memory.oem4f (.text:xdc_runtime_Memory_alloc__E)
                  0000afd0    0000006a     grlib.lib : string.obj (.text:GrStringWidthGet)
                  0000b03a    0000006a     drivers_tivaware.aem4f : PWMTiva.oem4f (.text:PWMTiva_close)
                  0000b0a4    0000006a     rtsv7M4_T_le_v4SPD16_eabi.lib : copy_decompress_rle.obj (.text)
                  0000b10e    00000002     usblib.lib : usbdma.obj (.text:uDMAUSBChannelIntEnable)
                  0000b110    00000068     grlib.lib : context.obj (.text:GrContextInit)
                  0000b178    00000068     driverlib.lib : interrupt.obj (.text:IntDisable)
                  0000b1e0    00000068                   : interrupt.obj (.text:IntEnable)
                  0000b248    00000068     usblib.lib : usbdenum.obj (.text:USBDSetFeature)
                  0000b2b0    00000068     rtsv7M4_T_le_v4SPD16_eabi.lib : trgmsg.obj (.text)
                  0000b318    00000066     ti.uia.loggers.aem4f : LoggerStopMode.oem4f (.text:ti_uia_loggers_LoggerStopMode_flush__E)
                  0000b37e    00000066     ti.targets.arm.rtsarm.aem4f : Core-mem.oem4f (.text:xdc_runtime_Core_deleteObject__I)
                  0000b3e4    00000064     drivers_tivaware.aem4f : GPIOTiva.oem4f (.text:GPIO_hwiIntFxn)
                  0000b448    00000064     driverlib.lib : interrupt.obj (.text:IntIsEnabled)
                  0000b4ac    00000004     FestoStation_pem4f.oem4f (.text:ti_sysbios_knl_Task_destruct)
                  0000b4b0    00000064     sysbios.aem4f : BIOS.obj (.text:ti_sysbios_family_arm_lm4_Timer_Module_startup__E)
                  0000b514    00000064     FestoStation_pem4f.oem4f (.text:ti_sysbios_family_arm_m3_Hwi_create)
                  0000b578    00000064     usblib.lib : usbdma.obj (.text:uDMAUSBChannelEnable)
                  0000b5dc    00000064     ti.targets.arm.rtsarm.aem4f : System.oem4f (.text:xdc_runtime_System_formatNum__I)
                  0000b640    00000062     grlib.lib : context.obj (.text:GrContextClipRegionSet)
                  0000b6a2    00000062     drivers_tivaware.aem4f : I2CTiva.oem4f (.text:I2CTiva_primeTransfer)
                  0000b704    00000062                            : SPITivaDMA.oem4f (.text:SPITivaDMA_transfer)
                  0000b766    00000002     FestoStation_pem4f.oem4f (.text:xdc_runtime_Startup_reset__I)
                  0000b768    00000060     usblib.lib : usbdenum.obj (.text:USBDReadAndDispatchRequest)
                  0000b7c8    00000060                : usbhostenum.obj (.text:USBHostCheckPipes)
                  0000b828    00000060     sysbios.aem4f : BIOS.obj (.text:ti_sysbios_family_arm_lm4_Timer_isrStub__E)
                  0000b888    00000060                   : BIOS.obj (.text:ti_sysbios_knl_Clock_logTick__E)
                  0000b8e8    00000060                   : BIOS.obj (.text:ti_sysbios_utils_Load_logCPULoad__I)
                  0000b948    0000005e     driverlib.lib : usb.obj (.text:USBDevEndpointStatusClear)
                  0000b9a6    00000002     --HOLE-- [fill = 0]
                  0000b9a8    0000005c     usblib.lib : usbhostenum.obj (.text:ConfigDescAlloc)
                  0000ba04    0000005c                : usbhostenum.obj (.text:USBHCDGetDeviceDescriptor)
                  0000ba60    0000005c                : usbhscsi.obj (.text:USBHSCSIRead10)
                  0000babc    0000005c                : usbhscsi.obj (.text:USBHSCSIWrite10)
                  0000bb18    0000005c     sysbios.aem4f : BIOS.obj (.text:ti_sysbios_knl_Task_Module_startup__E)
                  0000bb74    0000005c     drivers_tivaware.aem4f : SDSPITiva.oem4f (.text:wait_ready)
                  0000bbd0    0000005b     ti.targets.arm.rtsarm.aem4f : Text.oem4f (.text:xdc_runtime_Text_putLab__E)
                  0000bc2b    00000001     --HOLE-- [fill = 0]
                  0000bc2c    0000005a     grlib.lib : string.obj (.text:FontWideGlyphDataGet)
                  0000bc86    00000002     --HOLE-- [fill = 0]
                  0000bc88    00000058     boot.aem4f : boot.oem4f (.text)
                  0000bce0    00000058     usblib.lib : usbhostenum.obj (.text:USBHCDEP0StateTx)
                  0000bd38    00000058                : usbhostenum.obj (.text:USBHCDHubDeviceConnected)
                  0000bd90    00000058     FestoStation_pem4f.oem4f (.text:ti_sysbios_family_arm_m3_Hwi_construct)
                  0000bde8    00000058     sysbios.aem4f : m3_Hwi_asm_switch.obj (.text:ti_sysbios_family_arm_m3_Hwi_initStacks__E)
                  0000be40    00000056     driverlib.lib : gpio.obj (.text:GPIOIntTypeSet)
                  0000be96    00000056     usblib.lib : usbdma.obj (.text:uDMAUSBChannelRelease)
                  0000beec    00000054     FestoStation_pem4f.oem4f (.text:ti_sysbios_knl_Task_construct)
                  0000bf40    00000054     sysbios.aem4f : BIOS.obj (.text:ti_sysbios_utils_Load_updateCurrentThreadTime__E)
                  0000bf94    00000054     ti.targets.arm.rtsarm.aem4f : Assert.oem4f (.text:xdc_runtime_Assert_raise__I)
                  0000bfe8    00000052     drivers_tivaware.aem4f : SPITivaDMA.oem4f (.text:SPITivaDMA_hwiFxn)
                  0000c03a    00000052     usblib.lib : usbulpi.obj (.text:ULPIConfigSet)
                  0000c08c    00000052     drivers_tivaware.aem4f : USBMSCHFatFsTiva.oem4f (.text:USBMSCHFatFsTiva_close)
                  0000c0de    00000052                            : UARTTiva.oem4f (.text:readIsrBinaryBlocking)
                  0000c130    00000050                            : GPIOTiva.oem4f (.text:GPIO_setCallback)
                  0000c180    00000050                            : GPIOTiva.oem4f (.text:GPIO_toggle)
                  0000c1d0    00000050                            : GPIOTiva.oem4f (.text:GPIO_write)
                  0000c220    00000050     driverlib.lib : sysctl.obj (.text:SysCtlPeripheralReset)
                  0000c270    00000050     usblib.lib : usbdcdesc.obj (.text:USBDCDConfigDescGet)
                  0000c2c0    00000050                : usbdenum.obj (.text:USBDeviceResumeTickHandler)
                  0000c310    00000050     drivers_tivaware.aem4f : USBMSCHFatFsTiva.oem4f (.text:USBMSCHFatFsTiva_diskWrite)
                  0000c360    00000050     Boot.aem4f : Boot_sysctl.oem4f (.text:_SysCtlFrequencyGet)
                  0000c3b0    00000050     ti.targets.arm.rtsarm.aem4f : Startup.oem4f (.text:xdc_runtime_Startup_exec__E)
                  0000c400    00000050                                 : Text.oem4f (.text:xdc_runtime_Text_visitRope2__I)
                  0000c450    0000004e     usblib.lib : usbhhub.obj (.text:HubGetPortStatus)
                  0000c49e    0000004e     driverlib.lib : usb.obj (.text:USBDevEndpointStallClear)
                  0000c4ec    0000004c     usblib.lib : usbdcdesc.obj (.text:ConfigAlternateInterfaceGet)
                  0000c538    0000004c                : usbdconfig.obj (.text:GetEPDescriptorType)
                  0000c584    0000004c                : usbhhub.obj (.text:HubDriverDeviceDisconnect)
                  0000c5d0    0000004c     drivers_tivaware.aem4f : UARTTiva.oem4f (.text:UARTTiva_close)
                  0000c61c    0000004c     driverlib.lib : usb.obj (.text:USBEndpointDMAConfigSet)
                  0000c668    0000004c     usblib.lib : usbhostenum.obj (.text:USBHCDPowerConfigSet)
                  0000c6b4    0000004c                : usbhostenum.obj (.text:USBHCDSetAddress)
                  0000c700    0000004c     drivers_tivaware.aem4f : USBMSCHFatFsTiva.oem4f (.text:USBMSCHFatFsTiva_diskRead)
                  0000c74c    0000004c                            : UARTTiva.oem4f (.text:readIsrBinaryCallback)
                  0000c798    0000004c     rtsv7M4_T_le_v4SPD16_eabi.lib : cpy_tbl.obj (.text)
                  0000c7e4    00000004     ti.uia.loggers.aem4f : LoggerStopMode.oem4f (.text:ti_uia_loggers_LoggerStopMode_getContents__E)
                  0000c7e8    0000004c     sysbios.aem4f : BIOS.obj (.text:ti_sysbios_heaps_HeapMem_getStats__E)
                  0000c834    00000004     FestoStation_pem4f.oem4f (.text:ti_uia_loggers_LoggerStopMode_getFilterLevel__E)
                  0000c838    0000004c     sysbios.aem4f : BIOS.obj (.text:ti_sysbios_knl_Task_allBlockedFunction__I)
                  0000c884    0000004c     ti.uia.loggers.aem4f : LoggerStopMode.oem4f (.text:ti_uia_loggers_LoggerStopMode_Module_startup__E)
                  0000c8d0    0000004a     grlib.lib : string.obj (.text:UpdateContextCharMapping)
                  0000c91a    0000004a     usblib.lib : usbdma.obj (.text:iDMAUSBChannelEnable)
                  0000c964    0000004a                : usbdma.obj (.text:uDMAUSBChannelDisable)
                  0000c9ae    00000002     --HOLE-- [fill = 0]
                  0000c9b0    00000048     driverlib.lib : gpio.obj (.text:GPIOPinConfigure)
                  0000c9f8    00000048                   : i2c.obj (.text:I2CMasterInitExpClk)
                  0000ca40    00000048     drivers_tivaware.aem4f : UARTTiva.oem4f (.text:UARTTiva_writeCancel)
                  0000ca88    00000048     usblib.lib : usbdenum.obj (.text:USBDStringIndexFromRequest)
                  0000cad0    00000048                : usbdenum.obj (.text:USBDeviceEnumResetHandler)
                  0000cb18    00000048     driverlib.lib : usb.obj (.text:USBFIFOFlush)
                  0000cb60    00000048     usblib.lib : usbhhub.obj (.text:USBHHubInit)
                  0000cba8    00000048     sysbios.aem4f : BIOS.obj (.text:ti_sysbios_family_arm_m3_Hwi_disableInterrupt__E)
                  0000cbf0    00000048                   : BIOS.obj (.text:ti_sysbios_family_arm_m3_Hwi_enableInterrupt__E)
                  0000cc38    00000048                   : BIOS.obj (.text:ti_sysbios_family_arm_m3_Hwi_excReserved__I)
                  0000cc80    00000048     driverlib.lib : udma.obj (.text:uDMAChannelAttributeDisable)
                  0000ccc8    00000046     drivers_tivaware.aem4f : RingBuf.oem4f (.text:RingBuf_put)
                  0000cd0e    00000046     ti.targets.arm.rtsarm.aem4f : Core-params.oem4f (.text:xdc_runtime_Core_assignParams__I)
                  0000cd54    00000044     usblib.lib : usbdenum.obj (.text:USBDGetInterface)
                  0000cd98    00000044     driverlib.lib : usb.obj (.text:USBEndpointDataGet)
                  0000cddc    00000044     ti.sysbios.fatfs.aem4f : ff.oem4f (.text:f_mount)
                  0000ce20    00000044     rtsv7M4_T_le_v4SPD16_eabi.lib : exit.obj (.text)
                  0000ce64    00000044     drivers_tivaware.aem4f : SDSPITiva.oem4f (.text:send_initial_clock_train)
                  0000cea8    00000044     sysbios.aem4f : BIOS.obj (.text:ti_sysbios_family_arm_lm4_Timer_stop__E)
                  0000ceec    00000004     ti.uia.loggers.aem4f : LoggerStopMode.oem4f (.text:ti_uia_loggers_LoggerStopMode_getInstanceId__E)
                  0000cef0    00000044     sysbios.aem4f : BIOS.obj (.text:ti_sysbios_family_arm_m3_Hwi_getStackInfo__E)
                  0000cf34    00000044     ti.uia.loggers.aem4f : LoggerStopMode.oem4f (.text:ti_uia_loggers_LoggerStopMode_initBuffer__I)
                  0000cf78    00000044     ti.targets.arm.rtsarm.aem4f : Error.oem4f (.text:xdc_runtime_Error_setX__E)
                  0000cfbc    00000044                                 : SysMin.oem4f (.text:xdc_runtime_SysMin_flush__E)
                  0000d000    00000044                                 : Text.oem4f (.text:xdc_runtime_Text_xprintf__I)
                  0000d044    00000042     driverlib.lib : ssi.obj (.text:SSIConfigSetExpClk)
                  0000d086    00000042                   : uart.obj (.text:UARTConfigSetExpClk)
                  0000d0c8    00000042     drivers_tivaware.aem4f : UARTTiva.oem4f (.text:UARTTiva_writePolling)
                  0000d10a    00000042     rtsv7M4_T_le_v4SPD16_eabi.lib : u_divt2.obj (.text)
                  0000d14c    00000040     drivers_tivaware.aem4f : RingBuf.oem4f (.text:RingBuf_get)
                  0000d18c    00000040                            : UARTTiva.oem4f (.text:UARTTiva_read)
                  0000d1cc    00000040     usblib.lib : usbhmsc.obj (.text:USBHMSCGetMaxLUN)
                  0000d20c    00000040     drivers_tivaware.aem4f : USBMSCHFatFsTiva.oem4f (.text:USBMSCHFatFsTiva_diskInitialize)
                  0000d24c    00000004     ti.uia.loggers.aem4f : LoggerStopMode.oem4f (.text:ti_uia_loggers_LoggerStopMode_getMaxLength__E)
                  0000d250    00000040     sysbios.aem4f : BIOS.obj (.text:ti_sysbios_family_arm_lm4_Timer_startup__E)
                  0000d290    0000003e     usblib.lib : usbhscsi.obj (.text:USBHSCSIInquiry)
                  0000d2ce    0000003e                : usbhscsi.obj (.text:USBHSCSIReadCapacity)
                  0000d30c    0000003c                : usbhhub.obj (.text:HubDriverReset)
                  0000d348    0000003c     drivers_tivaware.aem4f : SPITivaDMA.oem4f (.text:SPITivaDMA_close)
                  0000d384    0000003c     usblib.lib : usbhscsi.obj (.text:USBHSCSIRequestSense)
                  0000d3c0    0000003c                : usbdma.obj (.text:iDMAUSBChannelRelease)
                  0000d3fc    00000004     ti.uia.loggers.aem4f : LoggerStopMode.oem4f (.text:ti_uia_loggers_LoggerStopMode_getPriority__E)
                  0000d400    0000003c     sysbios.aem4f : BIOS.obj (.text:ti_sysbios_family_arm_m3_Hwi_excSvCall__I)
                  0000d43c    00000004     ti.uia.loggers.aem4f : LoggerStopMode.oem4f (.text:ti_uia_loggers_LoggerStopMode_getTransferType__E)
                  0000d440    0000003c     sysbios.aem4f : BIOS.obj (.text:ti_sysbios_family_arm_m3_TaskSupport_start__E)
                  0000d47c    00000004     ti.targets.arm.rtsarm.aem4f : Error.oem4f (.text:xdc_runtime_Error_getSite__E)
                  0000d480    0000003c     sysbios.aem4f : BIOS.obj (.text:ti_sysbios_heaps_HeapMem_init__I)
                  0000d4bc    0000003a     grlib.lib : string.obj (.text:FontGlyphDataGet)
                  0000d4f6    0000003a     drivers_tivaware.aem4f : I2CTiva.oem4f (.text:I2CTiva_completeTransfer)
                  0000d530    0000003a     driverlib.lib : lcd.obj (.text:LCDIDDTimingSet)
                  0000d56a    0000003a     usblib.lib : usbdcdesc.obj (.text:USBDCDConfigGetInterfaceEndpoint)
                  0000d5a4    0000003a     driverlib.lib : usb.obj (.text:USBFIFOConfigSet)
                  0000d5de    00000002     --HOLE-- [fill = 0]
                  0000d5e0    00000038     drivers_tivaware.aem4f : I2C.oem4f (.text:I2C_init)
                  0000d618    00000038                            : PWM.oem4f (.text:PWM_init)
                  0000d650    00000038                            : SDSPI.oem4f (.text:SDSPI_init)
                  0000d688    00000038                            : SPI.oem4f (.text:SPI_init)
                  0000d6c0    00000038                            : UART.oem4f (.text:UART_init)
                  0000d6f8    00000038     usblib.lib : usbhostenum.obj (.text:USBHCDReset)
                  0000d730    00000038                : usbhscsi.obj (.text:USBHSCSITestUnitReady)
                  0000d768    00000038     driverlib.lib : usb.obj (.text:USBIntStatusControl)
                  0000d7a0    00000038     drivers_tivaware.aem4f : USBMSCHFatFs.oem4f (.text:USBMSCHFatFs_init)
                  0000d7d8    00000038                            : Watchdog.oem4f (.text:Watchdog_init)
                  0000d810    00000038     sysbios.aem4f : BIOS.obj (.text:ti_sysbios_family_arm_m3_Hwi_excNoIsr__I)
                  0000d848    00000038                   : BIOS.obj (.text:ti_sysbios_knl_Task_processVitalTaskFlag__I)
                  0000d880    00000038     ti.targets.arm.rtsarm.aem4f : SysMin.oem4f (.text:xdc_runtime_SysMin_putch__E)
                  0000d8b8    00000038                                 : System.oem4f (.text:xdc_runtime_System_atexit__E)
                  0000d8f0    00000036     usblib.lib : usbhhub.obj (.text:HubClearPortFeature)
                  0000d926    00000036                : usbhhub.obj (.text:HubSetPortFeature)
                  0000d95c    00000036     drivers_tivaware.aem4f : I2CTiva.oem4f (.text:I2CTiva_close)
                  0000d992    00000036                            : UARTTiva.oem4f (.text:UARTTiva_readCancel)
                  0000d9c8    00000034                            : EMAC.oem4f (.text:EMAC_init)
                  0000d9fc    00000034     usblib.lib : usbtick.obj (.text:InternalUSBStartOfFrameTick)
                  0000da30    00000034     driverlib.lib : sysctl.obj (.text:SysCtlPeripheralEnable)
                  0000da64    00000034     drivers_tivaware.aem4f : UARTTiva.oem4f (.text:UARTTiva_hwiIntFxn)
                  0000da98    00000034     usblib.lib : usbhostenum.obj (.text:USBHCDSetConfig)
                  0000dacc    00000034                : usbmode.obj (.text:USBOTGRemovePower)
                  0000db00    00000034                : usbdma.obj (.text:iDMAUSBChannelStatus)
                  0000db34    00000004     FestoStation_pem4f.oem4f (.text:xdc_runtime_System_Module_GateProxy_enter__E)
                  0000db38    00000034     sysbios.aem4f : BIOS.obj (.text:ti_sysbios_family_arm_m3_Hwi_excNmi__I)
                  0000db6c    00000034     FestoStation_pem4f.oem4f (.text:ti_sysbios_knl_Clock_construct)
                  0000dba0    00000034     FestoStation_pem4f.oem4f (.text:ti_sysbios_knl_Semaphore_create)
                  0000dbd4    00000034     ti.uia.loggers.aem4f : LoggerStopMode.oem4f (.text:ti_uia_loggers_LoggerStopMode_reset__E)
                  0000dc08    00000034     ti.targets.arm.rtsarm.aem4f : Core-label.oem4f (.text:xdc_runtime_Core_assignLabel__I)
                  0000dc3c    00000033                                 : Text.oem4f (.text:xdc_runtime_Text_printVisFxn__I)
                  0000dc6f    00000001     --HOLE-- [fill = 0]
                  0000dc70    00000032     usblib.lib : usbdcdesc.obj (.text:NextConfigDescGet)
                  0000dca2    00000032     driverlib.lib : usb.obj (.text:USBDevEndpointStall)
                  0000dcd4    00000032     drivers_tivaware.aem4f : USBMSCHFatFsTiva.oem4f (.text:USBMSCHFatFsTiva_waitForConnect)
                  0000dd06    00000032     usblib.lib : usbdma.obj (.text:iDMAUSBChannelDisable)
                  0000dd38    00000032     sysbios.aem4f : BIOS.obj (.text:ti_sysbios_hal_Hwi_initStack)
                  0000dd6a    00000006     driverlib.lib : gpio.obj (.text:GPIOPinRead)
                  0000dd70    00000032     sysbios.aem4f : BIOS.obj (.text:ti_sysbios_knl_Event_pendTimeout__I)
                  0000dda2    00000006     driverlib.lib : gpio.obj (.text:GPIOPinWrite)
                  0000dda8    00000032     sysbios.aem4f : BIOS.obj (.text:ti_sysbios_knl_Semaphore_pendTimeout__I)
                  0000ddda    00000030     usblib.lib : usbdma.obj (.text:DMAUSBIntHandler)
                  0000de0a    00000002     --HOLE-- [fill = 0]
                  0000de0c    00000030     drivers_tivaware.aem4f : GPIOTiva.oem4f (.text:GPIO_enableInt)
                  0000de3c    00000030                            : GPIOTiva.oem4f (.text:GPIO_read)
                  0000de6c    00000030     usblib.lib : usbtick.obj (.text:InternalUSBTickInit)
                  0000de9c    00000030     drivers_tivaware.aem4f : PWMTiva.oem4f (.text:PWMTiva_init)
                  0000decc    00000030     usblib.lib : usbdenum.obj (.text:USBDGetConfiguration)
                  0000defc    00000030     driverlib.lib : usb.obj (.text:USBEndpointDataPut)
                  0000df2c    00000030     usblib.lib : usbhmsc.obj (.text:USBHMSCBlockRead)
                  0000df5c    00000030                : usbhmsc.obj (.text:USBHMSCBlockWrite)
                  0000df8c    00000030                : usbhmsc.obj (.text:USBHMSCClose)
                  0000dfbc    00000030     FestoStation_pem4f.oem4f (.text:ti_sysbios_gates_GateHwi_Object__create__S)
                  0000dfec    00000030     FestoStation_pem4f.oem4f (.text:ti_sysbios_gates_GateMutex_Object__create__S)
                  0000e01c    00000030     FestoStation_pem4f.oem4f (.text:ti_sysbios_heaps_HeapMem_Object__create__S)
                  0000e04c    00000030     FestoStation_pem4f.oem4f (.text:ti_sysbios_knl_Semaphore_construct)
                  0000e07c    00000030     FestoStation_pem4f.oem4f (.text:ti_uia_loggers_LoggerStopMode_Object__create__S)
                  0000e0ac    00000030     ti.targets.arm.rtsarm.aem4f : SysMin.oem4f (.text:xdc_runtime_SysMin_abort__E)
                  0000e0dc    00000030                                 : System.oem4f (.text:xdc_runtime_System_processAtExit__E)
                  0000e10c    0000002e     grlib.lib : string.obj (.text:GrStringNextCharGet)
                  0000e13a    0000002e     driverlib.lib : usb.obj (.text:USBEndpointDataSend)
                  0000e168    0000002e                   : usb.obj (.text:USBHostHubAddrSet)
                  0000e196    00000002     --HOLE-- [fill = 0]
                  0000e198    0000002c     usblib.lib : usbhostenum.obj (.text:ConfigDescFree)
                  0000e1c4    0000002c                : usbhostenum.obj (.text:FIFOFree)
                  0000e1f0    0000002c     grlib.lib : string.obj (.text:GrFontBaselineGet)
                  0000e21c    0000002c     usblib.lib : usbhostenum.obj (.text:InternalUSBHCDSendEvent)
                  0000e248    0000002c     drivers_tivaware.aem4f : SDSPITiva.oem4f (.text:SDSPITiva_close)
                  0000e274    0000002c     usblib.lib : usbdesc.obj (.text:USBDescGet)
                  0000e2a0    0000002c                : usbdesc.obj (.text:USBDescGetAlternateInterface)
                  0000e2cc    0000002c     ti.sysbios.fatfs.aem4f : diskio.oem4f (.text:disk_register)
                  0000e2f8    0000002c     FestoStation_pem4f.oem4f (.text:ti_sysbios_BIOS_atExitFunc__I)
                  0000e324    00000004     FestoStation_pem4f.oem4f (.text:xdc_runtime_System_Module_GateProxy_leave__E)
                  0000e328    0000002c     sysbios.aem4f : BIOS.obj (.text:ti_sysbios_family_arm_m3_Hwi_Instance_finalize__E)
                  0000e354    0000002c     FestoStation_pem4f.oem4f (.text:ti_sysbios_gates_GateMutex_construct)
                  0000e380    0000002c     FestoStation_pem4f.oem4f (.text:ti_sysbios_knl_Clock_doTick__I)
                  0000e3ac    0000002c     FestoStation_pem4f.oem4f (.text:ti_sysbios_knl_Queue_construct)
                  0000e3d8    0000002c     driverlib.lib : udma.obj (.text:uDMAChannelAssign)
                  0000e404    0000002c     usblib.lib : usbdma.obj (.text:uDMAUSBIntStatus)
                  0000e430    0000002c     ti.targets.arm.rtsarm.aem4f : Text.oem4f (.text:xdc_runtime_Text_cordText__E)
                  0000e45c    0000002a     driverlib.lib : gpio.obj (.text:GPIODirModeSet)
                  0000e486    0000002a     usblib.lib : usbdcdesc.obj (.text:USBDCDConfigDescGetNum)
                  0000e4b0    0000002a     ti.targets.arm.rtsarm.aem4f : System.oem4f (.text:xdc_runtime_System_putchar__I)
                  0000e4da    00000002     --HOLE-- [fill = 0]
                  0000e4dc    00000028     drivers_tivaware.aem4f : EMACSnow.oem4f (.text:EMACSnow_isLinkUp)
                  0000e504    00000028     usblib.lib : usbdenum.obj (.text:USBDSetAddress)
                  0000e52c    00000028                : usbdesc.obj (.text:USBDescGetNum)
                  0000e554    00000028     driverlib.lib : usb.obj (.text:USBHostEndpointStatusClear)
                  0000e57c    00000028                   : usb.obj (.text:USBIntEnableControl)
                  0000e5a4    00000028     drivers_tivaware.aem4f : USBMSCHFatFsTiva.oem4f (.text:USBMSCHFatFsTiva_cbMSCHandler)
                  0000e5cc    00000028                            : USBMSCHFatFsTiva.oem4f (.text:USBMSCHFatFsTiva_serviceUSBHost)
                  0000e5f4    00000028     ti.sysbios.fatfs.aem4f : diskio.oem4f (.text:disk_unregister)
                  0000e61c    00000004     ti.targets.arm.rtsarm.aem4f : System.oem4f (.text:xdc_runtime_System_aprintf_va__F)
                  0000e620    00000028     sysbios.aem4f : BIOS.obj (.text:ti_sysbios_knl_Semaphore_Instance_finalize__E)
                  0000e648    00000028     driverlib.lib : udma.obj (.text:uDMAChannelModeGet)
                  0000e670    00000026                   : emac.obj (.text:EMACPHYRead)
                  0000e696    00000026     grlib.lib : string.obj (.text:GrFontInfoGet)
                  0000e6bc    00000026     driverlib.lib : usb.obj (.text:USBEndpointDataToggleClear)
                  0000e6e2    00000026                   : usb.obj (.text:USBHostSpeedGet)
                  0000e708    00000026     sysbios.aem4f : m3_Hwi_asm.obj (.text:ti_sysbios_family_arm_m3_Hwi_pendSV__I)
                  0000e72e    00000026     ti.targets.arm.rtsarm.aem4f : System.oem4f (.text:xdc_runtime_System_avprintf__E)
                  0000e754    00000024     driverlib.lib : usb.obj (.text:USBDevEndpointDataAck)
                  0000e778    00000024                   : usb.obj (.text:USBEndpointDMADisable)
                  0000e79c    00000024                   : usb.obj (.text:USBEndpointDMAEnable)
                  0000e7c0    00000024     drivers_tivaware.aem4f : USBMSCHFatFsTiva.oem4f (.text:USBMSCHFatFsTiva_usbHCDEvents)
                  0000e7e4    00000024     FestoStation_pem4f.oem4f (.text:ti_sysbios_BIOS_errorRaiseHook__I)
                  0000e808    00000024     FestoStation_pem4f.oem4f (.text:ti_sysbios_BIOS_registerRTSLock__I)
                  0000e82c    00000024     FestoStation_pem4f.oem4f (.text:ti_sysbios_BIOS_removeRTSLock__I)
                  0000e850    00000024     FestoStation_pem4f.oem4f (.text:ti_sysbios_gates_GateMutex_Object__delete__S)
                  0000e874    00000004     ti.targets.arm.rtsarm.aem4f : System.oem4f (.text:xdc_runtime_System_printf_va__F)
                  0000e878    00000024     sysbios.aem4f : BIOS.obj (.text:ti_sysbios_knl_Clock_Module_startup__E)
                  0000e89c    00000024     FestoStation_pem4f.oem4f (.text:ti_sysbios_knl_Semaphore_Object__delete__S)
                  0000e8c0    00000024     sysbios.aem4f : BIOS.obj (.text:ti_sysbios_knl_Task_restore__E)
                  0000e8e4    00000024     driverlib.lib : udma.obj (.text:uDMAChannelControlSet)
                  0000e908    00000024     ti.targets.arm.rtsarm.aem4f : System.oem4f (.text:xdc_runtime_System_vprintf__E)
                  0000e92c    00000022     grlib.lib : string.obj (.text:GrFontGlyphDataGet)
                  0000e94e    00000022     driverlib.lib : lcd.obj (.text:LCDModeSet)
                  0000e970    00000022                   : pwm.obj (.text:PWMGenConfigure)
                  0000e992    00000022     drivers_tivaware.aem4f : PWMTiva.oem4f (.text:PWMTiva_getPeriodCounts)
                  0000e9b4    00000004     --HOLE-- [fill = 0]
                  0000e9b8    00000022     sysbios.aem4f : BIOS.obj (.text:ti_sysbios_family_arm_lm4_Timer_write__I)
                  0000e9da    00000022     usblib.lib : usbdma.obj (.text:uDMAUSBChannelStatus)
                  0000e9fc    00000022     FestoStation_pem4f.oem4f (.text:xdc_runtime_SysMin_output__I)
                  0000ea1e    00000002     --HOLE-- [fill = 0]
                  0000ea20    00000020     drivers_tivaware.aem4f : GPIOTiva.oem4f (.text:GPIO_clearInt)
                  0000ea40    00000020     usblib.lib : usbdconfig.obj (.text:GetEndpointFIFOSize)
                  0000ea60    00000020                : usbhhub.obj (.text:HubDriverDeviceConnect)
                  0000ea80    00000020                : usbhhub.obj (.text:HubDriverDeviceReset)
                  0000eaa0    00000020     driverlib.lib : usb.obj (.text:USBHostEndpointDataAck)
                  0000eac0    00000020     usblib.lib : usbmode.obj (.text:USBStackModeSet)
                  0000eae0    00000020     Boot.aem4f : Boot_sysctl.oem4f (.text:_SysCtlMemTimingGet)
                  0000eb00    00000020     FestoStation_pem4f.oem4f (.text:ti_sysbios_BIOS_rtsLock__I)
                  0000eb20    00000020     FestoStation_pem4f.oem4f (.text:ti_sysbios_BIOS_startFunc__I)
                  0000eb40    00000020     sysbios.aem4f : BIOS.obj (.text:ti_sysbios_family_arm_m3_Hwi_clearInterrupt__E)
                  0000eb60    00000020                   : m3_Hwi_asm.obj (.text:ti_sysbios_family_arm_m3_Hwi_excHandlerAsm__I)
                  0000eb80    00000020                   : BIOS.obj (.text:ti_sysbios_family_arm_m3_Hwi_excHandler__I)
                  0000eba0    00000020     FestoStation_pem4f.oem4f (.text:ti_sysbios_gates_GateHwi_Object__delete__S)
                  0000ebc0    00000020     FestoStation_pem4f.oem4f (.text:ti_sysbios_gates_GateMutex_Object__destruct__S)
                  0000ebe0    00000020     FestoStation_pem4f.oem4f (.text:ti_sysbios_heaps_HeapMem_Object__delete__S)
                  0000ec00    00000020     FestoStation_pem4f.oem4f (.text:ti_sysbios_knl_Clock_Object__destruct__S)
                  0000ec20    00000020     sysbios.aem4f : BIOS.obj (.text:ti_sysbios_knl_Idle_run__E)
                  0000ec40    00000020     FestoStation_pem4f.oem4f (.text:ti_sysbios_knl_Semaphore_Object__destruct__S)
                  0000ec60    00000020     FestoStation_pem4f.oem4f (.text:ti_uia_loggers_LoggerStopMode_Object__delete__S)
                  0000ec80    00000020     ti.targets.arm.rtsarm.aem4f : Registry.oem4f (.text:xdc_runtime_Registry_findById__E)
                  0000eca0    00000020                                 : SysMin.oem4f (.text:xdc_runtime_SysMin_Module_startup__E)
                  0000ecc0    0000001e     grlib.lib : string.obj (.text:GrFontCodepageGet)
                  0000ecde    0000001e     driverlib.lib : pwm.obj (.text:PWMPulseWidthSet)
                  0000ecfc    0000001e     drivers_tivaware.aem4f : PWMTiva.oem4f (.text:PWMTiva_getPeriodMicroSecs)
                  0000ed1a    0000001e     usblib.lib : usbdesc.obj (.text:USBDescGetInterface)
                  0000ed38    0000001e     driverlib.lib : usb.obj (.text:USBULPIRegRead)
                  0000ed56    0000001e                   : usb.obj (.text:USBULPIRegWrite)
                  0000ed74    0000001c     usblib.lib : usbmode.obj (.text:OTGDeviceDisconnect)
                  0000ed90    0000001c     driverlib.lib : uart.obj (.text:UARTDisable)
                  0000edac    0000001c     usblib.lib : usbdcdesc.obj (.text:USBDCDConfigGetInterface)
                  0000edc8    0000001c                : usbdenum.obj (.text:USBDCDStallEP0)
                  0000ede4    0000001c     driverlib.lib : usb.obj (.text:USBEndpointDataAvail)
                  0000ee00    0000001c                   : usb.obj (.text:USBHostPwrConfig)
                  0000ee1c    0000001c     drivers_tivaware.aem4f : USBMSCHFatFsTiva.oem4f (.text:USBMSCHFatFsTiva_diskIOctl)
                  0000ee38    0000001c                            : WatchdogTiva.oem4f (.text:WatchdogTiva_setReload)
                  0000ee54    0000001c                            : GPIOTiva.oem4f (.text:getGpioIntIndex)
                  0000ee70    0000001c     FestoStation_pem4f.oem4f (.text:ti_sysbios_family_arm_m3_Hwi_Object__destruct__S)
                  0000ee8c    00000004     --HOLE-- [fill = 0]
                  0000ee90    0000001c     sysbios.aem4f : BIOS.obj (.text:ti_sysbios_family_arm_m3_Hwi_doTaskRestore__I)
                  0000eeac    00000004     --HOLE-- [fill = 0]
                  0000eeb0    0000001c                   : BIOS.obj (.text:ti_sysbios_gates_GateMutex_Instance_init__E)
                  0000eecc    0000001c     FestoStation_pem4f.oem4f (.text:ti_sysbios_knl_Queue_Object__destruct__S)
                  0000eee8    0000001c     FestoStation_pem4f.oem4f (.text:ti_sysbios_knl_Task_Object__destruct__S)
                  0000ef04    00000004     --HOLE-- [fill = 0]
                  0000ef08    0000001c     sysbios.aem4f : BIOS.obj (.text:ti_sysbios_knl_Task_enter__I)
                  0000ef24    0000001c     ti.uia.loggers.aem4f : LoggerStopMode.oem4f (.text:ti_uia_loggers_LoggerStopMode_Instance_init__E)
                  0000ef40    0000001c     ti.targets.arm.rtsarm.aem4f : Error.oem4f (.text:xdc_runtime_Error_raiseX__E)
                  0000ef5c    0000001c                                 : Memory.oem4f (.text:xdc_runtime_Memory_valloc__E)
                  0000ef78    0000001c                                 : SysMin.oem4f (.text:xdc_runtime_SysMin_exit__E)
                  0000ef94    0000001c                                 : System.oem4f (.text:xdc_runtime_System_abort__E)
                  0000efb0    0000001a     driverlib.lib : usb.obj (.text:USBEndpointDMAChannel)
                  0000efca    0000001a                   : usb.obj (.text:USBOTGSessionRequest)
                  0000efe4    0000001a     ti.sysbios.fatfs.aem4f : syncsysbios.oem4f (.text:ff_cre_syncobj)
                  0000effe    00000002     --HOLE-- [fill = 0]
                  0000f000    0000001a     sysbios.aem4f : BIOS.obj (.text:ti_sysbios_knl_Task_sleepTimeout__I)
                  0000f01a    0000001a     FestoStation_pem4f.oem4f (.text:xdc_runtime_System_aprintf__E)
                  0000f034    0000001a     FestoStation_pem4f.oem4f (.text:xdc_runtime_System_printf__E)
                  0000f04e    00000018     driverlib.lib : gpio.obj (.text:GPIOPinTypeGPIOOutput)
                  0000f066    00000002     --HOLE-- [fill = 0]
                  0000f068    00000018     drivers_tivaware.aem4f : UART.oem4f (.text:UART_Params_init)
                  0000f080    00000018                            : UART.oem4f (.text:UART_open)
                  0000f098    00000018     usblib.lib : usbdcdesc.obj (.text:USBDCDConfigDescGetSize)
                  0000f0b0    00000018                : usbdenum.obj (.text:USBDSetDescriptor)
                  0000f0c8    00000018                : usbdenum.obj (.text:USBDSyncFrame)
                  0000f0e0    00000018                : usbhhub.obj (.text:USBHHubEnumerationComplete)
                  0000f0f8    00000018                : usbhhub.obj (.text:USBHHubEnumerationError)
                  0000f110    00000018     driverlib.lib : usb.obj (.text:USBHostRequestINClear)
                  0000f128    00000018     drivers_tivaware.aem4f : USBMSCHFatFsTiva.oem4f (.text:USBMSCHFatFsTiva_diskStatus)
                  0000f140    00000018     rtsv7M4_T_le_v4SPD16_eabi.lib : args_main.obj (.text)
                  0000f158    00000018     FestoStation_pem4f.oem4f (.text:ti_sysbios_BIOS_rtsUnlock__I)
                  0000f170    00000018     FestoStation_pem4f.oem4f (.text:ti_sysbios_family_arm_lm4_Timer_Module__startupDone__F)
                  0000f188    00000018     FestoStation_pem4f.oem4f (.text:ti_sysbios_family_arm_m3_Hwi_Handle__label__S)
                  0000f1a0    00000018     FestoStation_pem4f.oem4f (.text:ti_sysbios_family_arm_m3_Hwi_Module__startupDone__F)
                  0000f1b8    00000018     sysbios.aem4f : m3_TaskSupport_asm.obj (.text:ti_sysbios_family_arm_m3_TaskSupport_swap__E)
                  0000f1d0    00000018     FestoStation_pem4f.oem4f (.text:ti_sysbios_gates_GateHwi_Handle__label__S)
                  0000f1e8    00000018     FestoStation_pem4f.oem4f (.text:ti_sysbios_gates_GateMutex_Handle__label__S)
                  0000f200    00000018     sysbios.aem4f : BIOS.obj (.text:ti_sysbios_gates_GateMutex_leave__E)
                  0000f218    00000018     FestoStation_pem4f.oem4f (.text:ti_sysbios_heaps_HeapMem_Handle__label__S)
                  0000f230    00000018     FestoStation_pem4f.oem4f (.text:ti_sysbios_knl_Task_Handle__label__S)
                  0000f248    00000018     FestoStation_pem4f.oem4f (.text:ti_uia_loggers_LoggerStopMode_Handle__label__S)
                  0000f260    00000018     driverlib.lib : udma.obj (.text:uDMAChannelDisable)
                  0000f278    00000018                   : udma.obj (.text:uDMAChannelEnable)
                  0000f290    00000018                   : udma.obj (.text:uDMAChannelIsEnabled)
                  0000f2a8    00000018     ti.targets.arm.rtsarm.aem4f : Error.oem4f (.text:xdc_runtime_Error_check__E)
                  0000f2c0    00000018                                 : System.oem4f (.text:xdc_runtime_System_exit__E)
                  0000f2d8    00000018                                 : Text.oem4f (.text:xdc_runtime_Text_ropeText__E)
                  0000f2f0    00000016     grlib.lib : string.obj (.text:GrStringDraw)
                  0000f306    00000016     driverlib.lib : i2c.obj (.text:I2CMasterErr)
                  0000f31c    00000016     usblib.lib : usbdesc.obj (.text:USBDescGetInterfaceEndpoint)
                  0000f332    00000016     driverlib.lib : usb.obj (.text:USBHostAddrSet)
                  0000f348    00000016     FestoStation_pem4f.oem4f (.text:ti_sysbios_BIOS_exitFunc__I)
                  0000f35e    00000016     ti.uia.loggers.aem4f : LoggerStopMode.oem4f (.text:ti_uia_loggers_LoggerStopMode_disable__E)
                  0000f374    00000016                          : LoggerStopMode.oem4f (.text:ti_uia_loggers_LoggerStopMode_enable__E)
                  0000f38a    00000002     --HOLE-- [fill = 0]
                  0000f38c    00000014     driverlib.lib : flash.obj (.text:FlashUserGet)
                  0000f3a0    00000014                   : pwm.obj (.text:PWMClockSet)
                  0000f3b4    00000014                   : sysctl.obj (.text:SysCtlPWMClockSet)
                  0000f3c8    00000014                   : sysctl.obj (.text:SysCtlUSBPLLEnable)
                  0000f3dc    00000014                   : uart.obj (.text:UARTEnable)
                  0000f3f0    00000014                   : usb.obj (.text:USBDMAChannelConfigSet)
                  0000f404    00000014     usblib.lib : usbhmsc.obj (.text:USBHMSCDriveOpen)
                  0000f418    00000014     driverlib.lib : usb.obj (.text:USBHostReset)
                  0000f42c    00000014                   : usb.obj (.text:USBHostResume)
                  0000f440    00000014     usblib.lib : usbhhub.obj (.text:USBHubPortSpeedSet)
                  0000f454    00000014     driverlib.lib : usb.obj (.text:USBIntEnableEndpoint)
                  0000f468    00000014                   : usb.obj (.text:_USBIndexWrite)
                  0000f47c    00000014     rtsv7M4_T_le_v4SPD16_eabi.lib : _lock.obj (.text)
                  0000f490    00000014                                   : strcpy.obj (.text)
                  0000f4a4    00000014                                   : strlen.obj (.text)
                  0000f4b8    00000014     FestoStation_pem4f.oem4f (.text:ti_sysbios_family_arm_m3_Hwi_Object__get__S)
                  0000f4cc    00000004     --HOLE-- [fill = 0]
                  0000f4d0    00000014     sysbios.aem4f : BIOS.obj (.text:ti_sysbios_family_arm_m3_Hwi_switchFromBootStack__E)
                  0000f4e4    00000014     FestoStation_pem4f.oem4f (.text:ti_sysbios_heaps_HeapMem_Object__get__S)
                  0000f4f8    00000014     FestoStation_pem4f.oem4f (.text:ti_sysbios_knl_Mailbox_Object__get__S)
                  0000f50c    00000012     driverlib.lib : gpio.obj (.text:GPIOPinTypeEthernetLED)
                  0000f51e    00000012                   : gpio.obj (.text:GPIOPinTypeGPIOInput)
                  0000f530    00000012                   : gpio.obj (.text:GPIOPinTypeI2C)
                  0000f542    00000012                   : gpio.obj (.text:GPIOPinTypeI2CSCL)
                  0000f554    00000012                   : gpio.obj (.text:GPIOPinTypePWM)
                  0000f566    00000012                   : gpio.obj (.text:GPIOPinTypeSSI)
                  0000f578    00000012                   : gpio.obj (.text:GPIOPinTypeUART)
                  0000f58a    00000012                   : gpio.obj (.text:GPIOPinTypeUSBAnalog)
                  0000f59c    00000012                   : gpio.obj (.text:GPIOPinTypeUSBDigital)
                  0000f5ae    00000012                   : pwm.obj (.text:PWMGenPeriodGet)
                  0000f5c0    00000012                   : pwm.obj (.text:PWMOutputInvert)
                  0000f5d2    00000012                   : pwm.obj (.text:PWMOutputState)
                  0000f5e4    00000012     drivers_tivaware.aem4f : RingBuf.oem4f (.text:RingBuf_construct)
                  0000f5f6    00000012                            : SDSPITiva.oem4f (.text:SDSPITiva_init)
                  0000f608    00000012     driverlib.lib : ssi.obj (.text:SSIDataGetNonBlocking)
                  0000f61a    00000012     usblib.lib : usbhostenum.obj (.text:SendUnknownConnect)
                  0000f62c    00000012     driverlib.lib : usb.obj (.text:USBDMAChannelDisable)
                  0000f63e    00000012                   : usb.obj (.text:USBDMAChannelEnable)
                  0000f650    00000012                   : usb.obj (.text:USBDMAChannelIntDisable)
                  0000f662    00000012                   : usb.obj (.text:USBDMAChannelIntEnable)
                  0000f674    00000012                   : usb.obj (.text:USBHostLPMConfig)
                  0000f686    00000012                   : usb.obj (.text:USBHostRequestIN)
                  0000f698    00000012     sysbios.aem4f : BIOS.obj (.text:ti_sysbios_hal_Hwi_Module_startup__E)
                  0000f6aa    00000006     grlib.lib : string.obj (.text:GrContextFontSet)
                  0000f6b0    00000012     sysbios.aem4f : BIOS.obj (.text:ti_sysbios_knl_Event_sync__E)
                  0000f6c2    00000012     FestoStation_pem4f.oem4f (.text:xdc_runtime_Startup_exec__I)
                  0000f6d4    00000010     FestoStation_pem4f.oem4f (.text:.bootCodeSection:ti_catalog_arm_cortexm4_tiva_ce_Boot_init__I)
                  0000f6e4    00000010     driverlib.lib : pwm.obj (.text:PWMGenPeriodSet)
                  0000f6f4    00000010     drivers_tivaware.aem4f : SDSPITiva.oem4f (.text:SDSPITiva_diskStatus)
                  0000f704    00000010     driverlib.lib : usb.obj (.text:USBEndpointStatus)
                  0000f714    00000010     usblib.lib : usbhostenum.obj (.text:USBHCDPowerAutomatic)
                  0000f724    00000010                : usbhostenum.obj (.text:USBHCDRegisterDrivers)
                  0000f734    00000010     drivers_tivaware.aem4f : UARTTiva.oem4f (.text:readBlockingTimeout)
                  0000f744    00000004     --HOLE-- [fill = 0]
                  0000f748    00000010     sysbios.aem4f : BIOS.obj (.text:ti_sysbios_BIOS_getCpuFreq__E)
                  0000f758    00000010                   : BIOS.obj (.text:ti_sysbios_BIOS_setThreadType__E)
                  0000f768    00000010                   : BIOS.obj (.text:ti_sysbios_BIOS_start__E)
                  0000f778    00000010                   : BIOS.obj (.text:ti_sysbios_family_arm_lm4_TimestampProvider_rolloverFunc__E)
                  0000f788    00000010                   : m3_TaskSupport_asm.obj (.text:ti_sysbios_family_arm_m3_TaskSupport_glue)
                  0000f798    00000010                   : BIOS.obj (.text:ti_sysbios_gates_GateMutex_Instance_finalize__E)
                  0000f7a8    00000010     FestoStation_pem4f.oem4f (.text:ti_sysbios_knl_Task_Object__get__S)
                  0000f7b8    00000010     sysbios.aem4f : BIOS.obj (.text:ti_sysbios_knl_Task_disable__E)
                  0000f7c8    00000010     FestoStation_pem4f.oem4f (.text:ti_uia_loggers_LoggerStopMode_Object__get__S)
                  0000f7d8    00000010     ti.uia.loggers.aem4f : LoggerStopMode.oem4f (.text:ti_uia_loggers_LoggerStopMode_isEmpty__E)
                  0000f7e8    00000010     driverlib.lib : udma.obj (.text:uDMAEnable)
                  0000f7f8    00000010     ti.targets.arm.rtsarm.aem4f : Gate.oem4f (.text:xdc_runtime_Gate_leaveSystem__E)
                  0000f808    00000010                                 : Memory.oem4f (.text:xdc_runtime_Memory_free__E)
                  0000f818    00000010                                 : SysMin.oem4f (.text:xdc_runtime_SysMin_ready__E)
                  0000f828    00000010                                 : System.oem4f (.text:xdc_runtime_System_vsnprintf__E)
                  0000f838    0000000e     usblib.lib : usbdma.obj (.text:DMAUSBIntStatusClear)
                  0000f846    0000000e     driverlib.lib : gpio.obj (.text:GPIOIntStatus)
                  0000f854    0000000e     grlib.lib : image.obj (.text:GrImageDraw)
                  0000f862    0000000e     driverlib.lib : uart.obj (.text:UARTCharGetNonBlocking)
                  0000f870    0000000e                   : uart.obj (.text:UARTCharPutNonBlocking)
                  0000f87e    0000000e                   : usb.obj (.text:USBDMAChannelStatus)
                  0000f88c    0000000e                   : usb.obj (.text:USBDevLPMEnable)
                  0000f89a    0000000e     usblib.lib : usbhmsc.obj (.text:USBHMSCDriveClose)
                  0000f8a8    0000000e     driverlib.lib : usb.obj (.text:USBHostPwrDisable)
                  0000f8b6    0000000e                   : usb.obj (.text:USBHostPwrEnable)
                  0000f8c4    0000000e     drivers_tivaware.aem4f : USBMSCHFatFsTiva.oem4f (.text:USBMSCHFatFsTiva_init)
                  0000f8d2    0000000e     driverlib.lib : usb.obj (.text:USBULPIDisable)
                  0000f8e0    0000000e                   : usb.obj (.text:USBULPIEnable)
                  0000f8ee    0000000e                   : watchdog.obj (.text:WatchdogStallDisable)
                  0000f8fc    0000000e                   : watchdog.obj (.text:WatchdogStallEnable)
                  0000f90a    0000000e     rtsv7M4_T_le_v4SPD16_eabi.lib : copy_decompress_none.obj (.text:decompress:none)
                  0000f918    0000000e     ti.sysbios.fatfs.aem4f : syncsysbios.oem4f (.text:ff_del_syncobj)
                  0000f926    00000002     --HOLE-- [fill = 0]
                  0000f928    0000000e     sysbios.aem4f : BIOS.obj (.text:ti_sysbios_knl_Idle_loop__E)
                  0000f936    00000002     --HOLE-- [fill = 0]
                  0000f938    0000000e                   : BIOS.obj (.text:ti_sysbios_knl_Queue_empty__E)
                  0000f946    00000002     --HOLE-- [fill = 0]
                  0000f948    0000000c     drivers_tivaware.aem4f : EMACSnow.oem4f (.text:EMACSnow_init)
                  0000f954    0000000c     driverlib.lib : gpio.obj (.text:GPIOIntEnable)
                  0000f960    0000000c                   : lcd.obj (.text:LCDIDDCommandWrite)
                  0000f96c    0000000c                   : lcd.obj (.text:LCDIDDDataWrite)
                  0000f978    0000000c                   : pwm.obj (.text:PWMGenDisable)
                  0000f984    0000000c                   : pwm.obj (.text:PWMGenEnable)
                  0000f990    0000000c     drivers_tivaware.aem4f : RingBuf.oem4f (.text:RingBuf_peek)
                  0000f99c    0000000c     driverlib.lib : ssi.obj (.text:SSIDataGet)
                  0000f9a8    0000000c                   : uart.obj (.text:UARTFlowControlSet)
                  0000f9b4    0000000c     drivers_tivaware.aem4f : UARTTiva.oem4f (.text:UARTTiva_init)
                  0000f9c0    0000000c     driverlib.lib : usb.obj (.text:USBEndpointPacketCountSet)
                  0000f9cc    0000000c     usblib.lib : usbhostenum.obj (.text:USBHCDHubDeviceDisconnected)
                  0000f9d8    0000000c                : usbhostenum.obj (.text:USBHCDPowerConfigInit)
                  0000f9e4    0000000c     driverlib.lib : usb.obj (.text:USBLPMIntEnable)
                  0000f9f0    0000000c                   : watchdog.obj (.text:WatchdogUnlock)
                  0000f9fc    0000000c     rtsv7M4_T_le_v4SPD16_eabi.lib : copy_zero_init.obj (.text:decompress:ZI)
                  0000fa08    0000000c     sysbios.aem4f : BIOS.obj (.text:ti_sysbios_family_arm_lm4_Timer_getMaxTicks__E)
                  0000fa14    00000004     --HOLE-- [fill = 0]
                  0000fa18    0000000c                   : BIOS.obj (.text:ti_sysbios_family_arm_lm4_TimestampProvider_startTimer__E)
                  0000fa24    0000000c     FestoStation_pem4f.oem4f (.text:ti_sysbios_family_arm_m3_Hwi_Params__init__S)
                  0000fa30    0000000c     sysbios.aem4f : BIOS.obj (.text:ti_sysbios_family_arm_m3_Hwi_disableFxn__E)
                  0000fa3c    00000004     --HOLE-- [fill = 0]
                  0000fa40    0000000c                   : BIOS.obj (.text:ti_sysbios_family_arm_m3_TaskSupport_checkStack__E)
                  0000fa4c    00000004     --HOLE-- [fill = 0]
                  0000fa50    0000000c                   : BIOS.obj (.text:ti_sysbios_family_arm_m3_TaskSupport_getStackAlignment__E)
                  0000fa5c    00000004     --HOLE-- [fill = 0]
                  0000fa60    0000000c                   : BIOS.obj (.text:ti_sysbios_gates_GateHwi_enter__E)
                  0000fa6c    0000000c     FestoStation_pem4f.oem4f (.text:ti_sysbios_gates_GateMutex_Params__init__S)
                  0000fa78    0000000c     FestoStation_pem4f.oem4f (.text:ti_sysbios_knl_Clock_Params__init__S)
                  0000fa84    0000000c     FestoStation_pem4f.oem4f (.text:ti_sysbios_knl_Queue_Object__get__S)
                  0000fa90    0000000c     FestoStation_pem4f.oem4f (.text:ti_sysbios_knl_Semaphore_Params__init__S)
                  0000fa9c    0000000c     FestoStation_pem4f.oem4f (.text:ti_sysbios_knl_Task_Params__init__S)
                  0000faa8    0000000c     driverlib.lib : udma.obj (.text:uDMAControlBaseSet)
                  0000fab4    0000000c                   : udma.obj (.text:uDMAErrorStatusClear)
                  0000fac0    0000000c                   : udma.obj (.text:uDMAErrorStatusGet)
                  0000facc    0000000c                   : udma.obj (.text:uDMAIntStatus)
                  0000fad8    0000000c     ti.targets.arm.rtsarm.aem4f : Error.oem4f (.text:xdc_runtime_Error_init__E)
                  0000fae4    0000000c                                 : Gate.oem4f (.text:xdc_runtime_Gate_enterSystem__E)
                  0000faf0    0000000c                                 : Memory.oem4f (.text:xdc_runtime_Memory_calloc__E)
                  0000fafc    0000000c                                 : Memory.oem4f (.text:xdc_runtime_Memory_getMaxDefaultTypeAlign__E)
                  0000fb08    0000000a     driverlib.lib : i2c.obj (.text:I2CMasterDisable)
                  0000fb12    0000000a                   : i2c.obj (.text:I2CMasterEnable)
                  0000fb1c    0000000a     drivers_tivaware.aem4f : I2CTiva.oem4f (.text:I2CTiva_init)
                  0000fb26    0000000a                            : SPITivaDMA.oem4f (.text:SPITivaDMA_init)
                  0000fb30    0000000a     driverlib.lib : ssi.obj (.text:SSIDMADisable)
                  0000fb3a    0000000a                   : ssi.obj (.text:SSIDataPut)
                  0000fb44    0000000a                   : ssi.obj (.text:SSIDisable)
                  0000fb4e    0000000a                   : ssi.obj (.text:SSIEnable)
                  0000fb58    0000000a                   : ssi.obj (.text:SSIIntDisable)
                  0000fb62    0000000a                   : uart.obj (.text:UARTCharGet)
                  0000fb6c    0000000a                   : uart.obj (.text:UARTCharPut)
                  0000fb76    0000000a                   : uart.obj (.text:UARTIntDisable)
                  0000fb80    0000000a                   : uart.obj (.text:UARTIntStatus)
                  0000fb8a    0000000a     drivers_tivaware.aem4f : UART.oem4f (.text:UART_read)
                  0000fb94    0000000a                            : UART.oem4f (.text:UART_write)
                  0000fb9e    0000000a     driverlib.lib : usb.obj (.text:USBClockEnable)
                  0000fba8    0000000a                   : usb.obj (.text:USBControllerVersion)
                  0000fbb2    0000000a                   : usb.obj (.text:USBDMAChannelAddressSet)
                  0000fbbc    0000000a                   : usb.obj (.text:USBDMAChannelCountSet)
                  0000fbc6    0000000a                   : usb.obj (.text:USBDevDisconnect)
                  0000fbd0    0000000a                   : usb.obj (.text:USBHostSuspend)
                  0000fbda    0000000a                   : usb.obj (.text:USBIntStatusEndpoint)
                  0000fbe4    0000000a     usblib.lib : usbdma.obj (.text:USBLibDMAAddrGet)
                  0000fbee    0000000a     driverlib.lib : usb.obj (.text:USBModeGet)
                  0000fbf8    0000000a                   : usb.obj (.text:USBNumEndpointsGet)
                  0000fc02    0000000a                   : watchdog.obj (.text:WatchdogEnable)
                  0000fc0c    0000000a                   : watchdog.obj (.text:WatchdogResetDisable)
                  0000fc16    0000000a                   : watchdog.obj (.text:WatchdogResetEnable)
                  0000fc20    0000000a     FestoStation_pem4f.oem4f (.text:xdc_runtime_IHeap_alloc)
                  0000fc2a    0000000a     FestoStation_pem4f.oem4f (.text:xdc_runtime_IHeap_free)
                  0000fc34    0000000a     FestoStation_pem4f.oem4f (.text:xdc_runtime_Text_visitRope__I)
                  0000fc3e    00000008     grlib.lib : charmap.obj (.text:GrMapISO8859_1_Unicode)
                  0000fc46    00000008     driverlib.lib : i2c.obj (.text:I2CMasterIntClear)
                  0000fc4e    00000008                   : i2c.obj (.text:I2CMasterSlaveAddrSet)
                  0000fc56    00000008     drivers_tivaware.aem4f : I2CTiva.oem4f (.text:I2CTiva_blockingCallback)
                  0000fc5e    00000008     driverlib.lib : ssi.obj (.text:SSIDMAEnable)
                  0000fc66    00000008                   : ssi.obj (.text:SSIIntEnable)
                  0000fc6e    00000008                   : uart.obj (.text:UARTIntEnable)
                  0000fc76    00000008                   : usb.obj (.text:USBFIFOAddrGet)
                  0000fc7e    00000008                   : usb.obj (.text:USBHostMode)
                  0000fc86    00000008                   : usb.obj (.text:USBHostRequestStatus)
                  0000fc8e    00000008                   : usb.obj (.text:USBOTGMode)
                  0000fc96    00000008                   : watchdog.obj (.text:WatchdogLock)
                  0000fc9e    00000008     drivers_tivaware.aem4f : WatchdogTiva.oem4f (.text:WatchdogTiva_clear)
                  0000fca6    00000008                            : WatchdogTiva.oem4f (.text:WatchdogTiva_init)
                  0000fcae    00000008     usblib.lib : usbdma.obj (.text:iDMAUSBChannelIntDisable)
                  0000fcb6    00000008                : usbdma.obj (.text:iDMAUSBChannelIntEnable)
                  0000fcbe    00000008     drivers_tivaware.aem4f : UARTTiva.oem4f (.text:readSemCallback)
                  0000fcc6    00000008     sysbios.aem4f : BIOS.obj (.text:ti_sysbios_family_arm_lm4_Timer_masterDisable__I)
                  0000fcce    00000002     --HOLE-- [fill = 0]
                  0000fcd0    00000008                   : BIOS.obj (.text:ti_sysbios_family_arm_m3_Hwi_startup__E)
                  0000fcd8    00000008     drivers_tivaware.aem4f : UARTTiva.oem4f (.text:writeSemCallback)
                  0000fce0    00000006     driverlib.lib : i2c.obj (.text:I2CMasterIntDisable)
                  0000fce6    00000006                   : i2c.obj (.text:I2CMasterIntEnable)
                  0000fcec    00000006     drivers_tivaware.aem4f : I2CTiva.oem4f (.text:I2CTiva_control)
                  0000fcf2    00000006                            : SDSPITiva.oem4f (.text:SDSPITiva_control)
                  0000fcf8    00000006                            : SPITivaDMA.oem4f (.text:SPITivaDMA_control)
                  0000fcfe    00000006                            : SPITivaDMA.oem4f (.text:SPITivaDMA_transferCallback)
                  0000fd04    00000006     driverlib.lib : sysctl.obj (.text:SysCtlDelay)
                  0000fd0a    00000006                   : uart.obj (.text:UARTFIFOLevelSet)
                  0000fd10    00000006                   : usb.obj (.text:USBDMAChannelIntStatus)
                  0000fd16    00000006                   : usb.obj (.text:USBLPMIntStatus)
                  0000fd1c    00000006                   : watchdog.obj (.text:WatchdogIntClear)
                  0000fd22    00000006     drivers_tivaware.aem4f : WatchdogTiva.oem4f (.text:WatchdogTiva_control)
                  0000fd28    00000006     ti.targets.arm.rtsarm.aem4f : xdc_noinit.oem4f (.text:__xdc__init)
                  0000fd2e    00000006     rtsv7M4_T_le_v4SPD16_eabi.lib : copy_decompress_rle.obj (.text:decompress:rle24)
                  0000fd34    00000006     usblib.lib : usbdma.obj (.text:iDMAUSBIntStatus)
                  0000fd3a    00000006     ti.targets.arm.rtsarm.aem4f : System.oem4f (.text:xdc_runtime_System_Module_startup__E)
                  0000fd40    00000006     sysbios.aem4f : BIOS.obj (.text:ti_sysbios_family_arm_lm4_TimestampProvider_Module_startup__E)
                  0000fd46    00000002     --HOLE-- [fill = 0]
                  0000fd48    00000006                   : BIOS.obj (.text:ti_sysbios_family_arm_m3_Hwi_restoreFxn__E)
[...]
000161c4  ti_sysbios_knl_Event_Module__diagsMask__C                            
000161c8  ti_sysbios_knl_Event_Module__loggerFxn4__C                           
000161cc  ti_sysbios_knl_Event_Module__loggerFxn8__C                           
000161d0  ti_sysbios_knl_Event_Module__loggerObj__C                            
000161d4  ti_sysbios_knl_Idle_funcList__A                                      
000161d8  ti_sysbios_knl_Mailbox_Instance_State_freeQue__O                     
000161dc  ti_sysbios_knl_Mailbox_Object__count__C                              
000161e0  ti_sysbios_knl_Mailbox_maxTypeAlign__C                               
000161e4  ti_sysbios_knl_Semaphore_A_badContext__C                             
000161e8  ti_sysbios_knl_Semaphore_A_overflow__C                               
000161ec  ti_sysbios_knl_Semaphore_A_pendTaskDisabled__C                       
000161f0  ti_sysbios_knl_Semaphore_Instance_State_pendQ__O                     
000161f4  ti_sysbios_knl_Semaphore_LM_pend__C                                  
000161f8  ti_sysbios_knl_Semaphore_LM_post__C                                  
000161fc  ti_sysbios_knl_Semaphore_Module__diagsEnabled__C                     
00016200  ti_sysbios_knl_Semaphore_Module__diagsIncluded__C                    
00016204  ti_sysbios_knl_Semaphore_Module__diagsMask__C                        
00016208  ti_sysbios_knl_Semaphore_Module__loggerFxn2__C                       
0001620c  ti_sysbios_knl_Semaphore_Module__loggerFxn4__C                       
00016210  ti_sysbios_knl_Semaphore_Module__loggerObj__C                        
00016214  ti_sysbios_knl_Semaphore_eventPost__C                                
00016218  ti_sysbios_knl_Semaphore_eventSync__C                                
0001621c  ti_sysbios_knl_Task_A_badPriority__C                                 
00016220  ti_sysbios_knl_Task_A_badTaskState__C                                
00016224  ti_sysbios_knl_Task_A_badThreadType__C                               
00016228  ti_sysbios_knl_Task_A_badTimeout__C                                  
0001622c  ti_sysbios_knl_Task_A_noPendElem__C                                  
00016230  ti_sysbios_knl_Task_A_sleepTaskDisabled__C                           
00016234  ti_sysbios_knl_Task_E_spOutOfBounds__C                               
00016238  ti_sysbios_knl_Task_E_stackOverflow__C                               
0001623c  ti_sysbios_knl_Task_LD_block__C                                      
00016240  ti_sysbios_knl_Task_LD_exit__C                                       
00016244  ti_sysbios_knl_Task_LD_ready__C                                      
00016248  ti_sysbios_knl_Task_LM_sleep__C                                      
0001624c  ti_sysbios_knl_Task_LM_switch__C                                     
00016250  ti_sysbios_knl_Task_Module_State_inactiveQ__O                        
00016254  ti_sysbios_knl_Task_Module__diagsEnabled__C                          
00016258  ti_sysbios_knl_Task_Module__diagsIncluded__C                         
0001625c  ti_sysbios_knl_Task_Module__diagsMask__C                             
00016260  ti_sysbios_knl_Task_Module__loggerFxn2__C                            
00016264  ti_sysbios_knl_Task_Module__loggerFxn4__C                            
00016268  ti_sysbios_knl_Task_Module__loggerObj__C                             
0001626c  ti_sysbios_knl_Task_Object__count__C                                 
00016270  ti_sysbios_knl_Task_allBlockedFunc__C                                
00016274  ti_sysbios_knl_Task_defaultStackHeap__C                              
00016278  ti_sysbios_knl_Task_defaultStackSize__C                              
0001627c  ti_sysbios_knl_Task_numConstructedTasks__C                           
00016280  ti_sysbios_knl_Task_numPriorities__C                                 
00016284  ti_sysbios_utils_Load_LS_cpuLoad__C                                  
00016288  ti_sysbios_utils_Load_LS_hwiLoad__C                                  
0001628c  ti_sysbios_utils_Load_Module__diagsEnabled__C                        
00016290  ti_sysbios_utils_Load_Module__diagsIncluded__C                       
00016294  ti_sysbios_utils_Load_Module__diagsMask__C                           
00016298  ti_sysbios_utils_Load_Module__loggerFxn1__C                          
0001629c  ti_sysbios_utils_Load_Module__loggerFxn2__C                          
000162a0  ti_sysbios_utils_Load_Module__loggerObj__C                           
000162a4  ti_sysbios_utils_Load_postUpdate__C                                  
000162a8  ti_sysbios_utils_Load_windowInMs__C                                  
000162ac  ti_uia_loggers_LoggerStopMode_Module__diagsEnabled__C                
000162b0  ti_uia_loggers_LoggerStopMode_Module__diagsIncluded__C               
000162b4  ti_uia_loggers_LoggerStopMode_Module__diagsMask__C                   
000162b8  ti_uia_loggers_LoggerStopMode_Object__count__C                       
000162bc  ti_uia_runtime_ILoggerSnapshot_Interface__BASE__C                    
000162c0  ti_uia_runtime_IUIATransfer_Interface__BASE__C                       
000162c4  xdc_runtime_Assert_E_assertFailed__C                                 
000162c8  xdc_runtime_Core_A_initializedParams__C                              
000162cc  xdc_runtime_Core_Module__diagsEnabled__C                             
000162d0  xdc_runtime_Core_Module__diagsIncluded__C                            
000162d4  xdc_runtime_Core_Module__diagsMask__C                                
000162d8  xdc_runtime_Error_E_memory__C                                        
000162dc  xdc_runtime_Error_Module__diagsEnabled__C                            
000162e0  xdc_runtime_Error_Module__diagsIncluded__C                           
000162e4  xdc_runtime_Error_Module__diagsMask__C                               
000162e8  xdc_runtime_Error_Module__loggerFxn8__C                              
000162ec  xdc_runtime_Error_Module__loggerObj__C                               
000162f0  xdc_runtime_Error_policyFxn__C                                       
000162f4  xdc_runtime_Error_raiseHook__C                                       
000162f8  xdc_runtime_IFilterLogger_Interface__BASE__C                         
000162fc  xdc_runtime_IGateProvider_Interface__BASE__C                         
00016300  xdc_runtime_IHeap_Interface__BASE__C                                 
00016304  xdc_runtime_ILogger_Interface__BASE__C                               
00016308  xdc_runtime_IModule_Interface__BASE__C                               
0001630c  xdc_runtime_Log_L_error__C                                           
00016310  xdc_runtime_Memory_defaultHeapInstance__C                            
00016314  xdc_runtime_Startup_execImpl__C                                      
00016318  xdc_runtime_Startup_lastFxns__A                                      
0001631c  xdc_runtime_Startup_maxPasses__C                                     
00016320  xdc_runtime_Startup_sfxnRts__C                                       
00016324  xdc_runtime_Startup_sfxnTab__C                                       
00016328  xdc_runtime_SysMin_bufSize__C                                        
0001632c  xdc_runtime_SysMin_outputFunc__C                                     
00016330  xdc_runtime_System_Module__gateObj__C                                
00016334  xdc_runtime_System_abortFxn__C                                       
00016338  xdc_runtime_System_exitFxn__C                                        
0001633c  xdc_runtime_System_extendFxn__C                                      
00016340  xdc_runtime_System_maxAtexitHandlers__C                              
00016344  xdc_runtime_Text_charTab__C                                          
00016348  xdc_runtime_Text_nameEmpty__C                                        
0001634c  xdc_runtime_Text_nameStatic__C                                       
00016350  xdc_runtime_Text_nameUnknown__C                                      
00016354  xdc_runtime_Text_nodeTab__C                                          
00016358  xdc_runtime_Text_visitRopeFxn__C                                     
0001635c  ti_sysbios_family_arm_m3_Hwi_Module__id__C                           
0001635e  ti_sysbios_family_arm_m3_Hwi_Module__loggerDefined__C                
00016360  ti_sysbios_gates_GateMutex_Module__id__C                             
00016362  ti_sysbios_heaps_HeapMem_Module__id__C                               
00016364  ti_sysbios_knl_Clock_Module__id__C                                   
00016366  ti_sysbios_knl_Clock_Module__loggerDefined__C                        
00016368  ti_sysbios_knl_Event_Module__id__C                                   
0001636a  ti_sysbios_knl_Event_Module__loggerDefined__C                        
0001636c  ti_sysbios_knl_Semaphore_Module__id__C                               
0001636e  ti_sysbios_knl_Semaphore_Module__loggerDefined__C                    
00016370  ti_sysbios_knl_Task_Module__id__C                                    
00016372  ti_sysbios_knl_Task_Module__loggerDefined__C                         
00016374  ti_sysbios_knl_Task_initStackFlag__C                                 
00016376  ti_sysbios_utils_Load_Module__id__C                                  
00016378  ti_sysbios_utils_Load_Module__loggerDefined__C                       
0001637a  ti_sysbios_utils_Load_hwiEnabled__C                                  
0001637c  ti_sysbios_utils_Load_updateInIdle__C                                
0001637e  ti_uia_loggers_LoggerStopMode_Module__id__C                          
00016380  ti_uia_loggers_LoggerStopMode_isTimestampEnabled__C                  
00016382  xdc_runtime_Core_Module__id__C                                       
00016384  xdc_runtime_Error_Module__loggerDefined__C                           
00016386  xdc_runtime_Error_maxDepth__C                                        
00016388  xdc_runtime_Memory_Module__id__C                                     
0001638a  xdc_runtime_SysMin_flushAtExit__C                                    
0001638c  xdc_runtime_Text_charCnt__C                                          
0001638e  xdc_runtime_Text_isLoaded__C                                         
00016390  xdc_runtime_Text_registryModsLastId__C                               
00016392  xdc_runtime_Text_unnamedModsLastId__C                                
00016398  __TI_static_base__                                                   
000167fc  __TI_Handler_Table_Base                                              
00016808  __TI_Handler_Table_Limit                                             
00016818  __TI_CINIT_Base                                                      
00016830  __TI_CINIT_Limit                                                     
20000000  ti_sysbios_family_arm_m3_Hwi_ramVectors                              
20000400  ti_sysbios_heaps_HeapMem_Instance_State_0_buf__A                     
20002400  ti_sysbios_knl_Task_Instance_State_0_stack__A                        
20002700  ti_sysbios_knl_Task_Instance_State_1_stack__A                        
20002f00  ti_sysbios_knl_Task_Instance_State_2_stack__A                        
20003200  ti_sysbios_knl_Task_Instance_State_3_stack__A                        
200040cc  bufferSem                                                            
200040d0  ti_sysbios_knl_Mailbox_Instance_State_0_allocBuf__A                  
20004530  g_psDCDInst                                                          
20004580  ti_uia_loggers_LoggerStopMode_Instance_State_2_packetArray__A        
20004980  usbmschfatfstivaObjects                                              
20004d18  ti_sysbios_family_arm_m3_Hwi_dispatchTable                           
20005078  sdspiTivaObjects                                                     
200052b8  __CIOBUF_                                                            
200053f8  emacObjects                                                          
20005600  ti_uia_loggers_LoggerStopMode_Instance_State_1_packetArray__A        
20005800  i2cTivaObjects                                                       
20005ad0  uartTivaRingBuffer                                                   
20005af0  pwmTivaObjects                                                       
20005b00  ti_uia_loggers_LoggerStopMode_Instance_State_0_packetArray__A        
20005c00  spiTivaDMAObjects                                                    
20005ce4  uartTivaObjects                                                      
20005ffc  xdc_runtime_SysMin_Module_State_0_outbuf__A                          
200060bc  buffer                                                               
20006100  ti_uia_loggers_LoggerStopMode_Instance_State_0_hdr__A                
20006130  watchdogTivaObjects                                                  
20006180  ti_uia_loggers_LoggerStopMode_Instance_State_1_hdr__A                
200061b0  g_pfnTickHandlers                                                    
200061f8  g_ppsDevInfo                                                         
20006200  ti_uia_loggers_LoggerStopMode_Instance_State_2_hdr__A                
20006230  g_pvTickInstance                                                     
20006250  g_ui32PollRate                                                       
2000625c  g_eOTGModeState                                                      
20006260  spiTivaDMAscratchBuf                                                 
2000626c  xdc_runtime_Diags_dictElems                                          
2000627c  ti_sysbios_family_arm_lm4_Timer_Module__root__V                      
20006284  ti_sysbios_family_arm_lm4_Timer_Module_State_0_handles__A            
200062a4  ti_sysbios_family_arm_lm4_Timer_Module__state__V                     
200062b0  ti_sysbios_family_arm_lm4_TimestampProvider_Module__state__V         
200062b8  ti_sysbios_family_arm_m3_Hwi_Module__root__V                         
200062c0  ti_sysbios_family_arm_m3_Hwi_Module_State_0_excActive__A             
200062c4  ti_sysbios_family_arm_m3_Hwi_Module_State_0_excContext__A            
200062c8  ti_sysbios_family_arm_m3_Hwi_Module_State_0_excStack__A              
200062cc  ti_sysbios_gates_GateHwi_Module__root__V                             
200062d4  ti_sysbios_gates_GateHwi_Object__table__V                            
200062d8  ti_sysbios_gates_GateMutex_Module__root__V                           
200062e0  ti_sysbios_hal_Hwi_Module__root__V                                   
200062e8  ti_sysbios_heaps_HeapMem_Module__root__V                             
200062f0  ti_sysbios_heaps_HeapMem_Object__table__V                            
20006308  ti_sysbios_knl_Clock_Module__root__V                                 
20006310  ti_sysbios_knl_Event_Module__root__V                                 
2000631c  ti_sysbios_knl_Event_Object__table__V                                
20006334  ti_sysbios_knl_Mailbox_Module__root__V                               
2000633c  ti_sysbios_knl_Queue_Module__root__V                                 
20006344  ti_sysbios_knl_Semaphore_Module__root__V                             
2000634c  ti_sysbios_knl_Task_Module__root__V                                  
20006358  ti_sysbios_knl_Task_Module_State_0_readyQ__A                         
20006378  ti_sysbios_knl_Task_Module_State_0_idleTask__A                       
2000637c  ti_sysbios_utils_Load_Module_State_0_taskStartTime__A                
20006380  ti_sysbios_utils_Load_Module_State_0_runningTask__A                  
20006384  ti_uia_loggers_LoggerStopMode_Module__root__V                        
2000638c  ti_uia_loggers_LoggerStopMode_Module__state__V                       
20006394  ti_uia_runtime_QueueDescriptor_Module__state__V                      
200063a0  xdc_runtime_Error_Module__state__V                                   
200063a2  xdc_runtime_Main_Module__root__V                                     
200063a4  xdc_runtime_Memory_Module__state__V                                  
200063a8  xdc_runtime_Registry_Module__state__V                                
200063b0  xdc_runtime_Startup_Module__state__V                                 
200063b8  xdc_runtime_SysMin_Module__state__V                                  
200063c4  xdc_runtime_System_Module_State_0_atexitHandlers__A                  
200063cc  xdc_runtime_System_Module__state__V                                  
200063d4  xdc_runtime_Text_Module__state__V                                    
200063dc  __xdc__init__addr                                                    
200063e0  ti_sysbios_knl_Task_Object__table__V                                 
200064c4  TSK_idle                                                             
20006510  ti_uia_loggers_LoggerStopMode_Object__table__V                       
200065ac  ti_sysbios_utils_Load_Module__state__V                               
20006644  ti_sysbios_family_arm_lm4_Timer_Object__table__V                     
200066c4  gpioPinConfigs                                                       
2000676c  ti_sysbios_knl_Mailbox_Object__table__V                              
200067bc  ti_sysbios_knl_Task_Module__state__V                                 
20006800  ti_sysbios_family_arm_lm4_Timer_Module_State_0_device__A             
20006840  ti_sysbios_gates_GateMutex_Object__table__V                          
20006878  ti_sysbios_family_arm_m3_Hwi_Module__state__V                        
200068ac  enablePrefetch                                                       
200068b0  phyCounter                                                           
200068e0  ti_sysbios_family_arm_m3_Hwi_Object__table__V                        
20006910  ti_sysbios_knl_Clock_Module__state__V                                
20006968  ti_sysbios_BIOS_Module__state__V                                     
200069c1  macAddress                                                           
200069c8  gpioCallbackFunctions                                                
200069e8  g_bUSBTimerInitialized                                               
200069ec  g_ui32CurrentUSBTick                                                 
200069f0  g_ui32USBSOFCount                                                    
200069f4  g_iUSBMode                                                           
200069f8  g_ui32WaitTicks                                                      
20006a00  _lock                                                                
20006a04  _unlock                                                              
20006a08  __TI_cleanup_ptr                                                     
20006a0c  __TI_dtors_ptr                                                       
20006a10  ti_uia_runtime_QueueDescriptor_gPtrToFirstDescriptor                 
20006a14  ti_uia_runtime_QueueDescriptor_gUpdateCount                          
20006a28  bufferCounter                                                        
20006a50  main_func_sp                                                         
20006a54  __stack                                                              
20006c54  __STACK_TOP                                                          
20006d54  __STACK_END                                                          
e000e000  ti_sysbios_family_arm_m3_Hwi_nvic                                    
ffffffff  __binit__                                                            
ffffffff  __c_args__                                                           
ffffffff  binit                                                                
UNDEFED   SHT$$INIT_ARRAY$$Base                                                
UNDEFED   SHT$$INIT_ARRAY$$Limit                                               
UNDEFED   WiFi_init                                                            

[1136 symbols]
