******************************************************************************
                  TI ARM Linker PC v5.2.2                      
******************************************************************************
>> Linked Fri May 22 15:08:16 2015

OUTPUT FILE NAME:   <FestoStation.out>
ENTRY POINT SYMBOL: "_c_int00"  address: 0000a541


MEMORY CONFIGURATION

         name            origin    length      used     unused   attr    fill
----------------------  --------  ---------  --------  --------  ----  --------
  FLASH                 00000000   00100000  000155e8  000eaa18  R  X
  SRAM                  20000000   00040000  00006a4d  000395b3  RW X


SEGMENT ALLOCATION MAP

run origin  load origin   length   init length attrs members
----------  ----------- ---------- ----------- ----- -------
00000000    00000000    000155f0   000155f0    r-x
  00000000    00000000    0000003c   0000003c    r-- .resetVecs
  00000040    00000040    0000ec52   0000ec52    r-x .text
  0000ec94    0000ec94    000064b2   000064b2    r-- .const
  00015148    00015148    000004a8   000004a8    r-- .cinit
20000000    20000000    00000360   00000000    rw-
  20000000    20000000    00000360   00000000    rw- .vecs
20000400    20000400    000066f0   00000000    rw-
  20000400    20000400    00005bc5   00000000    rw- .bss
  20005fc8    20005fc8    00000828   00000000    rw- .data
  200067f0    200067f0    00000300   00000000    rw- .stack


SECTION ALLOCATION MAP

 output                                  attributes/
section   page    origin      length       input sections
--------  ----  ----------  ----------   ----------------
.resetVecs 
*          0    00000000    0000003c     
                  00000000    0000003c     FestoStation_pem4f.oem4f (.resetVecs)

.text      0    00000040    0000ec52     
                  00000040    000006d0     DK_TM4C129X.obj (.text)
                  00000710    000006c8     kentec320x240x16_ssd2119.obj (.text)
                  00000dd8    0000058c     FestoStation.obj (.text)
                  00001364    00000004     usblib.lib : usbdma.obj (.text:DMAUSBStatus)
                  00001368    00000434     sysbios.aem4f : BIOS.obj (.text:ti_sysbios_family_arm_m3_Hwi_excDumpRegs__I)
                  0000179c    000003f4     usblib.lib : usbhostenum.obj (.text:USBHostIntHandlerInternal)
                  00001b90    00000370     grlib.lib : image.obj (.text:InternalImageDraw)
                  00001f00    0000034c     ti.targets.arm.rtsarm.aem4f : System.oem4f (.text:xdc_runtime_System_doPrint__I)
                  0000224c    000002e4     grlib.lib : image.obj (.text:PixelTransparentDraw)
                  00002530    000002d4     rtsv7M4_T_le_v4SPD16_eabi.lib : trgdrv.obj (.text)
                  00002804    00000278     frame.obj (.text)
                  00002a7c    00000256     grlib.lib : string.obj (.text:GrFontGlyphRender)
                  00002cd2    00000002     drivers_tivaware.aem4f : SPITivaDMA.oem4f (.text:SPITivaDMA_serviceISR)
                  00002cd4    00000214                            : UARTTiva.oem4f (.text:UARTTiva_open)
                  00002ee8    00000204     Boot.aem4f : Boot_sysctl.oem4f (.text:ti_catalog_arm_cortexm4_tiva_ce_Boot_sysCtlClockFreqSetI__I)
                  000030ec    000001f4     drivers_tivaware.aem4f : SDSPITiva.oem4f (.text:SDSPITiva_diskInitialize)
                  000032e0    000001f0     sysbios.aem4f : BIOS.obj (.text:ti_sysbios_family_arm_m3_Hwi_excHandlerMax__I)
                  000034d0    000001a0     drivers_tivaware.aem4f : USBMSCHFatFsTiva.oem4f (.text:USBMSCHFatFsTiva_open)
                  00003670    0000019c     usblib.lib : usbhostenum.obj (.text:USBHCDPipeAllocSize)
                  0000380c    00000190                : usbhostenum.obj (.text:ProcessUSBDeviceStateMachine)
                  0000399c    00000178                : usbhhub.obj (.text:USBHHubMain)
                  00003b14    00000004     driverlib.lib : i2c.obj (.text:I2CMasterControl)
                  00003b18    00000178     sysbios.aem4f : BIOS.obj (.text:ti_sysbios_knl_Semaphore_pend__E)
                  00003c90    00000174                   : BIOS.obj (.text:ti_sysbios_family_arm_m3_Hwi_excBusFault__I)
                  00003e04    00000170     drivers_tivaware.aem4f : PWMTiva.oem4f (.text:PWMTiva_open)
                  00003f74    00000170     usblib.lib : usbdma.obj (.text:USBLibDMAInit)
                  000040e4    0000016c                : usbhostenum.obj (.text:USBHCDInitInternal)
                  00004250    00000164     sysbios.aem4f : BIOS.obj (.text:ti_sysbios_family_arm_m3_Hwi_excUsageFault__I)
                  000043b4    00000150     usblib.lib : usbdenum.obj (.text:USBDEP0StateTxConfig)
                  00004504    00000150                : usbdenum.obj (.text:USBDeviceIntHandlerInternal)
                  00004654    00000150                : usbhostenum.obj (.text:USBHCDPipeRead)
                  000047a4    00000004     driverlib.lib : i2c.obj (.text:I2CMasterDataGet)
                  000047a8    00000150     sysbios.aem4f : BIOS.obj (.text:ti_sysbios_knl_Event_pend__E)
                  000048f8    00000148     drivers_tivaware.aem4f : GPIOTiva.oem4f (.text:GPIO_setConfig)
                  00004a40    00000148     sysbios.aem4f : BIOS.obj (.text:ti_sysbios_family_arm_m3_Hwi_excMemFault__I)
                  00004b88    00000140     usblib.lib : usbdconfig.obj (.text:USBDeviceConfig)
                  00004cc8    00000138     FestoStation_pem4f.oem4f (.text:ti_uia_loggers_LoggerStopMode_writeMemoryRange__E)
                  00004e00    00000130     driverlib.lib : gpio.obj (.text:GPIOPadConfigSet)
                  00004f30    00000128     usblib.lib : usbhostenum.obj (.text:USBHCDPipeWrite)
                  00005058    00000118     ti.targets.arm.rtsarm.aem4f : Error.oem4f (.text:xdc_runtime_Error_policyDefault__E)
                  00005170    0000010c     FestoStation_pem4f.oem4f (.text:ti_uia_loggers_LoggerStopMode_write8__E)
                  0000527c    00000004     driverlib.lib : i2c.obj (.text:I2CMasterDataPut)
                  00005280    00000108     sysbios.aem4f : BIOS.obj (.text:ti_sysbios_family_arm_lm4_Timer_start__E)
                  00005388    00000108                   : BIOS.obj (.text:ti_sysbios_family_arm_lm4_TimestampProvider_get64__E)
                  00005490    00000100     usblib.lib : usbhostenum.obj (.text:USBHCDEnumHandler)
                  00005590    00000100     ti.targets.arm.rtsarm.aem4f : Core-mem.oem4f (.text:xdc_runtime_Core_createObject__I)
                  00005690    000000fc     drivers_tivaware.aem4f : PWMTiva.oem4f (.text:PWMTiva_setDuty)
                  0000578c    000000fc     usblib.lib : usbhmsc.obj (.text:USBHMSCDriveReady)
                  00005888    000000f8     drivers_tivaware.aem4f : SDSPITiva.oem4f (.text:SDSPITiva_open)
                  00005980    000000f8     ti.targets.arm.rtsarm.aem4f : Startup.oem4f (.text:xdc_runtime_Startup_startMods__I)
                  00005a78    000000f8     FestoStation_pem4f.oem4f (.text:xdc_runtime_System_printfExtend__I)
                  00005b70    000000f4     drivers_tivaware.aem4f : SDSPITiva.oem4f (.text:SDSPITiva_diskIOctrl)
                  00005c64    000000f4     usblib.lib : usbhostenum.obj (.text:USBHCDInit)
                  00005d58    000000f4     sysbios.aem4f : m3_Hwi_asm.obj (.text:ti_sysbios_family_arm_m3_Hwi_dispatch__I)
                  00005e4c    000000f4     FestoStation_pem4f.oem4f (.text:ti_uia_loggers_LoggerStopMode_write4__E)
                  00005f40    000000f0     usblib.lib : usbhostenum.obj (.text:USBHCDControlTransfer)
                  00006030    000000f0                : usbhostenum.obj (.text:USBHCDPipeFree)
                  00006120    000000ec     drivers_tivaware.aem4f : SPITivaDMA.oem4f (.text:SPITivaDMA_open)
                  0000620c    000000ea     usblib.lib : usbdma.obj (.text:iDMAUSBTransfer)
                  000062f6    00000002     drivers_tivaware.aem4f : WatchdogTiva.oem4f (.text:WatchdogTiva_close)
                  000062f8    000000e8                            : I2CTiva.oem4f (.text:I2CTiva_open)
                  000063e0    000000e8                            : SDSPITiva.oem4f (.text:SDSPITiva_diskWrite)
                  000064c8    000000e8     FestoStation_pem4f.oem4f (.text:ti_uia_loggers_LoggerStopMode_write2__E)
                  000065b0    000000e4     usblib.lib : usbdenum.obj (.text:USBDGetDescriptor)
                  00006694    000000e4     FestoStation_pem4f.oem4f (.text:ti_uia_loggers_LoggerStopMode_write1__E)
                  00006778    000000e0     usblib.lib : usbhostenum.obj (.text:USBHCDMain)
                  00006858    000000dc     drivers_tivaware.aem4f : SPITivaDMA.oem4f (.text:SPITivaDMA_configDMA)
                  00006934    000000d8     usblib.lib : usbdenum.obj (.text:USBDeviceEnumHandler)
                  00006a0c    000000d8                : usbhostenum.obj (.text:USBHCDPipeConfig)
                  00006ae4    000000d8     FestoStation_pem4f.oem4f (.text:ti_uia_loggers_LoggerStopMode_write0__E)
                  00006bbc    000000d6     drivers_tivaware.aem4f : I2CTiva.oem4f (.text:I2CTiva_hwiFxn)
                  00006c92    00000006     driverlib.lib : gpio.obj (.text:GPIOIntClear)
                  00006c98    000000cc     sysbios.aem4f : BIOS.obj (.text:ti_sysbios_heaps_HeapMem_alloc__E)
                  00006d64    00000004     driverlib.lib : lcd.obj (.text:LCDDMAConfigSet)
                  00006d68    000000cc     sysbios.aem4f : BIOS.obj (.text:ti_sysbios_knl_Task_Instance_init__E)
                  00006e34    000000cc     ti.targets.arm.rtsarm.aem4f : Core-smem.oem4f (.text:xdc_runtime_Core_constructObject__I)
                  00006f00    000000c6     drivers_tivaware.aem4f : SDSPITiva.oem4f (.text:send_cmd)
                  00006fc6    000000c4     grlib.lib : string.obj (.text:GrDefaultStringRenderer)
                  0000708a    000000c2     driverlib.lib : usb.obj (.text:USBHostEndpointConfig)
                  0000714c    000000c0     drivers_tivaware.aem4f : SDSPITiva.oem4f (.text:SDSPITiva_diskRead)
                  0000720c    000000c0     usblib.lib : usbdma.obj (.text:uDMAUSBChannelAllocate)
                  000072cc    000000bc                : usbmode.obj (.text:USB0OTGModeIntHandler)
                  00007388    000000bc     sysbios.aem4f : BIOS.obj (.text:ti_sysbios_family_arm_m3_Hwi_excDebugMon__I)
                  00007444    00000004     driverlib.lib : lcd.obj (.text:LCDIDDConfigSet)
                  00007448    000000bc     sysbios.aem4f : BIOS.obj (.text:ti_sysbios_family_arm_m3_Hwi_excHardFault__I)
                  00007504    000000ba     usblib.lib : usbdma.obj (.text:uDMAUSBTransfer)
                  000075be    00000002                : usbdma.obj (.text:iDMAUSBArbSizeSet)
                  000075c0    000000b8     sysbios.aem4f : BIOS.obj (.text:ti_sysbios_knl_Task_sleep__E)
                  00007678    000000b4                   : BIOS.obj (.text:ti_sysbios_knl_Task_Instance_finalize__E)
                  0000772c    00000004     driverlib.lib : ssi.obj (.text:SSIIntClear)
                  00007730    000000b4     sysbios.aem4f : BIOS.obj (.text:ti_sysbios_knl_Task_checkStacks__E)
                  000077e4    00000004     driverlib.lib : uart.obj (.text:UARTIntClear)
                  000077e8    000000ac     sysbios.aem4f : BIOS.obj (.text:ti_sysbios_family_arm_lm4_Timer_enableTiva__I)
                  00007894    000000a4     usblib.lib : usbhmsc.obj (.text:USBHMSCOpen)
                  00007938    000000a4     drivers_tivaware.aem4f : WatchdogTiva.oem4f (.text:WatchdogTiva_open)
                  000079dc    000000a0     auto_init.aem4f : auto_init.oem4f (.text)
                  00007a7c    000000a0     drivers_tivaware.aem4f : SDSPITiva.oem4f (.text:rcvr_datablock)
                  00007b1c    000000a0     ti.targets.arm.rtsarm.aem4f : Text.oem4f (.text:xdc_runtime_Text_putMod__E)
                  00007bbc    0000009c     usblib.lib : usbhostenum.obj (.text:USBHCDDeviceDisconnected)
                  00007c58    0000009c     rtsv7M4_T_le_v4SPD16_eabi.lib : memcpy_t2.obj (.text)
                  00007cf4    0000009a     ti.targets.arm.rtsarm.aem4f : Text.oem4f (.text:xdc_runtime_Text_putSite__E)
                  00007d8e    0000009a     drivers_tivaware.aem4f : SDSPITiva.oem4f (.text:xmit_datablock)
                  00007e28    00000098                            : GPIOTiva.oem4f (.text:GPIO_init)
                  00007ec0    00000098                            : UARTTiva.oem4f (.text:UARTTiva_readPolling)
                  00007f58    00000098     usblib.lib : usbdenum.obj (.text:USBDSetInterface)
                  00007ff0    00000098     Boot.aem4f : Boot.oem4f (.text:ti_catalog_arm_cortexm4_tiva_ce_Boot_sysCtlClockFreqSet__E)
                  00008088    00000094     usblib.lib : usbhostenum.obj (.text:USBHCDOpenDriver)
                  0000811c    00000004     driverlib.lib : usb.obj (.text:USBDevAddrSet)
                  00008120    00000094     sysbios.aem4f : BIOS.obj (.text:ti_sysbios_family_arm_m3_Hwi_Instance_init__E)
                  000081b4    00000004     drivers_tivaware.aem4f : USBMSCHFatFsTiva.oem4f (.text:USBMSCHFatFsTiva_control)
                  000081b8    00000094     sysbios.aem4f : BIOS.obj (.text:ti_sysbios_family_arm_m3_Hwi_initNVIC__E)
                  0000824c    00000090     usblib.lib : usbhostenum.obj (.text:FIFOAlloc)
                  000082dc    00000090     ti.uia.loggers.aem4f : LoggerStopMode.oem4f (.text:ti_uia_loggers_LoggerStopMode_initQueueDescriptor__E)
                  0000836c    0000008e     drivers_tivaware.aem4f : UARTTiva.oem4f (.text:readTaskBlocking)
                  000083fa    0000008c                            : UARTTiva.oem4f (.text:UARTTiva_control)
                  00008486    0000008c                            : UARTTiva.oem4f (.text:UARTTiva_write)
                  00008512    00000002     usblib.lib : usbdma.obj (.text:iDMAUSBUnitSizeSet)
                  00008514    0000008c                : usbdenum.obj (.text:USBDSetConfiguration)
                  000085a0    0000008c                : usbdconfig.obj (.text:USBDeviceConfigAlternate)
                  0000862c    0000008c                : usbhostenum.obj (.text:USBHCDClearFeature)
                  000086b8    0000008c     sysbios.aem4f : m3_TaskSupport_asm.obj (.text:ti_sysbios_family_arm_m3_TaskSupport_buildTaskStack)
                  00008744    00000004     drivers_tivaware.aem4f : USBMSCHFatFsTiva.oem4f (.text:USBMSCHFatFsTiva_hwiHandler)
                  00008748    0000008c     sysbios.aem4f : BIOS.obj (.text:ti_sysbios_knl_Event_post__E)
                  000087d4    00000004     driverlib.lib : watchdog.obj (.text:WatchdogReloadSet)
                  000087d8    0000008c     sysbios.aem4f : BIOS.obj (.text:ti_sysbios_knl_Task_postInit__I)
                  00008864    00000088     drivers_tivaware.aem4f : PWMTiva.oem4f (.text:PWMTiva_control)
                  000088ec    00000088     usblib.lib : usbhscsi.obj (.text:USBHSCSISendCommand)
                  00008974    00000004     FestoStation_pem4f.oem4f (.text:ti_sysbios_BIOS_RtsGateProxy_enter__E)
                  00008978    00000088     sysbios.aem4f : BIOS.obj (.text:ti_sysbios_knl_Mailbox_post__E)
                  00008a00    00000084     usblib.lib : usbdma.obj (.text:iDMAUSBChannelAllocate)
                  00008a84    00000004     FestoStation_pem4f.oem4f (.text:ti_sysbios_BIOS_RtsGateProxy_leave__E)
                  00008a88    00000084     sysbios.aem4f : BIOS.obj (.text:ti_sysbios_family_arm_lm4_Timer_getExpiredCounts__E)
                  00008b0c    00000084     driverlib.lib : udma.obj (.text:uDMAChannelTransferSet)
                  00008b90    00000080     sysbios.aem4f : BIOS.obj (.text:ti_sysbios_knl_Semaphore_post__E)
                  00008c10    00000080                   : BIOS.obj (.text:ti_sysbios_utils_Load_updateLoads__E)
                  00008c90    0000007e     drivers_tivaware.aem4f : I2CTiva.oem4f (.text:I2CTiva_transfer)
                  00008d0e    00000002     FestoStation_pem4f.oem4f (.text:ti_sysbios_BIOS_nullFunc__I)
                  00008d10    0000007c     drivers_tivaware.aem4f : SPITivaDMA.oem4f (.text:SPITivaDMA_initHw)
                  00008d8c    0000007c     usblib.lib : usbdenum.obj (.text:USBDClearFeature)
                  00008e08    0000007c     drivers_tivaware.aem4f : UARTTiva.oem4f (.text:readIsrTextBlocking)
                  00008e84    00000004     sysbios.aem4f : BIOS.obj (.text:ti_sysbios_family_arm_lm4_Timer_masterEnable__I)
                  00008e88    0000007c                   : BIOS.obj (.text:ti_sysbios_heaps_HeapMem_free__E)
                  00008f04    0000007a     driverlib.lib : adc.obj (.text:ADCSequenceStepConfigure)
                  00008f7e    0000007a                   : usb.obj (.text:USBDevEndpointConfigSet)
                  00008ff8    0000007a     drivers_tivaware.aem4f : UARTTiva.oem4f (.text:readTaskCallback)
                  00009072    0000007a     rtsv7M4_T_le_v4SPD16_eabi.lib : memset_t2.obj (.text)
                  000090ec    00000076     drivers_tivaware.aem4f : UARTTiva.oem4f (.text:readIsrTextCallback)
                  00009162    00000002     FestoStation_pem4f.oem4f (.text:ti_uia_loggers_LoggerStopMode_setFilterLevel__E)
                  00009164    00000074     usblib.lib : usbdenum.obj (.text:USBDGetStatus)
                  000091d8    00000074                : usbhostenum.obj (.text:USBHCDGetConfigDescriptor)
                  0000924c    00000004     FestoStation_pem4f.oem4f (.text:ti_sysbios_family_arm_m3_Hwi_destruct)
                  00009250    00000074     sysbios.aem4f : BIOS.obj (.text:ti_sysbios_family_arm_m3_Hwi_postInit__I)
                  000092c4    00000004     FestoStation_pem4f.oem4f (.text:ti_sysbios_family_arm_m3_TaskSupport_Module__startupDone__S)
                  000092c8    00000074     sysbios.aem4f : BIOS.obj (.text:ti_sysbios_knl_Mailbox_pend__E)
                  0000933c    00000074     ti.uia.runtime.aem4f : QueueDescriptor.oem4f (.text:ti_uia_runtime_QueueDescriptor_addToList__E)
                  000093b0    00000072     usblib.lib : usbdma.obj (.text:uDMAUSBArbSizeSet)
                  00009422    00000070     drivers_tivaware.aem4f : SPITivaDMA.oem4f (.text:SPITivaDMA_transferCancel)
                  00009492    00000002     ti.uia.loggers.aem4f : LoggerStopMode.oem4f (.text:ti_uia_loggers_LoggerStopMode_setPriority__E)
                  00009494    00000070     usblib.lib : usbdenum.obj (.text:USBDEP0StateTx)
                  00009504    00000004     FestoStation_pem4f.oem4f (.text:ti_sysbios_gates_GateMutex_destruct)
                  00009508    00000070     sysbios.aem4f : BIOS.obj (.text:ti_sysbios_knl_Semaphore_Instance_init__E)
                  00009578    00000070     usblib.lib : usbdma.obj (.text:uDMAUSBUnitSizeSet)
                  000095e8    0000006c                : usbmode.obj (.text:USBOTGSetMode)
                  00009654    00000004     FestoStation_pem4f.oem4f (.text:ti_sysbios_heaps_HeapMem_Module_GateProxy_enter__E)
                  00009658    0000006c     sysbios.aem4f : BIOS.obj (.text:ti_sysbios_knl_Clock_workFunc__E)
                  000096c4    00000004     FestoStation_pem4f.oem4f (.text:ti_sysbios_heaps_HeapMem_Module_GateProxy_leave__E)
                  000096c8    0000006c     sysbios.aem4f : BIOS.obj (.text:ti_sysbios_knl_Task_exit__E)
                  00009734    00000004     FestoStation_pem4f.oem4f (.text:ti_sysbios_knl_Clock_TimerProxy_getMaxTicks__E)
                  00009738    0000006c     sysbios.aem4f : BIOS.obj (.text:ti_sysbios_utils_Load_updateThreadContexts__E)
                  000097a4    0000006c     drivers_tivaware.aem4f : UARTTiva.oem4f (.text:writeData)
                  00009810    0000006c     ti.targets.arm.rtsarm.aem4f : Error.oem4f (.text:xdc_runtime_Error_print__E)
                  0000987c    0000006c                                 : Memory.oem4f (.text:xdc_runtime_Memory_alloc__E)
                  000098e8    0000006a     grlib.lib : string.obj (.text:GrStringWidthGet)
                  00009952    0000006a     drivers_tivaware.aem4f : PWMTiva.oem4f (.text:PWMTiva_close)
                  000099bc    0000006a     rtsv7M4_T_le_v4SPD16_eabi.lib : copy_decompress_rle.obj (.text)
                  00009a26    00000002     usblib.lib : usbdma.obj (.text:uDMAUSBChannelIntDisable)
                  00009a28    00000068     grlib.lib : context.obj (.text:GrContextInit)
                  00009a90    00000068     driverlib.lib : interrupt.obj (.text:IntDisable)
                  00009af8    00000068                   : interrupt.obj (.text:IntEnable)
                  00009b60    00000068     usblib.lib : usbdenum.obj (.text:USBDSetFeature)
                  00009bc8    00000068     rtsv7M4_T_le_v4SPD16_eabi.lib : trgmsg.obj (.text)
                  00009c30    00000066     ti.uia.loggers.aem4f : LoggerStopMode.oem4f (.text:ti_uia_loggers_LoggerStopMode_flush__E)
                  00009c96    00000066     ti.targets.arm.rtsarm.aem4f : Core-mem.oem4f (.text:xdc_runtime_Core_deleteObject__I)
                  00009cfc    00000064     drivers_tivaware.aem4f : GPIOTiva.oem4f (.text:GPIO_hwiIntFxn)
                  00009d60    00000064     driverlib.lib : interrupt.obj (.text:IntIsEnabled)
                  00009dc4    00000064     FestoStation_pem4f.oem4f (.text:ti_sysbios_family_arm_m3_Hwi_create)
                  00009e28    00000064     sysbios.aem4f : BIOS.obj (.text:ti_sysbios_utils_Load_idleFxn__E)
                  00009e8c    00000064     usblib.lib : usbdma.obj (.text:uDMAUSBChannelEnable)
                  00009ef0    00000064     ti.targets.arm.rtsarm.aem4f : System.oem4f (.text:xdc_runtime_System_formatNum__I)
                  00009f54    00000062     grlib.lib : context.obj (.text:GrContextClipRegionSet)
                  00009fb6    00000062     drivers_tivaware.aem4f : I2CTiva.oem4f (.text:I2CTiva_primeTransfer)
                  0000a018    00000062                            : SPITivaDMA.oem4f (.text:SPITivaDMA_transfer)
                  0000a07a    00000002     usblib.lib : usbdma.obj (.text:uDMAUSBChannelIntEnable)
                  0000a07c    00000060                : usbdenum.obj (.text:USBDReadAndDispatchRequest)
                  0000a0dc    00000060                : usbhostenum.obj (.text:USBHostCheckPipes)
                  0000a13c    00000004     FestoStation_pem4f.oem4f (.text:ti_sysbios_knl_Clock_TimerProxy_getPeriod__E)
                  0000a140    00000060     sysbios.aem4f : BIOS.obj (.text:ti_sysbios_knl_Task_schedule__I)
                  0000a1a0    0000005e     driverlib.lib : usb.obj (.text:USBDevEndpointStatusClear)
                  0000a1fe    00000002     FestoStation_pem4f.oem4f (.text:xdc_runtime_Startup_reset__I)
                  0000a200    0000005c     usblib.lib : usbhostenum.obj (.text:ConfigDescAlloc)
                  0000a25c    0000005c                : usbhostenum.obj (.text:USBHCDGetDeviceDescriptor)
                  0000a2b8    0000005c                : usbhscsi.obj (.text:USBHSCSIRead10)
                  0000a314    0000005c                : usbhscsi.obj (.text:USBHSCSIWrite10)
                  0000a370    0000005c     sysbios.aem4f : BIOS.obj (.text:ti_sysbios_knl_Task_Module_startup__E)
                  0000a3cc    00000004     FestoStation_pem4f.oem4f (.text:ti_sysbios_knl_Clock_destruct)
                  0000a3d0    0000005c     sysbios.aem4f : BIOS.obj (.text:ti_sysbios_knl_Task_startCore__E)
                  0000a42c    0000005c     drivers_tivaware.aem4f : SDSPITiva.oem4f (.text:wait_ready)
                  0000a488    0000005b     ti.targets.arm.rtsarm.aem4f : Text.oem4f (.text:xdc_runtime_Text_putLab__E)
                  0000a4e3    00000001     --HOLE-- [fill = 0]
                  0000a4e4    0000005a     grlib.lib : string.obj (.text:FontWideGlyphDataGet)
                  0000a53e    00000002     --HOLE-- [fill = 0]
                  0000a540    00000058     boot.aem4f : boot.oem4f (.text)
                  0000a598    00000058     usblib.lib : usbhostenum.obj (.text:USBHCDEP0StateTx)
                  0000a5f0    00000058                : usbhostenum.obj (.text:USBHCDHubDeviceConnected)
                  0000a648    00000058     sysbios.aem4f : BIOS.obj (.text:ti_sysbios_family_arm_lm4_TimestampProvider_get32__E)
                  0000a6a0    00000058     FestoStation_pem4f.oem4f (.text:ti_sysbios_family_arm_m3_Hwi_construct)
                  0000a6f8    00000058     sysbios.aem4f : m3_Hwi_asm_switch.obj (.text:ti_sysbios_family_arm_m3_Hwi_initStacks__E)
                  0000a750    00000056     driverlib.lib : gpio.obj (.text:GPIOIntTypeSet)
                  0000a7a6    00000056     usblib.lib : usbdma.obj (.text:uDMAUSBChannelRelease)
                  0000a7fc    00000004     FestoStation_pem4f.oem4f (.text:ti_sysbios_knl_Queue_destruct)
                  0000a800    00000054     sysbios.aem4f : BIOS.obj (.text:ti_sysbios_family_arm_lm4_Timer_initDevice__I)
                  0000a854    00000004     FestoStation_pem4f.oem4f (.text:ti_sysbios_knl_Semaphore_delete)
                  0000a858    00000054     sysbios.aem4f : BIOS.obj (.text:ti_sysbios_family_arm_m3_Hwi_dispatchC__I)
                  0000a8ac    00000054     FestoStation_pem4f.oem4f (.text:ti_sysbios_knl_Task_construct)
                  0000a900    00000054     sysbios.aem4f : BIOS.obj (.text:ti_sysbios_utils_Load_updateCurrentThreadTime__E)
                  0000a954    00000054     ti.targets.arm.rtsarm.aem4f : Assert.oem4f (.text:xdc_runtime_Assert_raise__I)
                  0000a9a8    00000052     drivers_tivaware.aem4f : SPITivaDMA.oem4f (.text:SPITivaDMA_hwiFxn)
                  0000a9fa    00000052     usblib.lib : usbulpi.obj (.text:ULPIConfigSet)
                  0000aa4c    00000052     drivers_tivaware.aem4f : USBMSCHFatFsTiva.oem4f (.text:USBMSCHFatFsTiva_close)
                  0000aa9e    00000052                            : UARTTiva.oem4f (.text:readIsrBinaryBlocking)
                  0000aaf0    00000050                            : GPIOTiva.oem4f (.text:GPIO_setCallback)
                  0000ab40    00000050                            : GPIOTiva.oem4f (.text:GPIO_toggle)
                  0000ab90    00000050                            : GPIOTiva.oem4f (.text:GPIO_write)
                  0000abe0    00000050     driverlib.lib : sysctl.obj (.text:SysCtlPeripheralReset)
                  0000ac30    00000050     usblib.lib : usbdcdesc.obj (.text:USBDCDConfigDescGet)
                  0000ac80    00000050                : usbdenum.obj (.text:USBDeviceResumeTickHandler)
                  0000acd0    00000050     drivers_tivaware.aem4f : USBMSCHFatFsTiva.oem4f (.text:USBMSCHFatFsTiva_diskWrite)
                  0000ad20    00000050     Boot.aem4f : Boot_sysctl.oem4f (.text:_SysCtlFrequencyGet)
                  0000ad70    00000050     sysbios.aem4f : BIOS.obj (.text:ti_sysbios_family_arm_m3_Hwi_Module_startup__E)
                  0000adc0    00000050     ti.targets.arm.rtsarm.aem4f : Startup.oem4f (.text:xdc_runtime_Startup_exec__E)
                  0000ae10    00000050                                 : Text.oem4f (.text:xdc_runtime_Text_visitRope2__I)
                  0000ae60    0000004e     usblib.lib : usbhhub.obj (.text:HubGetPortStatus)
                  0000aeae    0000004e     driverlib.lib : usb.obj (.text:USBDevEndpointStallClear)
                  0000aefc    0000004c     usblib.lib : usbdcdesc.obj (.text:ConfigAlternateInterfaceGet)
                  0000af48    0000004c                : usbdconfig.obj (.text:GetEPDescriptorType)
                  0000af94    0000004c                : usbhhub.obj (.text:HubDriverDeviceDisconnect)
                  0000afe0    0000004c     drivers_tivaware.aem4f : UARTTiva.oem4f (.text:UARTTiva_close)
                  0000b02c    0000004c     driverlib.lib : usb.obj (.text:USBEndpointDMAConfigSet)
                  0000b078    0000004c     usblib.lib : usbhostenum.obj (.text:USBHCDPowerConfigSet)
                  0000b0c4    0000004c                : usbhostenum.obj (.text:USBHCDSetAddress)
                  0000b110    0000004c     drivers_tivaware.aem4f : USBMSCHFatFsTiva.oem4f (.text:USBMSCHFatFsTiva_diskRead)
                  0000b15c    0000004c                            : UARTTiva.oem4f (.text:readIsrBinaryCallback)
                  0000b1a8    0000004c     rtsv7M4_T_le_v4SPD16_eabi.lib : cpy_tbl.obj (.text)
                  0000b1f4    00000004     FestoStation_pem4f.oem4f (.text:ti_sysbios_knl_Semaphore_destruct)
                  0000b1f8    0000004c     sysbios.aem4f : BIOS.obj (.text:ti_sysbios_heaps_HeapMem_getStats__E)
                  0000b244    00000004     FestoStation_pem4f.oem4f (.text:ti_sysbios_knl_Task_destruct)
                  0000b248    0000004c     sysbios.aem4f : BIOS.obj (.text:ti_sysbios_knl_Task_allBlockedFunction__I)
                  0000b294    0000004c     ti.uia.loggers.aem4f : LoggerStopMode.oem4f (.text:ti_uia_loggers_LoggerStopMode_Module_startup__E)
                  0000b2e0    0000004a     grlib.lib : string.obj (.text:UpdateContextCharMapping)
                  0000b32a    0000004a     usblib.lib : usbdma.obj (.text:iDMAUSBChannelEnable)
                  0000b374    0000004a                : usbdma.obj (.text:uDMAUSBChannelDisable)
                  0000b3be    00000002     --HOLE-- [fill = 0]
                  0000b3c0    00000048     driverlib.lib : gpio.obj (.text:GPIOPinConfigure)
                  0000b408    00000048                   : i2c.obj (.text:I2CMasterInitExpClk)
                  0000b450    00000048     drivers_tivaware.aem4f : UARTTiva.oem4f (.text:UARTTiva_writeCancel)
                  0000b498    00000048     usblib.lib : usbdenum.obj (.text:USBDStringIndexFromRequest)
                  0000b4e0    00000048                : usbdenum.obj (.text:USBDeviceEnumResetHandler)
                  0000b528    00000048     driverlib.lib : usb.obj (.text:USBFIFOFlush)
                  0000b570    00000048     usblib.lib : usbhhub.obj (.text:USBHHubInit)
                  0000b5b8    00000048     sysbios.aem4f : BIOS.obj (.text:ti_sysbios_family_arm_lm4_Timer_enableTimers__I)
                  0000b600    00000048                   : BIOS.obj (.text:ti_sysbios_family_arm_m3_Hwi_disableInterrupt__E)
                  0000b648    00000048                   : BIOS.obj (.text:ti_sysbios_family_arm_m3_Hwi_enableInterrupt__E)
                  0000b690    00000048                   : BIOS.obj (.text:ti_sysbios_family_arm_m3_Hwi_excReserved__I)
                  0000b6d8    00000048                   : BIOS.obj (.text:ti_sysbios_knl_Mailbox_Module_startup__E)
                  0000b720    00000048     driverlib.lib : udma.obj (.text:uDMAChannelAttributeDisable)
                  0000b768    00000046     drivers_tivaware.aem4f : RingBuf.oem4f (.text:RingBuf_put)
                  0000b7ae    00000046     ti.targets.arm.rtsarm.aem4f : Core-params.oem4f (.text:xdc_runtime_Core_assignParams__I)
                  0000b7f4    00000044     usblib.lib : usbdenum.obj (.text:USBDGetInterface)
                  0000b838    00000044     driverlib.lib : usb.obj (.text:USBEndpointDataGet)
                  0000b87c    00000044     ti.sysbios.fatfs.aem4f : ff.oem4f (.text:f_mount)
                  0000b8c0    00000044     rtsv7M4_T_le_v4SPD16_eabi.lib : exit.obj (.text)
                  0000b904    00000044     drivers_tivaware.aem4f : SDSPITiva.oem4f (.text:send_initial_clock_train)
                  0000b948    00000044     sysbios.aem4f : BIOS.obj (.text:ti_sysbios_family_arm_lm4_Timer_isrStub__E)
                  0000b98c    00000004     ti.uia.loggers.aem4f : LoggerStopMode.oem4f (.text:ti_uia_loggers_LoggerStopMode_getContents__E)
                  0000b990    00000044     sysbios.aem4f : BIOS.obj (.text:ti_sysbios_family_arm_m3_Hwi_getStackInfo__E)
                  0000b9d4    00000044     ti.uia.loggers.aem4f : LoggerStopMode.oem4f (.text:ti_uia_loggers_LoggerStopMode_initBuffer__I)
                  0000ba18    00000044     ti.targets.arm.rtsarm.aem4f : Error.oem4f (.text:xdc_runtime_Error_setX__E)
                  0000ba5c    00000044                                 : SysMin.oem4f (.text:xdc_runtime_SysMin_flush__E)
                  0000baa0    00000044                                 : Text.oem4f (.text:xdc_runtime_Text_xprintf__I)
                  0000bae4    00000042     driverlib.lib : ssi.obj (.text:SSIConfigSetExpClk)
                  0000bb26    00000042                   : uart.obj (.text:UARTConfigSetExpClk)
                  0000bb68    00000042     drivers_tivaware.aem4f : UARTTiva.oem4f (.text:UARTTiva_writePolling)
                  0000bbaa    00000042     rtsv7M4_T_le_v4SPD16_eabi.lib : u_divt2.obj (.text)
                  0000bbec    00000040     drivers_tivaware.aem4f : RingBuf.oem4f (.text:RingBuf_get)
                  0000bc2c    00000040                            : UARTTiva.oem4f (.text:UARTTiva_read)
                  0000bc6c    00000040     usblib.lib : usbhmsc.obj (.text:USBHMSCGetMaxLUN)
                  0000bcac    00000040     drivers_tivaware.aem4f : USBMSCHFatFsTiva.oem4f (.text:USBMSCHFatFsTiva_diskInitialize)
                  0000bcec    00000004     FestoStation_pem4f.oem4f (.text:ti_uia_loggers_LoggerStopMode_getFilterLevel__E)
                  0000bcf0    00000040     sysbios.aem4f : BIOS.obj (.text:ti_sysbios_family_arm_lm4_Timer_Module_startup__E)
                  0000bd30    00000040                   : BIOS.obj (.text:ti_sysbios_family_arm_lm4_Timer_startup__E)
                  0000bd70    00000040                   : BIOS.obj (.text:ti_sysbios_heaps_HeapMem_Instance_init__E)
                  0000bdb0    0000003e     driverlib.lib : adc.obj (.text:ADCSequenceConfigure)
                  0000bdee    0000003e     usblib.lib : usbhscsi.obj (.text:USBHSCSIInquiry)
                  0000be2c    0000003e                : usbhscsi.obj (.text:USBHSCSIReadCapacity)
                  0000be6a    00000002     --HOLE-- [fill = 0]
                  0000be6c    0000003c                : usbhhub.obj (.text:HubDriverReset)
                  0000bea8    0000003c     drivers_tivaware.aem4f : SPITivaDMA.oem4f (.text:SPITivaDMA_close)
                  0000bee4    0000003c     usblib.lib : usbhscsi.obj (.text:USBHSCSIRequestSense)
                  0000bf20    0000003c                : usbdma.obj (.text:iDMAUSBChannelRelease)
                  0000bf5c    00000004     ti.uia.loggers.aem4f : LoggerStopMode.oem4f (.text:ti_uia_loggers_LoggerStopMode_getInstanceId__E)
                  0000bf60    0000003c     sysbios.aem4f : BIOS.obj (.text:ti_sysbios_family_arm_m3_Hwi_excSvCall__I)
                  0000bf9c    00000004     ti.uia.loggers.aem4f : LoggerStopMode.oem4f (.text:ti_uia_loggers_LoggerStopMode_getMaxLength__E)
                  0000bfa0    0000003c     sysbios.aem4f : BIOS.obj (.text:ti_sysbios_family_arm_m3_TaskSupport_start__E)
                  0000bfdc    00000004     ti.uia.loggers.aem4f : LoggerStopMode.oem4f (.text:ti_uia_loggers_LoggerStopMode_getPriority__E)
                  0000bfe0    0000003c     sysbios.aem4f : BIOS.obj (.text:ti_sysbios_heaps_HeapMem_init__I)
                  0000c01c    00000004     ti.uia.loggers.aem4f : LoggerStopMode.oem4f (.text:ti_uia_loggers_LoggerStopMode_getTransferType__E)
                  0000c020    0000003c     sysbios.aem4f : BIOS.obj (.text:ti_sysbios_knl_Clock_Instance_init__E)
                  0000c05c    0000003a     grlib.lib : string.obj (.text:FontGlyphDataGet)
                  0000c096    0000003a     drivers_tivaware.aem4f : I2CTiva.oem4f (.text:I2CTiva_completeTransfer)
                  0000c0d0    0000003a     driverlib.lib : lcd.obj (.text:LCDIDDTimingSet)
                  0000c10a    0000003a     usblib.lib : usbdcdesc.obj (.text:USBDCDConfigGetInterfaceEndpoint)
                  0000c144    0000003a     driverlib.lib : usb.obj (.text:USBFIFOConfigSet)
                  0000c17e    00000002     --HOLE-- [fill = 0]
                  0000c180    00000038     drivers_tivaware.aem4f : I2C.oem4f (.text:I2C_init)
                  0000c1b8    00000038                            : PWM.oem4f (.text:PWM_init)
                  0000c1f0    00000038                            : SDSPI.oem4f (.text:SDSPI_init)
                  0000c228    00000038                            : SPI.oem4f (.text:SPI_init)
                  0000c260    00000038                            : UART.oem4f (.text:UART_init)
                  0000c298    00000038     usblib.lib : usbhostenum.obj (.text:USBHCDReset)
                  0000c2d0    00000038                : usbhscsi.obj (.text:USBHSCSITestUnitReady)
                  0000c308    00000038     driverlib.lib : usb.obj (.text:USBIntStatusControl)
                  0000c340    00000038     drivers_tivaware.aem4f : USBMSCHFatFs.oem4f (.text:USBMSCHFatFs_init)
                  0000c378    00000038                            : Watchdog.oem4f (.text:Watchdog_init)
                  0000c3b0    00000038     rtsv7M4_T_le_v4SPD16_eabi.lib : fs_tod_t2.obj (.text)
                  0000c3e8    00000038     sysbios.aem4f : BIOS.obj (.text:ti_sysbios_family_arm_m3_Hwi_excNoIsr__I)
                  0000c420    00000038     ti.targets.arm.rtsarm.aem4f : SysMin.oem4f (.text:xdc_runtime_SysMin_putch__E)
                  0000c458    00000038                                 : System.oem4f (.text:xdc_runtime_System_atexit__E)
                  0000c490    00000036     usblib.lib : usbhhub.obj (.text:HubClearPortFeature)
                  0000c4c6    00000036                : usbhhub.obj (.text:HubSetPortFeature)
                  0000c4fc    00000036     drivers_tivaware.aem4f : I2CTiva.oem4f (.text:I2CTiva_close)
                  0000c532    00000036                            : UARTTiva.oem4f (.text:UARTTiva_readCancel)
                  0000c568    00000034                            : EMAC.oem4f (.text:EMAC_init)
                  0000c59c    00000034     usblib.lib : usbtick.obj (.text:InternalUSBStartOfFrameTick)
                  0000c5d0    00000034     driverlib.lib : sysctl.obj (.text:SysCtlPeripheralEnable)
                  0000c604    00000034     drivers_tivaware.aem4f : UARTTiva.oem4f (.text:UARTTiva_hwiIntFxn)
                  0000c638    00000034     usblib.lib : usbhostenum.obj (.text:USBHCDSetConfig)
                  0000c66c    00000034                : usbmode.obj (.text:USBOTGRemovePower)
                  0000c6a0    00000034                : usbdma.obj (.text:iDMAUSBChannelStatus)
                  0000c6d4    00000004     ti.targets.arm.rtsarm.aem4f : Error.oem4f (.text:xdc_runtime_Error_getSite__E)
                  0000c6d8    00000034     sysbios.aem4f : BIOS.obj (.text:ti_sysbios_family_arm_m3_Hwi_excNmi__I)
                  0000c70c    00000004     FestoStation_pem4f.oem4f (.text:xdc_runtime_System_Module_GateProxy_enter__E)
                  0000c710    00000034     sysbios.aem4f : BIOS.obj (.text:ti_sysbios_hal_Hwi_checkStack)
                  0000c744    00000034     FestoStation_pem4f.oem4f (.text:ti_sysbios_knl_Clock_construct)
                  0000c778    00000034     FestoStation_pem4f.oem4f (.text:ti_sysbios_knl_Semaphore_create)
                  0000c7ac    00000034     ti.uia.loggers.aem4f : LoggerStopMode.oem4f (.text:ti_uia_loggers_LoggerStopMode_reset__E)
                  0000c7e0    00000034     ti.targets.arm.rtsarm.aem4f : Core-label.oem4f (.text:xdc_runtime_Core_assignLabel__I)
                  0000c814    00000033                                 : Text.oem4f (.text:xdc_runtime_Text_printVisFxn__I)
                  0000c847    00000001     --HOLE-- [fill = 0]
                  0000c848    00000032     usblib.lib : usbdcdesc.obj (.text:NextConfigDescGet)
                  0000c87a    00000032     driverlib.lib : usb.obj (.text:USBDevEndpointStall)
                  0000c8ac    00000032     drivers_tivaware.aem4f : USBMSCHFatFsTiva.oem4f (.text:USBMSCHFatFsTiva_waitForConnect)
                  0000c8de    00000032     usblib.lib : usbdma.obj (.text:iDMAUSBChannelDisable)
                  0000c910    00000032     sysbios.aem4f : BIOS.obj (.text:ti_sysbios_hal_Hwi_initStack)
                  0000c942    00000030     usblib.lib : usbdma.obj (.text:DMAUSBIntHandler)
                  0000c972    00000002     --HOLE-- [fill = 0]
                  0000c974    00000030     drivers_tivaware.aem4f : GPIOTiva.oem4f (.text:GPIO_enableInt)
                  0000c9a4    00000030                            : GPIOTiva.oem4f (.text:GPIO_read)
                  0000c9d4    00000030     usblib.lib : usbtick.obj (.text:InternalUSBTickInit)
                  0000ca04    00000030     drivers_tivaware.aem4f : PWMTiva.oem4f (.text:PWMTiva_init)
                  0000ca34    00000030     usblib.lib : usbdenum.obj (.text:USBDGetConfiguration)
                  0000ca64    00000030     driverlib.lib : usb.obj (.text:USBEndpointDataPut)
                  0000ca94    00000030     usblib.lib : usbhmsc.obj (.text:USBHMSCBlockRead)
                  0000cac4    00000030                : usbhmsc.obj (.text:USBHMSCBlockWrite)
                  0000caf4    00000030                : usbhmsc.obj (.text:USBHMSCClose)
                  0000cb24    00000004     FestoStation_pem4f.oem4f (.text:xdc_runtime_System_Module_GateProxy_leave__E)
                  0000cb28    00000030     sysbios.aem4f : BIOS.obj (.text:ti_sysbios_family_arm_lm4_Timer_stop__E)
                  0000cb58    00000030     FestoStation_pem4f.oem4f (.text:ti_sysbios_gates_GateHwi_Object__create__S)
                  0000cb88    00000030     FestoStation_pem4f.oem4f (.text:ti_sysbios_gates_GateMutex_Object__create__S)
                  0000cbb8    00000030     sysbios.aem4f : BIOS.obj (.text:ti_sysbios_gates_GateMutex_enter__E)
                  0000cbe8    00000030     FestoStation_pem4f.oem4f (.text:ti_sysbios_heaps_HeapMem_Object__create__S)
                  0000cc18    00000030     sysbios.aem4f : BIOS.obj (.text:ti_sysbios_knl_Event_pendTimeout__I)
                  0000cc48    00000030                   : BIOS.obj (.text:ti_sysbios_knl_Mailbox_postInit__I)
                  0000cc78    00000030     FestoStation_pem4f.oem4f (.text:ti_sysbios_knl_Semaphore_construct)
                  0000cca8    00000030     sysbios.aem4f : BIOS.obj (.text:ti_sysbios_knl_Semaphore_pendTimeout__I)
                  0000ccd8    00000030                   : BIOS.obj (.text:ti_sysbios_knl_Task_processVitalTaskFlag__I)
                  0000cd08    00000030                   : BIOS.obj (.text:ti_sysbios_knl_Task_unblockI__E)
                  0000cd38    00000030                   : BIOS.obj (.text:ti_sysbios_utils_Load_getGlobalHwiLoad__E)
                  0000cd68    00000030     FestoStation_pem4f.oem4f (.text:ti_uia_loggers_LoggerStopMode_Object__create__S)
                  0000cd98    00000030     ti.targets.arm.rtsarm.aem4f : SysMin.oem4f (.text:xdc_runtime_SysMin_abort__E)
                  0000cdc8    00000030                                 : System.oem4f (.text:xdc_runtime_System_processAtExit__E)
                  0000cdf8    0000002e     driverlib.lib : adc.obj (.text:ADCIntStatus)
                  0000ce26    0000002e     grlib.lib : string.obj (.text:GrStringNextCharGet)
                  0000ce54    0000002e     driverlib.lib : usb.obj (.text:USBEndpointDataSend)
                  0000ce82    0000002e                   : usb.obj (.text:USBHostHubAddrSet)
                  0000ceb0    0000002c     usblib.lib : usbhostenum.obj (.text:ConfigDescFree)
                  0000cedc    0000002c                : usbhostenum.obj (.text:FIFOFree)
                  0000cf08    0000002c     grlib.lib : string.obj (.text:GrFontBaselineGet)
                  0000cf34    0000002c     usblib.lib : usbhostenum.obj (.text:InternalUSBHCDSendEvent)
                  0000cf60    0000002c     drivers_tivaware.aem4f : SDSPITiva.oem4f (.text:SDSPITiva_close)
                  0000cf8c    0000002c     usblib.lib : usbdesc.obj (.text:USBDescGet)
                  0000cfb8    0000002c                : usbdesc.obj (.text:USBDescGetAlternateInterface)
                  0000cfe4    0000002c     ti.sysbios.fatfs.aem4f : diskio.oem4f (.text:disk_register)
                  0000d010    0000002c     FestoStation_pem4f.oem4f (.text:ti_sysbios_BIOS_atExitFunc__I)
                  0000d03c    00000004     ti.targets.arm.rtsarm.aem4f : System.oem4f (.text:xdc_runtime_System_aprintf_va__F)
                  0000d040    0000002c     sysbios.aem4f : BIOS.obj (.text:ti_sysbios_family_arm_m3_Hwi_Instance_finalize__E)
                  0000d06c    0000002c     FestoStation_pem4f.oem4f (.text:ti_sysbios_gates_GateMutex_construct)
                  0000d098    0000002c     FestoStation_pem4f.oem4f (.text:ti_sysbios_knl_Clock_doTick__I)
                  0000d0c4    0000002c     FestoStation_pem4f.oem4f (.text:ti_sysbios_knl_Queue_construct)
                  0000d0f0    0000002c     driverlib.lib : udma.obj (.text:uDMAChannelAssign)
                  0000d11c    0000002c     usblib.lib : usbdma.obj (.text:uDMAUSBIntStatus)
                  0000d148    0000002c     ti.targets.arm.rtsarm.aem4f : Text.oem4f (.text:xdc_runtime_Text_cordText__E)
                  0000d174    0000002a     driverlib.lib : gpio.obj (.text:GPIODirModeSet)
                  0000d19e    0000002a     usblib.lib : usbdcdesc.obj (.text:USBDCDConfigDescGetNum)
                  0000d1c8    0000002a     ti.targets.arm.rtsarm.aem4f : System.oem4f (.text:xdc_runtime_System_putchar__I)
                  0000d1f2    00000002     --HOLE-- [fill = 0]
                  0000d1f4    00000028     drivers_tivaware.aem4f : EMACSnow.oem4f (.text:EMACSnow_isLinkUp)
                  0000d21c    00000028     usblib.lib : usbdenum.obj (.text:USBDSetAddress)
                  0000d244    00000028                : usbdesc.obj (.text:USBDescGetNum)
                  0000d26c    00000028     driverlib.lib : usb.obj (.text:USBHostEndpointStatusClear)
                  0000d294    00000028                   : usb.obj (.text:USBIntEnableControl)
                  0000d2bc    00000028     drivers_tivaware.aem4f : USBMSCHFatFsTiva.oem4f (.text:USBMSCHFatFsTiva_cbMSCHandler)
                  0000d2e4    00000028                            : USBMSCHFatFsTiva.oem4f (.text:USBMSCHFatFsTiva_serviceUSBHost)
                  0000d30c    00000028     ti.sysbios.fatfs.aem4f : diskio.oem4f (.text:disk_unregister)
                  0000d334    00000004     ti.targets.arm.rtsarm.aem4f : System.oem4f (.text:xdc_runtime_System_printf_va__F)
                  0000d338    00000028     sysbios.aem4f : BIOS.obj (.text:ti_sysbios_knl_Clock_addI__E)
                  0000d360    00000028                   : BIOS.obj (.text:ti_sysbios_knl_Semaphore_Instance_finalize__E)
                  0000d388    00000028     driverlib.lib : udma.obj (.text:uDMAChannelModeGet)
                  0000d3b0    00000026                   : emac.obj (.text:EMACPHYRead)
                  0000d3d6    00000026     grlib.lib : string.obj (.text:GrFontInfoGet)
                  0000d3fc    00000026     driverlib.lib : usb.obj (.text:USBEndpointDataToggleClear)
                  0000d422    00000026                   : usb.obj (.text:USBHostSpeedGet)
                  0000d448    00000026     sysbios.aem4f : m3_Hwi_asm.obj (.text:ti_sysbios_family_arm_m3_Hwi_pendSV__I)
                  0000d46e    00000026     ti.targets.arm.rtsarm.aem4f : System.oem4f (.text:xdc_runtime_System_avprintf__E)
                  0000d494    00000024     driverlib.lib : usb.obj (.text:USBDevEndpointDataAck)
                  0000d4b8    00000024                   : usb.obj (.text:USBEndpointDMADisable)
                  0000d4dc    00000024                   : usb.obj (.text:USBEndpointDMAEnable)
                  0000d500    00000024     drivers_tivaware.aem4f : USBMSCHFatFsTiva.oem4f (.text:USBMSCHFatFsTiva_usbHCDEvents)
                  0000d524    00000024     FestoStation_pem4f.oem4f (.text:ti_sysbios_BIOS_errorRaiseHook__I)
                  0000d548    00000024     FestoStation_pem4f.oem4f (.text:ti_sysbios_BIOS_registerRTSLock__I)
                  0000d56c    00000024     FestoStation_pem4f.oem4f (.text:ti_sysbios_BIOS_removeRTSLock__I)
                  0000d590    00000024     FestoStation_pem4f.oem4f (.text:ti_sysbios_gates_GateMutex_Object__delete__S)
                  0000d5b4    00000004     --HOLE-- [fill = 0]
                  0000d5b8    00000024     sysbios.aem4f : BIOS.obj (.text:ti_sysbios_knl_Clock_Module_startup__E)
                  0000d5dc    00000004     --HOLE-- [fill = 0]
                  0000d5e0    00000024                   : BIOS.obj (.text:ti_sysbios_knl_Clock_start__E)
                  0000d604    00000024     FestoStation_pem4f.oem4f (.text:ti_sysbios_knl_Semaphore_Object__delete__S)
                  0000d628    00000024     sysbios.aem4f : BIOS.obj (.text:ti_sysbios_knl_Task_restore__E)
                  0000d64c    00000024     driverlib.lib : udma.obj (.text:uDMAChannelControlSet)
                  0000d670    00000024     ti.targets.arm.rtsarm.aem4f : System.oem4f (.text:xdc_runtime_System_vprintf__E)
                  0000d694    00000022     grlib.lib : string.obj (.text:GrFontGlyphDataGet)
                  0000d6b6    00000022     driverlib.lib : lcd.obj (.text:LCDModeSet)
                  0000d6d8    00000022                   : pwm.obj (.text:PWMGenConfigure)
                  0000d6fa    00000022     drivers_tivaware.aem4f : PWMTiva.oem4f (.text:PWMTiva_getPeriodCounts)
                  0000d71c    00000004     --HOLE-- [fill = 0]
                  0000d720    00000022     sysbios.aem4f : BIOS.obj (.text:ti_sysbios_family_arm_lm4_Timer_write__I)
                  0000d742    00000022     usblib.lib : usbdma.obj (.text:uDMAUSBChannelStatus)
                  0000d764    00000022     FestoStation_pem4f.oem4f (.text:xdc_runtime_SysMin_output__I)
                  0000d786    00000002     --HOLE-- [fill = 0]
                  0000d788    00000020     drivers_tivaware.aem4f : GPIOTiva.oem4f (.text:GPIO_clearInt)
                  0000d7a8    00000020     usblib.lib : usbdconfig.obj (.text:GetEndpointFIFOSize)
                  0000d7c8    00000020                : usbhhub.obj (.text:HubDriverDeviceConnect)
                  0000d7e8    00000020                : usbhhub.obj (.text:HubDriverDeviceReset)
                  0000d808    00000020     driverlib.lib : usb.obj (.text:USBHostEndpointDataAck)
                  0000d828    00000020     usblib.lib : usbmode.obj (.text:USBStackModeSet)
                  0000d848    00000020     Boot.aem4f : Boot_sysctl.oem4f (.text:_SysCtlMemTimingGet)
                  0000d868    00000020     FestoStation_pem4f.oem4f (.text:ti_sysbios_BIOS_rtsLock__I)
                  0000d888    00000020     FestoStation_pem4f.oem4f (.text:ti_sysbios_BIOS_startFunc__I)
                  0000d8a8    00000020     sysbios.aem4f : BIOS.obj (.text:ti_sysbios_family_arm_lm4_Timer_postInit__I)
                  0000d8c8    00000020                   : BIOS.obj (.text:ti_sysbios_family_arm_m3_Hwi_clearInterrupt__E)
                  0000d8e8    00000020                   : m3_Hwi_asm.obj (.text:ti_sysbios_family_arm_m3_Hwi_excHandlerAsm__I)
                  0000d908    00000020                   : BIOS.obj (.text:ti_sysbios_family_arm_m3_Hwi_excHandler__I)
                  0000d928    00000020     FestoStation_pem4f.oem4f (.text:ti_sysbios_gates_GateHwi_Object__delete__S)
                  0000d948    00000020     FestoStation_pem4f.oem4f (.text:ti_sysbios_gates_GateMutex_Object__destruct__S)
                  0000d968    00000020     FestoStation_pem4f.oem4f (.text:ti_sysbios_heaps_HeapMem_Object__delete__S)
                  0000d988    00000020     FestoStation_pem4f.oem4f (.text:ti_sysbios_knl_Clock_Object__destruct__S)
                  0000d9a8    00000020     sysbios.aem4f : BIOS.obj (.text:ti_sysbios_knl_Idle_run__E)
                  0000d9c8    00000020     FestoStation_pem4f.oem4f (.text:ti_sysbios_knl_Semaphore_Object__destruct__S)
                  0000d9e8    00000020     FestoStation_pem4f.oem4f (.text:ti_uia_loggers_LoggerStopMode_Object__delete__S)
                  0000da08    00000020     ti.targets.arm.rtsarm.aem4f : Registry.oem4f (.text:xdc_runtime_Registry_findById__E)
                  0000da28    00000020                                 : SysMin.oem4f (.text:xdc_runtime_SysMin_Module_startup__E)
                  0000da48    0000001e     driverlib.lib : adc.obj (.text:ADCSequenceDataGet)
                  0000da66    0000001e     grlib.lib : string.obj (.text:GrFontCodepageGet)
                  0000da84    0000001e     driverlib.lib : pwm.obj (.text:PWMPulseWidthSet)
                  0000daa2    0000001e     drivers_tivaware.aem4f : PWMTiva.oem4f (.text:PWMTiva_getPeriodMicroSecs)
                  0000dac0    0000001e     usblib.lib : usbdesc.obj (.text:USBDescGetInterface)
                  0000dade    0000001e     driverlib.lib : usb.obj (.text:USBULPIRegRead)
                  0000dafc    0000001e                   : usb.obj (.text:USBULPIRegWrite)
                  0000db1a    00000002     --HOLE-- [fill = 0]
                  0000db1c    0000001c     usblib.lib : usbmode.obj (.text:OTGDeviceDisconnect)
                  0000db38    0000001c     driverlib.lib : uart.obj (.text:UARTDisable)
                  0000db54    0000001c     usblib.lib : usbdcdesc.obj (.text:USBDCDConfigGetInterface)
                  0000db70    0000001c                : usbdenum.obj (.text:USBDCDStallEP0)
                  0000db8c    0000001c     driverlib.lib : usb.obj (.text:USBEndpointDataAvail)
                  0000dba8    0000001c                   : usb.obj (.text:USBHostPwrConfig)
                  0000dbc4    0000001c     drivers_tivaware.aem4f : USBMSCHFatFsTiva.oem4f (.text:USBMSCHFatFsTiva_diskIOctl)
                  0000dbe0    0000001c                            : WatchdogTiva.oem4f (.text:WatchdogTiva_setReload)
                  0000dbfc    0000001c                            : GPIOTiva.oem4f (.text:getGpioIntIndex)
                  0000dc18    0000001c     FestoStation_pem4f.oem4f (.text:ti_sysbios_family_arm_m3_Hwi_Object__destruct__S)
                  0000dc34    00000004     --HOLE-- [fill = 0]
                  0000dc38    0000001c     sysbios.aem4f : BIOS.obj (.text:ti_sysbios_gates_GateMutex_Instance_init__E)
                  0000dc54    00000004     --HOLE-- [fill = 0]
                  0000dc58    0000001c                   : BIOS.obj (.text:ti_sysbios_knl_Clock_Instance_finalize__E)
                  0000dc74    0000001c     FestoStation_pem4f.oem4f (.text:ti_sysbios_knl_Queue_Object__destruct__S)
                  0000dc90    0000001c     sysbios.aem4f : BIOS.obj (.text:ti_sysbios_knl_Queue_get__E)
                  0000dcac    00000004     --HOLE-- [fill = 0]
                  0000dcb0    0000001c                   : BIOS.obj (.text:ti_sysbios_knl_Queue_put__E)
                  0000dccc    0000001c     FestoStation_pem4f.oem4f (.text:ti_sysbios_knl_Task_Object__destruct__S)
                  0000dce8    0000001c     sysbios.aem4f : BIOS.obj (.text:ti_sysbios_knl_Task_enter__I)
                  0000dd04    0000001c     ti.uia.loggers.aem4f : LoggerStopMode.oem4f (.text:ti_uia_loggers_LoggerStopMode_Instance_init__E)
                  0000dd20    0000001c     ti.targets.arm.rtsarm.aem4f : Error.oem4f (.text:xdc_runtime_Error_raiseX__E)
                  0000dd3c    0000001c                                 : Memory.oem4f (.text:xdc_runtime_Memory_valloc__E)
                  0000dd58    0000001c                                 : SysMin.oem4f (.text:xdc_runtime_SysMin_exit__E)
                  0000dd74    0000001c                                 : System.oem4f (.text:xdc_runtime_System_abort__E)
                  0000dd90    0000001a     driverlib.lib : usb.obj (.text:USBEndpointDMAChannel)
                  0000ddaa    0000001a                   : usb.obj (.text:USBOTGSessionRequest)
                  0000ddc4    0000001a     ti.sysbios.fatfs.aem4f : syncsysbios.oem4f (.text:ff_cre_syncobj)
                  0000ddde    0000001a     FestoStation_pem4f.oem4f (.text:xdc_runtime_System_aprintf__E)
                  0000ddf8    0000001a     FestoStation_pem4f.oem4f (.text:xdc_runtime_System_printf__E)
                  0000de12    00000018     driverlib.lib : adc.obj (.text:ADCProcessorTrigger)
                  0000de2a    00000002     --HOLE-- [fill = 0]
                  0000de2c    00000018                   : adc.obj (.text:ADCSoftwareOversampleConfigure)
                  0000de44    00000018                   : gpio.obj (.text:GPIOPinTypeGPIOOutput)
                  0000de5c    00000018     drivers_tivaware.aem4f : UART.oem4f (.text:UART_Params_init)
                  0000de74    00000018                            : UART.oem4f (.text:UART_open)
                  0000de8c    00000018     usblib.lib : usbdcdesc.obj (.text:USBDCDConfigDescGetSize)
                  0000dea4    00000018                : usbdenum.obj (.text:USBDSetDescriptor)
                  0000debc    00000018                : usbdenum.obj (.text:USBDSyncFrame)
                  0000ded4    00000018                : usbhhub.obj (.text:USBHHubEnumerationComplete)
                  0000deec    00000018                : usbhhub.obj (.text:USBHHubEnumerationError)
                  0000df04    00000018     driverlib.lib : usb.obj (.text:USBHostRequestINClear)
                  0000df1c    00000018     drivers_tivaware.aem4f : USBMSCHFatFsTiva.oem4f (.text:USBMSCHFatFsTiva_diskStatus)
                  0000df34    00000018     rtsv7M4_T_le_v4SPD16_eabi.lib : args_main.obj (.text)
                  0000df4c    00000018     FestoStation_pem4f.oem4f (.text:ti_sysbios_BIOS_rtsUnlock__I)
                  0000df64    00000018     FestoStation_pem4f.oem4f (.text:ti_sysbios_family_arm_lm4_Timer_Module__startupDone__F)
                  0000df7c    00000018     FestoStation_pem4f.oem4f (.text:ti_sysbios_family_arm_m3_Hwi_Handle__label__S)
                  0000df94    00000018     FestoStation_pem4f.oem4f (.text:ti_sysbios_family_arm_m3_Hwi_Module__startupDone__F)
                  0000dfac    00000018     sysbios.aem4f : m3_TaskSupport_asm.obj (.text:ti_sysbios_family_arm_m3_TaskSupport_swap__E)
                  0000dfc4    00000018     FestoStation_pem4f.oem4f (.text:ti_sysbios_gates_GateHwi_Handle__label__S)
                  0000dfdc    00000018     FestoStation_pem4f.oem4f (.text:ti_sysbios_gates_GateMutex_Handle__label__S)
                  0000dff4    00000004     --HOLE-- [fill = 0]
                  0000dff8    00000018     sysbios.aem4f : BIOS.obj (.text:ti_sysbios_gates_GateMutex_leave__E)
                  0000e010    00000018     FestoStation_pem4f.oem4f (.text:ti_sysbios_heaps_HeapMem_Handle__label__S)
                  0000e028    00000018     FestoStation_pem4f.oem4f (.text:ti_sysbios_knl_Task_Handle__label__S)
                  0000e040    00000018     sysbios.aem4f : BIOS.obj (.text:ti_sysbios_knl_Task_restoreHwi__E)
                  0000e058    00000018                   : BIOS.obj (.text:ti_sysbios_knl_Task_sleepTimeout__I)
                  0000e070    00000018     FestoStation_pem4f.oem4f (.text:ti_uia_loggers_LoggerStopMode_Handle__label__S)
                  0000e088    00000018     driverlib.lib : udma.obj (.text:uDMAChannelDisable)
                  0000e0a0    00000018                   : udma.obj (.text:uDMAChannelEnable)
                  0000e0b8    00000018                   : udma.obj (.text:uDMAChannelIsEnabled)
                  0000e0d0    00000018     ti.targets.arm.rtsarm.aem4f : Error.oem4f (.text:xdc_runtime_Error_check__E)
                  0000e0e8    00000018                                 : System.oem4f (.text:xdc_runtime_System_exit__E)
                  0000e100    00000018                                 : Text.oem4f (.text:xdc_runtime_Text_ropeText__E)
                  0000e118    00000016     grlib.lib : string.obj (.text:GrStringDraw)
                  0000e12e    00000016     driverlib.lib : i2c.obj (.text:I2CMasterErr)
                  0000e144    00000016     usblib.lib : usbdesc.obj (.text:USBDescGetInterfaceEndpoint)
                  0000e15a    00000016     driverlib.lib : usb.obj (.text:USBHostAddrSet)
                  0000e170    00000016     FestoStation_pem4f.oem4f (.text:ti_sysbios_BIOS_exitFunc__I)
                  0000e186    00000002     --HOLE-- [fill = 0]
                  0000e188    00000016     sysbios.aem4f : BIOS.obj (.text:ti_sysbios_knl_Task_unblock__E)
                  0000e19e    00000016     ti.uia.loggers.aem4f : LoggerStopMode.oem4f (.text:ti_uia_loggers_LoggerStopMode_disable__E)
                  0000e1b4    00000016                          : LoggerStopMode.oem4f (.text:ti_uia_loggers_LoggerStopMode_enable__E)
                  0000e1ca    00000002     --HOLE-- [fill = 0]
                  0000e1cc    00000014     driverlib.lib : flash.obj (.text:FlashUserGet)
                  0000e1e0    00000014                   : pwm.obj (.text:PWMClockSet)
                  0000e1f4    00000014                   : sysctl.obj (.text:SysCtlPWMClockSet)
                  0000e208    00000014                   : sysctl.obj (.text:SysCtlUSBPLLEnable)
                  0000e21c    00000014                   : uart.obj (.text:UARTEnable)
                  0000e230    00000014                   : usb.obj (.text:USBDMAChannelConfigSet)
                  0000e244    00000014     usblib.lib : usbhmsc.obj (.text:USBHMSCDriveOpen)
                  0000e258    00000014     driverlib.lib : usb.obj (.text:USBHostReset)
                  0000e26c    00000014                   : usb.obj (.text:USBHostResume)
                  0000e280    00000014     usblib.lib : usbhhub.obj (.text:USBHubPortSpeedSet)
                  0000e294    00000014     driverlib.lib : usb.obj (.text:USBIntEnableEndpoint)
                  0000e2a8    00000014                   : usb.obj (.text:_USBIndexWrite)
                  0000e2bc    00000014     rtsv7M4_T_le_v4SPD16_eabi.lib : _lock.obj (.text)
                  0000e2d0    00000014                                   : strcpy.obj (.text)
                  0000e2e4    00000014                                   : strlen.obj (.text)
                  0000e2f8    00000014     FestoStation_pem4f.oem4f (.text:ti_sysbios_family_arm_m3_Hwi_Object__get__S)
                  0000e30c    00000004     --HOLE-- [fill = 0]
                  0000e310    00000014     sysbios.aem4f : BIOS.obj (.text:ti_sysbios_family_arm_m3_Hwi_switchFromBootStack__E)
                  0000e324    00000014     FestoStation_pem4f.oem4f (.text:ti_sysbios_heaps_HeapMem_Object__get__S)
                  0000e338    00000014     FestoStation_pem4f.oem4f (.text:ti_sysbios_knl_Mailbox_Object__get__S)
                  0000e34c    00000004     --HOLE-- [fill = 0]
                  0000e350    00000014     sysbios.aem4f : BIOS.obj (.text:ti_sysbios_utils_Load_logLoads__I)
                  0000e364    00000012     driverlib.lib : gpio.obj (.text:GPIOPinTypeADC)
                  0000e376    00000012                   : gpio.obj (.text:GPIOPinTypeEthernetLED)
                  0000e388    00000012                   : gpio.obj (.text:GPIOPinTypeGPIOInput)
                  0000e39a    00000012                   : gpio.obj (.text:GPIOPinTypeI2C)
                  0000e3ac    00000012                   : gpio.obj (.text:GPIOPinTypeI2CSCL)
                  0000e3be    00000012                   : gpio.obj (.text:GPIOPinTypeLCD)
                  0000e3d0    00000012                   : gpio.obj (.text:GPIOPinTypePWM)
                  0000e3e2    00000012                   : gpio.obj (.text:GPIOPinTypeSSI)
                  0000e3f4    00000012                   : gpio.obj (.text:GPIOPinTypeUART)
                  0000e406    00000012                   : gpio.obj (.text:GPIOPinTypeUSBAnalog)
                  0000e418    00000012                   : gpio.obj (.text:GPIOPinTypeUSBDigital)
                  0000e42a    00000012                   : pwm.obj (.text:PWMGenPeriodGet)
                  0000e43c    00000012                   : pwm.obj (.text:PWMOutputInvert)
                  0000e44e    00000012                   : pwm.obj (.text:PWMOutputState)
                  0000e460    00000012     drivers_tivaware.aem4f : RingBuf.oem4f (.text:RingBuf_construct)
                  0000e472    00000012                            : SDSPITiva.oem4f (.text:SDSPITiva_init)
                  0000e484    00000012     driverlib.lib : ssi.obj (.text:SSIDataGetNonBlocking)
                  0000e496    00000012     usblib.lib : usbhostenum.obj (.text:SendUnknownConnect)
                  0000e4a8    00000012     driverlib.lib : usb.obj (.text:USBDMAChannelDisable)
                  0000e4ba    00000012                   : usb.obj (.text:USBDMAChannelEnable)
                  0000e4cc    00000012                   : usb.obj (.text:USBDMAChannelIntDisable)
                  0000e4de    00000012                   : usb.obj (.text:USBDMAChannelIntEnable)
                  0000e4f0    00000012                   : usb.obj (.text:USBHostLPMConfig)
                  0000e502    00000012                   : usb.obj (.text:USBHostRequestIN)
                  0000e514    00000004     --HOLE-- [fill = 0]
                  0000e518    00000012     sysbios.aem4f : BIOS.obj (.text:ti_sysbios_hal_Hwi_Module_startup__E)
                  0000e52a    00000006     driverlib.lib : gpio.obj (.text:GPIOPinRead)
                  0000e530    00000012     sysbios.aem4f : BIOS.obj (.text:ti_sysbios_knl_Event_sync__E)
                  0000e542    00000012     FestoStation_pem4f.oem4f (.text:xdc_runtime_Startup_exec__I)
                  0000e554    00000010     FestoStation_pem4f.oem4f (.text:.bootCodeSection:ti_catalog_arm_cortexm4_tiva_ce_Boot_init__I)
                  0000e564    00000010     driverlib.lib : adc.obj (.text:ADCIntEnable)
                  0000e574    00000010                   : pwm.obj (.text:PWMGenPeriodSet)
                  0000e584    00000010     drivers_tivaware.aem4f : SDSPITiva.oem4f (.text:SDSPITiva_diskStatus)
                  0000e594    00000010     driverlib.lib : usb.obj (.text:USBEndpointStatus)
                  0000e5a4    00000010     usblib.lib : usbhostenum.obj (.text:USBHCDPowerAutomatic)
                  0000e5b4    00000010                : usbhostenum.obj (.text:USBHCDRegisterDrivers)
                  0000e5c4    00000010     drivers_tivaware.aem4f : UARTTiva.oem4f (.text:readBlockingTimeout)
                  0000e5d4    00000004     --HOLE-- [fill = 0]
                  0000e5d8    00000010     sysbios.aem4f : BIOS.obj (.text:ti_sysbios_BIOS_exit__E)
                  0000e5e8    00000010                   : BIOS.obj (.text:ti_sysbios_BIOS_getCpuFreq__E)
                  0000e5f8    00000010                   : BIOS.obj (.text:ti_sysbios_BIOS_setThreadType__E)
                  0000e608    00000010                   : BIOS.obj (.text:ti_sysbios_BIOS_start__E)
                  0000e618    00000010                   : BIOS.obj (.text:ti_sysbios_family_arm_lm4_TimestampProvider_rolloverFunc__E)
                  0000e628    00000010                   : m3_TaskSupport_asm.obj (.text:ti_sysbios_family_arm_m3_TaskSupport_glue)
                  0000e638    00000010                   : BIOS.obj (.text:ti_sysbios_gates_GateMutex_Instance_finalize__E)
                  0000e648    00000010     FestoStation_pem4f.oem4f (.text:ti_sysbios_knl_Task_Object__get__S)
                  0000e658    00000010     sysbios.aem4f : BIOS.obj (.text:ti_sysbios_knl_Task_disable__E)
                  0000e668    00000010     FestoStation_pem4f.oem4f (.text:ti_uia_loggers_LoggerStopMode_Object__get__S)
                  0000e678    00000010     ti.uia.loggers.aem4f : LoggerStopMode.oem4f (.text:ti_uia_loggers_LoggerStopMode_isEmpty__E)
                  0000e688    00000010     driverlib.lib : udma.obj (.text:uDMAEnable)
                  0000e698    00000010     ti.targets.arm.rtsarm.aem4f : Gate.oem4f (.text:xdc_runtime_Gate_leaveSystem__E)
                  0000e6a8    00000010                                 : Memory.oem4f (.text:xdc_runtime_Memory_free__E)
                  0000e6b8    00000010                                 : SysMin.oem4f (.text:xdc_runtime_SysMin_ready__E)
                  0000e6c8    00000010                                 : System.oem4f (.text:xdc_runtime_System_vsnprintf__E)
                  0000e6d8    0000000e     driverlib.lib : adc.obj (.text:ADCSequenceEnable)
                  0000e6e6    0000000e     usblib.lib : usbdma.obj (.text:DMAUSBIntStatusClear)
                  0000e6f4    0000000e     driverlib.lib : gpio.obj (.text:GPIOIntStatus)
                  0000e702    0000000e     grlib.lib : image.obj (.text:GrImageDraw)
                  0000e710    0000000e     driverlib.lib : uart.obj (.text:UARTCharGetNonBlocking)
                  0000e71e    0000000e                   : uart.obj (.text:UARTCharPutNonBlocking)
                  0000e72c    0000000e                   : usb.obj (.text:USBDMAChannelStatus)
                  0000e73a    0000000e                   : usb.obj (.text:USBDevLPMEnable)
                  0000e748    0000000e     usblib.lib : usbhmsc.obj (.text:USBHMSCDriveClose)
                  0000e756    0000000e     driverlib.lib : usb.obj (.text:USBHostPwrDisable)
                  0000e764    0000000e                   : usb.obj (.text:USBHostPwrEnable)
                  0000e772    0000000e     drivers_tivaware.aem4f : USBMSCHFatFsTiva.oem4f (.text:USBMSCHFatFsTiva_init)
                  0000e780    0000000e     driverlib.lib : usb.obj (.text:USBULPIDisable)
                  0000e78e    0000000e                   : usb.obj (.text:USBULPIEnable)
                  0000e79c    0000000e                   : watchdog.obj (.text:WatchdogStallDisable)
                  0000e7aa    0000000e                   : watchdog.obj (.text:WatchdogStallEnable)
                  0000e7b8    0000000e     rtsv7M4_T_le_v4SPD16_eabi.lib : copy_decompress_none.obj (.text:decompress:none)
                  0000e7c6    0000000e     ti.sysbios.fatfs.aem4f : syncsysbios.oem4f (.text:ff_del_syncobj)
                  0000e7d4    00000004     --HOLE-- [fill = 0]
                  0000e7d8    0000000e     sysbios.aem4f : BIOS.obj (.text:ti_sysbios_knl_Clock_removeI__E)
                  0000e7e6    00000002     --HOLE-- [fill = 0]
                  0000e7e8    0000000e                   : BIOS.obj (.text:ti_sysbios_knl_Queue_empty__E)
                  0000e7f6    00000002     --HOLE-- [fill = 0]
                  0000e7f8    0000000c     drivers_tivaware.aem4f : EMACSnow.oem4f (.text:EMACSnow_init)
                  0000e804    0000000c     driverlib.lib : gpio.obj (.text:GPIOIntEnable)
                  0000e810    0000000c                   : lcd.obj (.text:LCDIDDCommandWrite)
                  0000e81c    0000000c                   : lcd.obj (.text:LCDIDDDataWrite)
                  0000e828    0000000c                   : pwm.obj (.text:PWMGenDisable)
                  0000e834    0000000c                   : pwm.obj (.text:PWMGenEnable)
                  0000e840    0000000c     drivers_tivaware.aem4f : RingBuf.oem4f (.text:RingBuf_peek)
                  0000e84c    0000000c     driverlib.lib : ssi.obj (.text:SSIDataGet)
                  0000e858    0000000c                   : uart.obj (.text:UARTFlowControlSet)
                  0000e864    0000000c     drivers_tivaware.aem4f : UARTTiva.oem4f (.text:UARTTiva_init)
                  0000e870    0000000c     driverlib.lib : usb.obj (.text:USBEndpointPacketCountSet)
                  0000e87c    0000000c     usblib.lib : usbhostenum.obj (.text:USBHCDHubDeviceDisconnected)
                  0000e888    0000000c                : usbhostenum.obj (.text:USBHCDPowerConfigInit)
                  0000e894    0000000c     driverlib.lib : usb.obj (.text:USBLPMIntEnable)
                  0000e8a0    0000000c                   : watchdog.obj (.text:WatchdogUnlock)
                  0000e8ac    0000000c     rtsv7M4_T_le_v4SPD16_eabi.lib : copy_zero_init.obj (.text:decompress:ZI)
                  0000e8b8    0000000c     sysbios.aem4f : BIOS.obj (.text:ti_sysbios_family_arm_lm4_Timer_getMaxTicks__E)
                  0000e8c4    00000004     --HOLE-- [fill = 0]
                  0000e8c8    0000000c                   : BIOS.obj (.text:ti_sysbios_family_arm_lm4_TimestampProvider_startTimer__E)
                  0000e8d4    0000000c     FestoStation_pem4f.oem4f (.text:ti_sysbios_family_arm_m3_Hwi_Params__init__S)
                  0000e8e0    0000000c     sysbios.aem4f : BIOS.obj (.text:ti_sysbios_family_arm_m3_Hwi_disableFxn__E)
                  0000e8ec    00000004     --HOLE-- [fill = 0]
                  0000e8f0    0000000c                   : BIOS.obj (.text:ti_sysbios_family_arm_m3_TaskSupport_checkStack__E)
                  0000e8fc    00000004     --HOLE-- [fill = 0]
                  0000e900    0000000c                   : BIOS.obj (.text:ti_sysbios_family_arm_m3_TaskSupport_getStackAlignment__E)
                  0000e90c    00000004     --HOLE-- [fill = 0]
                  0000e910    0000000c                   : BIOS.obj (.text:ti_sysbios_gates_GateHwi_enter__E)
                  0000e91c    0000000c     FestoStation_pem4f.oem4f (.text:ti_sysbios_gates_GateMutex_Params__init__S)
                  0000e928    0000000c     FestoStation_pem4f.oem4f (.text:ti_sysbios_knl_Clock_Params__init__S)
                  0000e934    00000004     --HOLE-- [fill = 0]
                  0000e938    0000000c     sysbios.aem4f : BIOS.obj (.text:ti_sysbios_knl_Clock_getTickPeriod__E)
                  0000e944    0000000c     FestoStation_pem4f.oem4f (.text:ti_sysbios_knl_Queue_Object__get__S)
                  0000e950    0000000c     sysbios.aem4f : BIOS.obj (.text:ti_sysbios_knl_Queue_insert__E)
                  0000e95c    0000000c     FestoStation_pem4f.oem4f (.text:ti_sysbios_knl_Semaphore_Params__init__S)
                  0000e968    0000000c     FestoStation_pem4f.oem4f (.text:ti_sysbios_knl_Task_Params__init__S)
                  0000e974    0000000c     driverlib.lib : udma.obj (.text:uDMAControlBaseSet)
                  0000e980    0000000c                   : udma.obj (.text:uDMAErrorStatusClear)
                  0000e98c    0000000c                   : udma.obj (.text:uDMAErrorStatusGet)
                  0000e998    0000000c                   : udma.obj (.text:uDMAIntStatus)
                  0000e9a4    0000000c     ti.targets.arm.rtsarm.aem4f : Error.oem4f (.text:xdc_runtime_Error_init__E)
                  0000e9b0    0000000c                                 : Gate.oem4f (.text:xdc_runtime_Gate_enterSystem__E)
                  0000e9bc    0000000c                                 : Memory.oem4f (.text:xdc_runtime_Memory_calloc__E)
                  0000e9c8    0000000c                                 : Memory.oem4f (.text:xdc_runtime_Memory_getMaxDefaultTypeAlign__E)
                  0000e9d4    0000000a     driverlib.lib : adc.obj (.text:ADCIntClear)
                  0000e9de    0000000a                   : i2c.obj (.text:I2CMasterDisable)
                  0000e9e8    0000000a                   : i2c.obj (.text:I2CMasterEnable)
                  0000e9f2    0000000a     drivers_tivaware.aem4f : I2CTiva.oem4f (.text:I2CTiva_init)
                  0000e9fc    0000000a                            : SPITivaDMA.oem4f (.text:SPITivaDMA_init)
                  0000ea06    0000000a     driverlib.lib : ssi.obj (.text:SSIDMADisable)
                  0000ea10    0000000a                   : ssi.obj (.text:SSIDataPut)
                  0000ea1a    0000000a                   : ssi.obj (.text:SSIDisable)
                  0000ea24    0000000a                   : ssi.obj (.text:SSIEnable)
                  0000ea2e    0000000a                   : ssi.obj (.text:SSIIntDisable)
                  0000ea38    0000000a                   : uart.obj (.text:UARTCharGet)
                  0000ea42    0000000a                   : uart.obj (.text:UARTCharPut)
                  0000ea4c    0000000a                   : uart.obj (.text:UARTIntDisable)
                  0000ea56    0000000a                   : uart.obj (.text:UARTIntStatus)
                  0000ea60    0000000a     drivers_tivaware.aem4f : UART.oem4f (.text:UART_read)
                  0000ea6a    0000000a                            : UART.oem4f (.text:UART_write)
                  0000ea74    0000000a     driverlib.lib : usb.obj (.text:USBClockEnable)
                  0000ea7e    0000000a                   : usb.obj (.text:USBControllerVersion)
                  0000ea88    0000000a                   : usb.obj (.text:USBDMAChannelAddressSet)
                  0000ea92    0000000a                   : usb.obj (.text:USBDMAChannelCountSet)
                  0000ea9c    0000000a                   : usb.obj (.text:USBDevDisconnect)
                  0000eaa6    0000000a                   : usb.obj (.text:USBHostSuspend)
                  0000eab0    0000000a                   : usb.obj (.text:USBIntStatusEndpoint)
                  0000eaba    0000000a     usblib.lib : usbdma.obj (.text:USBLibDMAAddrGet)
                  0000eac4    0000000a     driverlib.lib : usb.obj (.text:USBModeGet)
                  0000eace    0000000a                   : usb.obj (.text:USBNumEndpointsGet)
                  0000ead8    0000000a                   : watchdog.obj (.text:WatchdogEnable)
                  0000eae2    0000000a                   : watchdog.obj (.text:WatchdogResetDisable)
                  0000eaec    0000000a                   : watchdog.obj (.text:WatchdogResetEnable)
                  0000eaf6    0000000a     FestoStation_pem4f.oem4f (.text:xdc_runtime_IHeap_alloc)
                  0000eb00    0000000a     FestoStation_pem4f.oem4f (.text:xdc_runtime_IHeap_free)
                  0000eb0a    0000000a     FestoStation_pem4f.oem4f (.text:xdc_runtime_Text_visitRope__I)
                  0000eb14    00000008     grlib.lib : charmap.obj (.text:GrMapISO8859_1_Unicode)
                  0000eb1c    00000008     driverlib.lib : i2c.obj (.text:I2CMasterIntClear)
                  0000eb24    00000008                   : i2c.obj (.text:I2CMasterSlaveAddrSet)
                  0000eb2c    00000008     drivers_tivaware.aem4f : I2CTiva.oem4f (.text:I2CTiva_blockingCallback)
                  0000eb34    00000008     driverlib.lib : ssi.obj (.text:SSIDMAEnable)
                  0000eb3c    00000008                   : ssi.obj (.text:SSIIntEnable)
                  0000eb44    00000008                   : uart.obj (.text:UARTIntEnable)
                  0000eb4c    00000008                   : usb.obj (.text:USBFIFOAddrGet)
                  0000eb54    00000008                   : usb.obj (.text:USBHostMode)
                  0000eb5c    00000008                   : usb.obj (.text:USBHostRequestStatus)
                  0000eb64    00000008                   : usb.obj (.text:USBOTGMode)
                  0000eb6c    00000008                   : watchdog.obj (.text:WatchdogLock)
                  0000eb74    00000008     drivers_tivaware.aem4f : WatchdogTiva.oem4f (.text:WatchdogTiva_clear)
                  0000eb7c    00000008                            : WatchdogTiva.oem4f (.text:WatchdogTiva_init)
[...]
00014fa4  ti_sysbios_family_arm_lm4_Timer_numTimerDevices__C                   
00014fa8  ti_sysbios_family_arm_lm4_Timer_startupNeeded__C                     
00014fac  ti_sysbios_family_arm_m3_Hwi_E_NMI__C                                
00014fb0  ti_sysbios_family_arm_m3_Hwi_E_alreadyDefined__C                     
00014fb4  ti_sysbios_family_arm_m3_Hwi_E_busFault__C                           
00014fb8  ti_sysbios_family_arm_m3_Hwi_E_debugMon__C                           
00014fbc  ti_sysbios_family_arm_m3_Hwi_E_hardFault__C                          
00014fc0  ti_sysbios_family_arm_m3_Hwi_E_memFault__C                           
00014fc4  ti_sysbios_family_arm_m3_Hwi_E_noIsr__C                              
00014fc8  ti_sysbios_family_arm_m3_Hwi_E_reserved__C                           
00014fcc  ti_sysbios_family_arm_m3_Hwi_E_svCall__C                             
00014fd0  ti_sysbios_family_arm_m3_Hwi_E_usageFault__C                         
00014fd4  ti_sysbios_family_arm_m3_Hwi_NUM_INTERRUPTS__C                       
00014fd8  ti_sysbios_family_arm_m3_Hwi_Object__count__C                        
00014fdc  ti_sysbios_family_arm_m3_Hwi_ccr__C                                  
00014fe0  ti_sysbios_family_arm_m3_Hwi_excHandlerFunc__C                       
00014fe4  ti_sysbios_family_arm_m3_Hwi_excHookFuncs__C                         
00014fe8  ti_sysbios_family_arm_m3_Hwi_nullIsrFunc__C                          
00014fec  ti_sysbios_family_arm_m3_Hwi_priGroup__C                             
00014ff0  ti_sysbios_family_arm_m3_TaskSupport_stackAlignment__C               
00014ff4  ti_sysbios_gates_GateMutex_Instance_State_sem__O                     
00014ff8  ti_sysbios_hal_Hwi_E_stackOverflow__C                                
00014ffc  ti_sysbios_heaps_HeapMem_E_memory__C                                 
00015000  ti_sysbios_heaps_HeapMem_Module__gateObj__C                          
00015004  ti_sysbios_heaps_HeapMem_Object__count__C                            
00015008  ti_sysbios_heaps_HeapMem_reqAlign__C                                 
0001500c  ti_sysbios_knl_Clock_Module_State_clockQ__O                          
00015010  ti_sysbios_knl_Event_Instance_State_pendQ__O                         
00015014  ti_sysbios_knl_Mailbox_Instance_State_dataQue__O                     
00015018  ti_sysbios_knl_Mailbox_Instance_State_dataSem__O                     
0001501c  ti_sysbios_knl_Mailbox_Instance_State_freeQue__O                     
00015020  ti_sysbios_knl_Mailbox_Instance_State_freeSem__O                     
00015024  ti_sysbios_knl_Mailbox_Object__count__C                              
00015028  ti_sysbios_knl_Mailbox_maxTypeAlign__C                               
0001502c  ti_sysbios_knl_Semaphore_Instance_State_pendQ__O                     
00015030  ti_sysbios_knl_Semaphore_eventPost__C                                
00015034  ti_sysbios_knl_Semaphore_eventSync__C                                
00015038  ti_sysbios_knl_Task_E_spOutOfBounds__C                               
0001503c  ti_sysbios_knl_Task_E_stackOverflow__C                               
00015040  ti_sysbios_knl_Task_Module_State_inactiveQ__O                        
00015044  ti_sysbios_knl_Task_Object__count__C                                 
00015048  ti_sysbios_knl_Task_allBlockedFunc__C                                
0001504c  ti_sysbios_knl_Task_defaultStackHeap__C                              
00015050  ti_sysbios_knl_Task_defaultStackSize__C                              
00015054  ti_sysbios_knl_Task_numConstructedTasks__C                           
00015058  ti_sysbios_knl_Task_numPriorities__C                                 
0001505c  ti_sysbios_utils_Load_Module__diagsEnabled__C                        
00015060  ti_sysbios_utils_Load_Module__diagsIncluded__C                       
00015064  ti_sysbios_utils_Load_Module__diagsMask__C                           
00015068  ti_sysbios_utils_Load_postUpdate__C                                  
0001506c  ti_sysbios_utils_Load_windowInMs__C                                  
00015070  ti_uia_loggers_LoggerStopMode_Module__diagsEnabled__C                
00015074  ti_uia_loggers_LoggerStopMode_Module__diagsIncluded__C               
00015078  ti_uia_loggers_LoggerStopMode_Module__diagsMask__C                   
0001507c  ti_uia_loggers_LoggerStopMode_Object__count__C                       
00015080  ti_uia_runtime_ILoggerSnapshot_Interface__BASE__C                    
00015084  ti_uia_runtime_IUIATransfer_Interface__BASE__C                       
00015088  xdc_runtime_Assert_E_assertFailed__C                                 
0001508c  xdc_runtime_Core_A_initializedParams__C                              
00015090  xdc_runtime_Core_Module__diagsEnabled__C                             
00015094  xdc_runtime_Core_Module__diagsIncluded__C                            
00015098  xdc_runtime_Core_Module__diagsMask__C                                
0001509c  xdc_runtime_Error_E_memory__C                                        
000150a0  xdc_runtime_Error_Module__diagsEnabled__C                            
000150a4  xdc_runtime_Error_Module__diagsIncluded__C                           
000150a8  xdc_runtime_Error_Module__diagsMask__C                               
000150ac  xdc_runtime_Error_Module__loggerFxn8__C                              
000150b0  xdc_runtime_Error_Module__loggerObj__C                               
000150b4  xdc_runtime_Error_policyFxn__C                                       
000150b8  xdc_runtime_Error_raiseHook__C                                       
000150bc  xdc_runtime_IFilterLogger_Interface__BASE__C                         
000150c0  xdc_runtime_IGateProvider_Interface__BASE__C                         
000150c4  xdc_runtime_IHeap_Interface__BASE__C                                 
000150c8  xdc_runtime_ILogger_Interface__BASE__C                               
000150cc  xdc_runtime_IModule_Interface__BASE__C                               
000150d0  xdc_runtime_Log_L_error__C                                           
000150d4  xdc_runtime_Memory_defaultHeapInstance__C                            
000150d8  xdc_runtime_Startup_execImpl__C                                      
000150dc  xdc_runtime_Startup_lastFxns__A                                      
000150e0  xdc_runtime_Startup_maxPasses__C                                     
000150e4  xdc_runtime_Startup_sfxnRts__C                                       
000150e8  xdc_runtime_Startup_sfxnTab__C                                       
000150ec  xdc_runtime_SysMin_bufSize__C                                        
000150f0  xdc_runtime_SysMin_outputFunc__C                                     
000150f4  xdc_runtime_System_Module__gateObj__C                                
000150f8  xdc_runtime_System_abortFxn__C                                       
000150fc  xdc_runtime_System_exitFxn__C                                        
00015100  xdc_runtime_System_extendFxn__C                                      
00015104  xdc_runtime_System_maxAtexitHandlers__C                              
00015108  xdc_runtime_Text_charTab__C                                          
0001510c  xdc_runtime_Text_nameEmpty__C                                        
00015110  xdc_runtime_Text_nameStatic__C                                       
00015114  xdc_runtime_Text_nameUnknown__C                                      
00015118  xdc_runtime_Text_nodeTab__C                                          
0001511c  xdc_runtime_Text_visitRopeFxn__C                                     
00015120  ti_sysbios_family_arm_lm4_TimestampProvider_useClockTimer__C         
00015122  ti_sysbios_family_arm_m3_Hwi_Module__id__C                           
00015124  ti_sysbios_hal_Hwi_Module__id__C                                     
00015126  ti_sysbios_heaps_HeapMem_Module__id__C                               
00015128  ti_sysbios_knl_Task_Module__id__C                                    
0001512a  ti_sysbios_knl_Task_initStackFlag__C                                 
0001512c  ti_sysbios_utils_Load_hwiEnabled__C                                  
0001512e  ti_sysbios_utils_Load_updateInIdle__C                                
00015130  ti_uia_loggers_LoggerStopMode_Module__id__C                          
00015132  ti_uia_loggers_LoggerStopMode_isTimestampEnabled__C                  
00015134  xdc_runtime_Core_Module__id__C                                       
00015136  xdc_runtime_Error_Module__loggerDefined__C                           
00015138  xdc_runtime_Error_maxDepth__C                                        
0001513a  xdc_runtime_Memory_Module__id__C                                     
0001513c  xdc_runtime_SysMin_flushAtExit__C                                    
0001513e  xdc_runtime_Text_charCnt__C                                          
00015140  xdc_runtime_Text_isLoaded__C                                         
00015142  xdc_runtime_Text_registryModsLastId__C                               
00015144  xdc_runtime_Text_unnamedModsLastId__C                                
00015148  __TI_static_base__                                                   
000155bc  __TI_Handler_Table_Base                                              
000155c8  __TI_Handler_Table_Limit                                             
000155d8  __TI_CINIT_Base                                                      
000155f0  __TI_CINIT_Limit                                                     
20000000  ti_sysbios_family_arm_m3_Hwi_ramVectors                              
20000400  gpioCallbackFunctions                                                
20000400  ti_sysbios_heaps_HeapMem_Instance_State_0_buf__A                     
20002400  ti_sysbios_knl_Task_Instance_State_0_stack__A                        
20002700  ti_sysbios_knl_Task_Instance_State_1_stack__A                        
20002f00  ti_sysbios_knl_Task_Instance_State_2_stack__A                        
20003200  ti_sysbios_knl_Task_Instance_State_3_stack__A                        
200040cc  buffer                                                               
20004100  ti_uia_loggers_LoggerStopMode_Instance_State_2_packetArray__A        
20004500  usbmschfatfstivaObjects                                              
20004898  ti_sysbios_family_arm_m3_Hwi_dispatchTable                           
20004bf8  sdspiTivaObjects                                                     
20004e38  ti_sysbios_knl_Mailbox_Instance_State_0_allocBuf__A                  
20004ff0  pwmTivaObjects                                                       
20005200  ti_uia_loggers_LoggerStopMode_Instance_State_1_packetArray__A        
20005400  i2cTivaObjects                                                       
20005580  __CIOBUF_                                                            
200057b0  g_psDCDInst                                                          
20005800  ti_uia_loggers_LoggerStopMode_Instance_State_0_packetArray__A        
20005900  spiTivaDMAObjects                                                    
200059e4  uartTivaObjects                                                      
20005cfc  xdc_runtime_SysMin_Module_State_0_outbuf__A                          
20005dfc  bufferSem                                                            
20005e00  ti_uia_loggers_LoggerStopMode_Instance_State_0_hdr__A                
20005e50  uartTivaRingBuffer                                                   
20005e80  ti_uia_loggers_LoggerStopMode_Instance_State_1_hdr__A                
20005eb0  watchdogTivaObjects                                                  
20005eec  emacObjects                                                          
20005f00  ti_uia_loggers_LoggerStopMode_Instance_State_2_hdr__A                
20005f30  g_pfnTickHandlers                                                    
20005f78  g_pvTickInstance                                                     
20005f98  g_ppsDevInfo                                                         
20005fa0  spiTivaDMAscratchBuf                                                 
20005fb8  g_ui32PollRate                                                       
20005fc4  g_eOTGModeState                                                      
20005fc8  xdc_runtime_Diags_dictElems                                          
20005fd8  ti_sysbios_family_arm_lm4_Timer_Module__root__V                      
20005fe0  ti_sysbios_family_arm_lm4_Timer_Module_State_0_handles__A            
20006000  ti_sysbios_family_arm_lm4_Timer_Module__state__V                     
2000600c  ti_sysbios_family_arm_lm4_TimestampProvider_Module__state__V         
20006014  ti_sysbios_family_arm_m3_Hwi_Module__root__V                         
2000601c  ti_sysbios_family_arm_m3_Hwi_Module_State_0_excActive__A             
20006020  ti_sysbios_family_arm_m3_Hwi_Module_State_0_excContext__A            
20006024  ti_sysbios_family_arm_m3_Hwi_Module_State_0_excStack__A              
20006028  ti_sysbios_gates_GateHwi_Module__root__V                             
20006030  ti_sysbios_gates_GateHwi_Object__table__V                            
20006034  ti_sysbios_gates_GateMutex_Module__root__V                           
2000603c  ti_sysbios_hal_Hwi_Module__root__V                                   
20006044  ti_sysbios_heaps_HeapMem_Module__root__V                             
2000604c  ti_sysbios_heaps_HeapMem_Object__table__V                            
20006064  ti_sysbios_knl_Clock_Module__root__V                                 
2000606c  ti_sysbios_knl_Event_Module__root__V                                 
20006078  ti_sysbios_knl_Event_Object__table__V                                
20006090  ti_sysbios_knl_Mailbox_Module__root__V                               
20006098  ti_sysbios_knl_Queue_Module__root__V                                 
200060a0  ti_sysbios_knl_Semaphore_Module__root__V                             
200060a8  ti_sysbios_knl_Task_Module__root__V                                  
200060b4  ti_sysbios_knl_Task_Module_State_0_readyQ__A                         
200060d4  ti_sysbios_knl_Task_Module_State_0_idleTask__A                       
200060d8  ti_sysbios_utils_Load_Module_State_0_taskStartTime__A                
200060dc  ti_sysbios_utils_Load_Module_State_0_runningTask__A                  
200060e0  ti_uia_loggers_LoggerStopMode_Module__root__V                        
200060e8  ti_uia_loggers_LoggerStopMode_Module__state__V                       
200060f0  ti_uia_runtime_QueueDescriptor_Module__state__V                      
200060fc  xdc_runtime_Error_Module__state__V                                   
200060fe  xdc_runtime_Main_Module__root__V                                     
20006100  xdc_runtime_Memory_Module__state__V                                  
20006104  xdc_runtime_Registry_Module__state__V                                
2000610c  xdc_runtime_Startup_Module__state__V                                 
20006114  xdc_runtime_SysMin_Module__state__V                                  
20006120  xdc_runtime_System_Module_State_0_atexitHandlers__A                  
20006128  xdc_runtime_System_Module__state__V                                  
20006130  xdc_runtime_Text_Module__state__V                                    
20006138  __xdc__init__addr                                                    
2000613c  ti_sysbios_knl_Task_Object__table__V                                 
2000626c  ti_uia_loggers_LoggerStopMode_Object__table__V                       
20006308  ti_sysbios_utils_Load_Module__state__V                               
200063a0  ti_sysbios_family_arm_lm4_Timer_Object__table__V                     
20006420  gpioPinConfigs                                                       
20006478  piecesProcessed                                                      
2000647c  orangeAccepted                                                       
20006480  orangeRejected                                                       
20006484  blackAccepted                                                        
20006488  blackRejected                                                        
2000648c  metalAccepted                                                        
20006490  metalRejected                                                        
20006494  plasticAccepted                                                      
20006498  plasticRejected                                                      
2000649c  piecesProcessedPerSecond                                             
200064a0  heightMeasured                                                       
200064a4  heightCalibrated                                                     
200064a8  upperHeightCalibrated                                                
200064ac  lowerHeightCalibrated                                                
200064b0  heightConstantADC                                                    
200064b4  timeHMS                                                              
200064c0  uptimeSeconds                                                        
200064c4  bufferCounter                                                        
20006518  ti_sysbios_knl_Mailbox_Object__table__V                              
20006568  ti_sysbios_knl_Task_Module__state__V                                 
200065ac  ti_sysbios_family_arm_lm4_Timer_Module_State_0_device__A             
200065ec  ti_sysbios_gates_GateMutex_Object__table__V                          
20006624  ti_sysbios_family_arm_m3_Hwi_Module__state__V                        
20006658  enablePrefetch                                                       
2000665c  phyCounter                                                           
2000668c  ti_sysbios_family_arm_m3_Hwi_Object__table__V                        
200066bc  ti_sysbios_knl_Clock_Module__state__V                                
20006714  ti_sysbios_BIOS_Module__state__V                                     
20006780  g_bUSBTimerInitialized                                               
20006784  g_ui32CurrentUSBTick                                                 
20006788  g_ui32USBSOFCount                                                    
2000678c  g_iUSBMode                                                           
20006790  g_ui32WaitTicks                                                      
20006798  _lock                                                                
2000679c  _unlock                                                              
200067a0  __TI_cleanup_ptr                                                     
200067a4  __TI_dtors_ptr                                                       
200067a8  ti_uia_runtime_QueueDescriptor_gPtrToFirstDescriptor                 
200067ac  ti_uia_runtime_QueueDescriptor_gUpdateCount                          
200067b9  macAddress                                                           
200067ec  main_func_sp                                                         
200067f0  __stack                                                              
200069f0  __STACK_TOP                                                          
20006af0  __STACK_END                                                          
e000e000  ti_sysbios_family_arm_m3_Hwi_nvic                                    
ffffffff  __binit__                                                            
ffffffff  __c_args__                                                           
ffffffff  binit                                                                
UNDEFED   SHT$$INIT_ARRAY$$Base                                                
UNDEFED   SHT$$INIT_ARRAY$$Limit                                               
UNDEFED   WiFi_init                                                            

[1099 symbols]
