<?xml version="1.0"?>
<link_info>
   <banner>TI ARM Linker PC v5.1.6</banner>
   <copyright>Copyright (c) 1996-2014 Texas Instruments Incorporated</copyright>
   <link_time>0x554310ac</link_time>
   <link_errors>0x0</link_errors>
   <output_file>synth.out</output_file>
   <entry_point>
      <name>_c_int00</name>
      <address>0x6ef5</address>
   </entry_point>
   <input_file_list>
      <input_file id="fl-2">
         <path>.\</path>
         <kind>object</kind>
         <file>startup_ccs.obj</file>
         <name>startup_ccs.obj</name>
      </input_file>
      <input_file id="fl-3">
         <path>.\</path>
         <kind>object</kind>
         <file>synth.obj</file>
         <name>synth.obj</name>
      </input_file>
      <input_file id="fl-4">
         <path>.\utils\</path>
         <kind>object</kind>
         <file>sine.obj</file>
         <name>sine.obj</name>
      </input_file>
      <input_file id="fl-5">
         <path>.\drivers\</path>
         <kind>object</kind>
         <file>frame.obj</file>
         <name>frame.obj</name>
      </input_file>
      <input_file id="fl-6">
         <path>.\drivers\</path>
         <kind>object</kind>
         <file>kentec320x240x16_ssd2119.obj</file>
         <name>kentec320x240x16_ssd2119.obj</name>
      </input_file>
      <input_file id="fl-7">
         <path>.\drivers\</path>
         <kind>object</kind>
         <file>pinout.obj</file>
         <name>pinout.obj</name>
      </input_file>
      <input_file id="fl-8">
         <path>.\drivers\</path>
         <kind>object</kind>
         <file>sound.obj</file>
         <name>sound.obj</name>
      </input_file>
      <input_file id="fl-9">
         <path>.\drivers\</path>
         <kind>object</kind>
         <file>touch.obj</file>
         <name>touch.obj</name>
      </input_file>
      <input_file id="fl-138">
         <path>c:\ti\ccsv6\tools\compiler\arm_5.1.6\lib\</path>
         <kind>archive</kind>
         <file>rtsv7M4_T_le_v4SPD16_eabi.lib</file>
         <name>boot.obj</name>
      </input_file>
      <input_file id="fl-139">
         <path>c:\ti\ccsv6\tools\compiler\arm_5.1.6\lib\</path>
         <kind>archive</kind>
         <file>rtsv7M4_T_le_v4SPD16_eabi.lib</file>
         <name>copy_decompress_none.obj</name>
      </input_file>
      <input_file id="fl-13a">
         <path>c:\ti\ccsv6\tools\compiler\arm_5.1.6\lib\</path>
         <kind>archive</kind>
         <file>rtsv7M4_T_le_v4SPD16_eabi.lib</file>
         <name>copy_decompress_rle.obj</name>
      </input_file>
      <input_file id="fl-13b">
         <path>c:\ti\ccsv6\tools\compiler\arm_5.1.6\lib\</path>
         <kind>archive</kind>
         <file>rtsv7M4_T_le_v4SPD16_eabi.lib</file>
         <name>copy_zero_init.obj</name>
      </input_file>
      <input_file id="fl-13c">
         <path>c:\ti\ccsv6\tools\compiler\arm_5.1.6\lib\</path>
         <kind>archive</kind>
         <file>rtsv7M4_T_le_v4SPD16_eabi.lib</file>
         <name>exit.obj</name>
      </input_file>
      <input_file id="fl-13d">
         <path>c:\ti\ccsv6\tools\compiler\arm_5.1.6\lib\</path>
         <kind>archive</kind>
         <file>rtsv7M4_T_le_v4SPD16_eabi.lib</file>
         <name>memcpy_t2.obj</name>
      </input_file>
      <input_file id="fl-13e">
         <path>c:\ti\ccsv6\tools\compiler\arm_5.1.6\lib\</path>
         <kind>archive</kind>
         <file>rtsv7M4_T_le_v4SPD16_eabi.lib</file>
         <name>stkdepth_vars.obj</name>
      </input_file>
      <input_file id="fl-13f">
         <path>c:\ti\ccsv6\tools\compiler\arm_5.1.6\lib\</path>
         <kind>archive</kind>
         <file>rtsv7M4_T_le_v4SPD16_eabi.lib</file>
         <name>_lock.obj</name>
      </input_file>
      <input_file id="fl-140">
         <path>c:\ti\ccsv6\tools\compiler\arm_5.1.6\lib\</path>
         <kind>archive</kind>
         <file>rtsv7M4_T_le_v4SPD16_eabi.lib</file>
         <name>args_main.obj</name>
      </input_file>
      <input_file id="fl-141">
         <path>c:\ti\ccsv6\tools\compiler\arm_5.1.6\lib\</path>
         <kind>archive</kind>
         <file>rtsv7M4_T_le_v4SPD16_eabi.lib</file>
         <name>auto_init.obj</name>
      </input_file>
      <input_file id="fl-142">
         <path>c:\ti\ccsv6\tools\compiler\arm_5.1.6\lib\</path>
         <kind>archive</kind>
         <file>rtsv7M4_T_le_v4SPD16_eabi.lib</file>
         <name>cpy_tbl.obj</name>
      </input_file>
      <input_file id="fl-143">
         <path>c:\ti\TivaWare_C_Series-2.0.1.11577\examples\boards\dk-tm4c129x\synth\ccs\..\..\..\..\..\driverlib\ccs\Debug\</path>
         <kind>archive</kind>
         <file>driverlib.lib</file>
         <name>timer.obj</name>
      </input_file>
      <input_file id="fl-144">
         <path>c:\ti\TivaWare_C_Series-2.0.1.11577\examples\boards\dk-tm4c129x\synth\ccs\..\..\..\..\..\driverlib\ccs\Debug\</path>
         <kind>archive</kind>
         <file>driverlib.lib</file>
         <name>sysctl.obj</name>
      </input_file>
      <input_file id="fl-145">
         <path>c:\ti\TivaWare_C_Series-2.0.1.11577\examples\boards\dk-tm4c129x\synth\ccs\..\..\..\..\..\driverlib\ccs\Debug\</path>
         <kind>archive</kind>
         <file>driverlib.lib</file>
         <name>lcd.obj</name>
      </input_file>
      <input_file id="fl-146">
         <path>c:\ti\TivaWare_C_Series-2.0.1.11577\examples\boards\dk-tm4c129x\synth\ccs\..\..\..\..\..\driverlib\ccs\Debug\</path>
         <kind>archive</kind>
         <file>driverlib.lib</file>
         <name>interrupt.obj</name>
      </input_file>
      <input_file id="fl-147">
         <path>c:\ti\TivaWare_C_Series-2.0.1.11577\examples\boards\dk-tm4c129x\synth\ccs\..\..\..\..\..\driverlib\ccs\Debug\</path>
         <kind>archive</kind>
         <file>driverlib.lib</file>
         <name>gpio.obj</name>
      </input_file>
      <input_file id="fl-148">
         <path>c:\ti\TivaWare_C_Series-2.0.1.11577\examples\boards\dk-tm4c129x\synth\ccs\..\..\..\..\..\driverlib\ccs\Debug\</path>
         <kind>archive</kind>
         <file>driverlib.lib</file>
         <name>cpu.obj</name>
      </input_file>
      <input_file id="fl-149">
         <path>c:\ti\TivaWare_C_Series-2.0.1.11577\examples\boards\dk-tm4c129x\synth\ccs\..\..\..\..\..\grlib\ccs\Debug\</path>
         <kind>archive</kind>
         <file>grlib.lib</file>
         <name>fontcmss18b.obj</name>
      </input_file>
      <input_file id="fl-14a">
         <path>c:\ti\TivaWare_C_Series-2.0.1.11577\examples\boards\dk-tm4c129x\synth\ccs\..\..\..\..\..\grlib\ccs\Debug\</path>
         <kind>archive</kind>
         <file>grlib.lib</file>
         <name>string.obj</name>
      </input_file>
      <input_file id="fl-14b">
         <path>c:\ti\TivaWare_C_Series-2.0.1.11577\examples\boards\dk-tm4c129x\synth\ccs\..\..\..\..\..\grlib\ccs\Debug\</path>
         <kind>archive</kind>
         <file>grlib.lib</file>
         <name>rectangle.obj</name>
      </input_file>
      <input_file id="fl-14c">
         <path>c:\ti\TivaWare_C_Series-2.0.1.11577\examples\boards\dk-tm4c129x\synth\ccs\..\..\..\..\..\grlib\ccs\Debug\</path>
         <kind>archive</kind>
         <file>grlib.lib</file>
         <name>line.obj</name>
      </input_file>
      <input_file id="fl-14d">
         <path>c:\ti\TivaWare_C_Series-2.0.1.11577\examples\boards\dk-tm4c129x\synth\ccs\..\..\..\..\..\grlib\ccs\Debug\</path>
         <kind>archive</kind>
         <file>grlib.lib</file>
         <name>image.obj</name>
      </input_file>
      <input_file id="fl-14e">
         <path>c:\ti\TivaWare_C_Series-2.0.1.11577\examples\boards\dk-tm4c129x\synth\ccs\..\..\..\..\..\grlib\ccs\Debug\</path>
         <kind>archive</kind>
         <file>grlib.lib</file>
         <name>context.obj</name>
      </input_file>
      <input_file id="fl-14f">
         <path>c:\ti\TivaWare_C_Series-2.0.1.11577\examples\boards\dk-tm4c129x\synth\ccs\..\..\..\..\..\grlib\ccs\Debug\</path>
         <kind>archive</kind>
         <file>grlib.lib</file>
         <name>charmap.obj</name>
      </input_file>
   </input_file_list>
   <object_component_list>
      <object_component id="oc-e">
         <name>.intvecs</name>
         <load_address>0x0</load_address>
         <run_address>0x0</run_address>
         <size>0x200</size>
         <input_file_ref idref="fl-2"/>
      </object_component>
      <object_component id="oc-fc">
         <name>.text:PinoutSet</name>
         <load_address>0x3fb8</load_address>
         <run_address>0x3fb8</run_address>
         <size>0x4c8</size>
         <input_file_ref idref="fl-7"/>
      </object_component>
      <object_component id="oc-102">
         <name>.text:Kentec320x240x16_SSD2119Init</name>
         <load_address>0x4480</load_address>
         <run_address>0x4480</run_address>
         <size>0x488</size>
         <input_file_ref idref="fl-6"/>
      </object_component>
      <object_component id="oc-ac">
         <name>.text:main</name>
         <load_address>0x4908</load_address>
         <run_address>0x4908</run_address>
         <size>0x37c</size>
         <input_file_ref idref="fl-3"/>
      </object_component>
      <object_component id="oc-30e">
         <name>.text:InternalImageDraw</name>
         <load_address>0x4c84</load_address>
         <run_address>0x4c84</run_address>
         <size>0x374</size>
         <input_file_ref idref="fl-14d"/>
      </object_component>
      <object_component id="oc-37c">
         <name>.text:PixelTransparentDraw</name>
         <load_address>0x4ff8</load_address>
         <run_address>0x4ff8</run_address>
         <size>0x2ba</size>
         <input_file_ref idref="fl-14d"/>
      </object_component>
      <object_component id="oc-2f4">
         <name>.text:GrFontGlyphRender</name>
         <load_address>0x52b2</load_address>
         <run_address>0x52b2</run_address>
         <size>0x266</size>
         <input_file_ref idref="fl-14a"/>
      </object_component>
      <object_component id="oc-10e">
         <name>.text:FrameDraw</name>
         <load_address>0x5518</load_address>
         <run_address>0x5518</run_address>
         <size>0x200</size>
         <input_file_ref idref="fl-5"/>
      </object_component>
      <object_component id="oc-f6">
         <name>.text:SysCtlClockFreqSet</name>
         <load_address>0x5718</load_address>
         <run_address>0x5718</run_address>
         <size>0x1fc</size>
         <input_file_ref idref="fl-144"/>
      </object_component>
      <object_component id="oc-27c">
         <name>.text:Kentec320x240x16_SSD2119PixelDrawMultiple</name>
         <load_address>0x5914</load_address>
         <run_address>0x5914</run_address>
         <size>0x1c4</size>
         <input_file_ref idref="fl-6"/>
      </object_component>
      <object_component id="oc-28e">
         <name>.text:Kentec320x240x16_SSD2119RectFill</name>
         <load_address>0x5ad8</load_address>
         <run_address>0x5ad8</run_address>
         <size>0x184</size>
         <input_file_ref idref="fl-6"/>
      </object_component>
      <object_component id="oc-47">
         <name>.text:SoundIntHandler</name>
         <load_address>0x5c5c</load_address>
         <run_address>0x5c5c</run_address>
         <size>0x17c</size>
         <input_file_ref idref="fl-8"/>
      </object_component>
      <object_component id="oc-89">
         <name>.text:TouchScreenDebouncer</name>
         <load_address>0x5dd8</load_address>
         <run_address>0x5dd8</run_address>
         <size>0x17c</size>
         <input_file_ref idref="fl-9"/>
      </object_component>
      <object_component id="oc-13e">
         <name>.text:GenerateAudio</name>
         <load_address>0x5f54</load_address>
         <run_address>0x5f54</run_address>
         <size>0x158</size>
         <input_file_ref idref="fl-3"/>
      </object_component>
      <object_component id="oc-41">
         <name>.text:TouchScreenIntHandler</name>
         <load_address>0x60ac</load_address>
         <run_address>0x60ac</run_address>
         <size>0x140</size>
         <input_file_ref idref="fl-9"/>
      </object_component>
      <object_component id="oc-2cf">
         <name>.text:GPIOPadConfigSet</name>
         <load_address>0x61ec</load_address>
         <run_address>0x61ec</run_address>
         <size>0x130</size>
         <input_file_ref idref="fl-147"/>
      </object_component>
      <object_component id="oc-114">
         <name>.text:GrLineDraw</name>
         <load_address>0x631c</load_address>
         <run_address>0x631c</run_address>
         <size>0x100</size>
         <input_file_ref idref="fl-14c"/>
      </object_component>
      <object_component id="oc-120">
         <name>.text:TouchScreenInit</name>
         <load_address>0x641c</load_address>
         <run_address>0x641c</run_address>
         <size>0xf4</size>
         <input_file_ref idref="fl-9"/>
      </object_component>
      <object_component id="oc-1e1">
         <name>.text:GrDefaultStringRenderer</name>
         <load_address>0x6510</load_address>
         <run_address>0x6510</run_address>
         <size>0xca</size>
         <input_file_ref idref="fl-14a"/>
      </object_component>
      <object_component id="oc-230">
         <name>.text:GrLineClip</name>
         <load_address>0x65da</load_address>
         <run_address>0x65da</run_address>
         <size>0xbc</size>
         <input_file_ref idref="fl-14c"/>
      </object_component>
      <object_component id="oc-35">
         <name>.text:FaultISR</name>
         <load_address>0x6696</load_address>
         <run_address>0x6696</run_address>
         <size>0x2</size>
         <input_file_ref idref="fl-2"/>
      </object_component>
      <object_component id="oc-138">
         <name>.text:SoundStart</name>
         <load_address>0x6698</load_address>
         <run_address>0x6698</run_address>
         <size>0xb4</size>
         <input_file_ref idref="fl-8"/>
      </object_component>
      <object_component id="oc-282">
         <name>.text:Kentec320x240x16_SSD2119LineDrawH</name>
         <load_address>0x674c</load_address>
         <run_address>0x674c</run_address>
         <size>0xb0</size>
         <input_file_ref idref="fl-6"/>
      </object_component>
      <object_component id="oc-288">
         <name>.text:Kentec320x240x16_SSD2119LineDrawV</name>
         <load_address>0x67fc</load_address>
         <run_address>0x67fc</run_address>
         <size>0xb0</size>
         <input_file_ref idref="fl-6"/>
      </object_component>
      <object_component id="oc-12c">
         <name>.text:SoundInit</name>
         <load_address>0x68ac</load_address>
         <run_address>0x68ac</run_address>
         <size>0xb0</size>
         <input_file_ref idref="fl-8"/>
      </object_component>
      <object_component id="oc-65">
         <name>.text</name>
         <load_address>0x695c</load_address>
         <run_address>0x695c</run_address>
         <size>0x9c</size>
         <input_file_ref idref="fl-13d"/>
      </object_component>
      <object_component id="oc-50">
         <name>.text</name>
         <load_address>0x69f8</load_address>
         <run_address>0x69f8</run_address>
         <size>0x94</size>
         <input_file_ref idref="fl-141"/>
      </object_component>
      <object_component id="oc-14d">
         <name>.text:TouchCallback</name>
         <load_address>0x6a8c</load_address>
         <run_address>0x6a8c</run_address>
         <size>0x8c</size>
         <input_file_ref idref="fl-3"/>
      </object_component>
      <object_component id="oc-11a">
         <name>.text:GrRectFill</name>
         <load_address>0x6b18</load_address>
         <run_address>0x6b18</run_address>
         <size>0x86</size>
         <input_file_ref idref="fl-14b"/>
      </object_component>
      <object_component id="oc-3b">
         <name>.text:IntDefaultHandler</name>
         <load_address>0x6b9e</load_address>
         <run_address>0x6b9e</run_address>
         <size>0x2</size>
         <input_file_ref idref="fl-2"/>
      </object_component>
      <object_component id="oc-276">
         <name>.text:Kentec320x240x16_SSD2119PixelDraw</name>
         <load_address>0x6ba0</load_address>
         <run_address>0x6ba0</run_address>
         <size>0x78</size>
         <input_file_ref idref="fl-6"/>
      </object_component>
      <object_component id="oc-201">
         <name>.text:GrStringWidthGet</name>
         <load_address>0x6c18</load_address>
         <run_address>0x6c18</run_address>
         <size>0x6a</size>
         <input_file_ref idref="fl-14a"/>
      </object_component>
      <object_component id="oc-29a">
         <name>.text:Kentec320x240x16_SSD2119Flush</name>
         <load_address>0x6c82</load_address>
         <run_address>0x6c82</run_address>
         <size>0x2</size>
         <input_file_ref idref="fl-6"/>
      </object_component>
      <object_component id="oc-108">
         <name>.text:GrContextInit</name>
         <load_address>0x6c84</load_address>
         <run_address>0x6c84</run_address>
         <size>0x64</size>
         <input_file_ref idref="fl-14e"/>
      </object_component>
      <object_component id="oc-1ef">
         <name>.text:GrContextClipRegionSet</name>
         <load_address>0x6ce8</load_address>
         <run_address>0x6ce8</run_address>
         <size>0x62</size>
         <input_file_ref idref="fl-14e"/>
      </object_component>
      <object_component id="oc-78">
         <name>.text</name>
         <load_address>0x6d4a</load_address>
         <run_address>0x6d4a</run_address>
         <size>0x5e</size>
         <input_file_ref idref="fl-13a"/>
      </object_component>
      <object_component id="oc-365">
         <name>.text:FontWideGlyphDataGet</name>
         <load_address>0x6da8</load_address>
         <run_address>0x6da8</run_address>
         <size>0x5c</size>
         <input_file_ref idref="fl-14a"/>
      </object_component>
      <object_component id="oc-250">
         <name>.text:TimerControlTrigger</name>
         <load_address>0x6e04</load_address>
         <run_address>0x6e04</run_address>
         <size>0x58</size>
         <input_file_ref idref="fl-143"/>
      </object_component>
      <object_component id="oc-187">
         <name>.text:_SysCtlFrequencyGet</name>
         <load_address>0x6e5c</load_address>
         <run_address>0x6e5c</run_address>
         <size>0x4c</size>
         <input_file_ref idref="fl-144"/>
      </object_component>
      <object_component id="oc-316">
         <name>.text:UpdateContextCharMapping</name>
         <load_address>0x6ea8</load_address>
         <run_address>0x6ea8</run_address>
         <size>0x4a</size>
         <input_file_ref idref="fl-14a"/>
      </object_component>
      <object_component id="oc-2f">
         <name>.text:NmiSR</name>
         <load_address>0x6ef2</load_address>
         <run_address>0x6ef2</run_address>
         <size>0x2</size>
         <input_file_ref idref="fl-2"/>
      </object_component>
      <object_component id="oc-11">
         <name>.text</name>
         <load_address>0x6ef4</load_address>
         <run_address>0x6ef4</run_address>
         <size>0x48</size>
         <input_file_ref idref="fl-138"/>
      </object_component>
      <object_component id="oc-236">
         <name>.text:GrLineDrawH</name>
         <load_address>0x6f3c</load_address>
         <run_address>0x6f3c</run_address>
         <size>0x46</size>
         <input_file_ref idref="fl-14c"/>
      </object_component>
      <object_component id="oc-23c">
         <name>.text:GrLineDrawV</name>
         <load_address>0x6f82</load_address>
         <run_address>0x6f82</run_address>
         <size>0x46</size>
         <input_file_ref idref="fl-14c"/>
      </object_component>
      <object_component id="oc-a5">
         <name>.text</name>
         <load_address>0x6fc8</load_address>
         <run_address>0x6fc8</run_address>
         <size>0x44</size>
         <input_file_ref idref="fl-142"/>
      </object_component>
      <object_component id="oc-5b">
         <name>.text</name>
         <load_address>0x700c</load_address>
         <run_address>0x700c</run_address>
         <size>0x44</size>
         <input_file_ref idref="fl-13c"/>
      </object_component>
      <object_component id="oc-36b">
         <name>.text:FontGlyphDataGet</name>
         <load_address>0x7050</load_address>
         <run_address>0x7050</run_address>
         <size>0x3a</size>
         <input_file_ref idref="fl-14a"/>
      </object_component>
      <object_component id="oc-338">
         <name>.text:GrClipCodeGet</name>
         <load_address>0x708a</load_address>
         <run_address>0x708a</run_address>
         <size>0x36</size>
         <input_file_ref idref="fl-14c"/>
      </object_component>
      <object_component id="oc-1c8">
         <name>.text:LCDIDDTimingSet</name>
         <load_address>0x70c0</load_address>
         <run_address>0x70c0</run_address>
         <size>0x36</size>
         <input_file_ref idref="fl-145"/>
      </object_component>
      <object_component id="oc-156">
         <name>.text:SoundCallback</name>
         <load_address>0x70f8</load_address>
         <run_address>0x70f8</run_address>
         <size>0x34</size>
         <input_file_ref idref="fl-3"/>
      </object_component>
      <object_component id="oc-1a9">
         <name>.text:SysCtlPeripheralEnable</name>
         <load_address>0x712c</load_address>
         <run_address>0x712c</run_address>
         <size>0x34</size>
         <input_file_ref idref="fl-144"/>
      </object_component>
      <object_component id="oc-2c9">
         <name>.text:GPIODirModeSet</name>
         <load_address>0x7160</load_address>
         <run_address>0x7160</run_address>
         <size>0x2a</size>
         <input_file_ref idref="fl-147"/>
      </object_component>
      <object_component id="oc-207">
         <name>.text:GrFontBaselineGet</name>
         <load_address>0x718a</load_address>
         <run_address>0x718a</run_address>
         <size>0x2a</size>
         <input_file_ref idref="fl-14a"/>
      </object_component>
      <object_component id="oc-2e8">
         <name>.text:GrStringNextCharGet</name>
         <load_address>0x71b4</load_address>
         <run_address>0x71b4</run_address>
         <size>0x2a</size>
         <input_file_ref idref="fl-14a"/>
      </object_component>
      <object_component id="oc-2e2">
         <name>.text:GrFontInfoGet</name>
         <load_address>0x71de</load_address>
         <run_address>0x71de</run_address>
         <size>0x26</size>
         <input_file_ref idref="fl-14a"/>
      </object_component>
      <object_component id="oc-26a">
         <name>.text:sine</name>
         <load_address>0x7204</load_address>
         <run_address>0x7204</run_address>
         <size>0x24</size>
         <input_file_ref idref="fl-4"/>
      </object_component>
      <object_component id="oc-2ee">
         <name>.text:GrFontGlyphDataGet</name>
         <load_address>0x7228</load_address>
         <run_address>0x7228</run_address>
         <size>0x22</size>
         <input_file_ref idref="fl-14a"/>
      </object_component>
      <object_component id="oc-1b6">
         <name>.text:LCDModeSet</name>
         <load_address>0x724a</load_address>
         <run_address>0x724a</run_address>
         <size>0x22</size>
         <input_file_ref idref="fl-145"/>
      </object_component>
      <object_component id="oc-388">
         <name>.text:GrFontCodepageGet</name>
         <load_address>0x726c</load_address>
         <run_address>0x726c</run_address>
         <size>0x1e</size>
         <input_file_ref idref="fl-14a"/>
      </object_component>
      <object_component id="oc-25e">
         <name>.text:SoundVolumeUp</name>
         <load_address>0x728c</load_address>
         <run_address>0x728c</run_address>
         <size>0x1c</size>
         <input_file_ref idref="fl-8"/>
      </object_component>
      <object_component id="oc-181">
         <name>.text:_SysCtlMemTimingGet</name>
         <load_address>0x72a8</load_address>
         <run_address>0x72a8</run_address>
         <size>0x1c</size>
         <input_file_ref idref="fl-144"/>
      </object_component>
      <object_component id="oc-264">
         <name>.text:SoundVolumeDown</name>
         <load_address>0x72c4</load_address>
         <run_address>0x72c4</run_address>
         <size>0x18</size>
         <input_file_ref idref="fl-8"/>
      </object_component>
      <object_component id="oc-55">
         <name>.text</name>
         <load_address>0x72dc</load_address>
         <run_address>0x72dc</run_address>
         <size>0x18</size>
         <input_file_ref idref="fl-140"/>
      </object_component>
      <object_component id="oc-294">
         <name>.text:Kentec320x240x16_SSD2119ColorTranslate</name>
         <load_address>0x72f4</load_address>
         <run_address>0x72f4</run_address>
         <size>0x16</size>
         <input_file_ref idref="fl-6"/>
      </object_component>
      <object_component id="oc-167">
         <name>.text</name>
         <load_address>0x730c</load_address>
         <run_address>0x730c</run_address>
         <size>0x14</size>
         <input_file_ref idref="fl-13f"/>
      </object_component>
      <object_component id="oc-1a2">
         <name>.text:GPIOPinTypeEthernetLED</name>
         <load_address>0x7320</load_address>
         <run_address>0x7320</run_address>
         <size>0x12</size>
         <input_file_ref idref="fl-147"/>
      </object_component>
      <object_component id="oc-20d">
         <name>.text:GrStringDraw</name>
         <load_address>0x7332</load_address>
         <run_address>0x7332</run_address>
         <size>0x12</size>
         <input_file_ref idref="fl-14a"/>
      </object_component>
      <object_component id="oc-1c">
         <name>.text:decompress:ZI</name>
         <load_address>0x7344</load_address>
         <run_address>0x7344</run_address>
         <size>0x12</size>
         <input_file_ref idref="fl-13b"/>
      </object_component>
      <object_component id="oc-1f5">
         <name>.text:GrImageDraw</name>
         <load_address>0x7356</load_address>
         <run_address>0x7356</run_address>
         <size>0xe</size>
         <input_file_ref idref="fl-14d"/>
      </object_component>
      <object_component id="oc-16">
         <name>.text:decompress:none</name>
         <load_address>0x7364</load_address>
         <run_address>0x7364</run_address>
         <size>0xe</size>
         <input_file_ref idref="fl-139"/>
      </object_component>
      <object_component id="oc-1ce">
         <name>.text:LCDIDDCommandWrite</name>
         <load_address>0x7372</load_address>
         <run_address>0x7372</run_address>
         <size>0xc</size>
         <input_file_ref idref="fl-145"/>
      </object_component>
      <object_component id="oc-1d4">
         <name>.text:LCDIDDDataWrite</name>
         <load_address>0x737e</load_address>
         <run_address>0x737e</run_address>
         <size>0xc</size>
         <input_file_ref idref="fl-145"/>
      </object_component>
      <object_component id="oc-132">
         <name>.text:SoundVolumeSet</name>
         <load_address>0x738c</load_address>
         <run_address>0x738c</run_address>
         <size>0xc</size>
         <input_file_ref idref="fl-8"/>
      </object_component>
      <object_component id="oc-126">
         <name>.text:TouchScreenCallbackSet</name>
         <load_address>0x7398</load_address>
         <run_address>0x7398</run_address>
         <size>0xc</size>
         <input_file_ref idref="fl-9"/>
      </object_component>
      <object_component id="oc-301">
         <name>.text:GrMapISO8859_1_Unicode</name>
         <load_address>0x73a4</load_address>
         <run_address>0x73a4</run_address>
         <size>0x8</size>
         <input_file_ref idref="fl-14f"/>
      </object_component>
      <object_component id="oc-1af">
         <name>.text:GPIOPinWrite</name>
         <load_address>0x73ac</load_address>
         <run_address>0x73ac</run_address>
         <size>0x6</size>
         <input_file_ref idref="fl-147"/>
      </object_component>
      <object_component id="oc-1fb">
         <name>.text:GrContextFontSet</name>
         <load_address>0x73b2</load_address>
         <run_address>0x73b2</run_address>
         <size>0x6</size>
         <input_file_ref idref="fl-14a"/>
      </object_component>
      <object_component id="oc-29">
         <name>.text:ResetISR</name>
         <load_address>0x73b8</load_address>
         <run_address>0x73b8</run_address>
         <size>0x6</size>
         <input_file_ref idref="fl-2"/>
      </object_component>
      <object_component id="oc-1b5">
         <name>.text:SysCtlDelay</name>
         <load_address>0x73be</load_address>
         <run_address>0x73be</run_address>
         <size>0x6</size>
         <input_file_ref idref="fl-144"/>
      </object_component>
      <object_component id="oc-22">
         <name>.text:decompress:rle24</name>
         <load_address>0x73c4</load_address>
         <run_address>0x73c4</run_address>
         <size>0x6</size>
         <input_file_ref idref="fl-13a"/>
      </object_component>
      <object_component id="oc-1bc">
         <name>.text:LCDDMAConfigSet</name>
         <load_address>0x73ca</load_address>
         <run_address>0x73ca</run_address>
         <size>0x4</size>
         <input_file_ref idref="fl-145"/>
      </object_component>
      <object_component id="oc-1c2">
         <name>.text:LCDIDDConfigSet</name>
         <load_address>0x73ce</load_address>
         <run_address>0x73ce</run_address>
         <size>0x4</size>
         <input_file_ref idref="fl-145"/>
      </object_component>
      <object_component id="oc-216">
         <name>.const:.string:g_pui8Top</name>
         <load_address>0x200</load_address>
         <run_address>0x200</run_address>
         <size>0x1a46</size>
         <input_file_ref idref="fl-5"/>
      </object_component>
      <object_component id="oc-225">
         <name>.const:.string:g_pui8Bottom</name>
         <load_address>0x1c46</load_address>
         <run_address>0x1c46</run_address>
         <size>0x786</size>
         <input_file_ref idref="fl-5"/>
      </object_component>
      <object_component id="oc-330">
         <name>.const:.string:g_pui8Cmss18bData</name>
         <load_address>0x23cc</load_address>
         <run_address>0x23cc</run_address>
         <size>0x782</size>
         <input_file_ref idref="fl-149"/>
      </object_component>
      <object_component id="oc-21c">
         <name>.const:.string:g_pui8Left</name>
         <load_address>0x2b4e</load_address>
         <run_address>0x2b4e</run_address>
         <size>0x546</size>
         <input_file_ref idref="fl-5"/>
      </object_component>
      <object_component id="oc-21f">
         <name>.const:.string:g_pui8Right</name>
         <load_address>0x3094</load_address>
         <run_address>0x3094</run_address>
         <size>0x546</size>
         <input_file_ref idref="fl-5"/>
      </object_component>
      <object_component id="oc-213">
         <name>.const:.string:g_pui8TopLeft</name>
         <load_address>0x35da</load_address>
         <run_address>0x35da</run_address>
         <size>0x17c</size>
         <input_file_ref idref="fl-5"/>
      </object_component>
      <object_component id="oc-219">
         <name>.const:.string:g_pui8TopRight</name>
         <load_address>0x3756</load_address>
         <run_address>0x3756</run_address>
         <size>0x173</size>
         <input_file_ref idref="fl-5"/>
      </object_component>
      <object_component id="oc-18d">
         <name>.const:g_pppui32XTALtoVCO</name>
         <load_address>0x38cc</load_address>
         <run_address>0x38cc</run_address>
         <size>0x120</size>
         <input_file_ref idref="fl-144"/>
      </object_component>
      <object_component id="oc-349">
         <name>.const:g_pui16FixedSineTable</name>
         <load_address>0x39ec</load_address>
         <run_address>0x39ec</run_address>
         <size>0x102</size>
         <input_file_ref idref="fl-4"/>
      </object_component>
      <object_component id="oc-147">
         <name>.const:g_psWhiteKeys</name>
         <load_address>0x3af0</load_address>
         <run_address>0x3af0</run_address>
         <size>0xe0</size>
         <input_file_ref idref="fl-3"/>
      </object_component>
      <object_component id="oc-222">
         <name>.const:.string:g_pui8BottomLeft</name>
         <load_address>0x3bd0</load_address>
         <run_address>0x3bd0</run_address>
         <size>0xd0</size>
         <input_file_ref idref="fl-5"/>
      </object_component>
      <object_component id="oc-22b">
         <name>.const:g_sFontCmss18b</name>
         <load_address>0x3ca0</load_address>
         <run_address>0x3ca0</run_address>
         <size>0xc8</size>
         <input_file_ref idref="fl-149"/>
      </object_component>
      <object_component id="oc-228">
         <name>.const:.string:g_pui8BottomRight</name>
         <load_address>0x3d68</load_address>
         <run_address>0x3d68</run_address>
         <size>0xc4</size>
         <input_file_ref idref="fl-5"/>
      </object_component>
      <object_component id="oc-14a">
         <name>.const:g_psBlackKeys</name>
         <load_address>0x3e2c</load_address>
         <run_address>0x3e2c</run_address>
         <size>0x8c</size>
         <input_file_ref idref="fl-3"/>
      </object_component>
      <object_component id="oc-193">
         <name>.const:g_pui32Xtals</name>
         <load_address>0x3eb8</load_address>
         <run_address>0x3eb8</run_address>
         <size>0x6c</size>
         <input_file_ref idref="fl-144"/>
      </object_component>
      <object_component id="oc-2b7">
         <name>.const:g_sXTALtoMEMTIM</name>
         <load_address>0x3f24</load_address>
         <run_address>0x3f24</run_address>
         <size>0x38</size>
         <input_file_ref idref="fl-144"/>
      </object_component>
      <object_component id="oc-144">
         <name>.const:g_sKentec320x240x16_SSD2119</name>
         <load_address>0x3f5c</load_address>
         <run_address>0x3f5c</run_address>
         <size>0x28</size>
         <input_file_ref idref="fl-6"/>
      </object_component>
      <object_component id="oc-d3">
         <name>.const</name>
         <load_address>0x3f84</load_address>
         <run_address>0x3f84</run_address>
         <size>0x1c</size>
         <input_file_ref idref="fl-9"/>
      </object_component>
      <object_component id="oc-1e7">
         <name>.const</name>
         <load_address>0x3fa0</load_address>
         <run_address>0x3fa0</run_address>
         <size>0x10</size>
         <input_file_ref idref="fl-14e"/>
      </object_component>
      <object_component id="oc-190">
         <name>.const</name>
         <load_address>0x3fb0</load_address>
         <run_address>0x3fb0</run_address>
         <size>0x8</size>
         <input_file_ref idref="fl-144"/>
      </object_component>
      <object_component id="oc-3c6">
         <name>.cinit..data.load</name>
         <load_address>0x73d8</load_address>
         <run_address>0x73d8</run_address>
         <size>0x17</size>
      </object_component>
      <object_component id="oc-3c4">
         <name>__TI_handler_table</name>
         <load_address>0x73f0</load_address>
         <run_address>0x73f0</run_address>
         <size>0xc</size>
      </object_component>
      <object_component id="oc-3c7">
         <name>.cinit..bss.load</name>
         <load_address>0x7400</load_address>
         <run_address>0x7400</run_address>
         <size>0x8</size>
      </object_component>
      <object_component id="oc-3c5">
         <name>__TI_cinit_table</name>
         <load_address>0x7408</load_address>
         <run_address>0x7408</run_address>
         <size>0x10</size>
      </object_component>
      <object_component id="oc-61">
         <name>.data</name>
         <load_address>0x20001480</load_address>
         <run_address>0x20001480</run_address>
         <size>0x4</size>
         <input_file_ref idref="fl-13e"/>
      </object_component>
      <object_component id="oc-b4">
         <name>.data</name>
         <load_address>0x20001470</load_address>
         <run_address>0x20001470</run_address>
         <size>0x8</size>
         <input_file_ref idref="fl-13f"/>
      </object_component>
      <object_component id="oc-b7">
         <name>.data</name>
         <load_address>0x20001478</load_address>
         <run_address>0x20001478</run_address>
         <size>0x8</size>
         <input_file_ref idref="fl-13c"/>
      </object_component>
      <object_component id="oc-d6">
         <name>.data</name>
         <load_address>0x20001488</load_address>
         <run_address>0x20001488</run_address>
         <size>0x4</size>
         <input_file_ref idref="fl-9"/>
      </object_component>
      <object_component id="oc-272">
         <name>.data</name>
         <load_address>0x20001484</load_address>
         <run_address>0x20001484</run_address>
         <size>0x4</size>
         <input_file_ref idref="fl-3"/>
      </object_component>
      <object_component id="oc-95">
         <name>.bss:g_sSoundState</name>
         <uninitialized>true</uninitialized>
         <run_address>0x20001000</run_address>
         <size>0x24</size>
         <input_file_ref idref="fl-8"/>
      </object_component>
      <object_component id="oc-153">
         <name>.bss:g_pi16AudioBuffer</name>
         <uninitialized>true</uninitialized>
         <run_address>0x20000000</run_address>
         <size>0x1000</size>
         <input_file_ref idref="fl-3"/>
      </object_component>
      <object_component id="oc-1ea">
         <name>.bss</name>
         <uninitialized>true</uninitialized>
         <run_address>0x20001054</run_address>
         <size>0x4</size>
         <input_file_ref idref="fl-14e"/>
      </object_component>
      <object_component id="oc-382">
         <name>.bss</name>
         <uninitialized>true</uninitialized>
         <run_address>0x20001024</run_address>
         <size>0x20</size>
         <input_file_ref idref="fl-14d"/>
      </object_component>
      <object_component id="oc-2a9">
         <name>.common:g_ui32Flags</name>
         <uninitialized>true</uninitialized>
         <run_address>0x20001064</run_address>
         <size>0x4</size>
      </object_component>
      <object_component id="oc-271">
         <name>.common:g_ui32AudioPos</name>
         <uninitialized>true</uninitialized>
         <run_address>0x2000105c</run_address>
         <size>0x4</size>
      </object_component>
      <object_component id="oc-270">
         <name>.common:g_ui32AudioStep</name>
         <uninitialized>true</uninitialized>
         <run_address>0x20001060</run_address>
         <size>0x4</size>
      </object_component>
      <object_component id="oc-257">
         <name>.common:g_ui32TSState</name>
         <uninitialized>true</uninitialized>
         <run_address>0x20001068</run_address>
         <size>0x4</size>
      </object_component>
      <object_component id="oc-259">
         <name>.common:g_pfnTSHandler</name>
         <uninitialized>true</uninitialized>
         <run_address>0x20001058</run_address>
         <size>0x4</size>
      </object_component>
      <object_component id="oc-d9">
         <name>.common:g_pi16Samples</name>
         <uninitialized>true</uninitialized>
         <run_address>0x20001044</run_address>
         <size>0x10</size>
      </object_component>
      <object_component id="oc-d1">
         <name>.common:g_i16TouchX</name>
         <uninitialized>true</uninitialized>
         <run_address>0x2000106c</run_address>
         <size>0x2</size>
      </object_component>
      <object_component id="oc-d2">
         <name>.common:g_i16TouchY</name>
         <uninitialized>true</uninitialized>
         <run_address>0x2000106e</run_address>
         <size>0x2</size>
      </object_component>
      <object_component id="oc-28">
         <name>.stack</name>
         <uninitialized>true</uninitialized>
         <run_address>0x20001070</run_address>
         <size>0x0</size>
         <input_file_ref idref="fl-138"/>
      </object_component>
      <object_component id="oc-3c8">
         <name>.stack</name>
         <uninitialized>true</uninitialized>
         <run_address>0x20001070</run_address>
         <size>0x0</size>
      </object_component>
      <object_component id="oc-f">
         <name>.debug_info</name>
         <load_address>0x0</load_address>
         <run_address>0x0</run_address>
         <size>0xc9</size>
         <input_file_ref idref="fl-2"/>
      </object_component>
      <object_component id="oc-14">
         <name>.debug_info</name>
         <load_address>0xc9</load_address>
         <run_address>0xc9</run_address>
         <size>0xf3</size>
         <input_file_ref idref="fl-138"/>
      </object_component>
      <object_component id="oc-19">
         <name>.debug_info</name>
         <load_address>0x1bc</load_address>
         <run_address>0x1bc</run_address>
         <size>0x194</size>
         <input_file_ref idref="fl-139"/>
      </object_component>
      <object_component id="oc-1f">
         <name>.debug_info</name>
         <load_address>0x350</load_address>
         <run_address>0x350</run_address>
         <size>0x16a</size>
         <input_file_ref idref="fl-13b"/>
      </object_component>
      <object_component id="oc-24">
         <name>.debug_info</name>
         <load_address>0x4ba</load_address>
         <run_address>0x4ba</run_address>
         <size>0x18e</size>
         <input_file_ref idref="fl-13a"/>
      </object_component>
      <object_component id="oc-2a">
         <name>.debug_info</name>
         <load_address>0x648</load_address>
         <run_address>0x648</run_address>
         <size>0xf9</size>
         <input_file_ref idref="fl-2"/>
      </object_component>
      <object_component id="oc-30">
         <name>.debug_info</name>
         <load_address>0x741</load_address>
         <run_address>0x741</run_address>
         <size>0xe7</size>
         <input_file_ref idref="fl-2"/>
      </object_component>
      <object_component id="oc-36">
         <name>.debug_info</name>
         <load_address>0x828</load_address>
         <run_address>0x828</run_address>
         <size>0xee</size>
         <input_file_ref idref="fl-2"/>
      </object_component>
      <object_component id="oc-3c">
         <name>.debug_info</name>
         <load_address>0x916</load_address>
         <run_address>0x916</run_address>
         <size>0x102</size>
         <input_file_ref idref="fl-2"/>
      </object_component>
      <object_component id="oc-42">
         <name>.debug_info</name>
         <load_address>0xa18</load_address>
         <run_address>0xa18</run_address>
         <size>0x1ee</size>
         <input_file_ref idref="fl-9"/>
      </object_component>
      <object_component id="oc-48">
         <name>.debug_info</name>
         <load_address>0xc06</load_address>
         <run_address>0xc06</run_address>
         <size>0x1fb</size>
         <input_file_ref idref="fl-8"/>
      </object_component>
      <object_component id="oc-4f">
         <name>.debug_info</name>
         <load_address>0xe01</load_address>
         <run_address>0xe01</run_address>
         <size>0x13c</size>
         <input_file_ref idref="fl-2"/>
      </object_component>
      <object_component id="oc-52">
         <name>.debug_info</name>
         <load_address>0xf3d</load_address>
         <run_address>0xf3d</run_address>
         <size>0x13d</size>
         <input_file_ref idref="fl-141"/>
      </object_component>
      <object_component id="oc-56">
         <name>.debug_info</name>
         <load_address>0x107a</load_address>
         <run_address>0x107a</run_address>
         <size>0x11c</size>
         <input_file_ref idref="fl-140"/>
      </object_component>
      <object_component id="oc-5e">
         <name>.debug_info</name>
         <load_address>0x1196</load_address>
         <run_address>0x1196</run_address>
         <size>0x1c2</size>
         <input_file_ref idref="fl-13c"/>
      </object_component>
      <object_component id="oc-62">
         <name>.debug_info</name>
         <load_address>0x1358</load_address>
         <run_address>0x1358</run_address>
         <size>0xbe</size>
         <input_file_ref idref="fl-13e"/>
      </object_component>
      <object_component id="oc-67">
         <name>.debug_info</name>
         <load_address>0x1416</load_address>
         <run_address>0x1416</run_address>
         <size>0xcc</size>
         <input_file_ref idref="fl-13d"/>
      </object_component>
      <object_component id="oc-6b">
         <name>.debug_info</name>
         <load_address>0x14e2</load_address>
         <run_address>0x14e2</run_address>
         <size>0x46</size>
         <input_file_ref idref="fl-139"/>
      </object_component>
      <object_component id="oc-70">
         <name>.debug_info</name>
         <load_address>0x1528</load_address>
         <run_address>0x1528</run_address>
         <size>0xf2</size>
         <input_file_ref idref="fl-139"/>
      </object_component>
      <object_component id="oc-72">
         <name>.debug_info</name>
         <load_address>0x161a</load_address>
         <run_address>0x161a</run_address>
         <size>0x46</size>
         <input_file_ref idref="fl-13b"/>
      </object_component>
      <object_component id="oc-77">
         <name>.debug_info</name>
         <load_address>0x1660</load_address>
         <run_address>0x1660</run_address>
         <size>0xad</size>
         <input_file_ref idref="fl-13b"/>
      </object_component>
      <object_component id="oc-7a">
         <name>.debug_info</name>
         <load_address>0x170d</load_address>
         <run_address>0x170d</run_address>
         <size>0x1ef</size>
         <input_file_ref idref="fl-13a"/>
      </object_component>
      <object_component id="oc-7f">
         <name>.debug_info</name>
         <load_address>0x18fc</load_address>
         <run_address>0x18fc</run_address>
         <size>0xb7</size>
         <input_file_ref idref="fl-13a"/>
      </object_component>
      <object_component id="oc-80">
         <name>.debug_info</name>
         <load_address>0x19b3</load_address>
         <run_address>0x19b3</run_address>
         <size>0x39</size>
         <input_file_ref idref="fl-13a"/>
      </object_component>
      <object_component id="oc-8a">
         <name>.debug_info</name>
         <load_address>0x19ec</load_address>
         <run_address>0x19ec</run_address>
         <size>0x23a</size>
         <input_file_ref idref="fl-9"/>
      </object_component>
      <object_component id="oc-90">
         <name>.debug_info</name>
         <load_address>0x1c26</load_address>
         <run_address>0x1c26</run_address>
         <size>0x493</size>
         <input_file_ref idref="fl-9"/>
      </object_component>
      <object_component id="oc-96">
         <name>.debug_info</name>
         <load_address>0x20b9</load_address>
         <run_address>0x20b9</run_address>
         <size>0x109</size>
         <input_file_ref idref="fl-8"/>
      </object_component>
      <object_component id="oc-9b">
         <name>.debug_info</name>
         <load_address>0x21c2</load_address>
         <run_address>0x21c2</run_address>
         <size>0x84</size>
         <input_file_ref idref="fl-2"/>
      </object_component>
      <object_component id="oc-a0">
         <name>.debug_info</name>
         <load_address>0x2246</load_address>
         <run_address>0x2246</run_address>
         <size>0x18b</size>
         <input_file_ref idref="fl-2"/>
      </object_component>
      <object_component id="oc-a6">
         <name>.debug_info</name>
         <load_address>0x23d1</load_address>
         <run_address>0x23d1</run_address>
         <size>0x14b</size>
         <input_file_ref idref="fl-142"/>
      </object_component>
      <object_component id="oc-ad">
         <name>.debug_info</name>
         <load_address>0x251c</load_address>
         <run_address>0x251c</run_address>
         <size>0x424</size>
         <input_file_ref idref="fl-3"/>
      </object_component>
      <object_component id="oc-b3">
         <name>.debug_info</name>
         <load_address>0x2940</load_address>
         <run_address>0x2940</run_address>
         <size>0x11b</size>
         <input_file_ref idref="fl-140"/>
      </object_component>
      <object_component id="oc-b5">
         <name>.debug_info</name>
         <load_address>0x2a5b</load_address>
         <run_address>0x2a5b</run_address>
         <size>0xc8</size>
         <input_file_ref idref="fl-13f"/>
      </object_component>
      <object_component id="oc-b8">
         <name>.debug_info</name>
         <load_address>0x2b23</load_address>
         <run_address>0x2b23</run_address>
         <size>0xeb</size>
         <input_file_ref idref="fl-13c"/>
      </object_component>
      <object_component id="oc-bb">
         <name>.debug_info</name>
         <load_address>0x2c0e</load_address>
         <run_address>0x2c0e</run_address>
         <size>0x146</size>
         <input_file_ref idref="fl-13c"/>
      </object_component>
      <object_component id="oc-c0">
         <name>.debug_info</name>
         <load_address>0x2d54</load_address>
         <run_address>0x2d54</run_address>
         <size>0x2c</size>
         <input_file_ref idref="fl-139"/>
      </object_component>
      <object_component id="oc-c7">
         <name>.debug_info</name>
         <load_address>0x2d80</load_address>
         <run_address>0x2d80</run_address>
         <size>0x2c</size>
         <input_file_ref idref="fl-13b"/>
      </object_component>
      <object_component id="oc-d4">
         <name>.debug_info</name>
         <load_address>0x2dac</load_address>
         <run_address>0x2dac</run_address>
         <size>0x11a</size>
         <input_file_ref idref="fl-9"/>
      </object_component>
      <object_component id="oc-d7">
         <name>.debug_info</name>
         <load_address>0x2ec6</load_address>
         <run_address>0x2ec6</run_address>
         <size>0x150</size>
         <input_file_ref idref="fl-9"/>
      </object_component>
      <object_component id="oc-de">
         <name>.debug_info</name>
         <load_address>0x3016</load_address>
         <run_address>0x3016</run_address>
         <size>0x6bd</size>
         <input_file_ref idref="fl-3"/>
      </object_component>
      <object_component id="oc-e3">
         <name>.debug_info</name>
         <load_address>0x36d3</load_address>
         <run_address>0x36d3</run_address>
         <size>0xc6</size>
         <input_file_ref idref="fl-3"/>
      </object_component>
      <object_component id="oc-e8">
         <name>.debug_info</name>
         <load_address>0x3799</load_address>
         <run_address>0x3799</run_address>
         <size>0x8b</size>
         <input_file_ref idref="fl-3"/>
      </object_component>
      <object_component id="oc-ef">
         <name>.debug_info</name>
         <load_address>0x3824</load_address>
         <run_address>0x3824</run_address>
         <size>0xf8</size>
         <input_file_ref idref="fl-8"/>
      </object_component>
      <object_component id="oc-f5">
         <name>.debug_info</name>
         <load_address>0x391c</load_address>
         <run_address>0x391c</run_address>
         <size>0x148</size>
         <input_file_ref idref="fl-142"/>
      </object_component>
      <object_component id="oc-f7">
         <name>.debug_info</name>
         <load_address>0x3a64</load_address>
         <run_address>0x3a64</run_address>
         <size>0x4c5</size>
         <input_file_ref idref="fl-144"/>
      </object_component>
      <object_component id="oc-fd">
         <name>.debug_info</name>
         <load_address>0x3f29</load_address>
         <run_address>0x3f29</run_address>
         <size>0x45e</size>
         <input_file_ref idref="fl-7"/>
      </object_component>
      <object_component id="oc-103">
         <name>.debug_info</name>
         <load_address>0x4387</load_address>
         <run_address>0x4387</run_address>
         <size>0xb58</size>
         <input_file_ref idref="fl-6"/>
      </object_component>
      <object_component id="oc-10b">
         <name>.debug_info</name>
         <load_address>0x4edf</load_address>
         <run_address>0x4edf</run_address>
         <size>0x1e1</size>
         <input_file_ref idref="fl-14e"/>
      </object_component>
      <object_component id="oc-10f">
         <name>.debug_info</name>
         <load_address>0x50c0</load_address>
         <run_address>0x50c0</run_address>
         <size>0x454</size>
         <input_file_ref idref="fl-5"/>
      </object_component>
      <object_component id="oc-115">
         <name>.debug_info</name>
         <load_address>0x5514</load_address>
         <run_address>0x5514</run_address>
         <size>0x3df</size>
         <input_file_ref idref="fl-14c"/>
      </object_component>
      <object_component id="oc-11b">
         <name>.debug_info</name>
         <load_address>0x58f3</load_address>
         <run_address>0x58f3</run_address>
         <size>0x1e8</size>
         <input_file_ref idref="fl-14b"/>
      </object_component>
      <object_component id="oc-121">
         <name>.debug_info</name>
         <load_address>0x5adb</load_address>
         <run_address>0x5adb</run_address>
         <size>0x277</size>
         <input_file_ref idref="fl-9"/>
      </object_component>
      <object_component id="oc-127">
         <name>.debug_info</name>
         <load_address>0x5d52</load_address>
         <run_address>0x5d52</run_address>
         <size>0x213</size>
         <input_file_ref idref="fl-9"/>
      </object_component>
      <object_component id="oc-12d">
         <name>.debug_info</name>
         <load_address>0x5f65</load_address>
         <run_address>0x5f65</run_address>
         <size>0x235</size>
         <input_file_ref idref="fl-8"/>
      </object_component>
      <object_component id="oc-133">
         <name>.debug_info</name>
         <load_address>0x619a</load_address>
         <run_address>0x619a</run_address>
         <size>0x1fb</size>
         <input_file_ref idref="fl-8"/>
      </object_component>
      <object_component id="oc-139">
         <name>.debug_info</name>
         <load_address>0x6395</load_address>
         <run_address>0x6395</run_address>
         <size>0x2b9</size>
         <input_file_ref idref="fl-8"/>
      </object_component>
      <object_component id="oc-13f">
         <name>.debug_info</name>
         <load_address>0x664e</load_address>
         <run_address>0x664e</run_address>
         <size>0x24a</size>
         <input_file_ref idref="fl-3"/>
      </object_component>
      <object_component id="oc-145">
         <name>.debug_info</name>
         <load_address>0x6898</load_address>
         <run_address>0x6898</run_address>
         <size>0x13a</size>
         <input_file_ref idref="fl-6"/>
      </object_component>
      <object_component id="oc-148">
         <name>.debug_info</name>
         <load_address>0x69d2</load_address>
         <run_address>0x69d2</run_address>
         <size>0xc4</size>
         <input_file_ref idref="fl-3"/>
      </object_component>
      <object_component id="oc-14b">
         <name>.debug_info</name>
         <load_address>0x6a96</load_address>
         <run_address>0x6a96</run_address>
         <size>0xc5</size>
         <input_file_ref idref="fl-3"/>
      </object_component>
      <object_component id="oc-14e">
         <name>.debug_info</name>
         <load_address>0x6b5b</load_address>
         <run_address>0x6b5b</run_address>
         <size>0x191</size>
         <input_file_ref idref="fl-3"/>
      </object_component>
      <object_component id="oc-154">
         <name>.debug_info</name>
         <load_address>0x6cec</load_address>
         <run_address>0x6cec</run_address>
         <size>0xcd</size>
         <input_file_ref idref="fl-3"/>
      </object_component>
      <object_component id="oc-157">
         <name>.debug_info</name>
         <load_address>0x6db9</load_address>
         <run_address>0x6db9</run_address>
         <size>0x126</size>
         <input_file_ref idref="fl-3"/>
      </object_component>
      <object_component id="oc-15d">
         <name>.debug_info</name>
         <load_address>0x6edf</load_address>
         <run_address>0x6edf</run_address>
         <size>0x712</size>
         <input_file_ref idref="fl-3"/>
      </object_component>
      <object_component id="oc-162">
         <name>.debug_info</name>
         <load_address>0x75f1</load_address>
         <run_address>0x75f1</run_address>
         <size>0x5e</size>
         <input_file_ref idref="fl-140"/>
      </object_component>
      <object_component id="oc-16a">
         <name>.debug_info</name>
         <load_address>0x764f</load_address>
         <run_address>0x764f</run_address>
         <size>0x1d4</size>
         <input_file_ref idref="fl-13f"/>
      </object_component>
      <object_component id="oc-16f">
         <name>.debug_info</name>
         <load_address>0x7823</load_address>
         <run_address>0x7823</run_address>
         <size>0xd9</size>
         <input_file_ref idref="fl-13f"/>
      </object_component>
      <object_component id="oc-179">
         <name>.debug_info</name>
         <load_address>0x78fc</load_address>
         <run_address>0x78fc</run_address>
         <size>0x135</size>
         <input_file_ref idref="fl-8"/>
      </object_component>
      <object_component id="oc-17c">
         <name>.debug_info</name>
         <load_address>0x7a31</load_address>
         <run_address>0x7a31</run_address>
         <size>0xcd</size>
         <input_file_ref idref="fl-142"/>
      </object_component>
      <object_component id="oc-182">
         <name>.debug_info</name>
         <load_address>0x7afe</load_address>
         <run_address>0x7afe</run_address>
         <size>0x265</size>
         <input_file_ref idref="fl-144"/>
      </object_component>
      <object_component id="oc-188">
         <name>.debug_info</name>
         <load_address>0x7d63</load_address>
         <run_address>0x7d63</run_address>
         <size>0x21e</size>
         <input_file_ref idref="fl-144"/>
      </object_component>
      <object_component id="oc-18e">
         <name>.debug_info</name>
         <load_address>0x7f81</load_address>
         <run_address>0x7f81</run_address>
         <size>0x10b</size>
         <input_file_ref idref="fl-144"/>
      </object_component>
      <object_component id="oc-191">
         <name>.debug_info</name>
         <load_address>0x808c</load_address>
         <run_address>0x808c</run_address>
         <size>0x112</size>
         <input_file_ref idref="fl-144"/>
      </object_component>
      <object_component id="oc-194">
         <name>.debug_info</name>
         <load_address>0x819e</load_address>
         <run_address>0x819e</run_address>
         <size>0xff</size>
         <input_file_ref idref="fl-144"/>
      </object_component>
      <object_component id="oc-197">
         <name>.debug_info</name>
         <load_address>0x829d</load_address>
         <run_address>0x829d</run_address>
         <size>0x18b</size>
         <input_file_ref idref="fl-143"/>
      </object_component>
      <object_component id="oc-19c">
         <name>.debug_info</name>
         <load_address>0x8428</load_address>
         <run_address>0x8428</run_address>
         <size>0x90</size>
         <input_file_ref idref="fl-143"/>
      </object_component>
      <object_component id="oc-1a1">
         <name>.debug_info</name>
         <load_address>0x84b8</load_address>
         <run_address>0x84b8</run_address>
         <size>0x226</size>
         <input_file_ref idref="fl-144"/>
      </object_component>
      <object_component id="oc-1a3">
         <name>.debug_info</name>
         <load_address>0x86de</load_address>
         <run_address>0x86de</run_address>
         <size>0x1ed</size>
         <input_file_ref idref="fl-147"/>
      </object_component>
      <object_component id="oc-1aa">
         <name>.debug_info</name>
         <load_address>0x88cb</load_address>
         <run_address>0x88cb</run_address>
         <size>0x1e1</size>
         <input_file_ref idref="fl-144"/>
      </object_component>
      <object_component id="oc-1b0">
         <name>.debug_info</name>
         <load_address>0x8aac</load_address>
         <run_address>0x8aac</run_address>
         <size>0x207</size>
         <input_file_ref idref="fl-147"/>
      </object_component>
      <object_component id="oc-1b8">
         <name>.debug_info</name>
         <load_address>0x8cb3</load_address>
         <run_address>0x8cb3</run_address>
         <size>0x24b</size>
         <input_file_ref idref="fl-145"/>
      </object_component>
      <object_component id="oc-1be">
         <name>.debug_info</name>
         <load_address>0x8efe</load_address>
         <run_address>0x8efe</run_address>
         <size>0x1ec</size>
         <input_file_ref idref="fl-145"/>
      </object_component>
      <object_component id="oc-1c4">
         <name>.debug_info</name>
         <load_address>0x90ea</load_address>
         <run_address>0x90ea</run_address>
         <size>0x1ea</size>
         <input_file_ref idref="fl-145"/>
      </object_component>
      <object_component id="oc-1ca">
         <name>.debug_info</name>
         <load_address>0x92d4</load_address>
         <run_address>0x92d4</run_address>
         <size>0x221</size>
         <input_file_ref idref="fl-145"/>
      </object_component>
      <object_component id="oc-1d0">
         <name>.debug_info</name>
         <load_address>0x94f5</load_address>
         <run_address>0x94f5</run_address>
         <size>0x227</size>
         <input_file_ref idref="fl-145"/>
      </object_component>
      <object_component id="oc-1d6">
         <name>.debug_info</name>
         <load_address>0x971c</load_address>
         <run_address>0x971c</run_address>
         <size>0x225</size>
         <input_file_ref idref="fl-145"/>
      </object_component>
      <object_component id="oc-1db">
         <name>.debug_info</name>
         <load_address>0x9941</load_address>
         <run_address>0x9941</run_address>
         <size>0x533</size>
         <input_file_ref idref="fl-6"/>
      </object_component>
      <object_component id="oc-1dc">
         <name>.debug_info</name>
         <load_address>0x9e74</load_address>
         <run_address>0x9e74</run_address>
         <size>0x1a4</size>
         <input_file_ref idref="fl-6"/>
      </object_component>
      <object_component id="oc-1e2">
         <name>.debug_info</name>
         <load_address>0xa018</load_address>
         <run_address>0xa018</run_address>
         <size>0x4dc</size>
         <input_file_ref idref="fl-14a"/>
      </object_component>
      <object_component id="oc-1e8">
         <name>.debug_info</name>
         <load_address>0xa4f4</load_address>
         <run_address>0xa4f4</run_address>
         <size>0x119</size>
         <input_file_ref idref="fl-14e"/>
      </object_component>
      <object_component id="oc-1eb">
         <name>.debug_info</name>
         <load_address>0xa60d</load_address>
         <run_address>0xa60d</run_address>
         <size>0x102</size>
         <input_file_ref idref="fl-14e"/>
      </object_component>
      <object_component id="oc-1ee">
         <name>.debug_info</name>
         <load_address>0xa70f</load_address>
         <run_address>0xa70f</run_address>
         <size>0x3de</size>
         <input_file_ref idref="fl-14e"/>
      </object_component>
      <object_component id="oc-1f1">
         <name>.debug_info</name>
         <load_address>0xaaed</load_address>
         <run_address>0xaaed</run_address>
         <size>0x209</size>
         <input_file_ref idref="fl-14e"/>
      </object_component>
      <object_component id="oc-1f7">
         <name>.debug_info</name>
         <load_address>0xacf6</load_address>
         <run_address>0xacf6</run_address>
         <size>0x1dc</size>
         <input_file_ref idref="fl-14d"/>
      </object_component>
      <object_component id="oc-1fc">
         <name>.debug_info</name>
         <load_address>0xaed2</load_address>
         <run_address>0xaed2</run_address>
         <size>0x1f1</size>
         <input_file_ref idref="fl-14a"/>
      </object_component>
      <object_component id="oc-202">
         <name>.debug_info</name>
         <load_address>0xb0c3</load_address>
         <run_address>0xb0c3</run_address>
         <size>0x465</size>
         <input_file_ref idref="fl-14a"/>
      </object_component>
      <object_component id="oc-208">
         <name>.debug_info</name>
         <load_address>0xb528</load_address>
         <run_address>0xb528</run_address>
         <size>0x224</size>
         <input_file_ref idref="fl-14a"/>
      </object_component>
      <object_component id="oc-20e">
         <name>.debug_info</name>
         <load_address>0xb74c</load_address>
         <run_address>0xb74c</run_address>
         <size>0x21b</size>
         <input_file_ref idref="fl-14a"/>
      </object_component>
      <object_component id="oc-214">
         <name>.debug_info</name>
         <load_address>0xb967</load_address>
         <run_address>0xb967</run_address>
         <size>0x109</size>
         <input_file_ref idref="fl-5"/>
      </object_component>
      <object_component id="oc-217">
         <name>.debug_info</name>
         <load_address>0xba70</load_address>
         <run_address>0xba70</run_address>
         <size>0x101</size>
         <input_file_ref idref="fl-5"/>
      </object_component>
      <object_component id="oc-21a">
         <name>.debug_info</name>
         <load_address>0xbb71</load_address>
         <run_address>0xbb71</run_address>
         <size>0x10c</size>
         <input_file_ref idref="fl-5"/>
      </object_component>
      <object_component id="oc-21d">
         <name>.debug_info</name>
         <load_address>0xbc7d</load_address>
         <run_address>0xbc7d</run_address>
         <size>0x104</size>
         <input_file_ref idref="fl-5"/>
      </object_component>
      <object_component id="oc-220">
         <name>.debug_info</name>
         <load_address>0xbd81</load_address>
         <run_address>0xbd81</run_address>
         <size>0x106</size>
         <input_file_ref idref="fl-5"/>
      </object_component>
      <object_component id="oc-223">
         <name>.debug_info</name>
         <load_address>0xbe87</load_address>
         <run_address>0xbe87</run_address>
         <size>0x110</size>
         <input_file_ref idref="fl-5"/>
      </object_component>
      <object_component id="oc-226">
         <name>.debug_info</name>
         <load_address>0xbf97</load_address>
         <run_address>0xbf97</run_address>
         <size>0x108</size>
         <input_file_ref idref="fl-5"/>
      </object_component>
      <object_component id="oc-229">
         <name>.debug_info</name>
         <load_address>0xc09f</load_address>
         <run_address>0xc09f</run_address>
         <size>0x112</size>
         <input_file_ref idref="fl-5"/>
      </object_component>
      <object_component id="oc-22c">
         <name>.debug_info</name>
         <load_address>0xc1b1</load_address>
         <run_address>0xc1b1</run_address>
         <size>0x107</size>
         <input_file_ref idref="fl-149"/>
      </object_component>
      <object_component id="oc-22f">
         <name>.debug_info</name>
         <load_address>0xc2b8</load_address>
         <run_address>0xc2b8</run_address>
         <size>0x530</size>
         <input_file_ref idref="fl-5"/>
      </object_component>
      <object_component id="oc-231">
         <name>.debug_info</name>
         <load_address>0xc7e8</load_address>
         <run_address>0xc7e8</run_address>
         <size>0x3e9</size>
         <input_file_ref idref="fl-14c"/>
      </object_component>
      <object_component id="oc-237">
         <name>.debug_info</name>
         <load_address>0xcbd1</load_address>
         <run_address>0xcbd1</run_address>
         <size>0x20f</size>
         <input_file_ref idref="fl-14c"/>
      </object_component>
      <object_component id="oc-23d">
         <name>.debug_info</name>
         <load_address>0xcde0</load_address>
         <run_address>0xcde0</run_address>
         <size>0x20f</size>
         <input_file_ref idref="fl-14c"/>
      </object_component>
      <object_component id="oc-243">
         <name>.debug_info</name>
         <load_address>0xcfef</load_address>
         <run_address>0xcfef</run_address>
         <size>0x310</size>
         <input_file_ref idref="fl-14c"/>
      </object_component>
      <object_component id="oc-244">
         <name>.debug_info</name>
         <load_address>0xd2ff</load_address>
         <run_address>0xd2ff</run_address>
         <size>0x18b</size>
         <input_file_ref idref="fl-149"/>
      </object_component>
      <object_component id="oc-24a">
         <name>.debug_info</name>
         <load_address>0xd48a</load_address>
         <run_address>0xd48a</run_address>
         <size>0x385</size>
         <input_file_ref idref="fl-14b"/>
      </object_component>
      <object_component id="oc-24b">
         <name>.debug_info</name>
         <load_address>0xd80f</load_address>
         <run_address>0xd80f</run_address>
         <size>0x6bd</size>
         <input_file_ref idref="fl-14b"/>
      </object_component>
      <object_component id="oc-251">
         <name>.debug_info</name>
         <load_address>0xdecc</load_address>
         <run_address>0xdecc</run_address>
         <size>0x23b</size>
         <input_file_ref idref="fl-143"/>
      </object_component>
      <object_component id="oc-25f">
         <name>.debug_info</name>
         <load_address>0xe107</load_address>
         <run_address>0xe107</run_address>
         <size>0x1f9</size>
         <input_file_ref idref="fl-8"/>
      </object_component>
      <object_component id="oc-265">
         <name>.debug_info</name>
         <load_address>0xe300</load_address>
         <run_address>0xe300</run_address>
         <size>0x1fd</size>
         <input_file_ref idref="fl-8"/>
      </object_component>
      <object_component id="oc-26b">
         <name>.debug_info</name>
         <load_address>0xe4fd</load_address>
         <run_address>0xe4fd</run_address>
         <size>0x1a2</size>
         <input_file_ref idref="fl-4"/>
      </object_component>
      <object_component id="oc-273">
         <name>.debug_info</name>
         <load_address>0xe69f</load_address>
         <run_address>0xe69f</run_address>
         <size>0xbe</size>
         <input_file_ref idref="fl-3"/>
      </object_component>
      <object_component id="oc-277">
         <name>.debug_info</name>
         <load_address>0xe75d</load_address>
         <run_address>0xe75d</run_address>
         <size>0x38f</size>
         <input_file_ref idref="fl-6"/>
      </object_component>
      <object_component id="oc-27d">
         <name>.debug_info</name>
         <load_address>0xeaec</load_address>
         <run_address>0xeaec</run_address>
         <size>0x5c8</size>
         <input_file_ref idref="fl-6"/>
      </object_component>
      <object_component id="oc-283">
         <name>.debug_info</name>
         <load_address>0xf0b4</load_address>
         <run_address>0xf0b4</run_address>
         <size>0x3ff</size>
         <input_file_ref idref="fl-6"/>
      </object_component>
      <object_component id="oc-289">
         <name>.debug_info</name>
         <load_address>0xf4b3</load_address>
         <run_address>0xf4b3</run_address>
         <size>0x3ff</size>
         <input_file_ref idref="fl-6"/>
      </object_component>
      <object_component id="oc-28f">
         <name>.debug_info</name>
         <load_address>0xf8b2</load_address>
         <run_address>0xf8b2</run_address>
         <size>0x5d3</size>
         <input_file_ref idref="fl-6"/>
      </object_component>
      <object_component id="oc-295">
         <name>.debug_info</name>
         <load_address>0xfe85</load_address>
         <run_address>0xfe85</run_address>
         <size>0x28a</size>
         <input_file_ref idref="fl-6"/>
      </object_component>
      <object_component id="oc-29b">
         <name>.debug_info</name>
         <load_address>0x1010f</load_address>
         <run_address>0x1010f</run_address>
         <size>0x23e</size>
         <input_file_ref idref="fl-6"/>
      </object_component>
      <object_component id="oc-2ad">
         <name>.debug_info</name>
         <load_address>0x1034d</load_address>
         <run_address>0x1034d</run_address>
         <size>0x94</size>
         <input_file_ref idref="fl-3"/>
      </object_component>
      <object_component id="oc-2b8">
         <name>.debug_info</name>
         <load_address>0x103e1</load_address>
         <run_address>0x103e1</run_address>
         <size>0x105</size>
         <input_file_ref idref="fl-144"/>
      </object_component>
      <object_component id="oc-2c4">
         <name>.debug_info</name>
         <load_address>0x104e6</load_address>
         <run_address>0x104e6</run_address>
         <size>0x5f</size>
         <input_file_ref idref="fl-144"/>
      </object_component>
      <object_component id="oc-2ca">
         <name>.debug_info</name>
         <load_address>0x10545</load_address>
         <run_address>0x10545</run_address>
         <size>0x217</size>
         <input_file_ref idref="fl-147"/>
      </object_component>
      <object_component id="oc-2d0">
         <name>.debug_info</name>
         <load_address>0x1075c</load_address>
         <run_address>0x1075c</run_address>
         <size>0x312</size>
         <input_file_ref idref="fl-147"/>
      </object_component>
      <object_component id="oc-2d8">
         <name>.debug_info</name>
         <load_address>0x10a6e</load_address>
         <run_address>0x10a6e</run_address>
         <size>0x1d7</size>
         <input_file_ref idref="fl-147"/>
      </object_component>
      <object_component id="oc-2da">
         <name>.debug_info</name>
         <load_address>0x10c45</load_address>
         <run_address>0x10c45</run_address>
         <size>0x1f8</size>
         <input_file_ref idref="fl-145"/>
      </object_component>
      <object_component id="oc-2e3">
         <name>.debug_info</name>
         <load_address>0x10e3d</load_address>
         <run_address>0x10e3d</run_address>
         <size>0x2a5</size>
         <input_file_ref idref="fl-14a"/>
      </object_component>
      <object_component id="oc-2e9">
         <name>.debug_info</name>
         <load_address>0x110e2</load_address>
         <run_address>0x110e2</run_address>
         <size>0x262</size>
         <input_file_ref idref="fl-14a"/>
      </object_component>
      <object_component id="oc-2ef">
         <name>.debug_info</name>
         <load_address>0x11344</load_address>
         <run_address>0x11344</run_address>
         <size>0x230</size>
         <input_file_ref idref="fl-14a"/>
      </object_component>
      <object_component id="oc-2f5">
         <name>.debug_info</name>
         <load_address>0x11574</load_address>
         <run_address>0x11574</run_address>
         <size>0x7a6</size>
         <input_file_ref idref="fl-14a"/>
      </object_component>
      <object_component id="oc-2fb">
         <name>.debug_info</name>
         <load_address>0x11d1a</load_address>
         <run_address>0x11d1a</run_address>
         <size>0x397</size>
         <input_file_ref idref="fl-14a"/>
      </object_component>
      <object_component id="oc-2fc">
         <name>.debug_info</name>
         <load_address>0x120b1</load_address>
         <run_address>0x120b1</run_address>
         <size>0x90</size>
         <input_file_ref idref="fl-149"/>
      </object_component>
      <object_component id="oc-302">
         <name>.debug_info</name>
         <load_address>0x12141</load_address>
         <run_address>0x12141</run_address>
         <size>0x215</size>
         <input_file_ref idref="fl-14f"/>
      </object_component>
      <object_component id="oc-30f">
         <name>.debug_info</name>
         <load_address>0x12356</load_address>
         <run_address>0x12356</run_address>
         <size>0x943</size>
         <input_file_ref idref="fl-14d"/>
      </object_component>
      <object_component id="oc-315">
         <name>.debug_info</name>
         <load_address>0x12c99</load_address>
         <run_address>0x12c99</run_address>
         <size>0x349</size>
         <input_file_ref idref="fl-14d"/>
      </object_component>
      <object_component id="oc-317">
         <name>.debug_info</name>
         <load_address>0x12fe2</load_address>
         <run_address>0x12fe2</run_address>
         <size>0x2b1</size>
         <input_file_ref idref="fl-14a"/>
      </object_component>
      <object_component id="oc-331">
         <name>.debug_info</name>
         <load_address>0x13293</load_address>
         <run_address>0x13293</run_address>
         <size>0x10c</size>
         <input_file_ref idref="fl-149"/>
      </object_component>
      <object_component id="oc-335">
         <name>.debug_info</name>
         <load_address>0x1339f</load_address>
         <run_address>0x1339f</run_address>
         <size>0x30d</size>
         <input_file_ref idref="fl-149"/>
      </object_component>
      <object_component id="oc-339">
         <name>.debug_info</name>
         <load_address>0x136ac</load_address>
         <run_address>0x136ac</run_address>
         <size>0x1fd</size>
         <input_file_ref idref="fl-14c"/>
      </object_component>
      <object_component id="oc-346">
         <name>.debug_info</name>
         <load_address>0x138a9</load_address>
         <run_address>0x138a9</run_address>
         <size>0x1cf</size>
         <input_file_ref idref="fl-143"/>
      </object_component>
      <object_component id="oc-34a">
         <name>.debug_info</name>
         <load_address>0x13a78</load_address>
         <run_address>0x13a78</run_address>
         <size>0xfa</size>
         <input_file_ref idref="fl-4"/>
      </object_component>
      <object_component id="oc-35e">
         <name>.debug_info</name>
         <load_address>0x13b72</load_address>
         <run_address>0x13b72</run_address>
         <size>0x1a4</size>
         <input_file_ref idref="fl-145"/>
      </object_component>
      <object_component id="oc-366">
         <name>.debug_info</name>
         <load_address>0x13d16</load_address>
         <run_address>0x13d16</run_address>
         <size>0x30f</size>
         <input_file_ref idref="fl-14a"/>
      </object_component>
      <object_component id="oc-36c">
         <name>.debug_info</name>
         <load_address>0x14025</load_address>
         <run_address>0x14025</run_address>
         <size>0x2af</size>
         <input_file_ref idref="fl-14a"/>
      </object_component>
      <object_component id="oc-375">
         <name>.debug_info</name>
         <load_address>0x142d4</load_address>
         <run_address>0x142d4</run_address>
         <size>0x6bd</size>
         <input_file_ref idref="fl-14a"/>
      </object_component>
      <object_component id="oc-37b">
         <name>.debug_info</name>
         <load_address>0x14991</load_address>
         <run_address>0x14991</run_address>
         <size>0x374</size>
         <input_file_ref idref="fl-14f"/>
      </object_component>
      <object_component id="oc-37f">
         <name>.debug_info</name>
         <load_address>0x14d05</load_address>
         <run_address>0x14d05</run_address>
         <size>0x891</size>
         <input_file_ref idref="fl-14d"/>
      </object_component>
      <object_component id="oc-383">
         <name>.debug_info</name>
         <load_address>0x15596</load_address>
         <run_address>0x15596</run_address>
         <size>0xfe</size>
         <input_file_ref idref="fl-14d"/>
      </object_component>
      <object_component id="oc-389">
[...]
            <object_component_ref idref="oc-1a0"/>
            <object_component_ref idref="oc-1e0"/>
            <object_component_ref idref="oc-248"/>
            <object_component_ref idref="oc-24f"/>
            <object_component_ref idref="oc-2b1"/>
            <object_component_ref idref="oc-2c8"/>
            <object_component_ref idref="oc-300"/>
            <object_component_ref idref="oc-362"/>
            <object_component_ref idref="oc-379"/>
            <object_component_ref idref="oc-397"/>
         </contents>
      </logical_group>
      <load_segment id="lg-3d3" display="no" color="cyan">
         <name>SEGMENT_0</name>
         <load_address>0x0</load_address>
         <run_address>0x0</run_address>
         <size>0x7418</size>
         <flags>0x5</flags>
         <contents>
            <logical_group_ref idref="lg-3"/>
            <logical_group_ref idref="lg-5"/>
            <logical_group_ref idref="lg-4"/>
            <logical_group_ref idref="lg-6"/>
         </contents>
      </load_segment>
      <load_segment id="lg-3d4" display="no" color="cyan">
         <name>SEGMENT_1</name>
         <run_address>0x20000000</run_address>
         <size>0x148c</size>
         <flags>0x6</flags>
         <contents>
            <logical_group_ref idref="lg-b"/>
            <logical_group_ref idref="lg-d"/>
            <logical_group_ref idref="lg-a"/>
         </contents>
      </load_segment>
   </logical_group_list>
   <placement_map>
      <memory_area display="yes" color="green">
         <name>FLASH</name>
         <page_id>0x0</page_id>
         <origin>0x0</origin>
         <length>0x100000</length>
         <used_space>0x7412</used_space>
         <unused_space>0xf8bee</unused_space>
         <attributes>RX</attributes>
         <usage_details>
            <allocated_space>
               <start_address>0x0</start_address>
               <size>0x200</size>
               <logical_group_ref idref="lg-3"/>
            </allocated_space>
            <allocated_space>
               <start_address>0x200</start_address>
               <size>0x3db8</size>
               <logical_group_ref idref="lg-5"/>
            </allocated_space>
            <allocated_space>
               <start_address>0x3fb8</start_address>
               <size>0x341a</size>
               <logical_group_ref idref="lg-4"/>
            </allocated_space>
            <available_space>
               <start_address>0x73d2</start_address>
               <size>0x6</size>
            </available_space>
            <allocated_space>
               <start_address>0x73d8</start_address>
               <size>0x40</size>
               <logical_group_ref idref="lg-6"/>
            </allocated_space>
            <available_space>
               <start_address>0x7418</start_address>
               <size>0xf8be8</size>
            </available_space>
         </usage_details>
      </memory_area>
      <memory_area display="yes" color="green">
         <name>SRAM</name>
         <page_id>0x0</page_id>
         <origin>0x20000000</origin>
         <length>0x40000</length>
         <used_space>0x148c</used_space>
         <unused_space>0x3eb74</unused_space>
         <attributes>RWX</attributes>
         <usage_details>
            <allocated_space>
               <start_address>0x20000000</start_address>
               <size>0x1070</size>
               <logical_group_ref idref="lg-b"/>
            </allocated_space>
            <allocated_space>
               <start_address>0x20001070</start_address>
               <size>0x400</size>
               <logical_group_ref idref="lg-d"/>
            </allocated_space>
            <allocated_space>
               <start_address>0x20001470</start_address>
               <size>0x1c</size>
               <logical_group_ref idref="lg-a"/>
            </allocated_space>
            <available_space>
               <start_address>0x2000148c</start_address>
               <size>0x3eb74</size>
            </available_space>
         </usage_details>
      </memory_area>
   </placement_map>
   <cptbl_list>
      <cptbl>
         <name>__TI_cinit_table</name>
         <cprec>
            <name>.data</name>
            <load_address>0x73d8</load_address>
            <load_size>0x17</load_size>
            <run_address>0x20001470</run_address>
            <run_size>0x1c</run_size>
            <compression>rle</compression>
         </cprec>
         <cprec>
            <name>.bss</name>
            <load_address>0x7400</load_address>
            <load_size>0x8</load_size>
            <run_address>0x20000000</run_address>
            <run_size>0x1070</run_size>
            <compression>zero_init</compression>
         </cprec>
      </cptbl>
   </cptbl_list>
   <handler_table>
      <handler_table_name>__TI_handler_table</handler_table_name>
      <handler>
         <index>0x0</index>
         <name>__TI_decompress_rle24</name>
      </handler>
      <handler>
         <index>0x1</index>
         <name>__TI_decompress_none</name>
      </handler>
      <handler>
         <index>0x2</index>
         <name>__TI_zero_init</name>
      </handler>
   </handler_table>
   <symbol_table>
      <symbol id="sm-1">
         <name>__STACK_TOP</name>
         <value>0x20001470</value>
      </symbol>
      <symbol id="sm-2">
         <name>__TI_CINIT_Base</name>
         <value>0x7408</value>
      </symbol>
      <symbol id="sm-3">
         <name>__TI_CINIT_Limit</name>
         <value>0x7418</value>
      </symbol>
      <symbol id="sm-4">
         <name>__TI_Handler_Table_Base</name>
         <value>0x73f0</value>
      </symbol>
      <symbol id="sm-5">
         <name>__TI_Handler_Table_Limit</name>
         <value>0x73fc</value>
      </symbol>
      <symbol id="sm-6">
         <name>binit</name>
         <value>0xffffffff</value>
      </symbol>
      <symbol id="sm-7">
         <name>__binit__</name>
         <value>0xffffffff</value>
      </symbol>
      <symbol id="sm-8">
         <name>__STACK_SIZE</name>
         <value>0x400</value>
      </symbol>
      <symbol id="sm-9">
         <name>__STACK_END</name>
         <value>0x20001470</value>
      </symbol>
      <symbol id="sm-a">
         <name>__c_args__</name>
         <value>0xffffffff</value>
      </symbol>
      <symbol id="sm-58">
         <name>ResetISR</name>
         <value>0x73b9</value>
         <object_component_ref idref="oc-29"/>
      </symbol>
      <symbol id="sm-59">
         <name>g_pfnVectors</name>
         <value>0x0</value>
         <object_component_ref idref="oc-e"/>
      </symbol>
      <symbol id="sm-fc">
         <name>g_ui32AudioPos</name>
         <value>0x2000105c</value>
      </symbol>
      <symbol id="sm-fd">
         <name>g_ui32AudioStep</name>
         <value>0x20001060</value>
      </symbol>
      <symbol id="sm-fe">
         <name>GenerateAudio</name>
         <value>0x5f55</value>
         <object_component_ref idref="oc-13e"/>
      </symbol>
      <symbol id="sm-ff">
         <name>TouchCallback</name>
         <value>0x6a8d</value>
         <object_component_ref idref="oc-14d"/>
      </symbol>
      <symbol id="sm-100">
         <name>main</name>
         <value>0x4909</value>
         <object_component_ref idref="oc-ac"/>
      </symbol>
      <symbol id="sm-101">
         <name>SoundCallback</name>
         <value>0x70f9</value>
         <object_component_ref idref="oc-156"/>
      </symbol>
      <symbol id="sm-102">
         <name>g_ui32Key</name>
         <value>0x20001484</value>
         <object_component_ref idref="oc-272"/>
      </symbol>
      <symbol id="sm-118">
         <name>sine</name>
         <value>0x7205</value>
         <object_component_ref idref="oc-26a"/>
      </symbol>
      <symbol id="sm-169">
         <name>FrameDraw</name>
         <value>0x5519</value>
         <object_component_ref idref="oc-10e"/>
      </symbol>
      <symbol id="sm-1e7">
         <name>Kentec320x240x16_SSD2119Init</name>
         <value>0x4481</value>
         <object_component_ref idref="oc-102"/>
      </symbol>
      <symbol id="sm-1e8">
         <name>g_sKentec320x240x16_SSD2119</name>
         <value>0x3f5c</value>
         <object_component_ref idref="oc-144"/>
      </symbol>
      <symbol id="sm-21f">
         <name>PinoutSet</name>
         <value>0x3fb9</value>
         <object_component_ref idref="oc-fc"/>
      </symbol>
      <symbol id="sm-287">
         <name>SoundVolumeSet</name>
         <value>0x738d</value>
         <object_component_ref idref="oc-132"/>
      </symbol>
      <symbol id="sm-288">
         <name>SoundVolumeUp</name>
         <value>0x728d</value>
         <object_component_ref idref="oc-25e"/>
      </symbol>
      <symbol id="sm-289">
         <name>SoundInit</name>
         <value>0x68ad</value>
         <object_component_ref idref="oc-12c"/>
      </symbol>
      <symbol id="sm-28a">
         <name>SoundIntHandler</name>
         <value>0x5c5d</value>
         <object_component_ref idref="oc-47"/>
      </symbol>
      <symbol id="sm-28b">
         <name>SoundVolumeDown</name>
         <value>0x72c5</value>
         <object_component_ref idref="oc-264"/>
      </symbol>
      <symbol id="sm-28c">
         <name>SoundStart</name>
         <value>0x6699</value>
         <object_component_ref idref="oc-138"/>
      </symbol>
      <symbol id="sm-2f9">
         <name>g_i16TouchX</name>
         <value>0x2000106c</value>
      </symbol>
      <symbol id="sm-2fa">
         <name>g_i16TouchY</name>
         <value>0x2000106e</value>
      </symbol>
      <symbol id="sm-2fb">
         <name>TouchScreenInit</name>
         <value>0x641d</value>
         <object_component_ref idref="oc-120"/>
      </symbol>
      <symbol id="sm-2fc">
         <name>TouchScreenCallbackSet</name>
         <value>0x7399</value>
         <object_component_ref idref="oc-126"/>
      </symbol>
      <symbol id="sm-2fd">
         <name>g_pi32TouchParameters</name>
         <value>0x3f84</value>
         <object_component_ref idref="oc-d3"/>
      </symbol>
      <symbol id="sm-2fe">
         <name>g_i16TouchMin</name>
         <value>0x20001488</value>
         <object_component_ref idref="oc-d6"/>
      </symbol>
      <symbol id="sm-2ff">
         <name>TouchScreenIntHandler</name>
         <value>0x60ad</value>
         <object_component_ref idref="oc-41"/>
      </symbol>
      <symbol id="sm-30f">
         <name>_c_int00</name>
         <value>0x6ef5</value>
         <object_component_ref idref="oc-11"/>
      </symbol>
      <symbol id="sm-310">
         <name>__stack</name>
         <value>0x20001070</value>
         <object_component_ref idref="oc-28"/>
      </symbol>
      <symbol id="sm-327">
         <name>__TI_decompress_none</name>
         <value>0x7365</value>
         <object_component_ref idref="oc-16"/>
      </symbol>
      <symbol id="sm-34b">
         <name>__TI_decompress_rle24</name>
         <value>0x73c5</value>
         <object_component_ref idref="oc-22"/>
      </symbol>
      <symbol id="sm-364">
         <name>__TI_zero_init</name>
         <value>0x7345</value>
         <object_component_ref idref="oc-1c"/>
      </symbol>
      <symbol id="sm-383">
         <name>C$$EXIT</name>
         <value>0x700d</value>
         <object_component_ref idref="oc-5b"/>
      </symbol>
      <symbol id="sm-384">
         <name>abort</name>
         <value>0x7011</value>
         <object_component_ref idref="oc-5b"/>
      </symbol>
      <symbol id="sm-385">
         <name>exit</name>
         <value>0x7019</value>
         <object_component_ref idref="oc-5b"/>
      </symbol>
      <symbol id="sm-386">
         <name>__TI_dtors_ptr</name>
         <value>0x2000147c</value>
         <object_component_ref idref="oc-b7"/>
      </symbol>
      <symbol id="sm-387">
         <name>__TI_cleanup_ptr</name>
         <value>0x20001478</value>
         <object_component_ref idref="oc-b7"/>
      </symbol>
      <symbol id="sm-3a2">
         <name>memcpy</name>
         <value>0x695d</value>
         <object_component_ref idref="oc-65"/>
      </symbol>
      <symbol id="sm-3a3">
         <name>__aeabi_memcpy</name>
         <value>0x695d</value>
         <object_component_ref idref="oc-65"/>
      </symbol>
      <symbol id="sm-3a4">
         <name>__aeabi_memcpy8</name>
         <value>0x695d</value>
         <object_component_ref idref="oc-65"/>
      </symbol>
      <symbol id="sm-3a5">
         <name>__aeabi_memcpy4</name>
         <value>0x695d</value>
         <object_component_ref idref="oc-65"/>
      </symbol>
      <symbol id="sm-3ad">
         <name>main_func_sp</name>
         <value>0x20001480</value>
         <object_component_ref idref="oc-61"/>
      </symbol>
      <symbol id="sm-3c6">
         <name>_nop</name>
         <value>0x731b</value>
         <object_component_ref idref="oc-167"/>
      </symbol>
      <symbol id="sm-3c7">
         <name>_lock</name>
         <value>0x20001470</value>
         <object_component_ref idref="oc-b4"/>
      </symbol>
      <symbol id="sm-3c8">
         <name>_unlock</name>
         <value>0x20001474</value>
         <object_component_ref idref="oc-b4"/>
      </symbol>
      <symbol id="sm-3c9">
         <name>_register_lock</name>
         <value>0x7313</value>
         <object_component_ref idref="oc-167"/>
      </symbol>
      <symbol id="sm-3ca">
         <name>_register_unlock</name>
         <value>0x730d</value>
         <object_component_ref idref="oc-167"/>
      </symbol>
      <symbol id="sm-3de">
         <name>_args_main</name>
         <value>0x72dd</value>
         <object_component_ref idref="oc-55"/>
      </symbol>
      <symbol id="sm-3fb">
         <name>__TI_auto_init</name>
         <value>0x69f9</value>
         <object_component_ref idref="oc-50"/>
      </symbol>
      <symbol id="sm-414">
         <name>copy_in</name>
         <value>0x6fc9</value>
         <object_component_ref idref="oc-a5"/>
      </symbol>
      <symbol id="sm-432">
         <name>TimerControlTrigger</name>
         <value>0x6e05</value>
         <object_component_ref idref="oc-250"/>
      </symbol>
      <symbol id="sm-4aa">
         <name>SysCtlDelay</name>
         <value>0x73bf</value>
         <object_component_ref idref="oc-1b5"/>
      </symbol>
      <symbol id="sm-4ab">
         <name>SysCtlPeripheralEnable</name>
         <value>0x712d</value>
         <object_component_ref idref="oc-1a9"/>
      </symbol>
      <symbol id="sm-4ac">
         <name>SysCtlClockFreqSet</name>
         <value>0x5719</value>
         <object_component_ref idref="oc-f6"/>
      </symbol>
      <symbol id="sm-4e7">
         <name>LCDIDDConfigSet</name>
         <value>0x73cf</value>
         <object_component_ref idref="oc-1c2"/>
      </symbol>
      <symbol id="sm-4e8">
         <name>LCDDMAConfigSet</name>
         <value>0x73cb</value>
         <object_component_ref idref="oc-1bc"/>
      </symbol>
      <symbol id="sm-4e9">
         <name>LCDIDDDataWrite</name>
         <value>0x737f</value>
         <object_component_ref idref="oc-1d4"/>
      </symbol>
      <symbol id="sm-4ea">
         <name>LCDIDDCommandWrite</name>
         <value>0x7373</value>
         <object_component_ref idref="oc-1ce"/>
      </symbol>
      <symbol id="sm-4eb">
         <name>LCDIDDTimingSet</name>
         <value>0x70c1</value>
         <object_component_ref idref="oc-1c8"/>
      </symbol>
      <symbol id="sm-4ec">
         <name>LCDModeSet</name>
         <value>0x724b</value>
         <object_component_ref idref="oc-1b6"/>
      </symbol>
      <symbol id="sm-51a">
         <name>GPIODirModeSet</name>
         <value>0x7161</value>
         <object_component_ref idref="oc-2c9"/>
      </symbol>
      <symbol id="sm-51b">
         <name>GPIOPinWrite</name>
         <value>0x73ad</value>
         <object_component_ref idref="oc-1af"/>
      </symbol>
      <symbol id="sm-51c">
         <name>GPIOPadConfigSet</name>
         <value>0x61ed</value>
         <object_component_ref idref="oc-2cf"/>
      </symbol>
      <symbol id="sm-51d">
         <name>GPIOPinTypeEthernetLED</name>
         <value>0x7321</value>
         <object_component_ref idref="oc-1a2"/>
      </symbol>
      <symbol id="sm-53f">
         <name>g_sFontCmss18b</name>
         <value>0x3ca0</value>
         <object_component_ref idref="oc-22b"/>
      </symbol>
      <symbol id="sm-669">
         <name>GrFontInfoGet</name>
         <value>0x71df</value>
         <object_component_ref idref="oc-2e2"/>
      </symbol>
      <symbol id="sm-66a">
         <name>GrDefaultStringRenderer</name>
         <value>0x6511</value>
         <object_component_ref idref="oc-1e1"/>
      </symbol>
      <symbol id="sm-66b">
         <name>GrFontGlyphRender</name>
         <value>0x52b3</value>
         <object_component_ref idref="oc-2f4"/>
      </symbol>
      <symbol id="sm-66c">
         <name>GrContextFontSet</name>
         <value>0x73b3</value>
         <object_component_ref idref="oc-1fb"/>
      </symbol>
      <symbol id="sm-66d">
         <name>GrFontGlyphDataGet</name>
         <value>0x7229</value>
         <object_component_ref idref="oc-2ee"/>
      </symbol>
      <symbol id="sm-66e">
         <name>GrStringDraw</name>
         <value>0x7333</value>
         <object_component_ref idref="oc-20d"/>
      </symbol>
      <symbol id="sm-66f">
         <name>GrFontCodepageGet</name>
         <value>0x726d</value>
         <object_component_ref idref="oc-388"/>
      </symbol>
      <symbol id="sm-670">
         <name>GrStringNextCharGet</name>
         <value>0x71b5</value>
         <object_component_ref idref="oc-2e8"/>
      </symbol>
      <symbol id="sm-671">
         <name>GrStringWidthGet</name>
         <value>0x6c19</value>
         <object_component_ref idref="oc-201"/>
      </symbol>
      <symbol id="sm-672">
         <name>GrFontBaselineGet</name>
         <value>0x718b</value>
         <object_component_ref idref="oc-207"/>
      </symbol>
      <symbol id="sm-685">
         <name>GrRectFill</name>
         <value>0x6b19</value>
         <object_component_ref idref="oc-11a"/>
      </symbol>
      <symbol id="sm-6e8">
         <name>GrLineDrawH</name>
         <value>0x6f3d</value>
         <object_component_ref idref="oc-236"/>
      </symbol>
      <symbol id="sm-6e9">
         <name>GrLineDrawV</name>
         <value>0x6f83</value>
         <object_component_ref idref="oc-23c"/>
      </symbol>
      <symbol id="sm-6ea">
         <name>GrLineDraw</name>
         <value>0x631d</value>
         <object_component_ref idref="oc-114"/>
      </symbol>
      <symbol id="sm-7d1">
         <name>GrImageDraw</name>
         <value>0x7357</value>
         <object_component_ref idref="oc-1f5"/>
      </symbol>
      <symbol id="sm-800">
         <name>GrContextInit</name>
         <value>0x6c85</value>
         <object_component_ref idref="oc-108"/>
      </symbol>
      <symbol id="sm-801">
         <name>GrContextClipRegionSet</name>
         <value>0x6ce9</value>
         <object_component_ref idref="oc-1ef"/>
      </symbol>
      <symbol id="sm-802">
         <name>g_psDefaultCodePointMapTable</name>
         <value>0x3fa0</value>
         <object_component_ref idref="oc-1e7"/>
      </symbol>
      <symbol id="sm-80f">
         <name>GrMapISO8859_1_Unicode</name>
         <value>0x73a5</value>
         <object_component_ref idref="oc-301"/>
      </symbol>
      <symbol id="sm-810">
         <name>__TI_static_base__</name>
         <value>0x0</value>
      </symbol>
      <symbol id="sm-811">
         <name>__TI_args_main</name>
         <value>0x1</value>
      </symbol>
      <symbol id="sm-812">
         <name>SHT$$INIT_ARRAY$$Limit</name>
         <value>0x0</value>
      </symbol>
      <symbol id="sm-813">
         <name>SHT$$INIT_ARRAY$$Base</name>
         <value>0x0</value>
      </symbol>
   </symbol_table>
   <title>Link successful</title>
</link_info>
