******************************************************************************
                  TI ARM Linker PC v5.1.6                      
******************************************************************************
>> Linked Fri May 01 15:35:40 2015

OUTPUT FILE NAME:   <synth.out>
ENTRY POINT SYMBOL: "_c_int00"  address: 00006ef5


MEMORY CONFIGURATION

         name            origin    length      used     unused   attr    fill
----------------------  --------  ---------  --------  --------  ----  --------
  FLASH                 00000000   00100000  00007412  000f8bee  R  X
  SRAM                  20000000   00040000  0000148c  0003eb74  RW X


SEGMENT ALLOCATION MAP

run origin  load origin   length   init length attrs members
----------  ----------- ---------- ----------- ----- -------
00000000    00000000    00007418   00007418    r-x
  00000000    00000000    00000200   00000200    r-- .intvecs
  00000200    00000200    00003db8   00003db8    r-- .const
  00003fb8    00003fb8    0000341a   0000341a    r-x .text
  000073d8    000073d8    00000040   00000040    r-- .cinit
20000000    20000000    0000148c   00000000    rw-
  20000000    20000000    00001070   00000000    rw- .bss
  20001070    20001070    00000400   00000000    rw- .stack
  20001470    20001470    0000001c   00000000    rw- .data


SECTION ALLOCATION MAP

 output                                  attributes/
section   page    origin      length       input sections
--------  ----  ----------  ----------   ----------------
.intvecs   0    00000000    00000200     
                  00000000    00000200     startup_ccs.obj (.intvecs)

.init_array 
*          0    00000000    00000000     UNINITIALIZED

.const     0    00000200    00003db8     
                  00000200    00001a46     frame.obj (.const:.string:g_pui8Top)
                  00001c46    00000786     frame.obj (.const:.string:g_pui8Bottom)
                  000023cc    00000782     grlib.lib : fontcmss18b.obj (.const:.string:g_pui8Cmss18bData)
                  00002b4e    00000546     frame.obj (.const:.string:g_pui8Left)
                  00003094    00000546     frame.obj (.const:.string:g_pui8Right)
                  000035da    0000017c     frame.obj (.const:.string:g_pui8TopLeft)
                  00003756    00000173     frame.obj (.const:.string:g_pui8TopRight)
                  000038c9    00000003     --HOLE-- [fill = 0]
                  000038cc    00000120     driverlib.lib : sysctl.obj (.const:g_pppui32XTALtoVCO)
                  000039ec    00000102     sine.obj (.const:g_pui16FixedSineTable)
                  00003aee    00000002     --HOLE-- [fill = 0]
                  00003af0    000000e0     synth.obj (.const:g_psWhiteKeys)
                  00003bd0    000000d0     frame.obj (.const:.string:g_pui8BottomLeft)
                  00003ca0    000000c8     grlib.lib : fontcmss18b.obj (.const:g_sFontCmss18b)
                  00003d68    000000c4     frame.obj (.const:.string:g_pui8BottomRight)
                  00003e2c    0000008c     synth.obj (.const:g_psBlackKeys)
                  00003eb8    0000006c     driverlib.lib : sysctl.obj (.const:g_pui32Xtals)
                  00003f24    00000038                   : sysctl.obj (.const:g_sXTALtoMEMTIM)
                  00003f5c    00000028     kentec320x240x16_ssd2119.obj (.const:g_sKentec320x240x16_SSD2119)
                  00003f84    0000001c     touch.obj (.const)
                  00003fa0    00000010     grlib.lib : context.obj (.const)
                  00003fb0    00000008     driverlib.lib : sysctl.obj (.const)

.text      0    00003fb8    0000341a     
                  00003fb8    000004c8     pinout.obj (.text:PinoutSet)
                  00004480    00000488     kentec320x240x16_ssd2119.obj (.text:Kentec320x240x16_SSD2119Init)
                  00004908    0000037c     synth.obj (.text:main)
                  00004c84    00000374     grlib.lib : image.obj (.text:InternalImageDraw)
                  00004ff8    000002ba               : image.obj (.text:PixelTransparentDraw)
                  000052b2    00000266               : string.obj (.text:GrFontGlyphRender)
                  00005518    00000200     frame.obj (.text:FrameDraw)
                  00005718    000001fc     driverlib.lib : sysctl.obj (.text:SysCtlClockFreqSet)
                  00005914    000001c4     kentec320x240x16_ssd2119.obj (.text:Kentec320x240x16_SSD2119PixelDrawMultiple)
                  00005ad8    00000184     kentec320x240x16_ssd2119.obj (.text:Kentec320x240x16_SSD2119RectFill)
                  00005c5c    0000017c     sound.obj (.text:SoundIntHandler)
                  00005dd8    0000017c     touch.obj (.text:TouchScreenDebouncer)
                  00005f54    00000158     synth.obj (.text:GenerateAudio)
                  000060ac    00000140     touch.obj (.text:TouchScreenIntHandler)
                  000061ec    00000130     driverlib.lib : gpio.obj (.text:GPIOPadConfigSet)
                  0000631c    00000100     grlib.lib : line.obj (.text:GrLineDraw)
                  0000641c    000000f4     touch.obj (.text:TouchScreenInit)
                  00006510    000000ca     grlib.lib : string.obj (.text:GrDefaultStringRenderer)
                  000065da    000000bc               : line.obj (.text:GrLineClip)
                  00006696    00000002     startup_ccs.obj (.text:FaultISR)
                  00006698    000000b4     sound.obj (.text:SoundStart)
                  0000674c    000000b0     kentec320x240x16_ssd2119.obj (.text:Kentec320x240x16_SSD2119LineDrawH)
                  000067fc    000000b0     kentec320x240x16_ssd2119.obj (.text:Kentec320x240x16_SSD2119LineDrawV)
                  000068ac    000000b0     sound.obj (.text:SoundInit)
                  0000695c    0000009c     rtsv7M4_T_le_v4SPD16_eabi.lib : memcpy_t2.obj (.text)
                  000069f8    00000094                                   : auto_init.obj (.text)
                  00006a8c    0000008c     synth.obj (.text:TouchCallback)
                  00006b18    00000086     grlib.lib : rectangle.obj (.text:GrRectFill)
                  00006b9e    00000002     startup_ccs.obj (.text:IntDefaultHandler)
                  00006ba0    00000078     kentec320x240x16_ssd2119.obj (.text:Kentec320x240x16_SSD2119PixelDraw)
                  00006c18    0000006a     grlib.lib : string.obj (.text:GrStringWidthGet)
                  00006c82    00000002     kentec320x240x16_ssd2119.obj (.text:Kentec320x240x16_SSD2119Flush)
                  00006c84    00000064     grlib.lib : context.obj (.text:GrContextInit)
                  00006ce8    00000062               : context.obj (.text:GrContextClipRegionSet)
                  00006d4a    0000005e     rtsv7M4_T_le_v4SPD16_eabi.lib : copy_decompress_rle.obj (.text)
                  00006da8    0000005c     grlib.lib : string.obj (.text:FontWideGlyphDataGet)
                  00006e04    00000058     driverlib.lib : timer.obj (.text:TimerControlTrigger)
                  00006e5c    0000004c                   : sysctl.obj (.text:_SysCtlFrequencyGet)
                  00006ea8    0000004a     grlib.lib : string.obj (.text:UpdateContextCharMapping)
                  00006ef2    00000002     startup_ccs.obj (.text:NmiSR)
                  00006ef4    00000048     rtsv7M4_T_le_v4SPD16_eabi.lib : boot.obj (.text)
                  00006f3c    00000046     grlib.lib : line.obj (.text:GrLineDrawH)
                  00006f82    00000046               : line.obj (.text:GrLineDrawV)
                  00006fc8    00000044     rtsv7M4_T_le_v4SPD16_eabi.lib : cpy_tbl.obj (.text)
                  0000700c    00000044                                   : exit.obj (.text)
                  00007050    0000003a     grlib.lib : string.obj (.text:FontGlyphDataGet)
                  0000708a    00000036               : line.obj (.text:GrClipCodeGet)
                  000070c0    00000036     driverlib.lib : lcd.obj (.text:LCDIDDTimingSet)
                  000070f6    00000002     --HOLE-- [fill = 0]
                  000070f8    00000034     synth.obj (.text:SoundCallback)
                  0000712c    00000034     driverlib.lib : sysctl.obj (.text:SysCtlPeripheralEnable)
                  00007160    0000002a                   : gpio.obj (.text:GPIODirModeSet)
                  0000718a    0000002a     grlib.lib : string.obj (.text:GrFontBaselineGet)
                  000071b4    0000002a               : string.obj (.text:GrStringNextCharGet)
                  000071de    00000026               : string.obj (.text:GrFontInfoGet)
                  00007204    00000024     sine.obj (.text:sine)
                  00007228    00000022     grlib.lib : string.obj (.text:GrFontGlyphDataGet)
                  0000724a    00000022     driverlib.lib : lcd.obj (.text:LCDModeSet)
                  0000726c    0000001e     grlib.lib : string.obj (.text:GrFontCodepageGet)
                  0000728a    00000002     --HOLE-- [fill = 0]
                  0000728c    0000001c     sound.obj (.text:SoundVolumeUp)
                  000072a8    0000001c     driverlib.lib : sysctl.obj (.text:_SysCtlMemTimingGet)
                  000072c4    00000018     sound.obj (.text:SoundVolumeDown)
                  000072dc    00000018     rtsv7M4_T_le_v4SPD16_eabi.lib : args_main.obj (.text)
                  000072f4    00000016     kentec320x240x16_ssd2119.obj (.text:Kentec320x240x16_SSD2119ColorTranslate)
                  0000730a    00000002     --HOLE-- [fill = 0]
                  0000730c    00000014     rtsv7M4_T_le_v4SPD16_eabi.lib : _lock.obj (.text)
                  00007320    00000012     driverlib.lib : gpio.obj (.text:GPIOPinTypeEthernetLED)
                  00007332    00000012     grlib.lib : string.obj (.text:GrStringDraw)
                  00007344    00000012     rtsv7M4_T_le_v4SPD16_eabi.lib : copy_zero_init.obj (.text:decompress:ZI)
                  00007356    0000000e     grlib.lib : image.obj (.text:GrImageDraw)
                  00007364    0000000e     rtsv7M4_T_le_v4SPD16_eabi.lib : copy_decompress_none.obj (.text:decompress:none)
                  00007372    0000000c     driverlib.lib : lcd.obj (.text:LCDIDDCommandWrite)
                  0000737e    0000000c                   : lcd.obj (.text:LCDIDDDataWrite)
                  0000738a    00000002     --HOLE-- [fill = 0]
                  0000738c    0000000c     sound.obj (.text:SoundVolumeSet)
                  00007398    0000000c     touch.obj (.text:TouchScreenCallbackSet)
                  000073a4    00000008     grlib.lib : charmap.obj (.text:GrMapISO8859_1_Unicode)
                  000073ac    00000006     driverlib.lib : gpio.obj (.text:GPIOPinWrite)
                  000073b2    00000006     grlib.lib : string.obj (.text:GrContextFontSet)
                  000073b8    00000006     startup_ccs.obj (.text:ResetISR)
                  000073be    00000006     driverlib.lib : sysctl.obj (.text:SysCtlDelay)
                  000073c4    00000006     rtsv7M4_T_le_v4SPD16_eabi.lib : copy_decompress_rle.obj (.text:decompress:rle24)
                  000073ca    00000004     driverlib.lib : lcd.obj (.text:LCDDMAConfigSet)
                  000073ce    00000004                   : lcd.obj (.text:LCDIDDConfigSet)

.cinit     0    000073d8    00000040     
                  000073d8    00000017     (.cinit..data.load) [load image, compression = rle]
                  000073ef    00000001     --HOLE-- [fill = 0]
                  000073f0    0000000c     (__TI_handler_table)
                  000073fc    00000004     --HOLE-- [fill = 0]
                  00007400    00000008     (.cinit..bss.load) [load image, compression = zero_init]
                  00007408    00000010     (__TI_cinit_table)

.bss       0    20000000    00001070     UNINITIALIZED
                  20000000    00001000     synth.obj (.bss:g_pi16AudioBuffer)
                  20001000    00000024     sound.obj (.bss:g_sSoundState)
                  20001024    00000020     grlib.lib : image.obj (.bss)
                  20001044    00000010     (.common:g_pi16Samples)
                  20001054    00000004               : context.obj (.bss)
                  20001058    00000004     (.common:g_pfnTSHandler)
                  2000105c    00000004     (.common:g_ui32AudioPos)
                  20001060    00000004     (.common:g_ui32AudioStep)
                  20001064    00000004     (.common:g_ui32Flags)
                  20001068    00000004     (.common:g_ui32TSState)
                  2000106c    00000002     (.common:g_i16TouchX)
                  2000106e    00000002     (.common:g_i16TouchY)

.stack     0    20001070    00000400     UNINITIALIZED
                  20001070    00000400     --HOLE--

.data      0    20001470    0000001c     UNINITIALIZED
                  20001470    00000008     rtsv7M4_T_le_v4SPD16_eabi.lib : _lock.obj (.data)
                  20001478    00000008                                   : exit.obj (.data)
                  20001480    00000004                                   : stkdepth_vars.obj (.data)
                  20001484    00000004     synth.obj (.data)
                  20001488    00000004     touch.obj (.data)


LINKER GENERATED COPY TABLES

__TI_cinit_table @ 00007408 records: 2, size/record: 8, table size: 16
	.data: load addr=000073d8, load size=00000017 bytes, run addr=20001470, run size=0000001c bytes, compression=rle
	.bss: load addr=00007400, load size=00000008 bytes, run addr=20000000, run size=00001070 bytes, compression=zero_init


LINKER GENERATED HANDLER TABLE

__TI_handler_table @ 000073f0 records: 3, size/record: 4, table size: 12
	index: 0, handler: __TI_decompress_rle24
	index: 1, handler: __TI_decompress_none
	index: 2, handler: __TI_zero_init


GLOBAL SYMBOLS: SORTED ALPHABETICALLY BY Name 

address    name
--------   ----
0000700d   C$$EXIT
00005519   FrameDraw
00007161   GPIODirModeSet
000061ed   GPIOPadConfigSet
00007321   GPIOPinTypeEthernetLED
000073ad   GPIOPinWrite
00005f55   GenerateAudio
00006ce9   GrContextClipRegionSet
000073b3   GrContextFontSet
00006c85   GrContextInit
00006511   GrDefaultStringRenderer
0000718b   GrFontBaselineGet
0000726d   GrFontCodepageGet
00007229   GrFontGlyphDataGet
000052b3   GrFontGlyphRender
000071df   GrFontInfoGet
00007357   GrImageDraw
0000631d   GrLineDraw
00006f3d   GrLineDrawH
00006f83   GrLineDrawV
000073a5   GrMapISO8859_1_Unicode
00006b19   GrRectFill
00007333   GrStringDraw
000071b5   GrStringNextCharGet
00006c19   GrStringWidthGet
00004481   Kentec320x240x16_SSD2119Init
000073cb   LCDDMAConfigSet
00007373   LCDIDDCommandWrite
000073cf   LCDIDDConfigSet
0000737f   LCDIDDDataWrite
000070c1   LCDIDDTimingSet
0000724b   LCDModeSet
00003fb9   PinoutSet
000073b9   ResetISR
UNDEFED    SHT$$INIT_ARRAY$$Base
UNDEFED    SHT$$INIT_ARRAY$$Limit
000070f9   SoundCallback
000068ad   SoundInit
00005c5d   SoundIntHandler
00006699   SoundStart
000072c5   SoundVolumeDown
0000738d   SoundVolumeSet
0000728d   SoundVolumeUp
00005719   SysCtlClockFreqSet
000073bf   SysCtlDelay
0000712d   SysCtlPeripheralEnable
00006e05   TimerControlTrigger
00006a8d   TouchCallback
00007399   TouchScreenCallbackSet
0000641d   TouchScreenInit
000060ad   TouchScreenIntHandler
20001470   __STACK_END
00000400   __STACK_SIZE
20001470   __STACK_TOP
00007408   __TI_CINIT_Base
00007418   __TI_CINIT_Limit
000073f0   __TI_Handler_Table_Base
000073fc   __TI_Handler_Table_Limit
00000001   __TI_args_main
000069f9   __TI_auto_init
20001478   __TI_cleanup_ptr
00007365   __TI_decompress_none
000073c5   __TI_decompress_rle24
2000147c   __TI_dtors_ptr
00000000   __TI_static_base__
00007345   __TI_zero_init
0000695d   __aeabi_memcpy
0000695d   __aeabi_memcpy4
0000695d   __aeabi_memcpy8
ffffffff   __binit__
ffffffff   __c_args__
20001070   __stack
000072dd   _args_main
00006ef5   _c_int00
20001470   _lock
0000731b   _nop
00007313   _register_lock
0000730d   _register_unlock
20001474   _unlock
00007011   abort
ffffffff   binit
00006fc9   copy_in
00007019   exit
20001488   g_i16TouchMin
2000106c   g_i16TouchX
2000106e   g_i16TouchY
00000000   g_pfnVectors
00003f84   g_pi32TouchParameters
00003fa0   g_psDefaultCodePointMapTable
00003ca0   g_sFontCmss18b
00003f5c   g_sKentec320x240x16_SSD2119
2000105c   g_ui32AudioPos
20001060   g_ui32AudioStep
20001484   g_ui32Key
00004909   main
20001480   main_func_sp
0000695d   memcpy
00007205   sine


GLOBAL SYMBOLS: SORTED BY Symbol Address 

address    name
--------   ----
00000000   __TI_static_base__
00000000   g_pfnVectors
00000001   __TI_args_main
00000400   __STACK_SIZE
00003ca0   g_sFontCmss18b
00003f5c   g_sKentec320x240x16_SSD2119
00003f84   g_pi32TouchParameters
00003fa0   g_psDefaultCodePointMapTable
00003fb9   PinoutSet
00004481   Kentec320x240x16_SSD2119Init
00004909   main
000052b3   GrFontGlyphRender
00005519   FrameDraw
00005719   SysCtlClockFreqSet
00005c5d   SoundIntHandler
00005f55   GenerateAudio
000060ad   TouchScreenIntHandler
000061ed   GPIOPadConfigSet
0000631d   GrLineDraw
0000641d   TouchScreenInit
00006511   GrDefaultStringRenderer
00006699   SoundStart
000068ad   SoundInit
0000695d   __aeabi_memcpy
0000695d   __aeabi_memcpy4
0000695d   __aeabi_memcpy8
0000695d   memcpy
000069f9   __TI_auto_init
00006a8d   TouchCallback
00006b19   GrRectFill
00006c19   GrStringWidthGet
00006c85   GrContextInit
00006ce9   GrContextClipRegionSet
00006e05   TimerControlTrigger
00006ef5   _c_int00
00006f3d   GrLineDrawH
00006f83   GrLineDrawV
00006fc9   copy_in
0000700d   C$$EXIT
00007011   abort
00007019   exit
000070c1   LCDIDDTimingSet
000070f9   SoundCallback
0000712d   SysCtlPeripheralEnable
00007161   GPIODirModeSet
0000718b   GrFontBaselineGet
000071b5   GrStringNextCharGet
000071df   GrFontInfoGet
00007205   sine
00007229   GrFontGlyphDataGet
0000724b   LCDModeSet
0000726d   GrFontCodepageGet
0000728d   SoundVolumeUp
000072c5   SoundVolumeDown
000072dd   _args_main
0000730d   _register_unlock
00007313   _register_lock
0000731b   _nop
00007321   GPIOPinTypeEthernetLED
00007333   GrStringDraw
00007345   __TI_zero_init
00007357   GrImageDraw
00007365   __TI_decompress_none
00007373   LCDIDDCommandWrite
0000737f   LCDIDDDataWrite
0000738d   SoundVolumeSet
00007399   TouchScreenCallbackSet
000073a5   GrMapISO8859_1_Unicode
000073ad   GPIOPinWrite
000073b3   GrContextFontSet
000073b9   ResetISR
000073bf   SysCtlDelay
000073c5   __TI_decompress_rle24
000073cb   LCDDMAConfigSet
000073cf   LCDIDDConfigSet
000073f0   __TI_Handler_Table_Base
000073fc   __TI_Handler_Table_Limit
00007408   __TI_CINIT_Base
00007418   __TI_CINIT_Limit
2000105c   g_ui32AudioPos
20001060   g_ui32AudioStep
2000106c   g_i16TouchX
2000106e   g_i16TouchY
20001070   __stack
20001470   __STACK_END
20001470   __STACK_TOP
20001470   _lock
20001474   _unlock
20001478   __TI_cleanup_ptr
2000147c   __TI_dtors_ptr
20001480   main_func_sp
20001484   g_ui32Key
20001488   g_i16TouchMin
ffffffff   __binit__
ffffffff   __c_args__
ffffffff   binit
UNDEFED    SHT$$INIT_ARRAY$$Base
UNDEFED    SHT$$INIT_ARRAY$$Limit

[98 symbols]
