******************************************************************************
                  TI ARM Linker PC v5.1.6                      
******************************************************************************
>> Linked Fri May 01 23:22:47 2015

OUTPUT FILE NAME:   <FestoStation_TivaTM4C129XNCZAD.out>
ENTRY POINT SYMBOL: "_c_int00"  address: 000063d5


MEMORY CONFIGURATION

         name            origin    length      used     unused   attr    fill
----------------------  --------  ---------  --------  --------  ----  --------
  FLASH                 00000000   00100000  0000e2a6  000f1d5a  R  X
  SRAM                  20000000   00040000  00004d98  0003b268  RW X


SEGMENT ALLOCATION MAP

run origin  load origin   length   init length attrs members
----------  ----------- ---------- ----------- ----- -------
00000000    00000000    0000e2a8   0000e2a8    r-x
  00000000    00000000    0000003c   0000003c    r-- .resetVecs
  0000003c    0000003c    00007ff2   00007ff2    r-x .text
  00008030    00008030    00005ef8   00005ef8    r-- .const
  0000df28    0000df28    00000380   00000380    r-- .cinit
20000000    20000000    00000360   00000000    rw-
  20000000    20000000    00000360   00000000    rw- .vecs
20000380    20000380    00004a38   00000000    rw-
  20000380    20000380    000041b0   00000000    rw- .bss
  20004530    20004530    00000588   00000000    rw- .data
  20004ab8    20004ab8    00000300   00000000    rw- .stack


SECTION ALLOCATION MAP

 output                                  attributes/
section   page    origin      length       input sections
--------  ----  ----------  ----------   ----------------
.bootVecs 
*          0    00000000    00000008     DSECT
                  00000000    00000008     boot.aem4f : boot.oem4f (.bootVecs)

.resetVecs 
*          0    00000000    0000003c     
                  00000000    0000003c     uartecho_pem4f.oem4f (.resetVecs)

xdc.meta   0    00000000    000000ea     COPY SECTION
                  00000000    000000ea     uartecho_pem4f.oem4f (xdc.meta)

.init_array 
*          0    00000000    00000000     UNINITIALIZED

.text      0    0000003c    00007ff2     
                  0000003c    0000042c     sysbios.aem4f : BIOS.obj (.text:ti_sysbios_family_arm_m3_Hwi_excDumpRegs__I)
                  00000468    00000374     grlib.lib : image.obj (.text:InternalImageDraw)
                  000007dc    0000033c     ti.targets.arm.rtsarm.aem4f : System.oem4f (.text:xdc_runtime_System_doPrint__I)
                  00000b18    000002f8     sysbios.aem4f : BIOS.obj (.text:ti_sysbios_knl_Semaphore_pend__E)
                  00000e10    000002dc     kentec320x240x16_ssd2119.obj (.text:Kentec320x240x16_SSD2119Init)
                  000010ec    000002d4     rtsv7M4_T_le_v4SPD16_eabi.lib : trgdrv.obj (.text)
                  000013c0    000002ba     grlib.lib : image.obj (.text:PixelTransparentDraw)
                  0000167a    00000002     uartecho_pem4f.oem4f (.text:ti_sysbios_BIOS_nullFunc__I)
                  0000167c    00000278     frame.obj (.text:FrameDraw)
                  000018f4    00000266     grlib.lib : string.obj (.text:GrFontGlyphRender)
                  00001b5a    00000002     sysbios.aem4f : BIOS.obj (.text:ti_sysbios_family_arm_m3_Hwi_doSwiRestore__I)
                  00001b5c    00000248                   : BIOS.obj (.text:ti_sysbios_heaps_HeapMem_free__E)
                  00001da4    00000234                   : BIOS.obj (.text:ti_sysbios_heaps_HeapMem_alloc__E)
                  00001fd8    00000204     Boot.aem4f : Boot_sysctl.oem4f (.text:ti_catalog_arm_cortexm4_tiva_ce_Boot_sysCtlClockFreqSetI__I)
                  000021dc    000001f4     sysbios.aem4f : BIOS.obj (.text:ti_sysbios_knl_Task_sleep__E)
                  000023d0    000001e8                   : BIOS.obj (.text:ti_sysbios_family_arm_m3_Hwi_excHandlerMax__I)
                  000025b8    000001a4     kentec320x240x16_ssd2119.obj (.text:Kentec320x240x16_SSD2119PixelDrawMultiple)
                  0000275c    00000180     sysbios.aem4f : BIOS.obj (.text:ti_sysbios_family_arm_lm4_Timer_start__E)
                  000028dc    00000168                   : BIOS.obj (.text:ti_sysbios_family_arm_lm4_TimestampProvider_get64__E)
                  00002a44    00000168                   : BIOS.obj (.text:ti_sysbios_family_arm_m3_Hwi_excBusFault__I)
                  00002bac    00000154                   : BIOS.obj (.text:ti_sysbios_family_arm_m3_Hwi_excUsageFault__I)
                  00002d00    00000140     drivers_tivaware.aem4f : UARTTiva.oem4f (.text:UARTTiva_open)
                  00002e40    00000140     sysbios.aem4f : BIOS.obj (.text:ti_sysbios_family_arm_m3_Hwi_excMemFault__I)
                  00002f80    00000138                   : BIOS.obj (.text:ti_sysbios_heaps_HeapMem_Instance_init__E)
                  000030b8    00000138                   : BIOS.obj (.text:ti_sysbios_knl_Semaphore_post__E)
                  000031f0    00000138     uartecho_pem4f.oem4f (.text:ti_uia_loggers_LoggerStopMode_writeMemoryRange__E)
                  00003328    00000130     driverlib.lib : gpio.obj (.text:GPIOPadConfigSet)
                  00003458    0000012c     sysbios.aem4f : BIOS.obj (.text:ti_sysbios_knl_Clock_workFunc__E)
                  00003584    00000120     ti.targets.arm.rtsarm.aem4f : Error.oem4f (.text:xdc_runtime_Error_policyDefault__E)
                  000036a4    0000011c     sysbios.aem4f : BIOS.obj (.text:ti_sysbios_family_arm_m3_Hwi_dispatchC__I)
                  000037c0    00000114     main.obj (.text:main)
                  000038d4    00000110     uartecho_pem4f.oem4f (.text:ti_uia_loggers_LoggerStopMode_write8__E)
                  000039e4    00000104     ti.targets.arm.rtsarm.aem4f : Core-mem.oem4f (.text:xdc_runtime_Core_createObject__I)
                  00003ae8    00000104     uartecho_pem4f.oem4f (.text:xdc_runtime_System_printfExtend__I)
                  00003bec    000000fc     ti.targets.arm.rtsarm.aem4f : Startup.oem4f (.text:xdc_runtime_Startup_startMods__I)
                  00003ce8    000000f8     sysbios.aem4f : BIOS.obj (.text:ti_sysbios_knl_Task_Module_startup__E)
                  00003de0    000000f8     uartecho_pem4f.oem4f (.text:ti_uia_loggers_LoggerStopMode_write4__E)
                  00003ed8    000000f4     sysbios.aem4f : m3_Hwi_asm.obj (.text:ti_sysbios_family_arm_m3_Hwi_dispatch__I)
                  00003fcc    000000ec     uartecho_pem4f.oem4f (.text:ti_uia_loggers_LoggerStopMode_write2__E)
                  000040b8    000000e8     uartecho_pem4f.oem4f (.text:ti_uia_loggers_LoggerStopMode_write1__E)
                  000041a0    000000de     kentec320x240x16_ssd2119.obj (.text:Kentec320x240x16_SSD2119RectFill)
                  0000427e    00000002     sysbios.aem4f : BIOS.obj (.text:ti_sysbios_gates_GateHwi_Instance_init__E)
                  00004280    000000dc     uartecho_pem4f.oem4f (.text:ti_uia_loggers_LoggerStopMode_write0__E)
                  0000435c    000000cc     main.obj (.text:echoFxn)
                  00004428    000000cc     ti.targets.arm.rtsarm.aem4f : Core-smem.oem4f (.text:xdc_runtime_Core_constructObject__I)
                  000044f4    000000ca     grlib.lib : string.obj (.text:GrDefaultStringRenderer)
                  000045be    00000002     uartecho_pem4f.oem4f (.text:ti_uia_loggers_LoggerStopMode_setFilterLevel__E)
                  000045c0    000000c8     sysbios.aem4f : BIOS.obj (.text:ti_sysbios_knl_Task_schedule__I)
                  00004688    000000c4                   : BIOS.obj (.text:ti_sysbios_family_arm_m3_Hwi_Module_startup__E)
                  0000474c    000000c0                   : BIOS.obj (.text:ti_sysbios_family_arm_lm4_TimestampProvider_get32__E)
                  0000480c    000000bc                   : BIOS.obj (.text:ti_sysbios_knl_Task_startCore__E)
                  000048c8    000000b8     DK_TM4C129X.obj (.text:DK_TM4C129X_initGeneral)
                  00004980    000000b4     sysbios.aem4f : BIOS.obj (.text:ti_sysbios_family_arm_m3_Hwi_excHardFault__I)
                  00004a34    000000b4                   : BIOS.obj (.text:ti_sysbios_gates_GateMutex_enter__E)
                  00004ae8    000000b4                   : BIOS.obj (.text:ti_sysbios_knl_Task_checkStacks__E)
                  00004b9c    000000b0                   : BIOS.obj (.text:ti_sysbios_family_arm_m3_Hwi_excDebugMon__I)
                  00004c4c    000000b0                   : BIOS.obj (.text:ti_sysbios_utils_Load_idleFxn__E)
                  00004cfc    000000ac                   : BIOS.obj (.text:ti_sysbios_family_arm_lm4_Timer_enableTiva__I)
                  00004da8    000000a8                   : BIOS.obj (.text:ti_sysbios_family_arm_lm4_Timer_enableTimers__I)
                  00004e50    000000a8                   : BIOS.obj (.text:ti_sysbios_knl_Task_blockI__E)
                  00004ef8    000000a8                   : BIOS.obj (.text:ti_sysbios_knl_Task_postInit__I)
                  00004fa0    000000a8                   : BIOS.obj (.text:ti_sysbios_utils_Load_updateLoads__E)
                  00005048    000000a0     auto_init.aem4f : auto_init.oem4f (.text)
                  000050e8    000000a0     sysbios.aem4f : BIOS.obj (.text:ti_sysbios_family_arm_m3_Hwi_Instance_init__E)
                  00005188    0000009c     rtsv7M4_T_le_v4SPD16_eabi.lib : memcpy_t2.obj (.text)
                  00005224    0000009c     sysbios.aem4f : BIOS.obj (.text:ti_sysbios_knl_Semaphore_Instance_init__E)
                  000052c0    0000009a     ti.targets.arm.rtsarm.aem4f : Text.oem4f (.text:xdc_runtime_Text_putSite__E)
                  0000535a    00000002     ti.uia.loggers.aem4f : LoggerStopMode.oem4f (.text:ti_uia_loggers_LoggerStopMode_setPriority__E)
                  0000535c    00000094     Boot.aem4f : Boot.oem4f (.text:ti_catalog_arm_cortexm4_tiva_ce_Boot_sysCtlClockFreqSet__E)
                  000053f0    00000094     sysbios.aem4f : BIOS.obj (.text:ti_sysbios_knl_Task_exit__E)
                  00005484    00000094                   : BIOS.obj (.text:ti_sysbios_knl_Task_unblockI__E)
                  00005518    00000094     ti.targets.arm.rtsarm.aem4f : Text.oem4f (.text:xdc_runtime_Text_putMod__E)
                  000055ac    00000090     ti.uia.loggers.aem4f : LoggerStopMode.oem4f (.text:ti_uia_loggers_LoggerStopMode_initQueueDescriptor__E)
                  0000563c    0000008c     sysbios.aem4f : BIOS.obj (.text:ti_sysbios_family_arm_m3_Hwi_initNVIC__E)
                  000056c8    0000008c                   : m3_TaskSupport_asm.obj (.text:ti_sysbios_family_arm_m3_TaskSupport_buildTaskStack)
                  00005754    0000007c                   : BIOS.obj (.text:ti_sysbios_utils_Load_logLoads__I)
                  000057d0    0000007a     drivers_tivaware.aem4f : UARTTiva.oem4f (.text:writeData)
                  0000584a    00000078     rtsv7M4_T_le_v4SPD16_eabi.lib : memset_t2.obj (.text)
                  000058c2    00000002     uartecho_pem4f.oem4f (.text:xdc_runtime_Startup_reset__I)
                  000058c4    00000070     sysbios.aem4f : BIOS.obj (.text:ti_sysbios_family_arm_m3_Hwi_postInit__I)
                  00005934    00000070     ti.uia.runtime.aem4f : QueueDescriptor.oem4f (.text:ti_uia_runtime_QueueDescriptor_addToList__E)
                  000059a4    00000070     ti.targets.arm.rtsarm.aem4f : Memory.oem4f (.text:xdc_runtime_Memory_alloc__E)
                  00005a14    0000006c     DK_TM4C129X.obj (.text:DK_TM4C129X_initGPIO)
                  00005a80    0000006c     drivers_tivaware.aem4f : UARTTiva.oem4f (.text:UARTTiva_read)
                  00005aec    0000006c                            : UARTTiva.oem4f (.text:UARTTiva_write)
                  00005b58    0000006c     main.obj (.text:task_LCD_update)
                  00005bc4    0000006c     sysbios.aem4f : BIOS.obj (.text:ti_sysbios_utils_Load_updateThreadContexts__E)
                  00005c30    0000006c     ti.targets.arm.rtsarm.aem4f : Error.oem4f (.text:xdc_runtime_Error_print__E)
                  00005c9c    0000006a     grlib.lib : string.obj (.text:GrStringWidthGet)
                  00005d06    00000066     drivers_tivaware.aem4f : UARTTiva.oem4f (.text:UARTTiva_readPolling)
                  00005d6c    00000066     ti.targets.arm.rtsarm.aem4f : Core-mem.oem4f (.text:xdc_runtime_Core_deleteObject__I)
                  00005dd2    00000002     --HOLE-- [fill = 0]
                  00005dd4    00000064     grlib.lib : context.obj (.text:GrContextInit)
                  00005e38    00000064     sysbios.aem4f : BIOS.obj (.text:ti_sysbios_utils_Load_logCPULoad__I)
                  00005e9c    00000062     grlib.lib : context.obj (.text:GrContextClipRegionSet)
                  00005efe    00000062     drivers_tivaware.aem4f : UARTTiva.oem4f (.text:UARTTiva_hwiIntFxn)
                  00005f60    00000062                            : UARTTiva.oem4f (.text:readData)
                  00005fc2    00000062     ti.uia.loggers.aem4f : LoggerStopMode.oem4f (.text:ti_uia_loggers_LoggerStopMode_flush__E)
                  00006024    00000060     rtsv7M4_T_le_v4SPD16_eabi.lib : trgmsg.obj (.text)
                  00006084    00000060     sysbios.aem4f : BIOS.obj (.text:ti_sysbios_family_arm_lm4_Timer_isrStub__E)
                  000060e4    00000060                   : BIOS.obj (.text:ti_sysbios_knl_Clock_logTick__E)
                  00006144    00000060     ti.targets.arm.rtsarm.aem4f : System.oem4f (.text:xdc_runtime_System_formatNum__I)
                  000061a4    0000005e     kentec320x240x16_ssd2119.obj (.text:Kentec320x240x16_SSD2119LineDrawH)
                  00006202    0000005e     kentec320x240x16_ssd2119.obj (.text:Kentec320x240x16_SSD2119LineDrawV)
                  00006260    0000005e     rtsv7M4_T_le_v4SPD16_eabi.lib : copy_decompress_rle.obj (.text)
                  000062be    0000005c     grlib.lib : string.obj (.text:FontWideGlyphDataGet)
                  0000631a    00000002     --HOLE-- [fill = 0]
                  0000631c    0000005c     sysbios.aem4f : BIOS.obj (.text:ti_sysbios_family_arm_lm4_Timer_Module_startup__E)
                  00006378    0000005b     ti.targets.arm.rtsarm.aem4f : Text.oem4f (.text:xdc_runtime_Text_putLab__E)
                  000063d3    00000001     --HOLE-- [fill = 0]
                  000063d4    00000058     boot.aem4f : boot.oem4f (.text)
                  0000642c    00000058     uartecho_pem4f.oem4f (.text:ti_sysbios_family_arm_m3_Hwi_construct)
                  00006484    00000058     sysbios.aem4f : m3_Hwi_asm_switch.obj (.text:ti_sysbios_family_arm_m3_Hwi_initStacks__E)
                  000064dc    00000054     main.obj (.text:Init_FestoStationDriver)
                  00006530    00000050     Boot.aem4f : Boot_sysctl.oem4f (.text:_SysCtlFrequencyGet)
                  00006580    00000050     sysbios.aem4f : BIOS.obj (.text:ti_sysbios_utils_Load_updateCurrentThreadTime__E)
                  000065d0    00000050     ti.targets.arm.rtsarm.aem4f : Startup.oem4f (.text:xdc_runtime_Startup_exec__E)
                  00006620    00000050                                 : Text.oem4f (.text:xdc_runtime_Text_visitRope2__I)
                  00006670    0000004c     ti.uia.loggers.aem4f : LoggerStopMode.oem4f (.text:ti_uia_loggers_LoggerStopMode_Module_startup__E)
                  000066bc    0000004a     grlib.lib : string.obj (.text:UpdateContextCharMapping)
                  00006706    00000002     --HOLE-- [fill = 0]
                  00006708    00000048     driverlib.lib : gpio.obj (.text:GPIOPinConfigure)
                  00006750    00000048     sysbios.aem4f : BIOS.obj (.text:ti_sysbios_family_arm_m3_Hwi_excReserved__I)
                  00006798    00000048                   : BIOS.obj (.text:ti_sysbios_heaps_HeapMem_getStats__E)
                  000067e0    00000048     ti.uia.loggers.aem4f : LoggerStopMode.oem4f (.text:ti_uia_loggers_LoggerStopMode_initBuffer__I)
                  00006828    00000048     ti.targets.arm.rtsarm.aem4f : Assert.oem4f (.text:xdc_runtime_Assert_raise__I)
                  00006870    00000046                                 : Core-params.oem4f (.text:xdc_runtime_Core_assignParams__I)
                  000068b6    00000002     --HOLE-- [fill = 0]
                  000068b8    00000044     rtsv7M4_T_le_v4SPD16_eabi.lib : cpy_tbl.obj (.text)
                  000068fc    00000044                                   : exit.obj (.text)
                  00006940    00000044     sysbios.aem4f : BIOS.obj (.text:ti_sysbios_family_arm_lm4_Timer_stop__E)
                  00006984    00000044                   : BIOS.obj (.text:ti_sysbios_family_arm_m3_Hwi_disableInterrupt__E)
                  000069c8    00000044                   : BIOS.obj (.text:ti_sysbios_family_arm_m3_Hwi_enableInterrupt__E)
                  00006a0c    00000044                   : BIOS.obj (.text:ti_sysbios_knl_Task_allBlockedFunction__I)
                  00006a50    00000044     ti.targets.arm.rtsarm.aem4f : Error.oem4f (.text:xdc_runtime_Error_setX__E)
                  00006a94    00000044                                 : SysMin.oem4f (.text:xdc_runtime_SysMin_flush__E)
                  00006ad8    00000042     driverlib.lib : uart.obj (.text:UARTConfigSetExpClk)
                  00006b1a    00000042     rtsv7M4_T_le_v4SPD16_eabi.lib : u_divt2.obj (.text)
                  00006b5c    00000040     drivers_tivaware.aem4f : UARTTiva.oem4f (.text:UARTTiva_writePolling)
                  00006b9c    00000040     sysbios.aem4f : BIOS.obj (.text:ti_sysbios_family_arm_lm4_Timer_startup__E)
                  00006bdc    0000003c     kentec320x240x16_ssd2119.obj (.text:Kentec320x240x16_SSD2119PixelDraw)
                  00006c18    0000003c     sysbios.aem4f : BIOS.obj (.text:ti_sysbios_family_arm_m3_Hwi_excSvCall__I)
                  00006c54    0000003c                   : BIOS.obj (.text:ti_sysbios_family_arm_m3_Hwi_getStackInfo__E)
                  00006c90    0000003c                   : BIOS.obj (.text:ti_sysbios_heaps_HeapMem_init__I)
                  00006ccc    0000003c     ti.targets.arm.rtsarm.aem4f : Text.oem4f (.text:xdc_runtime_Text_xprintf__I)
                  00006d08    0000003a     grlib.lib : string.obj (.text:FontGlyphDataGet)
                  00006d42    0000003a     driverlib.lib : lcd.obj (.text:LCDIDDTimingSet)
                  00006d7c    00000038     drivers_tivaware.aem4f : UART.oem4f (.text:UART_init)
                  00006db4    00000038     sysbios.aem4f : BIOS.obj (.text:ti_sysbios_family_arm_m3_Hwi_excNoIsr__I)
                  00006dec    00000038                   : BIOS.obj (.text:ti_sysbios_family_arm_m3_TaskSupport_start__E)
                  00006e24    00000038                   : BIOS.obj (.text:ti_sysbios_knl_Task_processVitalTaskFlag__I)
                  00006e5c    00000038     ti.targets.arm.rtsarm.aem4f : SysMin.oem4f (.text:xdc_runtime_SysMin_putch__E)
                  00006e94    00000038                                 : System.oem4f (.text:xdc_runtime_System_atexit__E)
                  00006ecc    00000034     driverlib.lib : sysctl.obj (.text:SysCtlPeripheralEnable)
                  00006f00    00000034     drivers_tivaware.aem4f : UARTTiva.oem4f (.text:UARTTiva_close)
                  00006f34    00000034     sysbios.aem4f : BIOS.obj (.text:ti_sysbios_family_arm_m3_Hwi_excNmi__I)
                  00006f68    00000034     uartecho_pem4f.oem4f (.text:ti_sysbios_knl_Semaphore_create)
                  00006f9c    00000034     ti.uia.loggers.aem4f : LoggerStopMode.oem4f (.text:ti_uia_loggers_LoggerStopMode_reset__E)
                  00006fd0    00000034     ti.targets.arm.rtsarm.aem4f : Core-label.oem4f (.text:xdc_runtime_Core_assignLabel__I)
                  00007004    00000033                                 : Text.oem4f (.text:xdc_runtime_Text_printVisFxn__I)
                  00007037    00000001     --HOLE-- [fill = 0]
                  00007038    00000032     drivers_tivaware.aem4f : UARTTiva.oem4f (.text:UARTTiva_readCancel)
                  0000706a    00000032                            : UARTTiva.oem4f (.text:UARTTiva_writeCancel)
                  0000709c    00000032     sysbios.aem4f : BIOS.obj (.text:ti_sysbios_knl_Semaphore_pendTimeout__I)
                  000070ce    00000002     --HOLE-- [fill = 0]
                  000070d0    00000030     uartecho_pem4f.oem4f (.text:ti_sysbios_gates_GateHwi_Object__create__S)
                  00007100    00000030     uartecho_pem4f.oem4f (.text:ti_sysbios_gates_GateMutex_Object__create__S)
                  00007130    00000030     uartecho_pem4f.oem4f (.text:ti_sysbios_heaps_HeapMem_Object__create__S)
                  00007160    00000030     uartecho_pem4f.oem4f (.text:ti_sysbios_knl_Semaphore_construct)
                  00007190    00000030     uartecho_pem4f.oem4f (.text:ti_uia_loggers_LoggerStopMode_Object__create__S)
                  000071c0    00000030     ti.targets.arm.rtsarm.aem4f : SysMin.oem4f (.text:xdc_runtime_SysMin_abort__E)
                  000071f0    00000030                                 : System.oem4f (.text:xdc_runtime_System_processAtExit__E)
                  00007220    0000002c     DK_TM4C129X.obj (.text:DK_TM4C129X_initUART)
                  0000724c    0000002c     kentec320x240x16_ssd2119.obj (.text:WriteData)
                  00007278    0000002c     Boot.aem4f : Boot_sysctl.oem4f (.text:_SysCtlMemTimingGet)
                  000072a4    0000002c     uartecho_pem4f.oem4f (.text:ti_sysbios_BIOS_atExitFunc__I)
                  000072d0    0000002c     sysbios.aem4f : BIOS.obj (.text:ti_sysbios_hal_Hwi_initStack)
                  000072fc    0000002c     uartecho_pem4f.oem4f (.text:ti_sysbios_knl_Clock_doTick__I)
                  00007328    0000002c     uartecho_pem4f.oem4f (.text:ti_sysbios_knl_Queue_construct)
                  00007354    0000002c     ti.targets.arm.rtsarm.aem4f : Text.oem4f (.text:xdc_runtime_Text_cordText__E)
                  00007380    0000002a     driverlib.lib : gpio.obj (.text:GPIODirModeSet)
                  000073aa    0000002a     grlib.lib : string.obj (.text:GrFontBaselineGet)
                  000073d4    0000002a               : string.obj (.text:GrStringNextCharGet)
                  000073fe    0000002a     ti.targets.arm.rtsarm.aem4f : System.oem4f (.text:xdc_runtime_System_putchar__I)
                  00007428    00000028     drivers_tivaware.aem4f : GPIOTiva.oem4f (.text:GPIO_write)
                  00007450    00000028     kentec320x240x16_ssd2119.obj (.text:Kentec320x240x16_SSD2119ColorTranslate)
                  00007478    00000028     sysbios.aem4f : BIOS.obj (.text:ti_sysbios_family_arm_m3_Hwi_Instance_finalize__E)
                  000074a0    00000028                   : BIOS.obj (.text:ti_sysbios_knl_Task_restore__E)
                  000074c8    00000026     grlib.lib : string.obj (.text:GrFontInfoGet)
                  000074ee    00000026     sysbios.aem4f : m3_Hwi_asm.obj (.text:ti_sysbios_family_arm_m3_Hwi_pendSV__I)
                  00007514    00000026     ti.targets.arm.rtsarm.aem4f : System.oem4f (.text:xdc_runtime_System_avprintf__E)
                  0000753a    00000002     --HOLE-- [fill = 0]
                  0000753c    00000024     drivers_tivaware.aem4f : GPIOTiva.oem4f (.text:GPIO_init)
                  00007560    00000024     uartecho_pem4f.oem4f (.text:ti_sysbios_BIOS_errorRaiseHook__I)
                  00007584    00000024     uartecho_pem4f.oem4f (.text:ti_sysbios_BIOS_registerRTSLock__I)
                  000075a8    00000024     uartecho_pem4f.oem4f (.text:ti_sysbios_BIOS_removeRTSLock__I)
                  000075cc    00000024     uartecho_pem4f.oem4f (.text:ti_sysbios_gates_GateMutex_Object__delete__S)
                  000075f0    00000024     sysbios.aem4f : BIOS.obj (.text:ti_sysbios_knl_Clock_Module_startup__E)
                  00007614    00000024     ti.targets.arm.rtsarm.aem4f : System.oem4f (.text:xdc_runtime_System_vprintf__E)
                  00007638    00000022     grlib.lib : string.obj (.text:GrFontGlyphDataGet)
                  0000765a    00000022     driverlib.lib : lcd.obj (.text:LCDModeSet)
                  0000767c    00000022     sysbios.aem4f : BIOS.obj (.text:ti_sysbios_family_arm_lm4_Timer_write__I)
                  0000769e    00000022     uartecho_pem4f.oem4f (.text:xdc_runtime_SysMin_output__I)
                  000076c0    00000020     uartecho_pem4f.oem4f (.text:ti_sysbios_BIOS_startFunc__I)
                  000076e0    00000020     sysbios.aem4f : BIOS.obj (.text:ti_sysbios_family_arm_m3_Hwi_doTaskRestore__I)
                  00007700    00000020                   : m3_Hwi_asm.obj (.text:ti_sysbios_family_arm_m3_Hwi_excHandlerAsm__I)
                  00007720    00000020                   : BIOS.obj (.text:ti_sysbios_family_arm_m3_Hwi_excHandler__I)
                  00007740    00000020     uartecho_pem4f.oem4f (.text:ti_sysbios_gates_GateHwi_Object__delete__S)
                  00007760    00000020     uartecho_pem4f.oem4f (.text:ti_sysbios_heaps_HeapMem_Object__delete__S)
                  00007780    00000020     sysbios.aem4f : BIOS.obj (.text:ti_sysbios_knl_Idle_run__E)
                  000077a0    00000020     uartecho_pem4f.oem4f (.text:ti_sysbios_knl_Semaphore_Object__destruct__S)
                  000077c0    00000020     sysbios.aem4f : BIOS.obj (.text:ti_sysbios_knl_Task_enter__I)
                  000077e0    00000020     uartecho_pem4f.oem4f (.text:ti_uia_loggers_LoggerStopMode_Object__delete__S)
                  00007800    00000020     ti.targets.arm.rtsarm.aem4f : Registry.oem4f (.text:xdc_runtime_Registry_findById__E)
                  00007820    00000020                                 : SysMin.oem4f (.text:xdc_runtime_SysMin_Module_startup__E)
                  00007840    0000001e     grlib.lib : string.obj (.text:GrFontCodepageGet)
                  0000785e    00000002     --HOLE-- [fill = 0]
                  00007860    0000001c     driverlib.lib : uart.obj (.text:UARTDisable)
                  0000787c    0000001c     uartecho_pem4f.oem4f (.text:ti_sysbios_BIOS_rtsLock__I)
                  00007898    0000001c     uartecho_pem4f.oem4f (.text:ti_sysbios_family_arm_m3_Hwi_Object__destruct__S)
                  000078b4    0000001c     sysbios.aem4f : BIOS.obj (.text:ti_sysbios_gates_GateMutex_Instance_init__E)
                  000078d0    0000001c     uartecho_pem4f.oem4f (.text:ti_sysbios_knl_Queue_Object__destruct__S)
                  000078ec    0000001c     ti.targets.arm.rtsarm.aem4f : Error.oem4f (.text:xdc_runtime_Error_raiseX__E)
                  00007908    0000001c                                 : Memory.oem4f (.text:xdc_runtime_Memory_valloc__E)
                  00007924    0000001c                                 : SysMin.oem4f (.text:xdc_runtime_SysMin_exit__E)
                  00007940    0000001c                                 : System.oem4f (.text:xdc_runtime_System_abort__E)
                  0000795c    0000001a     sysbios.aem4f : BIOS.obj (.text:ti_sysbios_knl_Task_sleepTimeout__I)
                  00007976    0000001a     ti.uia.loggers.aem4f : LoggerStopMode.oem4f (.text:ti_uia_loggers_LoggerStopMode_Instance_init__E)
                  00007990    0000001a     uartecho_pem4f.oem4f (.text:xdc_runtime_System_aprintf__E)
                  000079aa    0000001a     uartecho_pem4f.oem4f (.text:xdc_runtime_System_printf__E)
                  000079c4    00000018     driverlib.lib : gpio.obj (.text:GPIOPinTypeGPIOOutput)
                  000079dc    00000018     drivers_tivaware.aem4f : UART.oem4f (.text:UART_Params_init)
                  000079f4    00000018                            : UART.oem4f (.text:UART_open)
                  00007a0c    00000018     kentec320x240x16_ssd2119.obj (.text:WriteCommand)
                  00007a24    00000018     rtsv7M4_T_le_v4SPD16_eabi.lib : args_main.obj (.text)
                  00007a3c    00000018     uartecho_pem4f.oem4f (.text:ti_sysbios_BIOS_rtsUnlock__I)
                  00007a54    00000018     uartecho_pem4f.oem4f (.text:ti_sysbios_family_arm_lm4_Timer_Module__startupDone__F)
                  00007a6c    00000018     uartecho_pem4f.oem4f (.text:ti_sysbios_family_arm_m3_Hwi_Handle__label__S)
                  00007a84    00000018     uartecho_pem4f.oem4f (.text:ti_sysbios_family_arm_m3_Hwi_Module__startupDone__F)
                  00007a9c    00000018     sysbios.aem4f : m3_TaskSupport_asm.obj (.text:ti_sysbios_family_arm_m3_TaskSupport_swap__E)
                  00007ab4    00000018     uartecho_pem4f.oem4f (.text:ti_sysbios_gates_GateHwi_Handle__label__S)
                  00007acc    00000018     uartecho_pem4f.oem4f (.text:ti_sysbios_gates_GateMutex_Handle__label__S)
                  00007ae4    00000018     sysbios.aem4f : BIOS.obj (.text:ti_sysbios_gates_GateMutex_leave__E)
                  00007afc    00000018     uartecho_pem4f.oem4f (.text:ti_sysbios_heaps_HeapMem_Handle__label__S)
                  00007b14    00000018     uartecho_pem4f.oem4f (.text:ti_sysbios_knl_Task_Handle__label__S)
                  00007b2c    00000018     uartecho_pem4f.oem4f (.text:ti_uia_loggers_LoggerStopMode_Handle__label__S)
                  00007b44    00000018     ti.targets.arm.rtsarm.aem4f : Error.oem4f (.text:xdc_runtime_Error_check__E)
                  00007b5c    00000018                                 : System.oem4f (.text:xdc_runtime_System_exit__E)
                  00007b74    00000018                                 : Text.oem4f (.text:xdc_runtime_Text_ropeText__E)
                  00007b8c    00000016     uartecho_pem4f.oem4f (.text:ti_sysbios_BIOS_exitFunc__I)
                  00007ba2    00000016     ti.uia.loggers.aem4f : LoggerStopMode.oem4f (.text:ti_uia_loggers_LoggerStopMode_disable__E)
                  00007bb8    00000016                          : LoggerStopMode.oem4f (.text:ti_uia_loggers_LoggerStopMode_enable__E)
                  00007bce    00000014     driverlib.lib : uart.obj (.text:UARTEnable)
                  00007be2    00000002     --HOLE-- [fill = 0]
                  00007be4    00000014     rtsv7M4_T_le_v4SPD16_eabi.lib : _lock.obj (.text)
                  00007bf8    00000014                                   : strlen.obj (.text)
                  00007c0c    00000014     uartecho_pem4f.oem4f (.text:ti_sysbios_family_arm_m3_Hwi_Object__get__S)
                  00007c20    00000014     sysbios.aem4f : BIOS.obj (.text:ti_sysbios_family_arm_m3_Hwi_switchFromBootStack__E)
                  00007c34    00000014     uartecho_pem4f.oem4f (.text:ti_sysbios_heaps_HeapMem_Object__get__S)
                  00007c48    00000012     driverlib.lib : gpio.obj (.text:GPIOPinTypeGPIOInput)
                  00007c5a    00000012                   : gpio.obj (.text:GPIOPinTypeUART)
                  00007c6c    00000012     grlib.lib : string.obj (.text:GrStringDraw)
                  00007c7e    00000012     rtsv7M4_T_le_v4SPD16_eabi.lib : copy_zero_init.obj (.text:decompress:ZI)
                  00007c90    00000012     sysbios.aem4f : BIOS.obj (.text:ti_sysbios_hal_Hwi_Module_startup__E)
                  00007ca2    00000012     uartecho_pem4f.oem4f (.text:xdc_runtime_Startup_exec__I)
                  00007cb4    00000010     uartecho_pem4f.oem4f (.text:.bootCodeSection:ti_catalog_arm_cortexm4_tiva_ce_Boot_init__I)
                  00007cc4    00000010     rtsv7M4_T_le_v4SPD16_eabi.lib : strcpy.obj (.text)
                  00007cd4    00000010     sysbios.aem4f : BIOS.obj (.text:ti_sysbios_BIOS_getCpuFreq__E)
                  00007ce4    00000010                   : BIOS.obj (.text:ti_sysbios_BIOS_setThreadType__E)
                  00007cf4    00000010                   : BIOS.obj (.text:ti_sysbios_BIOS_start__E)
                  00007d04    00000010                   : BIOS.obj (.text:ti_sysbios_family_arm_lm4_TimestampProvider_rolloverFunc__E)
                  00007d14    00000010                   : m3_TaskSupport_asm.obj (.text:ti_sysbios_family_arm_m3_TaskSupport_glue)
                  00007d24    00000010                   : BIOS.obj (.text:ti_sysbios_gates_GateMutex_Instance_finalize__E)
                  00007d34    00000010                   : BIOS.obj (.text:ti_sysbios_knl_Semaphore_Instance_finalize__E)
                  00007d44    00000010     uartecho_pem4f.oem4f (.text:ti_sysbios_knl_Task_Object__get__S)
                  00007d54    00000010     sysbios.aem4f : BIOS.obj (.text:ti_sysbios_knl_Task_disable__E)
                  00007d64    00000010     uartecho_pem4f.oem4f (.text:ti_uia_loggers_LoggerStopMode_Object__get__S)
                  00007d74    00000010     ti.uia.loggers.aem4f : LoggerStopMode.oem4f (.text:ti_uia_loggers_LoggerStopMode_isEmpty__E)
                  00007d84    00000010     ti.targets.arm.rtsarm.aem4f : Gate.oem4f (.text:xdc_runtime_Gate_leaveSystem__E)
                  00007d94    00000010                                 : Memory.oem4f (.text:xdc_runtime_Memory_free__E)
                  00007da4    00000010                                 : SysMin.oem4f (.text:xdc_runtime_SysMin_ready__E)
                  00007db4    00000010                                 : System.oem4f (.text:xdc_runtime_System_vsnprintf__E)
                  00007dc4    0000000e     grlib.lib : image.obj (.text:GrImageDraw)
                  00007dd2    0000000e     driverlib.lib : uart.obj (.text:UARTCharGetNonBlocking)
                  00007de0    0000000e                   : uart.obj (.text:UARTCharPutNonBlocking)
                  00007dee    0000000e     rtsv7M4_T_le_v4SPD16_eabi.lib : copy_decompress_none.obj (.text:decompress:none)
                  00007dfc    0000000e     sysbios.aem4f : BIOS.obj (.text:ti_sysbios_knl_Queue_empty__E)
                  00007e0a    0000000c     driverlib.lib : lcd.obj (.text:LCDIDDCommandWrite)
                  00007e16    0000000c                   : lcd.obj (.text:LCDIDDDataWrite)
                  00007e22    0000000c     sysbios.aem4f : BIOS.obj (.text:ti_sysbios_family_arm_lm4_Timer_getMaxTicks__E)
                  00007e2e    00000002     --HOLE-- [fill = 0]
                  00007e30    0000000c                   : BIOS.obj (.text:ti_sysbios_family_arm_lm4_TimestampProvider_startTimer__E)
                  00007e3c    0000000c     uartecho_pem4f.oem4f (.text:ti_sysbios_family_arm_m3_Hwi_Params__init__S)
                  00007e48    0000000c     sysbios.aem4f : BIOS.obj (.text:ti_sysbios_family_arm_m3_Hwi_disableFxn__E)
                  00007e54    0000000c                   : BIOS.obj (.text:ti_sysbios_family_arm_m3_TaskSupport_checkStack__E)
                  00007e60    0000000c                   : BIOS.obj (.text:ti_sysbios_gates_GateHwi_enter__E)
                  00007e6c    0000000c     uartecho_pem4f.oem4f (.text:ti_sysbios_knl_Queue_Object__get__S)
                  00007e78    0000000c     uartecho_pem4f.oem4f (.text:ti_sysbios_knl_Semaphore_Params__init__S)
                  00007e84    0000000c     ti.targets.arm.rtsarm.aem4f : Error.oem4f (.text:xdc_runtime_Error_init__E)
                  00007e90    0000000c                                 : Gate.oem4f (.text:xdc_runtime_Gate_enterSystem__E)
                  00007e9c    0000000c                                 : Memory.oem4f (.text:xdc_runtime_Memory_calloc__E)
                  00007ea8    0000000c                                 : Memory.oem4f (.text:xdc_runtime_Memory_getMaxDefaultTypeAlign__E)
                  00007eb4    0000000a     kentec320x240x16_ssd2119.obj (.text:Kentec320x240x16_SSD2119Flush)
                  00007ebe    0000000a     driverlib.lib : uart.obj (.text:UARTCharGet)
                  00007ec8    0000000a                   : uart.obj (.text:UARTCharPut)
                  00007ed2    0000000a                   : uart.obj (.text:UARTIntDisable)
                  00007edc    0000000a                   : uart.obj (.text:UARTIntStatus)
                  00007ee6    0000000a     drivers_tivaware.aem4f : UART.oem4f (.text:UART_read)
                  00007ef0    0000000a                            : UART.oem4f (.text:UART_write)
                  00007efa    0000000a     uartecho_pem4f.oem4f (.text:xdc_runtime_IHeap_alloc)
                  00007f04    0000000a     uartecho_pem4f.oem4f (.text:xdc_runtime_IHeap_free)
                  00007f0e    0000000a     uartecho_pem4f.oem4f (.text:xdc_runtime_Text_visitRope__I)
                  00007f18    00000008     grlib.lib : charmap.obj (.text:GrMapISO8859_1_Unicode)
                  00007f20    00000008     driverlib.lib : uart.obj (.text:UARTIntEnable)
                  00007f28    00000008     drivers_tivaware.aem4f : UARTTiva.oem4f (.text:UARTTiva_init)
                  00007f30    00000008                            : UARTTiva.oem4f (.text:readSemCallback)
                  00007f38    00000008     sysbios.aem4f : BIOS.obj (.text:ti_sysbios_family_arm_lm4_Timer_masterDisable__I)
                  00007f40    00000008                   : BIOS.obj (.text:ti_sysbios_family_arm_m3_Hwi_startup__E)
                  00007f48    00000008                   : BIOS.obj (.text:ti_sysbios_knl_Idle_loop__E)
                  00007f50    00000008     drivers_tivaware.aem4f : UARTTiva.oem4f (.text:writeSemCallback)
                  00007f58    00000006     driverlib.lib : gpio.obj (.text:GPIOPinWrite)
                  00007f5e    00000006     grlib.lib : string.obj (.text:GrContextFontSet)
                  00007f64    00000006     driverlib.lib : sysctl.obj (.text:SysCtlDelay)
                  00007f6a    00000006                   : uart.obj (.text:UARTFIFOLevelSet)
                  00007f70    00000006     drivers_tivaware.aem4f : UARTTiva.oem4f (.text:UARTTiva_control)
                  00007f76    00000006     ti.targets.arm.rtsarm.aem4f : xdc_noinit.oem4f (.text:__xdc__init)
                  00007f7c    00000006     rtsv7M4_T_le_v4SPD16_eabi.lib : copy_decompress_rle.obj (.text:decompress:rle24)
                  00007f82    00000006     sysbios.aem4f : BIOS.obj (.text:ti_sysbios_family_arm_lm4_TimestampProvider_Module_startup__E)
                  00007f88    00000006                   : BIOS.obj (.text:ti_sysbios_family_arm_m3_Hwi_restoreFxn__E)
                  00007f8e    00000006                   : BIOS.obj (.text:ti_sysbios_gates_GateHwi_leave__E)
                  00007f94    00000006                   : BIOS.obj (.text:ti_sysbios_heaps_HeapMem_isBlocking__E)
                  00007f9a    00000006                   : BIOS.obj (.text:ti_sysbios_knl_Queue_Instance_init__E)
                  00007fa0    00000006     ti.targets.arm.rtsarm.aem4f : System.oem4f (.text:xdc_runtime_System_Module_startup__E)
                  00007fa6    00000004     driverlib.lib : lcd.obj (.text:LCDDMAConfigSet)
                  00007faa    00000004                   : lcd.obj (.text:LCDIDDConfigSet)
                  00007fae    00000004                   : uart.obj (.text:UARTIntClear)
                  00007fb2    00000004     uartecho_pem4f.oem4f (.text:ti_sysbios_BIOS_RtsGateProxy_enter__E)
                  00007fb6    00000004     uartecho_pem4f.oem4f (.text:ti_sysbios_BIOS_RtsGateProxy_leave__E)
                  00007fba    00000004     sysbios.aem4f : BIOS.obj (.text:ti_sysbios_family_arm_lm4_Timer_getPeriod__E)
                  00007fbe    00000004                   : BIOS.obj (.text:ti_sysbios_family_arm_lm4_Timer_masterEnable__I)
                  00007fc2    00000004     uartecho_pem4f.oem4f (.text:ti_sysbios_family_arm_m3_Hwi_destruct)
                  00007fc6    00000004     uartecho_pem4f.oem4f (.text:ti_sysbios_family_arm_m3_TaskSupport_Module__startupDone__S)
                  00007fca    00000004     sysbios.aem4f : BIOS.obj (.text:ti_sysbios_gates_GateHwi_query__E)
                  00007fce    00000004                   : BIOS.obj (.text:ti_sysbios_gates_GateMutex_query__E)
                  00007fd2    00000004     uartecho_pem4f.oem4f (.text:ti_sysbios_hal_Hwi_HwiProxy_Module__startupDone__S)
                  00007fd6    00000004     uartecho_pem4f.oem4f (.text:ti_sysbios_heaps_HeapMem_Module_GateProxy_enter__E)
                  00007fda    00000004     uartecho_pem4f.oem4f (.text:ti_sysbios_heaps_HeapMem_Module_GateProxy_leave__E)
                  00007fde    00000004     uartecho_pem4f.oem4f (.text:ti_sysbios_knl_Clock_TimerProxy_Module__startupDone__S)
                  00007fe2    00000004     uartecho_pem4f.oem4f (.text:ti_sysbios_knl_Clock_TimerProxy_getMaxTicks__E)
                  00007fe6    00000004     uartecho_pem4f.oem4f (.text:ti_sysbios_knl_Clock_TimerProxy_getPeriod__E)
                  00007fea    00000004     uartecho_pem4f.oem4f (.text:ti_sysbios_knl_Queue_destruct)
                  00007fee    00000004     uartecho_pem4f.oem4f (.text:ti_sysbios_knl_Semaphore_destruct)
                  00007ff2    00000004     uartecho_pem4f.oem4f (.text:ti_sysbios_knl_Task_SupportProxy_Module__startupDone__S)
                  00007ff6    00000004     sysbios.aem4f : BIOS.obj (.text:ti_sysbios_knl_Task_startup__E)
                  00007ffa    00000004     ti.uia.loggers.aem4f : LoggerStopMode.oem4f (.text:ti_uia_loggers_LoggerStopMode_getContents__E)
                  00007ffe    00000004     uartecho_pem4f.oem4f (.text:ti_uia_loggers_LoggerStopMode_getFilterLevel__E)
                  00008002    00000004     ti.uia.loggers.aem4f : LoggerStopMode.oem4f (.text:ti_uia_loggers_LoggerStopMode_getInstanceId__E)
                  00008006    00000004                          : LoggerStopMode.oem4f (.text:ti_uia_loggers_LoggerStopMode_getMaxLength__E)
                  0000800a    00000004                          : LoggerStopMode.oem4f (.text:ti_uia_loggers_LoggerStopMode_getPriority__E)
                  0000800e    00000004                          : LoggerStopMode.oem4f (.text:ti_uia_loggers_LoggerStopMode_getTransferType__E)
                  00008012    00000004     ti.targets.arm.rtsarm.aem4f : Error.oem4f (.text:xdc_runtime_Error_getSite__E)
                  00008016    00000004     uartecho_pem4f.oem4f (.text:xdc_runtime_Memory_HeapProxy_alloc__E)
                  0000801a    00000004     uartecho_pem4f.oem4f (.text:xdc_runtime_Memory_HeapProxy_free__E)
                  0000801e    00000004     uartecho_pem4f.oem4f (.text:xdc_runtime_System_Module_GateProxy_enter__E)
                  00008022    00000004     uartecho_pem4f.oem4f (.text:xdc_runtime_System_Module_GateProxy_leave__E)
                  00008026    00000004     ti.targets.arm.rtsarm.aem4f : System.oem4f (.text:xdc_runtime_System_aprintf_va__F)
                  0000802a    00000004                                 : System.oem4f (.text:xdc_runtime_System_printf_va__F)

.const     0    00008030    00005ef8     
                  00008030    00001c49     uartecho_pem4f.oem4f (.const:xdc_runtime_Text_charTab__A)
                  00009c79    00001a46     frame.obj (.const:.string:g_pui8Top)
                  0000b6bf    00000786     frame.obj (.const:.string:g_pui8Bottom)
                  0000be45    00000001     uartecho_pem4f.oem4f (.const:xdc_runtime_Error_policy__C)
                  0000be46    00000002     uartecho_pem4f.oem4f (.const:ti_catalog_arm_cortexm4_tiva_ce_Boot_Module__id__C)
                  0000be48    00000782     grlib.lib : fontcmss18b.obj (.const:.string:g_pui8Cmss18bData)
                  0000c5ca    00000546     frame.obj (.const:.string:g_pui8Left)
                  0000cb10    00000546     frame.obj (.const:.string:g_pui8Right)
                  0000d056    0000017c     frame.obj (.const:.string:g_pui8TopLeft)
                  0000d1d2    00000173     frame.obj (.const:.string:g_pui8TopRight)
                  0000d345    00000001     --HOLE-- [fill = 0]
                  0000d346    00000002     uartecho_pem4f.oem4f (.const:ti_sysbios_family_arm_lm4_TimestampProvider_useClockTimer__C)
                  0000d348    00000120     Boot.aem4f : Boot_sysctl.oem4f (.const:g_pppui32XTALtoVCO)
                  0000d468    000000d0     frame.obj (.const:.string:g_pui8BottomLeft)
                  0000d538    000000c8     grlib.lib : fontcmss18b.obj (.const:g_sFontCmss18b)
                  0000d600    000000c4     frame.obj (.const:.string:g_pui8BottomRight)
                  0000d6c4    00000090     driverlib.lib : gpio.obj (.const:g_pui32GPIOBaseAddrs)
                  0000d754    0000006c     Boot.aem4f : Boot_sysctl.oem4f (.const:g_pui32Xtals)
                  0000d7c0    00000060     uartecho_pem4f.oem4f (.const:ti_uia_loggers_LoggerStopMode_Module__FXNS__C)
                  0000d820    00000048     uartecho_pem4f.oem4f (.const:.string)
                  0000d868    00000048     DK_TM4C129X.obj (.const:gpioHWAttrs)
                  0000d8b0    00000030     Boot.aem4f : Boot_sysctl.oem4f (.const:g_sXTALtoMEMTIM)
                  0000d8e0    00000030     uartecho_pem4f.oem4f (.const:ti_sysbios_family_arm_m3_Hwi_Object__PARAMS__C)
                  0000d910    0000002c     drivers_tivaware.aem4f : UARTTiva.oem4f (.const)
                  0000d93c    00000028                            : UARTTiva.oem4f (.const:UARTTiva_fxnTable)
                  0000d964    00000028     kentec320x240x16_ssd2119.obj (.const:g_sKentec320x240x16_SSD2119)
                  0000d98c    00000028     uartecho_pem4f.oem4f (.const:ti_sysbios_heaps_HeapMem_Module__FXNS__C)
                  0000d9b4    00000028     uartecho_pem4f.oem4f (.const:ti_uia_loggers_LoggerStopMode_Object__PARAMS__C)
                  0000d9dc    00000024     drivers_tivaware.aem4f : UART.oem4f (.const:UART_defaultParams)
                  0000da00    00000024     uartecho_pem4f.oem4f (.const:ti_sysbios_gates_GateHwi_Module__FXNS__C)
                  0000da24    00000024     uartecho_pem4f.oem4f (.const:ti_sysbios_gates_GateMutex_Module__FXNS__C)
                  0000da48    00000024     uartecho_pem4f.oem4f (.const:ti_sysbios_heaps_HeapMem_Object__PARAMS__C)
                  0000da6c    00000024     uartecho_pem4f.oem4f (.const:ti_sysbios_knl_Semaphore_Object__PARAMS__C)
                  0000da90    00000024     uartecho_pem4f.oem4f (.const:xdc_runtime_Startup_sfxnTab__A)
                  0000dab4    00000020     uartecho_pem4f.oem4f (.const:ti_sysbios_family_arm_m3_Hwi_Object__DESC__C)
                  0000dad4    00000020     uartecho_pem4f.oem4f (.const:ti_sysbios_gates_GateHwi_Object__DESC__C)
                  0000daf4    00000020     uartecho_pem4f.oem4f (.const:ti_sysbios_gates_GateMutex_Object__DESC__C)
                  0000db14    00000020     uartecho_pem4f.oem4f (.const:ti_sysbios_heaps_HeapMem_Object__DESC__C)
                  0000db34    00000020     uartecho_pem4f.oem4f (.const:ti_sysbios_knl_Queue_Object__DESC__C)
                  0000db54    00000020     uartecho_pem4f.oem4f (.const:ti_sysbios_knl_Semaphore_Object__DESC__C)
                  0000db74    00000020     uartecho_pem4f.oem4f (.const:ti_uia_loggers_LoggerStopMode_Object__DESC__C)
                  0000db94    0000001c     DK_TM4C129X.obj (.const:GPIO_config)
                  0000dbb0    00000018     DK_TM4C129X.obj (.const:UART_config)
                  0000dbc8    00000018     uartecho_pem4f.oem4f (.const:ti_sysbios_gates_GateHwi_Object__PARAMS__C)
                  0000dbe0    00000018     uartecho_pem4f.oem4f (.const:ti_sysbios_gates_GateMutex_Object__PARAMS__C)
                  0000dbf8    00000018     uartecho_pem4f.oem4f (.const:ti_sysbios_knl_Queue_Object__PARAMS__C)
                  0000dc10    00000017     main.obj (.const:.string)
                  0000dc27    00000001     --HOLE-- [fill = 0]
                  0000dc28    00000014     uartecho_pem4f.oem4f (.const:xdc_runtime_Startup_firstFxns__A)
                  0000dc3c    00000012     uartecho_pem4f.oem4f (.const:xdc_runtime_Startup_sfxnRts__A)
                  0000dc4e    00000011     ti.targets.arm.rtsarm.aem4f : System.oem4f (.const:.string)
                  0000dc5f    00000001     --HOLE-- [fill = 0]
                  0000dc60    00000010     grlib.lib : context.obj (.const)
                  0000dc70    00000010     uartecho_pem4f.oem4f (.const:xdc_runtime_Text_nodeTab__A)
                  0000dc80    00000008     Boot.aem4f : Boot_sysctl.oem4f (.const)
                  0000dc88    00000008     uartecho_pem4f.oem4f (.const:ti_sysbios_family_arm_m3_Hwi_excHookFuncs__A)
                  0000dc90    00000008     uartecho_pem4f.oem4f (.const:ti_sysbios_knl_Idle_funcList__C)
                  0000dc98    00000008     DK_TM4C129X.obj (.const:uartTivaHWAttrs)
                  0000dca0    00000008     uartecho_pem4f.oem4f (.const:xdc_runtime_Startup_firstFxns__C)
                  0000dca8    00000008     uartecho_pem4f.oem4f (.const:xdc_runtime_Startup_lastFxns__C)
                  0000dcb0    00000004     uartecho_pem4f.oem4f (.const:ti_catalog_arm_cortexm4_tiva_ce_Boot_A_mustNotUseEnhancedClockMode__C)
                  0000dcb4    00000004     uartecho_pem4f.oem4f (.const:ti_catalog_arm_cortexm4_tiva_ce_Boot_Module__diagsEnabled__C)
                  0000dcb8    00000004     uartecho_pem4f.oem4f (.const:ti_catalog_arm_cortexm4_tiva_ce_Boot_Module__diagsIncluded__C)
                  0000dcbc    00000004     uartecho_pem4f.oem4f (.const:ti_catalog_arm_cortexm4_tiva_ce_Boot_Module__diagsMask__C)
                  0000dcc0    00000004     uartecho_pem4f.oem4f (.const:ti_sysbios_family_arm_lm4_Timer_enableFunc__C)
                  0000dcc4    00000004     uartecho_pem4f.oem4f (.const:ti_sysbios_family_arm_lm4_Timer_numTimerDevices__C)
                  0000dcc8    00000004     uartecho_pem4f.oem4f (.const:ti_sysbios_family_arm_lm4_Timer_startupNeeded__C)
                  0000dccc    00000004     uartecho_pem4f.oem4f (.const:ti_sysbios_family_arm_m3_Hwi_E_NMI__C)
                  0000dcd0    00000004     uartecho_pem4f.oem4f (.const:ti_sysbios_family_arm_m3_Hwi_E_alreadyDefined__C)
                  0000dcd4    00000004     uartecho_pem4f.oem4f (.const:ti_sysbios_family_arm_m3_Hwi_E_busFault__C)
                  0000dcd8    00000004     uartecho_pem4f.oem4f (.const:ti_sysbios_family_arm_m3_Hwi_E_debugMon__C)
                  0000dcdc    00000004     uartecho_pem4f.oem4f (.const:ti_sysbios_family_arm_m3_Hwi_E_hardFault__C)
                  0000dce0    00000004     uartecho_pem4f.oem4f (.const:ti_sysbios_family_arm_m3_Hwi_E_memFault__C)
                  0000dce4    00000004     uartecho_pem4f.oem4f (.const:ti_sysbios_family_arm_m3_Hwi_E_noIsr__C)
                  0000dce8    00000004     uartecho_pem4f.oem4f (.const:ti_sysbios_family_arm_m3_Hwi_E_reserved__C)
                  0000dcec    00000004     uartecho_pem4f.oem4f (.const:ti_sysbios_family_arm_m3_Hwi_E_svCall__C)
                  0000dcf0    00000004     uartecho_pem4f.oem4f (.const:ti_sysbios_family_arm_m3_Hwi_E_usageFault__C)
                  0000dcf4    00000004     uartecho_pem4f.oem4f (.const:ti_sysbios_family_arm_m3_Hwi_LD_end__C)
                  0000dcf8    00000004     uartecho_pem4f.oem4f (.const:ti_sysbios_family_arm_m3_Hwi_LM_begin__C)
                  0000dcfc    00000004     uartecho_pem4f.oem4f (.const:ti_sysbios_family_arm_m3_Hwi_Module__diagsEnabled__C)
                  0000dd00    00000004     uartecho_pem4f.oem4f (.const:ti_sysbios_family_arm_m3_Hwi_Module__diagsIncluded__C)
                  0000dd04    00000004     uartecho_pem4f.oem4f (.const:ti_sysbios_family_arm_m3_Hwi_Module__diagsMask__C)
                  0000dd08    00000004     uartecho_pem4f.oem4f (.const:ti_sysbios_family_arm_m3_Hwi_Module__loggerFxn1__C)
                  0000dd0c    00000004     uartecho_pem4f.oem4f (.const:ti_sysbios_family_arm_m3_Hwi_Module__loggerFxn8__C)
                  0000dd10    00000004     uartecho_pem4f.oem4f (.const:ti_sysbios_family_arm_m3_Hwi_Module__loggerObj__C)
                  0000dd14    00000004     uartecho_pem4f.oem4f (.const:ti_sysbios_family_arm_m3_Hwi_NUM_INTERRUPTS__C)
                  0000dd18    00000004     uartecho_pem4f.oem4f (.const:ti_sysbios_family_arm_m3_Hwi_Object__count__C)
                  0000dd1c    00000004     uartecho_pem4f.oem4f (.const:ti_sysbios_family_arm_m3_Hwi_ccr__C)
                  0000dd20    00000004     uartecho_pem4f.oem4f (.const:ti_sysbios_family_arm_m3_Hwi_excHandlerFunc__C)
                  0000dd24    00000004     uartecho_pem4f.oem4f (.const:ti_sysbios_family_arm_m3_Hwi_excHookFuncs__C)
                  0000dd28    00000004     uartecho_pem4f.oem4f (.const:ti_sysbios_family_arm_m3_Hwi_nullIsrFunc__C)
                  0000dd2c    00000004     uartecho_pem4f.oem4f (.const:ti_sysbios_family_arm_m3_Hwi_priGroup__C)
                  0000dd30    00000004     uartecho_pem4f.oem4f (.const:ti_sysbios_gates_GateMutex_A_badContext__C)
                  0000dd34    00000004     uartecho_pem4f.oem4f (.const:ti_sysbios_gates_GateMutex_Instance_State_sem__O)
                  0000dd38    00000004     uartecho_pem4f.oem4f (.const:ti_sysbios_gates_GateMutex_Module__diagsEnabled__C)
                  0000dd3c    00000004     uartecho_pem4f.oem4f (.const:ti_sysbios_gates_GateMutex_Module__diagsIncluded__C)
                  0000dd40    00000004     uartecho_pem4f.oem4f (.const:ti_sysbios_gates_GateMutex_Module__diagsMask__C)
                  0000dd44    00000004     uartecho_pem4f.oem4f (.const:ti_sysbios_heaps_HeapMem_A_align__C)
                  0000dd48    00000004     uartecho_pem4f.oem4f (.const:ti_sysbios_heaps_HeapMem_A_heapSize__C)
                  0000dd4c    00000004     uartecho_pem4f.oem4f (.const:ti_sysbios_heaps_HeapMem_A_invalidFree__C)
                  0000dd50    00000004     uartecho_pem4f.oem4f (.const:ti_sysbios_heaps_HeapMem_A_zeroBlock__C)
                  0000dd54    00000004     uartecho_pem4f.oem4f (.const:ti_sysbios_heaps_HeapMem_E_memory__C)
                  0000dd58    00000004     uartecho_pem4f.oem4f (.const:ti_sysbios_heaps_HeapMem_Module__diagsEnabled__C)
                  0000dd5c    00000004     uartecho_pem4f.oem4f (.const:ti_sysbios_heaps_HeapMem_Module__diagsIncluded__C)
                  0000dd60    00000004     uartecho_pem4f.oem4f (.const:ti_sysbios_heaps_HeapMem_Module__diagsMask__C)
                  0000dd64    00000004     uartecho_pem4f.oem4f (.const:ti_sysbios_heaps_HeapMem_Module__gateObj__C)
                  0000dd68    00000004     uartecho_pem4f.oem4f (.const:ti_sysbios_heaps_HeapMem_Object__count__C)
                  0000dd6c    00000004     uartecho_pem4f.oem4f (.const:ti_sysbios_heaps_HeapMem_reqAlign__C)
                  0000dd70    00000004     uartecho_pem4f.oem4f (.const:ti_sysbios_knl_Clock_LM_begin__C)
                  0000dd74    00000004     uartecho_pem4f.oem4f (.const:ti_sysbios_knl_Clock_LM_tick__C)
                  0000dd78    00000004     uartecho_pem4f.oem4f (.const:ti_sysbios_knl_Clock_LW_delayed__C)
                  0000dd7c    00000004     uartecho_pem4f.oem4f (.const:ti_sysbios_knl_Clock_Module_State_clockQ__O)
                  0000dd80    00000004     uartecho_pem4f.oem4f (.const:ti_sysbios_knl_Clock_Module__diagsEnabled__C)
                  0000dd84    00000004     uartecho_pem4f.oem4f (.const:ti_sysbios_knl_Clock_Module__diagsIncluded__C)
                  0000dd88    00000004     uartecho_pem4f.oem4f (.const:ti_sysbios_knl_Clock_Module__diagsMask__C)
                  0000dd8c    00000004     uartecho_pem4f.oem4f (.const:ti_sysbios_knl_Clock_Module__loggerFxn1__C)
                  0000dd90    00000004     uartecho_pem4f.oem4f (.const:ti_sysbios_knl_Clock_Module__loggerFxn2__C)
                  0000dd94    00000004     uartecho_pem4f.oem4f (.const:ti_sysbios_knl_Clock_Module__loggerObj__C)
                  0000dd98    00000004     uartecho_pem4f.oem4f (.const:ti_sysbios_knl_Idle_funcList__A)
                  0000dd9c    00000004     uartecho_pem4f.oem4f (.const:ti_sysbios_knl_Semaphore_A_badContext__C)
                  0000dda0    00000004     uartecho_pem4f.oem4f (.const:ti_sysbios_knl_Semaphore_A_noEvents__C)
                  0000dda4    00000004     uartecho_pem4f.oem4f (.const:ti_sysbios_knl_Semaphore_A_overflow__C)
                  0000dda8    00000004     uartecho_pem4f.oem4f (.const:ti_sysbios_knl_Semaphore_A_pendTaskDisabled__C)
                  0000ddac    00000004     uartecho_pem4f.oem4f (.const:ti_sysbios_knl_Semaphore_Instance_State_pendQ__O)
                  0000ddb0    00000004     uartecho_pem4f.oem4f (.const:ti_sysbios_knl_Semaphore_LM_pend__C)
                  0000ddb4    00000004     uartecho_pem4f.oem4f (.const:ti_sysbios_knl_Semaphore_LM_post__C)
                  0000ddb8    00000004     uartecho_pem4f.oem4f (.const:ti_sysbios_knl_Semaphore_Module__diagsEnabled__C)
                  0000ddbc    00000004     uartecho_pem4f.oem4f (.const:ti_sysbios_knl_Semaphore_Module__diagsIncluded__C)
                  0000ddc0    00000004     uartecho_pem4f.oem4f (.const:ti_sysbios_knl_Semaphore_Module__diagsMask__C)
                  0000ddc4    00000004     uartecho_pem4f.oem4f (.const:ti_sysbios_knl_Semaphore_Module__loggerFxn2__C)
                  0000ddc8    00000004     uartecho_pem4f.oem4f (.const:ti_sysbios_knl_Semaphore_Module__loggerFxn4__C)
                  0000ddcc    00000004     uartecho_pem4f.oem4f (.const:ti_sysbios_knl_Semaphore_Module__loggerObj__C)
                  0000ddd0    00000004     uartecho_pem4f.oem4f (.const:ti_sysbios_knl_Task_A_badTimeout__C)
                  0000ddd4    00000004     uartecho_pem4f.oem4f (.const:ti_sysbios_knl_Task_A_sleepTaskDisabled__C)
                  0000ddd8    00000004     uartecho_pem4f.oem4f (.const:ti_sysbios_knl_Task_E_spOutOfBounds__C)
                  0000dddc    00000004     uartecho_pem4f.oem4f (.const:ti_sysbios_knl_Task_E_stackOverflow__C)
                  0000dde0    00000004     uartecho_pem4f.oem4f (.const:ti_sysbios_knl_Task_LD_block__C)
                  0000dde4    00000004     uartecho_pem4f.oem4f (.const:ti_sysbios_knl_Task_LD_exit__C)
                  0000dde8    00000004     uartecho_pem4f.oem4f (.const:ti_sysbios_knl_Task_LD_ready__C)
                  0000ddec    00000004     uartecho_pem4f.oem4f (.const:ti_sysbios_knl_Task_LM_sleep__C)
                  0000ddf0    00000004     uartecho_pem4f.oem4f (.const:ti_sysbios_knl_Task_LM_switch__C)
                  0000ddf4    00000004     uartecho_pem4f.oem4f (.const:ti_sysbios_knl_Task_Module_State_inactiveQ__O)
                  0000ddf8    00000004     uartecho_pem4f.oem4f (.const:ti_sysbios_knl_Task_Module__diagsEnabled__C)
                  0000ddfc    00000004     uartecho_pem4f.oem4f (.const:ti_sysbios_knl_Task_Module__diagsIncluded__C)
                  0000de00    00000004     uartecho_pem4f.oem4f (.const:ti_sysbios_knl_Task_Module__diagsMask__C)
                  0000de04    00000004     uartecho_pem4f.oem4f (.const:ti_sysbios_knl_Task_Module__loggerFxn2__C)
                  0000de08    00000004     uartecho_pem4f.oem4f (.const:ti_sysbios_knl_Task_Module__loggerFxn4__C)
                  0000de0c    00000004     uartecho_pem4f.oem4f (.const:ti_sysbios_knl_Task_Module__loggerObj__C)
                  0000de10    00000004     uartecho_pem4f.oem4f (.const:ti_sysbios_knl_Task_Object__count__C)
                  0000de14    00000004     uartecho_pem4f.oem4f (.const:ti_sysbios_knl_Task_allBlockedFunc__C)
                  0000de18    00000004     uartecho_pem4f.oem4f (.const:ti_sysbios_knl_Task_numConstructedTasks__C)
                  0000de1c    00000004     uartecho_pem4f.oem4f (.const:ti_sysbios_utils_Load_LS_cpuLoad__C)
                  0000de20    00000004     uartecho_pem4f.oem4f (.const:ti_sysbios_utils_Load_LS_hwiLoad__C)
                  0000de24    00000004     uartecho_pem4f.oem4f (.const:ti_sysbios_utils_Load_Module__diagsEnabled__C)
                  0000de28    00000004     uartecho_pem4f.oem4f (.const:ti_sysbios_utils_Load_Module__diagsIncluded__C)
                  0000de2c    00000004     uartecho_pem4f.oem4f (.const:ti_sysbios_utils_Load_Module__diagsMask__C)
                  0000de30    00000004     uartecho_pem4f.oem4f (.const:ti_sysbios_utils_Load_Module__loggerFxn1__C)
                  0000de34    00000004     uartecho_pem4f.oem4f (.const:ti_sysbios_utils_Load_Module__loggerFxn2__C)
                  0000de38    00000004     uartecho_pem4f.oem4f (.const:ti_sysbios_utils_Load_Module__loggerObj__C)
                  0000de3c    00000004     uartecho_pem4f.oem4f (.const:ti_sysbios_utils_Load_postUpdate__C)
                  0000de40    00000004     uartecho_pem4f.oem4f (.const:ti_sysbios_utils_Load_windowInMs__C)
                  0000de44    00000004     uartecho_pem4f.oem4f (.const:ti_uia_loggers_LoggerStopMode_Module__diagsEnabled__C)
                  0000de48    00000004     uartecho_pem4f.oem4f (.const:ti_uia_loggers_LoggerStopMode_Module__diagsIncluded__C)
                  0000de4c    00000004     uartecho_pem4f.oem4f (.const:ti_uia_loggers_LoggerStopMode_Module__diagsMask__C)
                  0000de50    00000004     uartecho_pem4f.oem4f (.const:ti_uia_loggers_LoggerStopMode_Object__count__C)
                  0000de54    00000004     uartecho_pem4f.oem4f (.const:ti_uia_runtime_ILoggerSnapshot_Interface__BASE__C)
                  0000de58    00000004     uartecho_pem4f.oem4f (.const:ti_uia_runtime_IUIATransfer_Interface__BASE__C)
                  0000de5c    00000004     uartecho_pem4f.oem4f (.const:xdc_runtime_Assert_E_assertFailed__C)
                  0000de60    00000004     uartecho_pem4f.oem4f (.const:xdc_runtime_Core_A_initializedParams__C)
                  0000de64    00000004     uartecho_pem4f.oem4f (.const:xdc_runtime_Core_Module__diagsEnabled__C)
                  0000de68    00000004     uartecho_pem4f.oem4f (.const:xdc_runtime_Core_Module__diagsIncluded__C)
                  0000de6c    00000004     uartecho_pem4f.oem4f (.const:xdc_runtime_Core_Module__diagsMask__C)
                  0000de70    00000004     uartecho_pem4f.oem4f (.const:xdc_runtime_Error_E_memory__C)
                  0000de74    00000004     uartecho_pem4f.oem4f (.const:xdc_runtime_Error_Module__diagsEnabled__C)
                  0000de78    00000004     uartecho_pem4f.oem4f (.const:xdc_runtime_Error_Module__diagsIncluded__C)
                  0000de7c    00000004     uartecho_pem4f.oem4f (.const:xdc_runtime_Error_Module__diagsMask__C)
                  0000de80    00000004     uartecho_pem4f.oem4f (.const:xdc_runtime_Error_Module__loggerFxn8__C)
                  0000de84    00000004     uartecho_pem4f.oem4f (.const:xdc_runtime_Error_Module__loggerObj__C)
                  0000de88    00000004     uartecho_pem4f.oem4f (.const:xdc_runtime_Error_policyFxn__C)
                  0000de8c    00000004     uartecho_pem4f.oem4f (.const:xdc_runtime_Error_raiseHook__C)
                  0000de90    00000004     uartecho_pem4f.oem4f (.const:xdc_runtime_IFilterLogger_Interface__BASE__C)
                  0000de94    00000004     uartecho_pem4f.oem4f (.const:xdc_runtime_IGateProvider_Interface__BASE__C)
                  0000de98    00000004     uartecho_pem4f.oem4f (.const:xdc_runtime_IHeap_Interface__BASE__C)
                  0000de9c    00000004     uartecho_pem4f.oem4f (.const:xdc_runtime_ILogger_Interface__BASE__C)
                  0000dea0    00000004     uartecho_pem4f.oem4f (.const:xdc_runtime_IModule_Interface__BASE__C)
                  0000dea4    00000004     uartecho_pem4f.oem4f (.const:xdc_runtime_Log_L_error__C)
                  0000dea8    00000004     uartecho_pem4f.oem4f (.const:xdc_runtime_Memory_defaultHeapInstance__C)
                  0000deac    00000004     uartecho_pem4f.oem4f (.const:xdc_runtime_Startup_execImpl__C)
                  0000deb0    00000004     uartecho_pem4f.oem4f (.const:xdc_runtime_Startup_lastFxns__A)
                  0000deb4    00000004     uartecho_pem4f.oem4f (.const:xdc_runtime_Startup_maxPasses__C)
                  0000deb8    00000004     uartecho_pem4f.oem4f (.const:xdc_runtime_Startup_sfxnRts__C)
                  0000debc    00000004     uartecho_pem4f.oem4f (.const:xdc_runtime_Startup_sfxnTab__C)
                  0000dec0    00000004     uartecho_pem4f.oem4f (.const:xdc_runtime_SysMin_bufSize__C)
                  0000dec4    00000004     uartecho_pem4f.oem4f (.const:xdc_runtime_SysMin_outputFunc__C)
                  0000dec8    00000004     uartecho_pem4f.oem4f (.const:xdc_runtime_System_Module__gateObj__C)
                  0000decc    00000004     uartecho_pem4f.oem4f (.const:xdc_runtime_System_abortFxn__C)
                  0000ded0    00000004     uartecho_pem4f.oem4f (.const:xdc_runtime_System_exitFxn__C)
                  0000ded4    00000004     uartecho_pem4f.oem4f (.const:xdc_runtime_System_extendFxn__C)
                  0000ded8    00000004     uartecho_pem4f.oem4f (.const:xdc_runtime_System_maxAtexitHandlers__C)
                  0000dedc    00000004     uartecho_pem4f.oem4f (.const:xdc_runtime_Text_charTab__C)
                  0000dee0    00000004     uartecho_pem4f.oem4f (.const:xdc_runtime_Text_nameEmpty__C)
                  0000dee4    00000004     uartecho_pem4f.oem4f (.const:xdc_runtime_Text_nameStatic__C)
                  0000dee8    00000004     uartecho_pem4f.oem4f (.const:xdc_runtime_Text_nameUnknown__C)
                  0000deec    00000004     uartecho_pem4f.oem4f (.const:xdc_runtime_Text_nodeTab__C)
                  0000def0    00000004     uartecho_pem4f.oem4f (.const:xdc_runtime_Text_visitRopeFxn__C)
                  0000def4    00000002     uartecho_pem4f.oem4f (.const:ti_sysbios_family_arm_m3_Hwi_Module__id__C)
                  0000def6    00000002     uartecho_pem4f.oem4f (.const:ti_sysbios_family_arm_m3_Hwi_Module__loggerDefined__C)
                  0000def8    00000002     uartecho_pem4f.oem4f (.const:ti_sysbios_gates_GateMutex_Module__id__C)
                  0000defa    00000002     uartecho_pem4f.oem4f (.const:ti_sysbios_heaps_HeapMem_Module__id__C)
                  0000defc    00000002     uartecho_pem4f.oem4f (.const:ti_sysbios_knl_Clock_Module__id__C)
                  0000defe    00000002     uartecho_pem4f.oem4f (.const:ti_sysbios_knl_Clock_Module__loggerDefined__C)
                  0000df00    00000002     uartecho_pem4f.oem4f (.const:ti_sysbios_knl_Semaphore_Module__id__C)
                  0000df02    00000002     uartecho_pem4f.oem4f (.const:ti_sysbios_knl_Semaphore_Module__loggerDefined__C)
                  0000df04    00000002     uartecho_pem4f.oem4f (.const:ti_sysbios_knl_Task_Module__id__C)
                  0000df06    00000002     uartecho_pem4f.oem4f (.const:ti_sysbios_knl_Task_Module__loggerDefined__C)
                  0000df08    00000002     uartecho_pem4f.oem4f (.const:ti_sysbios_knl_Task_initStackFlag__C)
                  0000df0a    00000002     uartecho_pem4f.oem4f (.const:ti_sysbios_utils_Load_Module__id__C)
                  0000df0c    00000002     uartecho_pem4f.oem4f (.const:ti_sysbios_utils_Load_Module__loggerDefined__C)
                  0000df0e    00000002     uartecho_pem4f.oem4f (.const:ti_sysbios_utils_Load_hwiEnabled__C)
                  0000df10    00000002     uartecho_pem4f.oem4f (.const:ti_sysbios_utils_Load_updateInIdle__C)
                  0000df12    00000002     uartecho_pem4f.oem4f (.const:ti_uia_loggers_LoggerStopMode_Module__id__C)
                  0000df14    00000002     uartecho_pem4f.oem4f (.const:ti_uia_loggers_LoggerStopMode_isTimestampEnabled__C)
                  0000df16    00000002     uartecho_pem4f.oem4f (.const:xdc_runtime_Core_Module__id__C)
                  0000df18    00000002     uartecho_pem4f.oem4f (.const:xdc_runtime_Error_Module__loggerDefined__C)
                  0000df1a    00000002     uartecho_pem4f.oem4f (.const:xdc_runtime_Error_maxDepth__C)
                  0000df1c    00000002     uartecho_pem4f.oem4f (.const:xdc_runtime_Memory_Module__id__C)
                  0000df1e    00000002     uartecho_pem4f.oem4f (.const:xdc_runtime_SysMin_flushAtExit__C)
                  0000df20    00000002     uartecho_pem4f.oem4f (.const:xdc_runtime_Text_charCnt__C)
                  0000df22    00000002     uartecho_pem4f.oem4f (.const:xdc_runtime_Text_isLoaded__C)
                  0000df24    00000002     uartecho_pem4f.oem4f (.const:xdc_runtime_Text_registryModsLastId__C)
                  0000df26    00000002     uartecho_pem4f.oem4f (.const:xdc_runtime_Text_unnamedModsLastId__C)

.cinit     0    0000df28    00000380     
                  0000df28    0000034c     (.cinit..data.load) [load image, compression = rle]
                  0000e274    0000000c     (__TI_handler_table)
                  0000e280    00000008     (.cinit..bss.load) [load image, compression = zero_init]
                  0000e288    00000008     (.cinit..vecs.load) [load image, compression = zero_init]
                  0000e290    00000018     (__TI_cinit_table)

.vecs      0    20000000    00000360     UNINITIALIZED
                  20000000    00000360     uartecho_pem4f.oem4f (.vecs)

.bss       0    20000380    000041b0     UNINITIALIZED
                  20000380    00002000     uartecho_pem4f.oem4f (.bss:ti_sysbios_heaps_HeapMem_Instance_State_0_buf__A)
                  20002380    00001300     uartecho_pem4f.oem4f (.bss:taskStackSection)
                  20003680    00000400     uartecho_pem4f.oem4f (.bss:ti_uia_loggers_LoggerStopMode_Instance_State_2_packetArray__A)
                  20003a80    00000360     uartecho_pem4f.oem4f (.bss:ti_sysbios_family_arm_m3_Hwi_dispatchTable)
                  20003de0    00000020     grlib.lib : image.obj (.bss)
                  20003e00    00000200     uartecho_pem4f.oem4f (.bss:ti_uia_loggers_LoggerStopMode_Instance_State_1_packetArray__A)
                  20004000    00000120     rtsv7M4_T_le_v4SPD16_eabi.lib : trgmsg.obj (.bss:__CIOBUF_)
                  20004120    00000034     main.obj (.bss:buffer)
                  20004154    00000008     (.common:parmbuf)
                  2000415c    00000004     grlib.lib : context.obj (.bss)
                  20004160    00000004     (.common:bufferSem)
                  20004164    0000001c     --HOLE--
                  20004180    00000100     uartecho_pem4f.oem4f (.bss:ti_uia_loggers_LoggerStopMode_Instance_State_0_packetArray__A)
                  20004280    00000088     DK_TM4C129X.obj (.bss:uartTivaObjects)
                  20004308    00000080     uartecho_pem4f.oem4f (.bss:xdc_runtime_SysMin_Module_State_0_outbuf__A)
                  20004388    00000078     --HOLE--
                  20004400    00000030     uartecho_pem4f.oem4f (.bss:ti_uia_loggers_LoggerStopMode_Instance_State_0_hdr__A)
                  20004430    00000050     --HOLE--
                  20004480    00000030     uartecho_pem4f.oem4f (.bss:ti_uia_loggers_LoggerStopMode_Instance_State_1_hdr__A)
                  200044b0    00000050     --HOLE--
                  20004500    00000030     uartecho_pem4f.oem4f (.bss:ti_uia_loggers_LoggerStopMode_Instance_State_2_hdr__A)

.data      0    20004530    00000588     UNINITIALIZED
                  20004530    00000154     uartecho_pem4f.oem4f (.data)
                  20004684    000000e4     uartecho_pem4f.oem4f (.data:ti_sysbios_knl_Task_Object__table__V)
                  20004768    0000009c     uartecho_pem4f.oem4f (.data:ti_uia_loggers_LoggerStopMode_Object__table__V)
                  20004804    00000098     uartecho_pem4f.oem4f (.data:ti_sysbios_utils_Load_Module__state__V)
                  2000489c    00000080     uartecho_pem4f.oem4f (.data:ti_sysbios_family_arm_lm4_Timer_Object__table__V)
                  2000491c    00000044     uartecho_pem4f.oem4f (.data:ti_sysbios_knl_Task_Module__state__V)
                  20004960    00000040     uartecho_pem4f.oem4f (.data:ti_sysbios_family_arm_lm4_Timer_Module_State_0_device__A)
                  200049a0    00000038     uartecho_pem4f.oem4f (.data:ti_sysbios_gates_GateMutex_Object__table__V)
                  200049d8    00000034     uartecho_pem4f.oem4f (.data:ti_sysbios_family_arm_m3_Hwi_Module__state__V)
                  20004a0c    00000030     uartecho_pem4f.oem4f (.data:ti_sysbios_family_arm_m3_Hwi_Object__table__V)
                  20004a3c    0000002c     uartecho_pem4f.oem4f (.data:ti_sysbios_knl_Clock_Module__state__V)
                  20004a68    00000024     uartecho_pem4f.oem4f (.data:ti_sysbios_BIOS_Module__state__V)
                  20004a8c    00000008     drivers_tivaware.aem4f : GPIOTiva.oem4f (.data)
                  20004a94    00000008     rtsv7M4_T_le_v4SPD16_eabi.lib : _lock.obj (.data)
                  20004a9c    00000008                                   : exit.obj (.data)
                  20004aa4    00000008     ti.uia.runtime.aem4f : QueueDescriptor.oem4f (.data)
                  20004aac    00000004     drivers_tivaware.aem4f : UART.oem4f (.data)
                  20004ab0    00000004     main.obj (.data)
                  20004ab4    00000004     rtsv7M4_T_le_v4SPD16_eabi.lib : stkdepth_vars.obj (.data)

.stack     0    20004ab8    00000300     UNINITIALIZED
                  20004ab8    00000300     --HOLE--


LINKER GENERATED COPY TABLES

__TI_cinit_table @ 0000e290 records: 3, size/record: 8, table size: 24
	.data: load addr=0000df28, load size=0000034c bytes, run addr=20004530, run size=00000588 bytes, compression=rle
	.bss: load addr=0000e280, load size=00000008 bytes, run addr=20000380, run size=000041b0 bytes, compression=zero_init
	.vecs: load addr=0000e288, load size=00000008 bytes, run addr=20000000, run size=00000360 bytes, compression=zero_init


LINKER GENERATED HANDLER TABLE

__TI_handler_table @ 0000e274 records: 3, size/record: 4, table size: 12
	index: 0, handler: __TI_zero_init
	index: 1, handler: __TI_decompress_rle24
	index: 2, handler: __TI_decompress_none


GLOBAL SYMBOLS: SORTED ALPHABETICALLY BY Name 

address    name
--------   ----
000068fd   C$$EXIT
0000604f   C$$IO$$
00005a15   DK_TM4C129X_initGPIO
000048c9   DK_TM4C129X_initGeneral
00007221   DK_TM4C129X_initUART
0000167d   FrameDraw
00007381   GPIODirModeSet
00003329   GPIOPadConfigSet
00006709   GPIOPinConfigure
00007c49   GPIOPinTypeGPIOInput
000079c5   GPIOPinTypeGPIOOutput
00007c5b   GPIOPinTypeUART
00007f59   GPIOPinWrite
0000db94   GPIO_config
0000753d   GPIO_init
00007429   GPIO_write
00005e9d   GrContextClipRegionSet
00007f5f   GrContextFontSet
00005dd5   GrContextInit
000044f5   GrDefaultStringRenderer
000073ab   GrFontBaselineGet
00007841   GrFontCodepageGet
00007639   GrFontGlyphDataGet
000018f5   GrFontGlyphRender
000074c9   GrFontInfoGet
00007dc5   GrImageDraw
00007f19   GrMapISO8859_1_Unicode
00007c6d   GrStringDraw
000073d5   GrStringNextCharGet
00005c9d   GrStringWidthGet
00001379   HOSTclock
00001341   HOSTclose
00001303   HOSTgetenv
000012a7   HOSTlseek
00001255   HOSTopen
00001209   HOSTread
000011ab   HOSTrename
00001171   HOSTtime
00001139   HOSTunlink
000010ed   HOSTwrite
000064dd   Init_FestoStationDriver
00000e11   Kentec320x240x16_SSD2119Init
00007fa7   LCDDMAConfigSet
00007e0b   LCDIDDCommandWrite
00007fab   LCDIDDConfigSet
00007e17   LCDIDDDataWrite
00006d43   LCDIDDTimingSet
0000765b   LCDModeSet
UNDEFED    SHT$$INIT_ARRAY$$Base
UNDEFED    SHT$$INIT_ARRAY$$Limit
00007f65   SysCtlDelay
00006ecd   SysCtlPeripheralEnable
2000471c   TSK_idle
00007ebf   UARTCharGet
00007dd3   UARTCharGetNonBlocking
00007ec9   UARTCharPut
00007de1   UARTCharPutNonBlocking
00006ad9   UARTConfigSetExpClk
00007861   UARTDisable
00007bcf   UARTEnable
00007f6b   UARTFIFOLevelSet
00007faf   UARTIntClear
00007ed3   UARTIntDisable
00007f21   UARTIntEnable
00007edd   UARTIntStatus
00006f01   UARTTiva_close
00007f71   UARTTiva_control
0000d93c   UARTTiva_fxnTable
00007f29   UARTTiva_init
00002d01   UARTTiva_open
00005a81   UARTTiva_read
00007039   UARTTiva_readCancel
00005d07   UARTTiva_readPolling
00005aed   UARTTiva_write
0000706b   UARTTiva_writeCancel
00006b5d   UARTTiva_writePolling
000079dd   UART_Params_init
0000dbb0   UART_config
0000d9dc   UART_defaultParams
00006d7d   UART_init
000079f5   UART_open
00007ee7   UART_read
00007ef1   UART_write
00000000   __ASM__
20004000   __CIOBUF_
00000068   __ISA__
0000007b   __PLAT__
20004db8   __STACK_END
00000300   __STACK_SIZE
20004cb8   __STACK_TOP
0000009c   __TARG__
0000e290   __TI_CINIT_Base
0000e2a8   __TI_CINIT_Limit
0000e274   __TI_Handler_Table_Base
0000e280   __TI_Handler_Table_Limit
00000001   __TI_args_main
00005049   __TI_auto_init
20004a9c   __TI_cleanup_ptr
00007def   __TI_decompress_none
00007f7d   __TI_decompress_rle24
20004aa0   __TI_dtors_ptr
00006053   __TI_readmsg
00000000   __TI_static_base__
00006025   __TI_writemsg
00007c7f   __TI_zero_init
000000c2   __TRDR__
0000584b   __aeabi_memclr
0000584b   __aeabi_memclr4
0000584b   __aeabi_memclr8
00005189   __aeabi_memcpy
00005189   __aeabi_memcpy4
00005189   __aeabi_memcpy8
0000584d   __aeabi_memset
0000584d   __aeabi_memset4
0000584d   __aeabi_memset8
00006b1b   __aeabi_uidivmod
ffffffff   __binit__
ffffffff   __c_args__
20004ab8   __stack
00007f77   __xdc__init
20004680   __xdc__init__addr
00007a25   _args_main
000063d5   _c_int00
20004a94   _lock
00007bf3   _nop
00007beb   _register_lock
00007be5   _register_unlock
20004a98   _unlock
00006901   abort
ffffffff   binit
20004120   buffer
20004ab0   bufferCounter
20004160   bufferSem
000068b9   copy_in
0000435d   echoFxn
00006909   exit
0000dc60   g_psDefaultCodePointMapTable
0000d538   g_sFontCmss18b
0000d964   g_sKentec320x240x16_SSD2119
0000d868   gpioHWAttrs
000037c1   main
20004ab4   main_func_sp
00005189   memcpy
00005853   memset
00007cc5   strcpy
00007bf9   strlen
00005b59   task_LCD_update
0000dcb0   ti_catalog_arm_cortexm4_tiva_ce_Boot_A_mustNotUseEnhancedClockMode__C
0000dcb4   ti_catalog_arm_cortexm4_tiva_ce_Boot_Module__diagsEnabled__C
0000dcb8   ti_catalog_arm_cortexm4_tiva_ce_Boot_Module__diagsIncluded__C
0000dcbc   ti_catalog_arm_cortexm4_tiva_ce_Boot_Module__diagsMask__C
0000be46   ti_catalog_arm_cortexm4_tiva_ce_Boot_Module__id__C
00007cb5   ti_catalog_arm_cortexm4_tiva_ce_Boot_init__I
00001fd9   ti_catalog_arm_cortexm4_tiva_ce_Boot_sysCtlClockFreqSetI__I
0000535d   ti_catalog_arm_cortexm4_tiva_ce_Boot_sysCtlClockFreqSet__E
20004a68   ti_sysbios_BIOS_Module__state__V
00007fb3   ti_sysbios_BIOS_RtsGateProxy_enter__E
00007fb7   ti_sysbios_BIOS_RtsGateProxy_leave__E
00007fcf   ti_sysbios_BIOS_RtsGateProxy_query__E
000072a5   ti_sysbios_BIOS_atExitFunc__I
00007561   ti_sysbios_BIOS_errorRaiseHook__I
00007b8d   ti_sysbios_BIOS_exitFunc__I
00007cd5   ti_sysbios_BIOS_getCpuFreq__E
0000167b   ti_sysbios_BIOS_nullFunc__I
00007585   ti_sysbios_BIOS_registerRTSLock__I
000075a9   ti_sysbios_BIOS_removeRTSLock__I
0000787d   ti_sysbios_BIOS_rtsLock__I
00007a3d   ti_sysbios_BIOS_rtsUnlock__I
00007ce5   ti_sysbios_BIOS_setThreadType__E
000076c1   ti_sysbios_BIOS_startFunc__I
00007cf5   ti_sysbios_BIOS_start__E
20004960   ti_sysbios_family_arm_lm4_Timer_Module_State_0_device__A
20004548   ti_sysbios_family_arm_lm4_Timer_Module_State_0_handles__A
20004540   ti_sysbios_family_arm_lm4_Timer_Module__root__V
00007a55   ti_sysbios_family_arm_lm4_Timer_Module__startupDone__F
00007a55   ti_sysbios_family_arm_lm4_Timer_Module__startupDone__S
20004568   ti_sysbios_family_arm_lm4_Timer_Module__state__V
0000631d   ti_sysbios_family_arm_lm4_Timer_Module_startup__E
2000489c   ti_sysbios_family_arm_lm4_Timer_Object__table__V
0000dcc0   ti_sysbios_family_arm_lm4_Timer_enableFunc__C
00004da9   ti_sysbios_family_arm_lm4_Timer_enableTimers__I
00004cfd   ti_sysbios_family_arm_lm4_Timer_enableTiva__I
00007e23   ti_sysbios_family_arm_lm4_Timer_getMaxTicks__E
00007fbb   ti_sysbios_family_arm_lm4_Timer_getPeriod__E
00006085   ti_sysbios_family_arm_lm4_Timer_isrStub__E
00007f39   ti_sysbios_family_arm_lm4_Timer_masterDisable__I
00007fbf   ti_sysbios_family_arm_lm4_Timer_masterEnable__I
0000dcc4   ti_sysbios_family_arm_lm4_Timer_numTimerDevices__C
0000275d   ti_sysbios_family_arm_lm4_Timer_start__E
0000dcc8   ti_sysbios_family_arm_lm4_Timer_startupNeeded__C
[...]
00007ca3   xdc_runtime_Startup_exec__I
00007cb5   ti_catalog_arm_cortexm4_tiva_ce_Boot_init__I
00007cc5   strcpy
00007cd5   ti_sysbios_BIOS_getCpuFreq__E
00007cd5   ti_sysbios_family_arm_lm4_TimestampProvider_getFreq__E
00007cd5   xdc_runtime_Timestamp_SupportProxy_getFreq__E
00007cd5   xdc_runtime_Timestamp_getFreq__E
00007ce5   ti_sysbios_BIOS_setThreadType__E
00007cf5   ti_sysbios_BIOS_start__E
00007d05   ti_sysbios_family_arm_lm4_TimestampProvider_rolloverFunc__E
00007d15   ti_sysbios_family_arm_m3_TaskSupport_glue
00007d25   ti_sysbios_gates_GateMutex_Instance_finalize__E
00007d35   ti_sysbios_knl_Semaphore_Instance_finalize__E
00007d45   ti_sysbios_knl_Task_Object__get__S
00007d55   ti_sysbios_knl_Task_disable__E
00007d65   ti_uia_loggers_LoggerStopMode_Object__get__S
00007d75   ti_uia_loggers_LoggerStopMode_isEmpty__E
00007d85   xdc_runtime_Gate_leaveSystem__E
00007d95   xdc_runtime_Memory_free__E
00007da5   xdc_runtime_SysMin_ready__E
00007da5   xdc_runtime_System_SupportProxy_ready__E
00007db5   xdc_runtime_System_vsnprintf__E
00007dc5   GrImageDraw
00007dd3   UARTCharGetNonBlocking
00007de1   UARTCharPutNonBlocking
00007def   __TI_decompress_none
00007dfd   ti_sysbios_knl_Queue_empty__E
00007e0b   LCDIDDCommandWrite
00007e17   LCDIDDDataWrite
00007e23   ti_sysbios_family_arm_lm4_Timer_getMaxTicks__E
00007e31   ti_sysbios_family_arm_lm4_TimestampProvider_startTimer__E
00007e3d   ti_sysbios_family_arm_m3_Hwi_Params__init__S
00007e49   ti_sysbios_family_arm_m3_Hwi_disableFxn__E
00007e49   ti_sysbios_hal_Hwi_HwiProxy_disable__E
00007e49   ti_sysbios_hal_Hwi_disable__E
00007e55   ti_sysbios_family_arm_m3_TaskSupport_checkStack__E
00007e55   ti_sysbios_knl_Task_SupportProxy_checkStack__E
00007e61   ti_sysbios_gates_GateHwi_enter__E
00007e6d   ti_sysbios_knl_Queue_Object__get__S
00007e79   ti_sysbios_knl_Semaphore_Params__init__S
00007e85   xdc_runtime_Error_init__E
00007e91   xdc_runtime_Gate_enterSystem__E
00007e9d   xdc_runtime_Memory_calloc__E
00007ea9   xdc_runtime_Memory_getMaxDefaultTypeAlign__E
00007ebf   UARTCharGet
00007ec9   UARTCharPut
00007ed3   UARTIntDisable
00007edd   UARTIntStatus
00007ee7   UART_read
00007ef1   UART_write
00007f0f   xdc_runtime_Text_visitRope__I
00007f19   GrMapISO8859_1_Unicode
00007f21   UARTIntEnable
00007f29   UARTTiva_init
00007f39   ti_sysbios_family_arm_lm4_Timer_masterDisable__I
00007f41   ti_sysbios_family_arm_m3_Hwi_startup__E
00007f41   ti_sysbios_hal_Hwi_HwiProxy_startup__E
00007f41   ti_sysbios_hal_Hwi_startup__E
00007f49   ti_sysbios_knl_Idle_loop__E
00007f59   GPIOPinWrite
00007f5f   GrContextFontSet
00007f65   SysCtlDelay
00007f6b   UARTFIFOLevelSet
00007f71   UARTTiva_control
00007f77   __xdc__init
00007f7d   __TI_decompress_rle24
00007f83   ti_sysbios_family_arm_lm4_TimestampProvider_Module_startup__E
00007f89   ti_sysbios_family_arm_m3_Hwi_restoreFxn__E
00007f89   ti_sysbios_hal_Hwi_HwiProxy_restore__E
00007f89   ti_sysbios_hal_Hwi_restore__E
00007f8f   ti_sysbios_gates_GateHwi_leave__E
00007f95   ti_sysbios_heaps_HeapMem_isBlocking__E
00007f9b   ti_sysbios_knl_Queue_Instance_init__E
00007fa1   xdc_runtime_System_Module_startup__E
00007fa7   LCDDMAConfigSet
00007fab   LCDIDDConfigSet
00007faf   UARTIntClear
00007fb3   ti_sysbios_BIOS_RtsGateProxy_enter__E
00007fb7   ti_sysbios_BIOS_RtsGateProxy_leave__E
00007fbb   ti_sysbios_family_arm_lm4_Timer_getPeriod__E
00007fbf   ti_sysbios_family_arm_lm4_Timer_masterEnable__I
00007fc3   ti_sysbios_family_arm_m3_Hwi_destruct
00007fc7   ti_sysbios_family_arm_m3_TaskSupport_Module__startupDone__S
00007fcb   ti_sysbios_gates_GateHwi_query__E
00007fcb   xdc_runtime_Main_Module_GateProxy_query__E
00007fcb   xdc_runtime_System_Module_GateProxy_query__E
00007fcf   ti_sysbios_BIOS_RtsGateProxy_query__E
00007fcf   ti_sysbios_gates_GateMutex_query__E
00007fcf   ti_sysbios_heaps_HeapMem_Module_GateProxy_query__E
00007fd3   ti_sysbios_hal_Hwi_HwiProxy_Module__startupDone__S
00007fd7   ti_sysbios_heaps_HeapMem_Module_GateProxy_enter__E
00007fdb   ti_sysbios_heaps_HeapMem_Module_GateProxy_leave__E
00007fdf   ti_sysbios_knl_Clock_TimerProxy_Module__startupDone__S
00007fe3   ti_sysbios_knl_Clock_TimerProxy_getMaxTicks__E
00007fe7   ti_sysbios_knl_Clock_TimerProxy_getPeriod__E
00007feb   ti_sysbios_knl_Queue_destruct
00007fef   ti_sysbios_knl_Semaphore_destruct
00007ff3   ti_sysbios_knl_Task_SupportProxy_Module__startupDone__S
00007ff7   ti_sysbios_knl_Task_startup__E
00007ffb   ti_uia_loggers_LoggerStopMode_getContents__E
00007fff   ti_uia_loggers_LoggerStopMode_getFilterLevel__E
00008003   ti_uia_loggers_LoggerStopMode_getInstanceId__E
00008007   ti_uia_loggers_LoggerStopMode_getMaxLength__E
0000800b   ti_uia_loggers_LoggerStopMode_getPriority__E
0000800f   ti_uia_loggers_LoggerStopMode_getTransferType__E
00008013   xdc_runtime_Error_getSite__E
00008017   xdc_runtime_Memory_HeapProxy_alloc__E
0000801b   xdc_runtime_Memory_HeapProxy_free__E
0000801f   xdc_runtime_System_Module_GateProxy_enter__E
00008023   xdc_runtime_System_Module_GateProxy_leave__E
00008027   xdc_runtime_System_aprintf_va__F
0000802b   xdc_runtime_System_printf_va__F
00008030   xdc_runtime_Text_charTab__A
0000be45   xdc_runtime_Error_policy__C
0000be46   ti_catalog_arm_cortexm4_tiva_ce_Boot_Module__id__C
0000d346   ti_sysbios_family_arm_lm4_TimestampProvider_useClockTimer__C
0000d538   g_sFontCmss18b
0000d7c0   ti_uia_loggers_LoggerStopMode_Module__FXNS__C
0000d868   gpioHWAttrs
0000d8e0   ti_sysbios_family_arm_m3_Hwi_Object__PARAMS__C
0000d93c   UARTTiva_fxnTable
0000d964   g_sKentec320x240x16_SSD2119
0000d98c   ti_sysbios_heaps_HeapMem_Module__FXNS__C
0000d9b4   ti_uia_loggers_LoggerStopMode_Object__PARAMS__C
0000d9dc   UART_defaultParams
0000da00   ti_sysbios_gates_GateHwi_Module__FXNS__C
0000da24   ti_sysbios_gates_GateMutex_Module__FXNS__C
0000da48   ti_sysbios_heaps_HeapMem_Object__PARAMS__C
0000da6c   ti_sysbios_knl_Semaphore_Object__PARAMS__C
0000da90   xdc_runtime_Startup_sfxnTab__A
0000dab4   ti_sysbios_family_arm_m3_Hwi_Object__DESC__C
0000dad4   ti_sysbios_gates_GateHwi_Object__DESC__C
0000daf4   ti_sysbios_gates_GateMutex_Object__DESC__C
0000db14   ti_sysbios_heaps_HeapMem_Object__DESC__C
0000db34   ti_sysbios_knl_Queue_Object__DESC__C
0000db54   ti_sysbios_knl_Semaphore_Object__DESC__C
0000db74   ti_uia_loggers_LoggerStopMode_Object__DESC__C
0000db94   GPIO_config
0000dbb0   UART_config
0000dbc8   ti_sysbios_gates_GateHwi_Object__PARAMS__C
0000dbe0   ti_sysbios_gates_GateMutex_Object__PARAMS__C
0000dbf8   ti_sysbios_knl_Queue_Object__PARAMS__C
0000dc28   xdc_runtime_Startup_firstFxns__A
0000dc3c   xdc_runtime_Startup_sfxnRts__A
0000dc60   g_psDefaultCodePointMapTable
0000dc70   xdc_runtime_Text_nodeTab__A
0000dc88   ti_sysbios_family_arm_m3_Hwi_excHookFuncs__A
0000dc90   ti_sysbios_knl_Idle_funcList__C
0000dc98   uartTivaHWAttrs
0000dca0   xdc_runtime_Startup_firstFxns__C
0000dca8   xdc_runtime_Startup_lastFxns__C
0000dcb0   ti_catalog_arm_cortexm4_tiva_ce_Boot_A_mustNotUseEnhancedClockMode__C
0000dcb4   ti_catalog_arm_cortexm4_tiva_ce_Boot_Module__diagsEnabled__C
0000dcb8   ti_catalog_arm_cortexm4_tiva_ce_Boot_Module__diagsIncluded__C
0000dcbc   ti_catalog_arm_cortexm4_tiva_ce_Boot_Module__diagsMask__C
0000dcc0   ti_sysbios_family_arm_lm4_Timer_enableFunc__C
0000dcc4   ti_sysbios_family_arm_lm4_Timer_numTimerDevices__C
0000dcc8   ti_sysbios_family_arm_lm4_Timer_startupNeeded__C
0000dccc   ti_sysbios_family_arm_m3_Hwi_E_NMI__C
0000dcd0   ti_sysbios_family_arm_m3_Hwi_E_alreadyDefined__C
0000dcd4   ti_sysbios_family_arm_m3_Hwi_E_busFault__C
0000dcd8   ti_sysbios_family_arm_m3_Hwi_E_debugMon__C
0000dcdc   ti_sysbios_family_arm_m3_Hwi_E_hardFault__C
0000dce0   ti_sysbios_family_arm_m3_Hwi_E_memFault__C
0000dce4   ti_sysbios_family_arm_m3_Hwi_E_noIsr__C
0000dce8   ti_sysbios_family_arm_m3_Hwi_E_reserved__C
0000dcec   ti_sysbios_family_arm_m3_Hwi_E_svCall__C
0000dcf0   ti_sysbios_family_arm_m3_Hwi_E_usageFault__C
0000dcf4   ti_sysbios_family_arm_m3_Hwi_LD_end__C
0000dcf8   ti_sysbios_family_arm_m3_Hwi_LM_begin__C
0000dcfc   ti_sysbios_family_arm_m3_Hwi_Module__diagsEnabled__C
0000dd00   ti_sysbios_family_arm_m3_Hwi_Module__diagsIncluded__C
0000dd04   ti_sysbios_family_arm_m3_Hwi_Module__diagsMask__C
0000dd08   ti_sysbios_family_arm_m3_Hwi_Module__loggerFxn1__C
0000dd0c   ti_sysbios_family_arm_m3_Hwi_Module__loggerFxn8__C
0000dd10   ti_sysbios_family_arm_m3_Hwi_Module__loggerObj__C
0000dd14   ti_sysbios_family_arm_m3_Hwi_NUM_INTERRUPTS__C
0000dd18   ti_sysbios_family_arm_m3_Hwi_Object__count__C
0000dd1c   ti_sysbios_family_arm_m3_Hwi_ccr__C
0000dd20   ti_sysbios_family_arm_m3_Hwi_excHandlerFunc__C
0000dd24   ti_sysbios_family_arm_m3_Hwi_excHookFuncs__C
0000dd28   ti_sysbios_family_arm_m3_Hwi_nullIsrFunc__C
0000dd2c   ti_sysbios_family_arm_m3_Hwi_priGroup__C
0000dd30   ti_sysbios_gates_GateMutex_A_badContext__C
0000dd34   ti_sysbios_gates_GateMutex_Instance_State_sem__O
0000dd38   ti_sysbios_gates_GateMutex_Module__diagsEnabled__C
0000dd3c   ti_sysbios_gates_GateMutex_Module__diagsIncluded__C
0000dd40   ti_sysbios_gates_GateMutex_Module__diagsMask__C
0000dd44   ti_sysbios_heaps_HeapMem_A_align__C
0000dd48   ti_sysbios_heaps_HeapMem_A_heapSize__C
0000dd4c   ti_sysbios_heaps_HeapMem_A_invalidFree__C
0000dd50   ti_sysbios_heaps_HeapMem_A_zeroBlock__C
0000dd54   ti_sysbios_heaps_HeapMem_E_memory__C
0000dd58   ti_sysbios_heaps_HeapMem_Module__diagsEnabled__C
0000dd5c   ti_sysbios_heaps_HeapMem_Module__diagsIncluded__C
0000dd60   ti_sysbios_heaps_HeapMem_Module__diagsMask__C
0000dd64   ti_sysbios_heaps_HeapMem_Module__gateObj__C
0000dd68   ti_sysbios_heaps_HeapMem_Object__count__C
0000dd6c   ti_sysbios_heaps_HeapMem_reqAlign__C
0000dd70   ti_sysbios_knl_Clock_LM_begin__C
0000dd74   ti_sysbios_knl_Clock_LM_tick__C
0000dd78   ti_sysbios_knl_Clock_LW_delayed__C
0000dd7c   ti_sysbios_knl_Clock_Module_State_clockQ__O
0000dd80   ti_sysbios_knl_Clock_Module__diagsEnabled__C
0000dd84   ti_sysbios_knl_Clock_Module__diagsIncluded__C
0000dd88   ti_sysbios_knl_Clock_Module__diagsMask__C
0000dd8c   ti_sysbios_knl_Clock_Module__loggerFxn1__C
0000dd90   ti_sysbios_knl_Clock_Module__loggerFxn2__C
0000dd94   ti_sysbios_knl_Clock_Module__loggerObj__C
0000dd98   ti_sysbios_knl_Idle_funcList__A
0000dd9c   ti_sysbios_knl_Semaphore_A_badContext__C
0000dda0   ti_sysbios_knl_Semaphore_A_noEvents__C
0000dda4   ti_sysbios_knl_Semaphore_A_overflow__C
0000dda8   ti_sysbios_knl_Semaphore_A_pendTaskDisabled__C
0000ddac   ti_sysbios_knl_Semaphore_Instance_State_pendQ__O
0000ddb0   ti_sysbios_knl_Semaphore_LM_pend__C
0000ddb4   ti_sysbios_knl_Semaphore_LM_post__C
0000ddb8   ti_sysbios_knl_Semaphore_Module__diagsEnabled__C
0000ddbc   ti_sysbios_knl_Semaphore_Module__diagsIncluded__C
0000ddc0   ti_sysbios_knl_Semaphore_Module__diagsMask__C
0000ddc4   ti_sysbios_knl_Semaphore_Module__loggerFxn2__C
0000ddc8   ti_sysbios_knl_Semaphore_Module__loggerFxn4__C
0000ddcc   ti_sysbios_knl_Semaphore_Module__loggerObj__C
0000ddd0   ti_sysbios_knl_Task_A_badTimeout__C
0000ddd4   ti_sysbios_knl_Task_A_sleepTaskDisabled__C
0000ddd8   ti_sysbios_knl_Task_E_spOutOfBounds__C
0000dddc   ti_sysbios_knl_Task_E_stackOverflow__C
0000dde0   ti_sysbios_knl_Task_LD_block__C
0000dde4   ti_sysbios_knl_Task_LD_exit__C
0000dde8   ti_sysbios_knl_Task_LD_ready__C
0000ddec   ti_sysbios_knl_Task_LM_sleep__C
0000ddf0   ti_sysbios_knl_Task_LM_switch__C
0000ddf4   ti_sysbios_knl_Task_Module_State_inactiveQ__O
0000ddf8   ti_sysbios_knl_Task_Module__diagsEnabled__C
0000ddfc   ti_sysbios_knl_Task_Module__diagsIncluded__C
0000de00   ti_sysbios_knl_Task_Module__diagsMask__C
0000de04   ti_sysbios_knl_Task_Module__loggerFxn2__C
0000de08   ti_sysbios_knl_Task_Module__loggerFxn4__C
0000de0c   ti_sysbios_knl_Task_Module__loggerObj__C
0000de10   ti_sysbios_knl_Task_Object__count__C
0000de14   ti_sysbios_knl_Task_allBlockedFunc__C
0000de18   ti_sysbios_knl_Task_numConstructedTasks__C
0000de1c   ti_sysbios_utils_Load_LS_cpuLoad__C
0000de20   ti_sysbios_utils_Load_LS_hwiLoad__C
0000de24   ti_sysbios_utils_Load_Module__diagsEnabled__C
0000de28   ti_sysbios_utils_Load_Module__diagsIncluded__C
0000de2c   ti_sysbios_utils_Load_Module__diagsMask__C
0000de30   ti_sysbios_utils_Load_Module__loggerFxn1__C
0000de34   ti_sysbios_utils_Load_Module__loggerFxn2__C
0000de38   ti_sysbios_utils_Load_Module__loggerObj__C
0000de3c   ti_sysbios_utils_Load_postUpdate__C
0000de40   ti_sysbios_utils_Load_windowInMs__C
0000de44   ti_uia_loggers_LoggerStopMode_Module__diagsEnabled__C
0000de48   ti_uia_loggers_LoggerStopMode_Module__diagsIncluded__C
0000de4c   ti_uia_loggers_LoggerStopMode_Module__diagsMask__C
0000de50   ti_uia_loggers_LoggerStopMode_Object__count__C
0000de54   ti_uia_runtime_ILoggerSnapshot_Interface__BASE__C
0000de58   ti_uia_runtime_IUIATransfer_Interface__BASE__C
0000de5c   xdc_runtime_Assert_E_assertFailed__C
0000de60   xdc_runtime_Core_A_initializedParams__C
0000de64   xdc_runtime_Core_Module__diagsEnabled__C
0000de68   xdc_runtime_Core_Module__diagsIncluded__C
0000de6c   xdc_runtime_Core_Module__diagsMask__C
0000de70   xdc_runtime_Error_E_memory__C
0000de74   xdc_runtime_Error_Module__diagsEnabled__C
0000de78   xdc_runtime_Error_Module__diagsIncluded__C
0000de7c   xdc_runtime_Error_Module__diagsMask__C
0000de80   xdc_runtime_Error_Module__loggerFxn8__C
0000de84   xdc_runtime_Error_Module__loggerObj__C
0000de88   xdc_runtime_Error_policyFxn__C
0000de8c   xdc_runtime_Error_raiseHook__C
0000de90   xdc_runtime_IFilterLogger_Interface__BASE__C
0000de94   xdc_runtime_IGateProvider_Interface__BASE__C
0000de98   xdc_runtime_IHeap_Interface__BASE__C
0000de9c   xdc_runtime_ILogger_Interface__BASE__C
0000dea0   xdc_runtime_IModule_Interface__BASE__C
0000dea4   xdc_runtime_Log_L_error__C
0000dea8   xdc_runtime_Memory_defaultHeapInstance__C
0000deac   xdc_runtime_Startup_execImpl__C
0000deb0   xdc_runtime_Startup_lastFxns__A
0000deb4   xdc_runtime_Startup_maxPasses__C
0000deb8   xdc_runtime_Startup_sfxnRts__C
0000debc   xdc_runtime_Startup_sfxnTab__C
0000dec0   xdc_runtime_SysMin_bufSize__C
0000dec4   xdc_runtime_SysMin_outputFunc__C
0000dec8   xdc_runtime_System_Module__gateObj__C
0000decc   xdc_runtime_System_abortFxn__C
0000ded0   xdc_runtime_System_exitFxn__C
0000ded4   xdc_runtime_System_extendFxn__C
0000ded8   xdc_runtime_System_maxAtexitHandlers__C
0000dedc   xdc_runtime_Text_charTab__C
0000dee0   xdc_runtime_Text_nameEmpty__C
0000dee4   xdc_runtime_Text_nameStatic__C
0000dee8   xdc_runtime_Text_nameUnknown__C
0000deec   xdc_runtime_Text_nodeTab__C
0000def0   xdc_runtime_Text_visitRopeFxn__C
0000def4   ti_sysbios_family_arm_m3_Hwi_Module__id__C
0000def6   ti_sysbios_family_arm_m3_Hwi_Module__loggerDefined__C
0000def8   ti_sysbios_gates_GateMutex_Module__id__C
0000defa   ti_sysbios_heaps_HeapMem_Module__id__C
0000defc   ti_sysbios_knl_Clock_Module__id__C
0000defe   ti_sysbios_knl_Clock_Module__loggerDefined__C
0000df00   ti_sysbios_knl_Semaphore_Module__id__C
0000df02   ti_sysbios_knl_Semaphore_Module__loggerDefined__C
0000df04   ti_sysbios_knl_Task_Module__id__C
0000df06   ti_sysbios_knl_Task_Module__loggerDefined__C
0000df08   ti_sysbios_knl_Task_initStackFlag__C
0000df0a   ti_sysbios_utils_Load_Module__id__C
0000df0c   ti_sysbios_utils_Load_Module__loggerDefined__C
0000df0e   ti_sysbios_utils_Load_hwiEnabled__C
0000df10   ti_sysbios_utils_Load_updateInIdle__C
0000df12   ti_uia_loggers_LoggerStopMode_Module__id__C
0000df14   ti_uia_loggers_LoggerStopMode_isTimestampEnabled__C
0000df16   xdc_runtime_Core_Module__id__C
0000df18   xdc_runtime_Error_Module__loggerDefined__C
0000df1a   xdc_runtime_Error_maxDepth__C
0000df1c   xdc_runtime_Memory_Module__id__C
0000df1e   xdc_runtime_SysMin_flushAtExit__C
0000df20   xdc_runtime_Text_charCnt__C
0000df22   xdc_runtime_Text_isLoaded__C
0000df24   xdc_runtime_Text_registryModsLastId__C
0000df26   xdc_runtime_Text_unnamedModsLastId__C
0000e274   __TI_Handler_Table_Base
0000e280   __TI_Handler_Table_Limit
0000e290   __TI_CINIT_Base
0000e2a8   __TI_CINIT_Limit
20000000   ti_sysbios_family_arm_m3_Hwi_ramVectors
20000380   ti_sysbios_heaps_HeapMem_Instance_State_0_buf__A
20002380   ti_sysbios_knl_Task_Instance_State_0_stack__A
20002680   ti_sysbios_knl_Task_Instance_State_1_stack__A
20002e80   ti_sysbios_knl_Task_Instance_State_2_stack__A
20003680   ti_uia_loggers_LoggerStopMode_Instance_State_2_packetArray__A
20003a80   ti_sysbios_family_arm_m3_Hwi_dispatchTable
20003e00   ti_uia_loggers_LoggerStopMode_Instance_State_1_packetArray__A
20004000   __CIOBUF_
20004120   buffer
20004160   bufferSem
20004180   ti_uia_loggers_LoggerStopMode_Instance_State_0_packetArray__A
20004280   uartTivaObjects
20004308   xdc_runtime_SysMin_Module_State_0_outbuf__A
20004400   ti_uia_loggers_LoggerStopMode_Instance_State_0_hdr__A
20004480   ti_uia_loggers_LoggerStopMode_Instance_State_1_hdr__A
20004500   ti_uia_loggers_LoggerStopMode_Instance_State_2_hdr__A
20004530   xdc_runtime_Diags_dictElems
20004540   ti_sysbios_family_arm_lm4_Timer_Module__root__V
20004548   ti_sysbios_family_arm_lm4_Timer_Module_State_0_handles__A
20004568   ti_sysbios_family_arm_lm4_Timer_Module__state__V
20004574   ti_sysbios_family_arm_lm4_TimestampProvider_Module__state__V
2000457c   ti_sysbios_family_arm_m3_Hwi_Module__root__V
20004584   ti_sysbios_family_arm_m3_Hwi_Module_State_0_excActive__A
20004588   ti_sysbios_family_arm_m3_Hwi_Module_State_0_excContext__A
2000458c   ti_sysbios_family_arm_m3_Hwi_Module_State_0_excStack__A
20004590   ti_sysbios_gates_GateHwi_Module__root__V
20004598   ti_sysbios_gates_GateHwi_Object__table__V
2000459c   ti_sysbios_gates_GateMutex_Module__root__V
200045a4   ti_sysbios_hal_Hwi_Module__root__V
200045ac   ti_sysbios_heaps_HeapMem_Module__root__V
200045b4   ti_sysbios_heaps_HeapMem_Object__table__V
200045cc   ti_sysbios_knl_Clock_Module__root__V
200045d4   ti_sysbios_knl_Event_Module__root__V
200045e0   ti_sysbios_knl_Queue_Module__root__V
200045e8   ti_sysbios_knl_Semaphore_Module__root__V
200045f0   ti_sysbios_knl_Task_Module__root__V
200045fc   ti_sysbios_knl_Task_Module_State_0_readyQ__A
2000461c   ti_sysbios_knl_Task_Module_State_0_idleTask__A
20004620   ti_sysbios_utils_Load_Module_State_0_taskStartTime__A
20004624   ti_sysbios_utils_Load_Module_State_0_runningTask__A
20004628   ti_uia_loggers_LoggerStopMode_Module__root__V
20004630   ti_uia_loggers_LoggerStopMode_Module__state__V
20004638   ti_uia_runtime_QueueDescriptor_Module__state__V
20004644   xdc_runtime_Error_Module__state__V
20004646   xdc_runtime_Main_Module__root__V
20004648   xdc_runtime_Memory_Module__state__V
2000464c   xdc_runtime_Registry_Module__state__V
20004654   xdc_runtime_Startup_Module__state__V
2000465c   xdc_runtime_SysMin_Module__state__V
20004668   xdc_runtime_System_Module_State_0_atexitHandlers__A
20004670   xdc_runtime_System_Module__state__V
20004678   xdc_runtime_Text_Module__state__V
20004680   __xdc__init__addr
20004684   ti_sysbios_knl_Task_Object__table__V
2000471c   TSK_idle
20004768   ti_uia_loggers_LoggerStopMode_Object__table__V
20004804   ti_sysbios_utils_Load_Module__state__V
2000489c   ti_sysbios_family_arm_lm4_Timer_Object__table__V
2000491c   ti_sysbios_knl_Task_Module__state__V
20004960   ti_sysbios_family_arm_lm4_Timer_Module_State_0_device__A
200049a0   ti_sysbios_gates_GateMutex_Object__table__V
200049d8   ti_sysbios_family_arm_m3_Hwi_Module__state__V
20004a0c   ti_sysbios_family_arm_m3_Hwi_Object__table__V
20004a3c   ti_sysbios_knl_Clock_Module__state__V
20004a68   ti_sysbios_BIOS_Module__state__V
20004a94   _lock
20004a98   _unlock
20004a9c   __TI_cleanup_ptr
20004aa0   __TI_dtors_ptr
20004aa4   ti_uia_runtime_QueueDescriptor_gPtrToFirstDescriptor
20004aa8   ti_uia_runtime_QueueDescriptor_gUpdateCount
20004ab0   bufferCounter
20004ab4   main_func_sp
20004ab8   __stack
20004cb8   __STACK_TOP
20004db8   __STACK_END
e000e000   ti_sysbios_family_arm_m3_Hwi_nvic
ffffffff   __binit__
ffffffff   __c_args__
ffffffff   binit
UNDEFED    SHT$$INIT_ARRAY$$Base
UNDEFED    SHT$$INIT_ARRAY$$Limit

[705 symbols]
