******************************************************************************
                  TI ARM Linker PC v5.1.6                      
******************************************************************************
>> Linked Wed May 06 19:23:03 2015

OUTPUT FILE NAME:   <FestoStation_TivaTM4C129XNCZAD.out>
ENTRY POINT SYMBOL: "_c_int00"  address: 00006731


MEMORY CONFIGURATION

         name            origin    length      used     unused   attr    fill
----------------------  --------  ---------  --------  --------  ----  --------
  FLASH                 00000000   00100000  0000e8f2  000f170e  R  X
  SRAM                  20000000   00040000  000050e4  0003af1c  RW X


SEGMENT ALLOCATION MAP

run origin  load origin   length   init length attrs members
----------  ----------- ---------- ----------- ----- -------
00000000    00000000    0000e8f8   0000e8f8    r-x
  00000000    00000000    0000003c   0000003c    r-- .resetVecs
  0000003c    0000003c    00008518   00008518    r-x .text
  00008554    00008554    00005ff6   00005ff6    r-- .const
  0000e550    0000e550    000003a8   000003a8    r-- .cinit
20000000    20000000    00000360   00000000    rw-
  20000000    20000000    00000360   00000000    rw- .vecs
20000380    20000380    00004d84   00000000    rw-
  20000380    20000380    000044b0   00000000    rw- .bss
  20004830    20004830    000005d4   00000000    rw- .data
  20004e04    20004e04    00000300   00000000    rw- .stack


SECTION ALLOCATION MAP

 output                                  attributes/
section   page    origin      length       input sections
--------  ----  ----------  ----------   ----------------
.bootVecs 
*          0    00000000    00000008     DSECT
                  00000000    00000008     boot.aem4f : boot.oem4f (.bootVecs)

.resetVecs 
*          0    00000000    0000003c     
                  00000000    0000003c     uartecho_pem4f.oem4f (.resetVecs)

xdc.meta   0    00000000    000000ea     COPY SECTION
                  00000000    000000ea     uartecho_pem4f.oem4f (xdc.meta)

.init_array 
*          0    00000000    00000000     UNINITIALIZED

.text      0    0000003c    00008518     
                  0000003c    0000042c     sysbios.aem4f : BIOS.obj (.text:ti_sysbios_family_arm_m3_Hwi_excDumpRegs__I)
                  00000468    000003c0     main.obj (.text:main)
                  00000828    00000374     grlib.lib : image.obj (.text:InternalImageDraw)
                  00000b9c    0000033c     ti.targets.arm.rtsarm.aem4f : System.oem4f (.text:xdc_runtime_System_doPrint__I)
                  00000ed8    000002f8     sysbios.aem4f : BIOS.obj (.text:ti_sysbios_knl_Semaphore_pend__E)
                  000011d0    000002dc     kentec320x240x16_ssd2119.obj (.text:Kentec320x240x16_SSD2119Init)
                  000014ac    000002d4     rtsv7M4_T_le_v4SPD16_eabi.lib : trgdrv.obj (.text)
                  00001780    000002ba     grlib.lib : image.obj (.text:PixelTransparentDraw)
                  00001a3a    00000002     uartecho_pem4f.oem4f (.text:ti_sysbios_BIOS_nullFunc__I)
                  00001a3c    00000278     frame.obj (.text:FrameDraw)
                  00001cb4    00000266     grlib.lib : string.obj (.text:GrFontGlyphRender)
                  00001f1a    00000002     sysbios.aem4f : BIOS.obj (.text:ti_sysbios_family_arm_m3_Hwi_doSwiRestore__I)
                  00001f1c    00000248                   : BIOS.obj (.text:ti_sysbios_heaps_HeapMem_free__E)
                  00002164    00000234                   : BIOS.obj (.text:ti_sysbios_heaps_HeapMem_alloc__E)
                  00002398    00000204     Boot.aem4f : Boot_sysctl.oem4f (.text:ti_catalog_arm_cortexm4_tiva_ce_Boot_sysCtlClockFreqSetI__I)
                  0000259c    000001f4     sysbios.aem4f : BIOS.obj (.text:ti_sysbios_knl_Task_sleep__E)
                  00002790    000001e8                   : BIOS.obj (.text:ti_sysbios_family_arm_m3_Hwi_excHandlerMax__I)
                  00002978    000001a4     kentec320x240x16_ssd2119.obj (.text:Kentec320x240x16_SSD2119PixelDrawMultiple)
                  00002b1c    00000180     sysbios.aem4f : BIOS.obj (.text:ti_sysbios_family_arm_lm4_Timer_start__E)
                  00002c9c    00000168                   : BIOS.obj (.text:ti_sysbios_family_arm_lm4_TimestampProvider_get64__E)
                  00002e04    00000168                   : BIOS.obj (.text:ti_sysbios_family_arm_m3_Hwi_excBusFault__I)
                  00002f6c    00000164     DK_TM4C129X.obj (.text:DK_TM4C129X_initGPIO)
                  000030d0    00000154     sysbios.aem4f : BIOS.obj (.text:ti_sysbios_family_arm_m3_Hwi_excUsageFault__I)
                  00003224    00000140     drivers_tivaware.aem4f : UARTTiva.oem4f (.text:UARTTiva_open)
                  00003364    00000140     sysbios.aem4f : BIOS.obj (.text:ti_sysbios_family_arm_m3_Hwi_excMemFault__I)
                  000034a4    00000138                   : BIOS.obj (.text:ti_sysbios_heaps_HeapMem_Instance_init__E)
                  000035dc    00000138                   : BIOS.obj (.text:ti_sysbios_knl_Semaphore_post__E)
                  00003714    00000138     uartecho_pem4f.oem4f (.text:ti_uia_loggers_LoggerStopMode_writeMemoryRange__E)
                  0000384c    00000130     driverlib.lib : gpio.obj (.text:GPIOPadConfigSet)
                  0000397c    0000012c     sysbios.aem4f : BIOS.obj (.text:ti_sysbios_knl_Clock_workFunc__E)
                  00003aa8    00000120     ti.targets.arm.rtsarm.aem4f : Error.oem4f (.text:xdc_runtime_Error_policyDefault__E)
                  00003bc8    0000011c     sysbios.aem4f : BIOS.obj (.text:ti_sysbios_family_arm_m3_Hwi_dispatchC__I)
                  00003ce4    00000110     uartecho_pem4f.oem4f (.text:ti_uia_loggers_LoggerStopMode_write8__E)
                  00003df4    00000104     ti.targets.arm.rtsarm.aem4f : Core-mem.oem4f (.text:xdc_runtime_Core_createObject__I)
                  00003ef8    00000104     uartecho_pem4f.oem4f (.text:xdc_runtime_System_printfExtend__I)
                  00003ffc    000000fc     ti.targets.arm.rtsarm.aem4f : Startup.oem4f (.text:xdc_runtime_Startup_startMods__I)
                  000040f8    000000f8     sysbios.aem4f : BIOS.obj (.text:ti_sysbios_knl_Task_Module_startup__E)
                  000041f0    000000f8     uartecho_pem4f.oem4f (.text:ti_uia_loggers_LoggerStopMode_write4__E)
                  000042e8    000000f4     sysbios.aem4f : m3_Hwi_asm.obj (.text:ti_sysbios_family_arm_m3_Hwi_dispatch__I)
                  000043dc    000000ec     uartecho_pem4f.oem4f (.text:ti_uia_loggers_LoggerStopMode_write2__E)
                  000044c8    000000e8     uartecho_pem4f.oem4f (.text:ti_uia_loggers_LoggerStopMode_write1__E)
                  000045b0    000000e4     main.obj (.text:echoFxn)
                  00004694    000000de     kentec320x240x16_ssd2119.obj (.text:Kentec320x240x16_SSD2119RectFill)
                  00004772    00000002     sysbios.aem4f : BIOS.obj (.text:ti_sysbios_gates_GateHwi_Instance_init__E)
                  00004774    000000dc     uartecho_pem4f.oem4f (.text:ti_uia_loggers_LoggerStopMode_write0__E)
                  00004850    000000cc     ti.targets.arm.rtsarm.aem4f : Core-smem.oem4f (.text:xdc_runtime_Core_constructObject__I)
                  0000491c    000000ca     grlib.lib : string.obj (.text:GrDefaultStringRenderer)
                  000049e6    00000002     uartecho_pem4f.oem4f (.text:ti_uia_loggers_LoggerStopMode_setFilterLevel__E)
                  000049e8    000000c8     sysbios.aem4f : BIOS.obj (.text:ti_sysbios_knl_Task_schedule__I)
                  00004ab0    000000c4     DK_TM4C129X.obj (.text:DK_TM4C129X_initGeneral)
                  00004b74    000000c4     sysbios.aem4f : BIOS.obj (.text:ti_sysbios_family_arm_m3_Hwi_Module_startup__E)
                  00004c38    000000c0                   : BIOS.obj (.text:ti_sysbios_family_arm_lm4_TimestampProvider_get32__E)
                  00004cf8    000000bc                   : BIOS.obj (.text:ti_sysbios_knl_Task_startCore__E)
                  00004db4    000000b4                   : BIOS.obj (.text:ti_sysbios_family_arm_m3_Hwi_excHardFault__I)
                  00004e68    000000b4                   : BIOS.obj (.text:ti_sysbios_gates_GateMutex_enter__E)
                  00004f1c    000000b4                   : BIOS.obj (.text:ti_sysbios_knl_Task_checkStacks__E)
                  00004fd0    000000b0                   : BIOS.obj (.text:ti_sysbios_family_arm_m3_Hwi_excDebugMon__I)
                  00005080    000000b0                   : BIOS.obj (.text:ti_sysbios_utils_Load_idleFxn__E)
                  00005130    000000ac                   : BIOS.obj (.text:ti_sysbios_family_arm_lm4_Timer_enableTiva__I)
                  000051dc    000000a8                   : BIOS.obj (.text:ti_sysbios_family_arm_lm4_Timer_enableTimers__I)
                  00005284    000000a8                   : BIOS.obj (.text:ti_sysbios_knl_Task_blockI__E)
                  0000532c    000000a8                   : BIOS.obj (.text:ti_sysbios_knl_Task_postInit__I)
                  000053d4    000000a8                   : BIOS.obj (.text:ti_sysbios_utils_Load_updateLoads__E)
                  0000547c    000000a0     auto_init.aem4f : auto_init.oem4f (.text)
                  0000551c    000000a0     sysbios.aem4f : BIOS.obj (.text:ti_sysbios_family_arm_m3_Hwi_Instance_init__E)
                  000055bc    0000009c     rtsv7M4_T_le_v4SPD16_eabi.lib : memcpy_t2.obj (.text)
                  00005658    0000009c     sysbios.aem4f : BIOS.obj (.text:ti_sysbios_knl_Semaphore_Instance_init__E)
                  000056f4    0000009a     ti.targets.arm.rtsarm.aem4f : Text.oem4f (.text:xdc_runtime_Text_putSite__E)
                  0000578e    00000002     ti.uia.loggers.aem4f : LoggerStopMode.oem4f (.text:ti_uia_loggers_LoggerStopMode_setPriority__E)
                  00005790    00000094     Boot.aem4f : Boot.oem4f (.text:ti_catalog_arm_cortexm4_tiva_ce_Boot_sysCtlClockFreqSet__E)
                  00005824    00000094     sysbios.aem4f : BIOS.obj (.text:ti_sysbios_knl_Task_exit__E)
                  000058b8    00000094                   : BIOS.obj (.text:ti_sysbios_knl_Task_unblockI__E)
                  0000594c    00000094     ti.targets.arm.rtsarm.aem4f : Text.oem4f (.text:xdc_runtime_Text_putMod__E)
                  000059e0    00000090     ti.uia.loggers.aem4f : LoggerStopMode.oem4f (.text:ti_uia_loggers_LoggerStopMode_initQueueDescriptor__E)
                  00005a70    0000008c     sysbios.aem4f : BIOS.obj (.text:ti_sysbios_family_arm_m3_Hwi_initNVIC__E)
                  00005afc    0000008c                   : m3_TaskSupport_asm.obj (.text:ti_sysbios_family_arm_m3_TaskSupport_buildTaskStack)
                  00005b88    0000007c                   : BIOS.obj (.text:ti_sysbios_utils_Load_logLoads__I)
                  00005c04    0000007a     drivers_tivaware.aem4f : UARTTiva.oem4f (.text:writeData)
                  00005c7e    00000078     rtsv7M4_T_le_v4SPD16_eabi.lib : memset_t2.obj (.text)
                  00005cf6    00000002     uartecho_pem4f.oem4f (.text:xdc_runtime_Startup_reset__I)
                  00005cf8    00000070     sysbios.aem4f : BIOS.obj (.text:ti_sysbios_family_arm_m3_Hwi_postInit__I)
                  00005d68    00000070     ti.uia.runtime.aem4f : QueueDescriptor.oem4f (.text:ti_uia_runtime_QueueDescriptor_addToList__E)
                  00005dd8    00000070     ti.targets.arm.rtsarm.aem4f : Memory.oem4f (.text:xdc_runtime_Memory_alloc__E)
                  00005e48    0000006c     drivers_tivaware.aem4f : UARTTiva.oem4f (.text:UARTTiva_read)
                  00005eb4    0000006c                            : UARTTiva.oem4f (.text:UARTTiva_write)
                  00005f20    0000006c     sysbios.aem4f : BIOS.obj (.text:ti_sysbios_utils_Load_updateThreadContexts__E)
                  00005f8c    0000006c     ti.targets.arm.rtsarm.aem4f : Error.oem4f (.text:xdc_runtime_Error_print__E)
                  00005ff8    0000006a     grlib.lib : string.obj (.text:GrStringWidthGet)
                  00006062    00000066     drivers_tivaware.aem4f : UARTTiva.oem4f (.text:UARTTiva_readPolling)
                  000060c8    00000066     ti.targets.arm.rtsarm.aem4f : Core-mem.oem4f (.text:xdc_runtime_Core_deleteObject__I)
                  0000612e    00000002     --HOLE-- [fill = 0]
                  00006130    00000064     grlib.lib : context.obj (.text:GrContextInit)
                  00006194    00000064     sysbios.aem4f : BIOS.obj (.text:ti_sysbios_utils_Load_logCPULoad__I)
                  000061f8    00000062     grlib.lib : context.obj (.text:GrContextClipRegionSet)
                  0000625a    00000062     drivers_tivaware.aem4f : UARTTiva.oem4f (.text:UARTTiva_hwiIntFxn)
                  000062bc    00000062                            : UARTTiva.oem4f (.text:readData)
                  0000631e    00000062     ti.uia.loggers.aem4f : LoggerStopMode.oem4f (.text:ti_uia_loggers_LoggerStopMode_flush__E)
                  00006380    00000060     rtsv7M4_T_le_v4SPD16_eabi.lib : trgmsg.obj (.text)
                  000063e0    00000060     sysbios.aem4f : BIOS.obj (.text:ti_sysbios_family_arm_lm4_Timer_isrStub__E)
                  00006440    00000060                   : BIOS.obj (.text:ti_sysbios_knl_Clock_logTick__E)
                  000064a0    00000060     ti.targets.arm.rtsarm.aem4f : System.oem4f (.text:xdc_runtime_System_formatNum__I)
                  00006500    0000005e     kentec320x240x16_ssd2119.obj (.text:Kentec320x240x16_SSD2119LineDrawH)
                  0000655e    0000005e     kentec320x240x16_ssd2119.obj (.text:Kentec320x240x16_SSD2119LineDrawV)
                  000065bc    0000005e     rtsv7M4_T_le_v4SPD16_eabi.lib : copy_decompress_rle.obj (.text)
                  0000661a    0000005c     grlib.lib : string.obj (.text:FontWideGlyphDataGet)
                  00006676    00000002     --HOLE-- [fill = 0]
                  00006678    0000005c     sysbios.aem4f : BIOS.obj (.text:ti_sysbios_family_arm_lm4_Timer_Module_startup__E)
                  000066d4    0000005b     ti.targets.arm.rtsarm.aem4f : Text.oem4f (.text:xdc_runtime_Text_putLab__E)
                  0000672f    00000001     --HOLE-- [fill = 0]
                  00006730    00000058     boot.aem4f : boot.oem4f (.text)
                  00006788    00000058     uartecho_pem4f.oem4f (.text:ti_sysbios_family_arm_m3_Hwi_construct)
                  000067e0    00000058     sysbios.aem4f : m3_Hwi_asm_switch.obj (.text:ti_sysbios_family_arm_m3_Hwi_initStacks__E)
                  00006838    00000054     main.obj (.text:Festo_Driver_Init)
                  0000688c    00000050     Boot.aem4f : Boot_sysctl.oem4f (.text:_SysCtlFrequencyGet)
                  000068dc    00000050     sysbios.aem4f : BIOS.obj (.text:ti_sysbios_utils_Load_updateCurrentThreadTime__E)
                  0000692c    00000050     ti.targets.arm.rtsarm.aem4f : Startup.oem4f (.text:xdc_runtime_Startup_exec__E)
                  0000697c    00000050                                 : Text.oem4f (.text:xdc_runtime_Text_visitRope2__I)
                  000069cc    0000004c     main.obj (.text:Festo_Control_Platform)
                  00006a18    0000004c     ti.uia.loggers.aem4f : LoggerStopMode.oem4f (.text:ti_uia_loggers_LoggerStopMode_Module_startup__E)
                  00006a64    0000004a     grlib.lib : string.obj (.text:UpdateContextCharMapping)
                  00006aae    00000002     --HOLE-- [fill = 0]
                  00006ab0    00000048     driverlib.lib : gpio.obj (.text:GPIOPinConfigure)
                  00006af8    00000048     sysbios.aem4f : BIOS.obj (.text:ti_sysbios_family_arm_m3_Hwi_excReserved__I)
                  00006b40    00000048                   : BIOS.obj (.text:ti_sysbios_heaps_HeapMem_getStats__E)
                  00006b88    00000048     ti.uia.loggers.aem4f : LoggerStopMode.oem4f (.text:ti_uia_loggers_LoggerStopMode_initBuffer__I)
                  00006bd0    00000048     ti.targets.arm.rtsarm.aem4f : Assert.oem4f (.text:xdc_runtime_Assert_raise__I)
                  00006c18    00000046                                 : Core-params.oem4f (.text:xdc_runtime_Core_assignParams__I)
                  00006c5e    00000002     --HOLE-- [fill = 0]
                  00006c60    00000044     rtsv7M4_T_le_v4SPD16_eabi.lib : cpy_tbl.obj (.text)
                  00006ca4    00000044                                   : exit.obj (.text)
                  00006ce8    00000044     sysbios.aem4f : BIOS.obj (.text:ti_sysbios_family_arm_lm4_Timer_stop__E)
                  00006d2c    00000044                   : BIOS.obj (.text:ti_sysbios_family_arm_m3_Hwi_disableInterrupt__E)
                  00006d70    00000044                   : BIOS.obj (.text:ti_sysbios_family_arm_m3_Hwi_enableInterrupt__E)
                  00006db4    00000044                   : BIOS.obj (.text:ti_sysbios_knl_Task_allBlockedFunction__I)
                  00006df8    00000044     ti.targets.arm.rtsarm.aem4f : Error.oem4f (.text:xdc_runtime_Error_setX__E)
                  00006e3c    00000044                                 : SysMin.oem4f (.text:xdc_runtime_SysMin_flush__E)
                  00006e80    00000042     driverlib.lib : uart.obj (.text:UARTConfigSetExpClk)
                  00006ec2    00000042     rtsv7M4_T_le_v4SPD16_eabi.lib : u_divt2.obj (.text)
                  00006f04    00000040     drivers_tivaware.aem4f : UARTTiva.oem4f (.text:UARTTiva_writePolling)
                  00006f44    00000040     sysbios.aem4f : BIOS.obj (.text:ti_sysbios_family_arm_lm4_Timer_startup__E)
                  00006f84    0000003c     main.obj (.text:Festo_Control_Ejector)
                  00006fc0    0000003c     main.obj (.text:Festo_Control_Measure)
                  00006ffc    0000003c     kentec320x240x16_ssd2119.obj (.text:Kentec320x240x16_SSD2119PixelDraw)
                  00007038    0000003c     sysbios.aem4f : BIOS.obj (.text:ti_sysbios_family_arm_m3_Hwi_excSvCall__I)
                  00007074    0000003c                   : BIOS.obj (.text:ti_sysbios_family_arm_m3_Hwi_getStackInfo__E)
                  000070b0    0000003c                   : BIOS.obj (.text:ti_sysbios_heaps_HeapMem_init__I)
                  000070ec    0000003c     ti.targets.arm.rtsarm.aem4f : Text.oem4f (.text:xdc_runtime_Text_xprintf__I)
                  00007128    0000003a     grlib.lib : string.obj (.text:FontGlyphDataGet)
                  00007162    0000003a     driverlib.lib : lcd.obj (.text:LCDIDDTimingSet)
                  0000719c    00000038     drivers_tivaware.aem4f : UART.oem4f (.text:UART_init)
                  000071d4    00000038     sysbios.aem4f : BIOS.obj (.text:ti_sysbios_family_arm_m3_Hwi_excNoIsr__I)
                  0000720c    00000038                   : BIOS.obj (.text:ti_sysbios_family_arm_m3_TaskSupport_start__E)
                  00007244    00000038                   : BIOS.obj (.text:ti_sysbios_knl_Task_processVitalTaskFlag__I)
                  0000727c    00000038     ti.targets.arm.rtsarm.aem4f : SysMin.oem4f (.text:xdc_runtime_SysMin_putch__E)
                  000072b4    00000038                                 : System.oem4f (.text:xdc_runtime_System_atexit__E)
                  000072ec    00000034     driverlib.lib : sysctl.obj (.text:SysCtlPeripheralEnable)
                  00007320    00000034     drivers_tivaware.aem4f : UARTTiva.oem4f (.text:UARTTiva_close)
                  00007354    00000034     sysbios.aem4f : BIOS.obj (.text:ti_sysbios_family_arm_m3_Hwi_excNmi__I)
                  00007388    00000034     uartecho_pem4f.oem4f (.text:ti_sysbios_knl_Semaphore_create)
                  000073bc    00000034     ti.uia.loggers.aem4f : LoggerStopMode.oem4f (.text:ti_uia_loggers_LoggerStopMode_reset__E)
                  000073f0    00000034     ti.targets.arm.rtsarm.aem4f : Core-label.oem4f (.text:xdc_runtime_Core_assignLabel__I)
                  00007424    00000033                                 : Text.oem4f (.text:xdc_runtime_Text_printVisFxn__I)
                  00007457    00000001     --HOLE-- [fill = 0]
                  00007458    00000032     main.obj (.text:Festo_Control_Driver)
                  0000748a    00000032     drivers_tivaware.aem4f : UARTTiva.oem4f (.text:UARTTiva_readCancel)
                  000074bc    00000032                            : UARTTiva.oem4f (.text:UARTTiva_writeCancel)
                  000074ee    00000032     sysbios.aem4f : BIOS.obj (.text:ti_sysbios_knl_Semaphore_pendTimeout__I)
                  00007520    00000030     uartecho_pem4f.oem4f (.text:ti_sysbios_gates_GateHwi_Object__create__S)
                  00007550    00000030     uartecho_pem4f.oem4f (.text:ti_sysbios_gates_GateMutex_Object__create__S)
                  00007580    00000030     uartecho_pem4f.oem4f (.text:ti_sysbios_heaps_HeapMem_Object__create__S)
                  000075b0    00000030     uartecho_pem4f.oem4f (.text:ti_sysbios_knl_Semaphore_construct)
                  000075e0    00000030     uartecho_pem4f.oem4f (.text:ti_uia_loggers_LoggerStopMode_Object__create__S)
                  00007610    00000030     ti.targets.arm.rtsarm.aem4f : SysMin.oem4f (.text:xdc_runtime_SysMin_abort__E)
                  00007640    00000030                                 : System.oem4f (.text:xdc_runtime_System_processAtExit__E)
                  00007670    0000002c     DK_TM4C129X.obj (.text:DK_TM4C129X_initUART)
                  0000769c    0000002c     kentec320x240x16_ssd2119.obj (.text:WriteData)
                  000076c8    0000002c     Boot.aem4f : Boot_sysctl.oem4f (.text:_SysCtlMemTimingGet)
                  000076f4    0000002c     uartecho_pem4f.oem4f (.text:ti_sysbios_BIOS_atExitFunc__I)
                  00007720    0000002c     sysbios.aem4f : BIOS.obj (.text:ti_sysbios_hal_Hwi_initStack)
                  0000774c    0000002c     uartecho_pem4f.oem4f (.text:ti_sysbios_knl_Clock_doTick__I)
                  00007778    0000002c     uartecho_pem4f.oem4f (.text:ti_sysbios_knl_Queue_construct)
                  000077a4    0000002c     ti.targets.arm.rtsarm.aem4f : Text.oem4f (.text:xdc_runtime_Text_cordText__E)
                  000077d0    0000002a     driverlib.lib : gpio.obj (.text:GPIODirModeSet)
                  000077fa    0000002a     grlib.lib : string.obj (.text:GrFontBaselineGet)
                  00007824    0000002a               : string.obj (.text:GrStringNextCharGet)
                  0000784e    0000002a     ti.targets.arm.rtsarm.aem4f : System.oem4f (.text:xdc_runtime_System_putchar__I)
                  00007878    00000028     drivers_tivaware.aem4f : GPIOTiva.oem4f (.text:GPIO_read)
                  000078a0    00000028                            : GPIOTiva.oem4f (.text:GPIO_write)
                  000078c8    00000028     kentec320x240x16_ssd2119.obj (.text:Kentec320x240x16_SSD2119ColorTranslate)
                  000078f0    00000028     sysbios.aem4f : BIOS.obj (.text:ti_sysbios_family_arm_m3_Hwi_Instance_finalize__E)
                  00007918    00000028                   : BIOS.obj (.text:ti_sysbios_knl_Task_restore__E)
                  00007940    00000026     grlib.lib : string.obj (.text:GrFontInfoGet)
                  00007966    00000002     --HOLE-- [fill = 0]
                  00007968    00000026     main.obj (.text:_task_Festo)
                  0000798e    00000026     sysbios.aem4f : m3_Hwi_asm.obj (.text:ti_sysbios_family_arm_m3_Hwi_pendSV__I)
                  000079b4    00000026     ti.targets.arm.rtsarm.aem4f : System.oem4f (.text:xdc_runtime_System_avprintf__E)
                  000079da    00000002     --HOLE-- [fill = 0]
                  000079dc    00000024     drivers_tivaware.aem4f : GPIOTiva.oem4f (.text:GPIO_init)
                  00007a00    00000024     uartecho_pem4f.oem4f (.text:ti_sysbios_BIOS_errorRaiseHook__I)
                  00007a24    00000024     uartecho_pem4f.oem4f (.text:ti_sysbios_BIOS_registerRTSLock__I)
                  00007a48    00000024     uartecho_pem4f.oem4f (.text:ti_sysbios_BIOS_removeRTSLock__I)
                  00007a6c    00000024     uartecho_pem4f.oem4f (.text:ti_sysbios_gates_GateMutex_Object__delete__S)
                  00007a90    00000024     sysbios.aem4f : BIOS.obj (.text:ti_sysbios_knl_Clock_Module_startup__E)
                  00007ab4    00000024     ti.targets.arm.rtsarm.aem4f : System.oem4f (.text:xdc_runtime_System_vprintf__E)
                  00007ad8    00000022     grlib.lib : string.obj (.text:GrFontGlyphDataGet)
                  00007afa    00000022     driverlib.lib : lcd.obj (.text:LCDModeSet)
                  00007b1c    00000022     sysbios.aem4f : BIOS.obj (.text:ti_sysbios_family_arm_lm4_Timer_write__I)
                  00007b3e    00000022     uartecho_pem4f.oem4f (.text:xdc_runtime_SysMin_output__I)
                  00007b60    00000020     uartecho_pem4f.oem4f (.text:ti_sysbios_BIOS_startFunc__I)
                  00007b80    00000020     sysbios.aem4f : BIOS.obj (.text:ti_sysbios_family_arm_m3_Hwi_doTaskRestore__I)
                  00007ba0    00000020                   : m3_Hwi_asm.obj (.text:ti_sysbios_family_arm_m3_Hwi_excHandlerAsm__I)
                  00007bc0    00000020                   : BIOS.obj (.text:ti_sysbios_family_arm_m3_Hwi_excHandler__I)
                  00007be0    00000020     uartecho_pem4f.oem4f (.text:ti_sysbios_gates_GateHwi_Object__delete__S)
                  00007c00    00000020     uartecho_pem4f.oem4f (.text:ti_sysbios_heaps_HeapMem_Object__delete__S)
                  00007c20    00000020     sysbios.aem4f : BIOS.obj (.text:ti_sysbios_knl_Idle_run__E)
                  00007c40    00000020     uartecho_pem4f.oem4f (.text:ti_sysbios_knl_Semaphore_Object__destruct__S)
                  00007c60    00000020     sysbios.aem4f : BIOS.obj (.text:ti_sysbios_knl_Task_enter__I)
                  00007c80    00000020     uartecho_pem4f.oem4f (.text:ti_uia_loggers_LoggerStopMode_Object__delete__S)
                  00007ca0    00000020     ti.targets.arm.rtsarm.aem4f : Registry.oem4f (.text:xdc_runtime_Registry_findById__E)
                  00007cc0    00000020                                 : SysMin.oem4f (.text:xdc_runtime_SysMin_Module_startup__E)
                  00007ce0    0000001e     grlib.lib : string.obj (.text:GrFontCodepageGet)
                  00007cfe    00000002     --HOLE-- [fill = 0]
                  00007d00    0000001c     driverlib.lib : uart.obj (.text:UARTDisable)
                  00007d1c    0000001c     uartecho_pem4f.oem4f (.text:ti_sysbios_BIOS_rtsLock__I)
                  00007d38    0000001c     uartecho_pem4f.oem4f (.text:ti_sysbios_family_arm_m3_Hwi_Object__destruct__S)
                  00007d54    0000001c     sysbios.aem4f : BIOS.obj (.text:ti_sysbios_gates_GateMutex_Instance_init__E)
                  00007d70    0000001c     uartecho_pem4f.oem4f (.text:ti_sysbios_knl_Queue_Object__destruct__S)
                  00007d8c    0000001c     ti.targets.arm.rtsarm.aem4f : Error.oem4f (.text:xdc_runtime_Error_raiseX__E)
                  00007da8    0000001c                                 : Memory.oem4f (.text:xdc_runtime_Memory_valloc__E)
                  00007dc4    0000001c                                 : SysMin.oem4f (.text:xdc_runtime_SysMin_exit__E)
                  00007de0    0000001c                                 : System.oem4f (.text:xdc_runtime_System_abort__E)
                  00007dfc    0000001a     sysbios.aem4f : BIOS.obj (.text:ti_sysbios_knl_Task_sleepTimeout__I)
                  00007e16    0000001a     ti.uia.loggers.aem4f : LoggerStopMode.oem4f (.text:ti_uia_loggers_LoggerStopMode_Instance_init__E)
                  00007e30    0000001a     uartecho_pem4f.oem4f (.text:xdc_runtime_System_aprintf__E)
                  00007e4a    0000001a     uartecho_pem4f.oem4f (.text:xdc_runtime_System_printf__E)
                  00007e64    00000018     driverlib.lib : gpio.obj (.text:GPIOPinTypeGPIOOutput)
                  00007e7c    00000018     drivers_tivaware.aem4f : UART.oem4f (.text:UART_Params_init)
                  00007e94    00000018                            : UART.oem4f (.text:UART_open)
                  00007eac    00000018     kentec320x240x16_ssd2119.obj (.text:WriteCommand)
                  00007ec4    00000018     rtsv7M4_T_le_v4SPD16_eabi.lib : args_main.obj (.text)
                  00007edc    00000018     uartecho_pem4f.oem4f (.text:ti_sysbios_BIOS_rtsUnlock__I)
                  00007ef4    00000018     uartecho_pem4f.oem4f (.text:ti_sysbios_family_arm_lm4_Timer_Module__startupDone__F)
                  00007f0c    00000018     uartecho_pem4f.oem4f (.text:ti_sysbios_family_arm_m3_Hwi_Handle__label__S)
                  00007f24    00000018     uartecho_pem4f.oem4f (.text:ti_sysbios_family_arm_m3_Hwi_Module__startupDone__F)
                  00007f3c    00000018     sysbios.aem4f : m3_TaskSupport_asm.obj (.text:ti_sysbios_family_arm_m3_TaskSupport_swap__E)
                  00007f54    00000018     uartecho_pem4f.oem4f (.text:ti_sysbios_gates_GateHwi_Handle__label__S)
                  00007f6c    00000018     uartecho_pem4f.oem4f (.text:ti_sysbios_gates_GateMutex_Handle__label__S)
                  00007f84    00000018     sysbios.aem4f : BIOS.obj (.text:ti_sysbios_gates_GateMutex_leave__E)
                  00007f9c    00000018     uartecho_pem4f.oem4f (.text:ti_sysbios_heaps_HeapMem_Handle__label__S)
                  00007fb4    00000018     uartecho_pem4f.oem4f (.text:ti_sysbios_knl_Task_Handle__label__S)
                  00007fcc    00000018     uartecho_pem4f.oem4f (.text:ti_uia_loggers_LoggerStopMode_Handle__label__S)
                  00007fe4    00000018     ti.targets.arm.rtsarm.aem4f : Error.oem4f (.text:xdc_runtime_Error_check__E)
                  00007ffc    00000018                                 : System.oem4f (.text:xdc_runtime_System_exit__E)
                  00008014    00000018                                 : Text.oem4f (.text:xdc_runtime_Text_ropeText__E)
                  0000802c    00000016     uartecho_pem4f.oem4f (.text:ti_sysbios_BIOS_exitFunc__I)
                  00008042    00000016     ti.uia.loggers.aem4f : LoggerStopMode.oem4f (.text:ti_uia_loggers_LoggerStopMode_disable__E)
                  00008058    00000016                          : LoggerStopMode.oem4f (.text:ti_uia_loggers_LoggerStopMode_enable__E)
                  0000806e    00000014     driverlib.lib : uart.obj (.text:UARTEnable)
                  00008082    00000002     --HOLE-- [fill = 0]
                  00008084    00000014     rtsv7M4_T_le_v4SPD16_eabi.lib : _lock.obj (.text)
                  00008098    00000014                                   : strlen.obj (.text)
                  000080ac    00000014     uartecho_pem4f.oem4f (.text:ti_sysbios_family_arm_m3_Hwi_Object__get__S)
                  000080c0    00000014     sysbios.aem4f : BIOS.obj (.text:ti_sysbios_family_arm_m3_Hwi_switchFromBootStack__E)
                  000080d4    00000014     uartecho_pem4f.oem4f (.text:ti_sysbios_heaps_HeapMem_Object__get__S)
                  000080e8    00000012     driverlib.lib : gpio.obj (.text:GPIOPinTypeADC)
                  000080fa    00000012                   : gpio.obj (.text:GPIOPinTypeGPIOInput)
                  0000810c    00000012                   : gpio.obj (.text:GPIOPinTypeUART)
                  0000811e    00000012     grlib.lib : string.obj (.text:GrStringDraw)
                  00008130    00000012     rtsv7M4_T_le_v4SPD16_eabi.lib : copy_zero_init.obj (.text:decompress:ZI)
                  00008142    00000012     sysbios.aem4f : BIOS.obj (.text:ti_sysbios_hal_Hwi_Module_startup__E)
                  00008154    00000012     uartecho_pem4f.oem4f (.text:xdc_runtime_Startup_exec__I)
                  00008166    00000002     --HOLE-- [fill = 0]
                  00008168    00000010     uartecho_pem4f.oem4f (.text:.bootCodeSection:ti_catalog_arm_cortexm4_tiva_ce_Boot_init__I)
                  00008178    00000010     rtsv7M4_T_le_v4SPD16_eabi.lib : strcpy.obj (.text)
                  00008188    00000010     sysbios.aem4f : BIOS.obj (.text:ti_sysbios_BIOS_getCpuFreq__E)
                  00008198    00000010                   : BIOS.obj (.text:ti_sysbios_BIOS_setThreadType__E)
                  000081a8    00000010                   : BIOS.obj (.text:ti_sysbios_BIOS_start__E)
                  000081b8    00000010                   : BIOS.obj (.text:ti_sysbios_family_arm_lm4_TimestampProvider_rolloverFunc__E)
                  000081c8    00000010                   : m3_TaskSupport_asm.obj (.text:ti_sysbios_family_arm_m3_TaskSupport_glue)
                  000081d8    00000010                   : BIOS.obj (.text:ti_sysbios_gates_GateMutex_Instance_finalize__E)
                  000081e8    00000010                   : BIOS.obj (.text:ti_sysbios_knl_Semaphore_Instance_finalize__E)
                  000081f8    00000010     uartecho_pem4f.oem4f (.text:ti_sysbios_knl_Task_Object__get__S)
                  00008208    00000010     sysbios.aem4f : BIOS.obj (.text:ti_sysbios_knl_Task_disable__E)
                  00008218    00000010     uartecho_pem4f.oem4f (.text:ti_uia_loggers_LoggerStopMode_Object__get__S)
                  00008228    00000010     ti.uia.loggers.aem4f : LoggerStopMode.oem4f (.text:ti_uia_loggers_LoggerStopMode_isEmpty__E)
                  00008238    00000010     ti.targets.arm.rtsarm.aem4f : Gate.oem4f (.text:xdc_runtime_Gate_leaveSystem__E)
                  00008248    00000010                                 : Memory.oem4f (.text:xdc_runtime_Memory_free__E)
                  00008258    00000010                                 : SysMin.oem4f (.text:xdc_runtime_SysMin_ready__E)
                  00008268    00000010                                 : System.oem4f (.text:xdc_runtime_System_vsnprintf__E)
                  00008278    0000000e     main.obj (.text:Festo_Sense_Ejector_Ready)
                  00008286    0000000e     main.obj (.text:Festo_Sense_Measure_Down)
                  00008294    0000000e     main.obj (.text:Festo_Sense_Piece_Colour)
                  000082a2    0000000e     main.obj (.text:Festo_Sense_Piece_Material)
                  000082b0    0000000e     main.obj (.text:Festo_Sense_Piece_Placed)
                  000082be    0000000e     main.obj (.text:Festo_Sense_Riser_Down)
                  000082cc    0000000e     main.obj (.text:Festo_Sense_Riser_Up)
                  000082da    0000000e     grlib.lib : image.obj (.text:GrImageDraw)
                  000082e8    0000000e     driverlib.lib : uart.obj (.text:UARTCharGetNonBlocking)
                  000082f6    0000000e                   : uart.obj (.text:UARTCharPutNonBlocking)
                  00008304    0000000e     rtsv7M4_T_le_v4SPD16_eabi.lib : copy_decompress_none.obj (.text:decompress:none)
                  00008312    0000000e     sysbios.aem4f : BIOS.obj (.text:ti_sysbios_knl_Queue_empty__E)
                  00008320    0000000c     driverlib.lib : lcd.obj (.text:LCDIDDCommandWrite)
                  0000832c    0000000c                   : lcd.obj (.text:LCDIDDDataWrite)
                  00008338    0000000c     main.obj (.text:_task_LCD)
                  00008344    0000000c     sysbios.aem4f : BIOS.obj (.text:ti_sysbios_family_arm_lm4_Timer_getMaxTicks__E)
                  00008350    0000000c                   : BIOS.obj (.text:ti_sysbios_family_arm_lm4_TimestampProvider_startTimer__E)
                  0000835c    0000000c     uartecho_pem4f.oem4f (.text:ti_sysbios_family_arm_m3_Hwi_Params__init__S)
                  00008368    0000000c     sysbios.aem4f : BIOS.obj (.text:ti_sysbios_family_arm_m3_Hwi_disableFxn__E)
                  00008374    0000000c                   : BIOS.obj (.text:ti_sysbios_family_arm_m3_TaskSupport_checkStack__E)
                  00008380    0000000c                   : BIOS.obj (.text:ti_sysbios_gates_GateHwi_enter__E)
                  0000838c    0000000c     uartecho_pem4f.oem4f (.text:ti_sysbios_knl_Queue_Object__get__S)
                  00008398    0000000c     uartecho_pem4f.oem4f (.text:ti_sysbios_knl_Semaphore_Params__init__S)
                  000083a4    0000000c     ti.targets.arm.rtsarm.aem4f : Error.oem4f (.text:xdc_runtime_Error_init__E)
                  000083b0    0000000c                                 : Gate.oem4f (.text:xdc_runtime_Gate_enterSystem__E)
                  000083bc    0000000c                                 : Memory.oem4f (.text:xdc_runtime_Memory_calloc__E)
                  000083c8    0000000c                                 : Memory.oem4f (.text:xdc_runtime_Memory_getMaxDefaultTypeAlign__E)
                  000083d4    0000000a     kentec320x240x16_ssd2119.obj (.text:Kentec320x240x16_SSD2119Flush)
                  000083de    0000000a     driverlib.lib : uart.obj (.text:UARTCharGet)
                  000083e8    0000000a                   : uart.obj (.text:UARTCharPut)
                  000083f2    0000000a                   : uart.obj (.text:UARTIntDisable)
                  000083fc    0000000a                   : uart.obj (.text:UARTIntStatus)
                  00008406    0000000a     drivers_tivaware.aem4f : UART.oem4f (.text:UART_read)
                  00008410    0000000a                            : UART.oem4f (.text:UART_write)
                  0000841a    0000000a     uartecho_pem4f.oem4f (.text:xdc_runtime_IHeap_alloc)
                  00008424    0000000a     uartecho_pem4f.oem4f (.text:xdc_runtime_IHeap_free)
                  0000842e    0000000a     uartecho_pem4f.oem4f (.text:xdc_runtime_Text_visitRope__I)
                  00008438    00000008     grlib.lib : charmap.obj (.text:GrMapISO8859_1_Unicode)
                  00008440    00000008     driverlib.lib : uart.obj (.text:UARTIntEnable)
                  00008448    00000008     drivers_tivaware.aem4f : UARTTiva.oem4f (.text:UARTTiva_init)
                  00008450    00000008                            : UARTTiva.oem4f (.text:readSemCallback)
                  00008458    00000008     sysbios.aem4f : BIOS.obj (.text:ti_sysbios_family_arm_lm4_Timer_masterDisable__I)
                  00008460    00000008                   : BIOS.obj (.text:ti_sysbios_family_arm_m3_Hwi_startup__E)
                  00008468    00000008                   : BIOS.obj (.text:ti_sysbios_knl_Idle_loop__E)
                  00008470    00000008     drivers_tivaware.aem4f : UARTTiva.oem4f (.text:writeSemCallback)
                  00008478    00000006     driverlib.lib : gpio.obj (.text:GPIOPinRead)
                  0000847e    00000006                   : gpio.obj (.text:GPIOPinWrite)
                  00008484    00000006     grlib.lib : string.obj (.text:GrContextFontSet)
                  0000848a    00000006     driverlib.lib : sysctl.obj (.text:SysCtlDelay)
                  00008490    00000006                   : uart.obj (.text:UARTFIFOLevelSet)
                  00008496    00000006     drivers_tivaware.aem4f : UARTTiva.oem4f (.text:UARTTiva_control)
                  0000849c    00000006     ti.targets.arm.rtsarm.aem4f : xdc_noinit.oem4f (.text:__xdc__init)
                  000084a2    00000006     rtsv7M4_T_le_v4SPD16_eabi.lib : copy_decompress_rle.obj (.text:decompress:rle24)
                  000084a8    00000006     sysbios.aem4f : BIOS.obj (.text:ti_sysbios_family_arm_lm4_TimestampProvider_Module_startup__E)
                  000084ae    00000006                   : BIOS.obj (.text:ti_sysbios_family_arm_m3_Hwi_restoreFxn__E)
                  000084b4    00000006                   : BIOS.obj (.text:ti_sysbios_gates_GateHwi_leave__E)
                  000084ba    00000006                   : BIOS.obj (.text:ti_sysbios_heaps_HeapMem_isBlocking__E)
                  000084c0    00000006                   : BIOS.obj (.text:ti_sysbios_knl_Queue_Instance_init__E)
                  000084c6    00000006     ti.targets.arm.rtsarm.aem4f : System.oem4f (.text:xdc_runtime_System_Module_startup__E)
                  000084cc    00000004     driverlib.lib : lcd.obj (.text:LCDDMAConfigSet)
                  000084d0    00000004                   : lcd.obj (.text:LCDIDDConfigSet)
                  000084d4    00000004                   : uart.obj (.text:UARTIntClear)
                  000084d8    00000004     uartecho_pem4f.oem4f (.text:ti_sysbios_BIOS_RtsGateProxy_enter__E)
                  000084dc    00000004     uartecho_pem4f.oem4f (.text:ti_sysbios_BIOS_RtsGateProxy_leave__E)
                  000084e0    00000004     sysbios.aem4f : BIOS.obj (.text:ti_sysbios_family_arm_lm4_Timer_getPeriod__E)
                  000084e4    00000004                   : BIOS.obj (.text:ti_sysbios_family_arm_lm4_Timer_masterEnable__I)
                  000084e8    00000004     uartecho_pem4f.oem4f (.text:ti_sysbios_family_arm_m3_Hwi_destruct)
                  000084ec    00000004     uartecho_pem4f.oem4f (.text:ti_sysbios_family_arm_m3_TaskSupport_Module__startupDone__S)
                  000084f0    00000004     sysbios.aem4f : BIOS.obj (.text:ti_sysbios_gates_GateHwi_query__E)
                  000084f4    00000004                   : BIOS.obj (.text:ti_sysbios_gates_GateMutex_query__E)
                  000084f8    00000004     uartecho_pem4f.oem4f (.text:ti_sysbios_hal_Hwi_HwiProxy_Module__startupDone__S)
                  000084fc    00000004     uartecho_pem4f.oem4f (.text:ti_sysbios_heaps_HeapMem_Module_GateProxy_enter__E)
                  00008500    00000004     uartecho_pem4f.oem4f (.text:ti_sysbios_heaps_HeapMem_Module_GateProxy_leave__E)
                  00008504    00000004     uartecho_pem4f.oem4f (.text:ti_sysbios_knl_Clock_TimerProxy_Module__startupDone__S)
                  00008508    00000004     uartecho_pem4f.oem4f (.text:ti_sysbios_knl_Clock_TimerProxy_getMaxTicks__E)
                  0000850c    00000004     uartecho_pem4f.oem4f (.text:ti_sysbios_knl_Clock_TimerProxy_getPeriod__E)
                  00008510    00000004     uartecho_pem4f.oem4f (.text:ti_sysbios_knl_Queue_destruct)
                  00008514    00000004     uartecho_pem4f.oem4f (.text:ti_sysbios_knl_Semaphore_destruct)
                  00008518    00000004     uartecho_pem4f.oem4f (.text:ti_sysbios_knl_Task_SupportProxy_Module__startupDone__S)
                  0000851c    00000004     sysbios.aem4f : BIOS.obj (.text:ti_sysbios_knl_Task_startup__E)
                  00008520    00000004     ti.uia.loggers.aem4f : LoggerStopMode.oem4f (.text:ti_uia_loggers_LoggerStopMode_getContents__E)
                  00008524    00000004     uartecho_pem4f.oem4f (.text:ti_uia_loggers_LoggerStopMode_getFilterLevel__E)
                  00008528    00000004     ti.uia.loggers.aem4f : LoggerStopMode.oem4f (.text:ti_uia_loggers_LoggerStopMode_getInstanceId__E)
                  0000852c    00000004                          : LoggerStopMode.oem4f (.text:ti_uia_loggers_LoggerStopMode_getMaxLength__E)
                  00008530    00000004                          : LoggerStopMode.oem4f (.text:ti_uia_loggers_LoggerStopMode_getPriority__E)
                  00008534    00000004                          : LoggerStopMode.oem4f (.text:ti_uia_loggers_LoggerStopMode_getTransferType__E)
                  00008538    00000004     ti.targets.arm.rtsarm.aem4f : Error.oem4f (.text:xdc_runtime_Error_getSite__E)
                  0000853c    00000004     uartecho_pem4f.oem4f (.text:xdc_runtime_Memory_HeapProxy_alloc__E)
                  00008540    00000004     uartecho_pem4f.oem4f (.text:xdc_runtime_Memory_HeapProxy_free__E)
                  00008544    00000004     uartecho_pem4f.oem4f (.text:xdc_runtime_System_Module_GateProxy_enter__E)
                  00008548    00000004     uartecho_pem4f.oem4f (.text:xdc_runtime_System_Module_GateProxy_leave__E)
                  0000854c    00000004     ti.targets.arm.rtsarm.aem4f : System.oem4f (.text:xdc_runtime_System_aprintf_va__F)
                  00008550    00000004                                 : System.oem4f (.text:xdc_runtime_System_printf_va__F)

.const     0    00008554    00005ff6     
                  00008554    00001c48     uartecho_pem4f.oem4f (.const:xdc_runtime_Text_charTab__A)
                  0000a19c    00001a46     frame.obj (.const:.string:g_pui8Top)
                  0000bbe2    00000786     frame.obj (.const:.string:g_pui8Bottom)
                  0000c368    00000782     grlib.lib : fontcmss18b.obj (.const:.string:g_pui8Cmss18bData)
                  0000caea    00000546     frame.obj (.const:.string:g_pui8Left)
                  0000d030    00000546     frame.obj (.const:.string:g_pui8Right)
                  0000d576    0000017c     frame.obj (.const:.string:g_pui8TopLeft)
                  0000d6f2    00000173     frame.obj (.const:.string:g_pui8TopRight)
                  0000d865    00000001     uartecho_pem4f.oem4f (.const:xdc_runtime_Error_policy__C)
                  0000d866    00000002     uartecho_pem4f.oem4f (.const:ti_catalog_arm_cortexm4_tiva_ce_Boot_Module__id__C)
                  0000d868    00000120     Boot.aem4f : Boot_sysctl.oem4f (.const:g_pppui32XTALtoVCO)
                  0000d988    00000108     DK_TM4C129X.obj (.const:gpioHWAttrs)
                  0000da90    000000d0     frame.obj (.const:.string:g_pui8BottomLeft)
                  0000db60    000000c8     grlib.lib : fontcmss18b.obj (.const:g_sFontCmss18b)
                  0000dc28    000000c4     frame.obj (.const:.string:g_pui8BottomRight)
                  0000dcec    00000090     driverlib.lib : gpio.obj (.const:g_pui32GPIOBaseAddrs)
                  0000dd7c    0000006c     Boot.aem4f : Boot_sysctl.oem4f (.const:g_pui32Xtals)
                  0000dde8    00000060     uartecho_pem4f.oem4f (.const:ti_uia_loggers_LoggerStopMode_Module__FXNS__C)
                  0000de48    0000005c     DK_TM4C129X.obj (.const:GPIO_config)
                  0000dea4    00000048     uartecho_pem4f.oem4f (.const:.string)
                  0000deec    00000030     Boot.aem4f : Boot_sysctl.oem4f (.const:g_sXTALtoMEMTIM)
                  0000df1c    00000030     uartecho_pem4f.oem4f (.const:ti_sysbios_family_arm_m3_Hwi_Object__PARAMS__C)
                  0000df4c    0000002c     drivers_tivaware.aem4f : UARTTiva.oem4f (.const)
                  0000df78    00000028                            : UARTTiva.oem4f (.const:UARTTiva_fxnTable)
                  0000dfa0    00000028     kentec320x240x16_ssd2119.obj (.const:g_sKentec320x240x16_SSD2119)
                  0000dfc8    00000028     uartecho_pem4f.oem4f (.const:ti_sysbios_heaps_HeapMem_Module__FXNS__C)
                  0000dff0    00000028     uartecho_pem4f.oem4f (.const:ti_uia_loggers_LoggerStopMode_Object__PARAMS__C)
                  0000e018    00000024     drivers_tivaware.aem4f : UART.oem4f (.const:UART_defaultParams)
                  0000e03c    00000024     uartecho_pem4f.oem4f (.const:ti_sysbios_gates_GateHwi_Module__FXNS__C)
                  0000e060    00000024     uartecho_pem4f.oem4f (.const:ti_sysbios_gates_GateMutex_Module__FXNS__C)
                  0000e084    00000024     uartecho_pem4f.oem4f (.const:ti_sysbios_heaps_HeapMem_Object__PARAMS__C)
                  0000e0a8    00000024     uartecho_pem4f.oem4f (.const:ti_sysbios_knl_Semaphore_Object__PARAMS__C)
                  0000e0cc    00000024     uartecho_pem4f.oem4f (.const:xdc_runtime_Startup_sfxnTab__A)
                  0000e0f0    00000020     uartecho_pem4f.oem4f (.const:ti_sysbios_family_arm_m3_Hwi_Object__DESC__C)
                  0000e110    00000020     uartecho_pem4f.oem4f (.const:ti_sysbios_gates_GateHwi_Object__DESC__C)
                  0000e130    00000020     uartecho_pem4f.oem4f (.const:ti_sysbios_gates_GateMutex_Object__DESC__C)
                  0000e150    00000020     uartecho_pem4f.oem4f (.const:ti_sysbios_heaps_HeapMem_Object__DESC__C)
                  0000e170    00000020     uartecho_pem4f.oem4f (.const:ti_sysbios_knl_Queue_Object__DESC__C)
                  0000e190    00000020     uartecho_pem4f.oem4f (.const:ti_sysbios_knl_Semaphore_Object__DESC__C)
                  0000e1b0    00000020     uartecho_pem4f.oem4f (.const:ti_uia_loggers_LoggerStopMode_Object__DESC__C)
                  0000e1d0    00000018     DK_TM4C129X.obj (.const:UART_config)
                  0000e1e8    00000018     uartecho_pem4f.oem4f (.const:ti_sysbios_gates_GateHwi_Object__PARAMS__C)
                  0000e200    00000018     uartecho_pem4f.oem4f (.const:ti_sysbios_gates_GateMutex_Object__PARAMS__C)
                  0000e218    00000018     uartecho_pem4f.oem4f (.const:ti_sysbios_knl_Queue_Object__PARAMS__C)
                  0000e230    00000017     main.obj (.const:.string)
                  0000e247    00000001     --HOLE-- [fill = 0]
                  0000e248    00000014     uartecho_pem4f.oem4f (.const:xdc_runtime_Startup_firstFxns__A)
                  0000e25c    00000012     uartecho_pem4f.oem4f (.const:xdc_runtime_Startup_sfxnRts__A)
                  0000e26e    00000011     ti.targets.arm.rtsarm.aem4f : System.oem4f (.const:.string)
                  0000e27f    00000001     --HOLE-- [fill = 0]
                  0000e280    00000010     grlib.lib : context.obj (.const)
                  0000e290    00000010     uartecho_pem4f.oem4f (.const:xdc_runtime_Text_nodeTab__A)
                  0000e2a0    00000008     Boot.aem4f : Boot_sysctl.oem4f (.const)
                  0000e2a8    00000008     uartecho_pem4f.oem4f (.const:ti_sysbios_family_arm_m3_Hwi_excHookFuncs__A)
                  0000e2b0    00000008     uartecho_pem4f.oem4f (.const:ti_sysbios_knl_Idle_funcList__C)
                  0000e2b8    00000008     DK_TM4C129X.obj (.const:uartTivaHWAttrs)
                  0000e2c0    00000008     uartecho_pem4f.oem4f (.const:xdc_runtime_Startup_firstFxns__C)
                  0000e2c8    00000008     uartecho_pem4f.oem4f (.const:xdc_runtime_Startup_lastFxns__C)
                  0000e2d0    00000004     uartecho_pem4f.oem4f (.const:ti_catalog_arm_cortexm4_tiva_ce_Boot_A_mustNotUseEnhancedClockMode__C)
                  0000e2d4    00000004     uartecho_pem4f.oem4f (.const:ti_catalog_arm_cortexm4_tiva_ce_Boot_Module__diagsEnabled__C)
                  0000e2d8    00000004     uartecho_pem4f.oem4f (.const:ti_catalog_arm_cortexm4_tiva_ce_Boot_Module__diagsIncluded__C)
                  0000e2dc    00000004     uartecho_pem4f.oem4f (.const:ti_catalog_arm_cortexm4_tiva_ce_Boot_Module__diagsMask__C)
                  0000e2e0    00000004     uartecho_pem4f.oem4f (.const:ti_sysbios_family_arm_lm4_Timer_enableFunc__C)
                  0000e2e4    00000004     uartecho_pem4f.oem4f (.const:ti_sysbios_family_arm_lm4_Timer_numTimerDevices__C)
                  0000e2e8    00000004     uartecho_pem4f.oem4f (.const:ti_sysbios_family_arm_lm4_Timer_startupNeeded__C)
                  0000e2ec    00000004     uartecho_pem4f.oem4f (.const:ti_sysbios_family_arm_m3_Hwi_E_NMI__C)
                  0000e2f0    00000004     uartecho_pem4f.oem4f (.const:ti_sysbios_family_arm_m3_Hwi_E_alreadyDefined__C)
                  0000e2f4    00000004     uartecho_pem4f.oem4f (.const:ti_sysbios_family_arm_m3_Hwi_E_busFault__C)
                  0000e2f8    00000004     uartecho_pem4f.oem4f (.const:ti_sysbios_family_arm_m3_Hwi_E_debugMon__C)
                  0000e2fc    00000004     uartecho_pem4f.oem4f (.const:ti_sysbios_family_arm_m3_Hwi_E_hardFault__C)
                  0000e300    00000004     uartecho_pem4f.oem4f (.const:ti_sysbios_family_arm_m3_Hwi_E_memFault__C)
                  0000e304    00000004     uartecho_pem4f.oem4f (.const:ti_sysbios_family_arm_m3_Hwi_E_noIsr__C)
                  0000e308    00000004     uartecho_pem4f.oem4f (.const:ti_sysbios_family_arm_m3_Hwi_E_reserved__C)
                  0000e30c    00000004     uartecho_pem4f.oem4f (.const:ti_sysbios_family_arm_m3_Hwi_E_svCall__C)
                  0000e310    00000004     uartecho_pem4f.oem4f (.const:ti_sysbios_family_arm_m3_Hwi_E_usageFault__C)
                  0000e314    00000004     uartecho_pem4f.oem4f (.const:ti_sysbios_family_arm_m3_Hwi_LD_end__C)
                  0000e318    00000004     uartecho_pem4f.oem4f (.const:ti_sysbios_family_arm_m3_Hwi_LM_begin__C)
                  0000e31c    00000004     uartecho_pem4f.oem4f (.const:ti_sysbios_family_arm_m3_Hwi_Module__diagsEnabled__C)
                  0000e320    00000004     uartecho_pem4f.oem4f (.const:ti_sysbios_family_arm_m3_Hwi_Module__diagsIncluded__C)
                  0000e324    00000004     uartecho_pem4f.oem4f (.const:ti_sysbios_family_arm_m3_Hwi_Module__diagsMask__C)
                  0000e328    00000004     uartecho_pem4f.oem4f (.const:ti_sysbios_family_arm_m3_Hwi_Module__loggerFxn1__C)
                  0000e32c    00000004     uartecho_pem4f.oem4f (.const:ti_sysbios_family_arm_m3_Hwi_Module__loggerFxn8__C)
                  0000e330    00000004     uartecho_pem4f.oem4f (.const:ti_sysbios_family_arm_m3_Hwi_Module__loggerObj__C)
                  0000e334    00000004     uartecho_pem4f.oem4f (.const:ti_sysbios_family_arm_m3_Hwi_NUM_INTERRUPTS__C)
                  0000e338    00000004     uartecho_pem4f.oem4f (.const:ti_sysbios_family_arm_m3_Hwi_Object__count__C)
                  0000e33c    00000004     uartecho_pem4f.oem4f (.const:ti_sysbios_family_arm_m3_Hwi_ccr__C)
                  0000e340    00000004     uartecho_pem4f.oem4f (.const:ti_sysbios_family_arm_m3_Hwi_excHandlerFunc__C)
                  0000e344    00000004     uartecho_pem4f.oem4f (.const:ti_sysbios_family_arm_m3_Hwi_excHookFuncs__C)
                  0000e348    00000004     uartecho_pem4f.oem4f (.const:ti_sysbios_family_arm_m3_Hwi_nullIsrFunc__C)
                  0000e34c    00000004     uartecho_pem4f.oem4f (.const:ti_sysbios_family_arm_m3_Hwi_priGroup__C)
                  0000e350    00000004     uartecho_pem4f.oem4f (.const:ti_sysbios_gates_GateMutex_A_badContext__C)
                  0000e354    00000004     uartecho_pem4f.oem4f (.const:ti_sysbios_gates_GateMutex_Instance_State_sem__O)
                  0000e358    00000004     uartecho_pem4f.oem4f (.const:ti_sysbios_gates_GateMutex_Module__diagsEnabled__C)
                  0000e35c    00000004     uartecho_pem4f.oem4f (.const:ti_sysbios_gates_GateMutex_Module__diagsIncluded__C)
                  0000e360    00000004     uartecho_pem4f.oem4f (.const:ti_sysbios_gates_GateMutex_Module__diagsMask__C)
                  0000e364    00000004     uartecho_pem4f.oem4f (.const:ti_sysbios_heaps_HeapMem_A_align__C)
                  0000e368    00000004     uartecho_pem4f.oem4f (.const:ti_sysbios_heaps_HeapMem_A_heapSize__C)
                  0000e36c    00000004     uartecho_pem4f.oem4f (.const:ti_sysbios_heaps_HeapMem_A_invalidFree__C)
                  0000e370    00000004     uartecho_pem4f.oem4f (.const:ti_sysbios_heaps_HeapMem_A_zeroBlock__C)
                  0000e374    00000004     uartecho_pem4f.oem4f (.const:ti_sysbios_heaps_HeapMem_E_memory__C)
                  0000e378    00000004     uartecho_pem4f.oem4f (.const:ti_sysbios_heaps_HeapMem_Module__diagsEnabled__C)
                  0000e37c    00000004     uartecho_pem4f.oem4f (.const:ti_sysbios_heaps_HeapMem_Module__diagsIncluded__C)
                  0000e380    00000004     uartecho_pem4f.oem4f (.const:ti_sysbios_heaps_HeapMem_Module__diagsMask__C)
                  0000e384    00000004     uartecho_pem4f.oem4f (.const:ti_sysbios_heaps_HeapMem_Module__gateObj__C)
                  0000e388    00000004     uartecho_pem4f.oem4f (.const:ti_sysbios_heaps_HeapMem_Object__count__C)
                  0000e38c    00000004     uartecho_pem4f.oem4f (.const:ti_sysbios_heaps_HeapMem_reqAlign__C)
                  0000e390    00000004     uartecho_pem4f.oem4f (.const:ti_sysbios_knl_Clock_LM_begin__C)
                  0000e394    00000004     uartecho_pem4f.oem4f (.const:ti_sysbios_knl_Clock_LM_tick__C)
                  0000e398    00000004     uartecho_pem4f.oem4f (.const:ti_sysbios_knl_Clock_LW_delayed__C)
                  0000e39c    00000004     uartecho_pem4f.oem4f (.const:ti_sysbios_knl_Clock_Module_State_clockQ__O)
                  0000e3a0    00000004     uartecho_pem4f.oem4f (.const:ti_sysbios_knl_Clock_Module__diagsEnabled__C)
                  0000e3a4    00000004     uartecho_pem4f.oem4f (.const:ti_sysbios_knl_Clock_Module__diagsIncluded__C)
                  0000e3a8    00000004     uartecho_pem4f.oem4f (.const:ti_sysbios_knl_Clock_Module__diagsMask__C)
                  0000e3ac    00000004     uartecho_pem4f.oem4f (.const:ti_sysbios_knl_Clock_Module__loggerFxn1__C)
                  0000e3b0    00000004     uartecho_pem4f.oem4f (.const:ti_sysbios_knl_Clock_Module__loggerFxn2__C)
                  0000e3b4    00000004     uartecho_pem4f.oem4f (.const:ti_sysbios_knl_Clock_Module__loggerObj__C)
                  0000e3b8    00000004     uartecho_pem4f.oem4f (.const:ti_sysbios_knl_Idle_funcList__A)
                  0000e3bc    00000004     uartecho_pem4f.oem4f (.const:ti_sysbios_knl_Semaphore_A_badContext__C)
                  0000e3c0    00000004     uartecho_pem4f.oem4f (.const:ti_sysbios_knl_Semaphore_A_noEvents__C)
                  0000e3c4    00000004     uartecho_pem4f.oem4f (.const:ti_sysbios_knl_Semaphore_A_overflow__C)
                  0000e3c8    00000004     uartecho_pem4f.oem4f (.const:ti_sysbios_knl_Semaphore_A_pendTaskDisabled__C)
                  0000e3cc    00000004     uartecho_pem4f.oem4f (.const:ti_sysbios_knl_Semaphore_Instance_State_pendQ__O)
                  0000e3d0    00000004     uartecho_pem4f.oem4f (.const:ti_sysbios_knl_Semaphore_LM_pend__C)
                  0000e3d4    00000004     uartecho_pem4f.oem4f (.const:ti_sysbios_knl_Semaphore_LM_post__C)
                  0000e3d8    00000004     uartecho_pem4f.oem4f (.const:ti_sysbios_knl_Semaphore_Module__diagsEnabled__C)
                  0000e3dc    00000004     uartecho_pem4f.oem4f (.const:ti_sysbios_knl_Semaphore_Module__diagsIncluded__C)
                  0000e3e0    00000004     uartecho_pem4f.oem4f (.const:ti_sysbios_knl_Semaphore_Module__diagsMask__C)
                  0000e3e4    00000004     uartecho_pem4f.oem4f (.const:ti_sysbios_knl_Semaphore_Module__loggerFxn2__C)
                  0000e3e8    00000004     uartecho_pem4f.oem4f (.const:ti_sysbios_knl_Semaphore_Module__loggerFxn4__C)
                  0000e3ec    00000004     uartecho_pem4f.oem4f (.const:ti_sysbios_knl_Semaphore_Module__loggerObj__C)
                  0000e3f0    00000004     uartecho_pem4f.oem4f (.const:ti_sysbios_knl_Task_A_badTimeout__C)
                  0000e3f4    00000004     uartecho_pem4f.oem4f (.const:ti_sysbios_knl_Task_A_sleepTaskDisabled__C)
                  0000e3f8    00000004     uartecho_pem4f.oem4f (.const:ti_sysbios_knl_Task_E_spOutOfBounds__C)
                  0000e3fc    00000004     uartecho_pem4f.oem4f (.const:ti_sysbios_knl_Task_E_stackOverflow__C)
                  0000e400    00000004     uartecho_pem4f.oem4f (.const:ti_sysbios_knl_Task_LD_block__C)
                  0000e404    00000004     uartecho_pem4f.oem4f (.const:ti_sysbios_knl_Task_LD_exit__C)
                  0000e408    00000004     uartecho_pem4f.oem4f (.const:ti_sysbios_knl_Task_LD_ready__C)
                  0000e40c    00000004     uartecho_pem4f.oem4f (.const:ti_sysbios_knl_Task_LM_sleep__C)
                  0000e410    00000004     uartecho_pem4f.oem4f (.const:ti_sysbios_knl_Task_LM_switch__C)
                  0000e414    00000004     uartecho_pem4f.oem4f (.const:ti_sysbios_knl_Task_Module_State_inactiveQ__O)
                  0000e418    00000004     uartecho_pem4f.oem4f (.const:ti_sysbios_knl_Task_Module__diagsEnabled__C)
                  0000e41c    00000004     uartecho_pem4f.oem4f (.const:ti_sysbios_knl_Task_Module__diagsIncluded__C)
                  0000e420    00000004     uartecho_pem4f.oem4f (.const:ti_sysbios_knl_Task_Module__diagsMask__C)
                  0000e424    00000004     uartecho_pem4f.oem4f (.const:ti_sysbios_knl_Task_Module__loggerFxn2__C)
                  0000e428    00000004     uartecho_pem4f.oem4f (.const:ti_sysbios_knl_Task_Module__loggerFxn4__C)
                  0000e42c    00000004     uartecho_pem4f.oem4f (.const:ti_sysbios_knl_Task_Module__loggerObj__C)
                  0000e430    00000004     uartecho_pem4f.oem4f (.const:ti_sysbios_knl_Task_Object__count__C)
                  0000e434    00000004     uartecho_pem4f.oem4f (.const:ti_sysbios_knl_Task_allBlockedFunc__C)
                  0000e438    00000004     uartecho_pem4f.oem4f (.const:ti_sysbios_knl_Task_numConstructedTasks__C)
                  0000e43c    00000004     uartecho_pem4f.oem4f (.const:ti_sysbios_utils_Load_LS_cpuLoad__C)
                  0000e440    00000004     uartecho_pem4f.oem4f (.const:ti_sysbios_utils_Load_LS_hwiLoad__C)
                  0000e444    00000004     uartecho_pem4f.oem4f (.const:ti_sysbios_utils_Load_Module__diagsEnabled__C)
                  0000e448    00000004     uartecho_pem4f.oem4f (.const:ti_sysbios_utils_Load_Module__diagsIncluded__C)
                  0000e44c    00000004     uartecho_pem4f.oem4f (.const:ti_sysbios_utils_Load_Module__diagsMask__C)
                  0000e450    00000004     uartecho_pem4f.oem4f (.const:ti_sysbios_utils_Load_Module__loggerFxn1__C)
                  0000e454    00000004     uartecho_pem4f.oem4f (.const:ti_sysbios_utils_Load_Module__loggerFxn2__C)
                  0000e458    00000004     uartecho_pem4f.oem4f (.const:ti_sysbios_utils_Load_Module__loggerObj__C)
                  0000e45c    00000004     uartecho_pem4f.oem4f (.const:ti_sysbios_utils_Load_postUpdate__C)
                  0000e460    00000004     uartecho_pem4f.oem4f (.const:ti_sysbios_utils_Load_windowInMs__C)
                  0000e464    00000004     uartecho_pem4f.oem4f (.const:ti_uia_loggers_LoggerStopMode_Module__diagsEnabled__C)
                  0000e468    00000004     uartecho_pem4f.oem4f (.const:ti_uia_loggers_LoggerStopMode_Module__diagsIncluded__C)
                  0000e46c    00000004     uartecho_pem4f.oem4f (.const:ti_uia_loggers_LoggerStopMode_Module__diagsMask__C)
                  0000e470    00000004     uartecho_pem4f.oem4f (.const:ti_uia_loggers_LoggerStopMode_Object__count__C)
                  0000e474    00000004     uartecho_pem4f.oem4f (.const:ti_uia_runtime_ILoggerSnapshot_Interface__BASE__C)
                  0000e478    00000004     uartecho_pem4f.oem4f (.const:ti_uia_runtime_IUIATransfer_Interface__BASE__C)
                  0000e47c    00000004     uartecho_pem4f.oem4f (.const:xdc_runtime_Assert_E_assertFailed__C)
                  0000e480    00000004     uartecho_pem4f.oem4f (.const:xdc_runtime_Core_A_initializedParams__C)
                  0000e484    00000004     uartecho_pem4f.oem4f (.const:xdc_runtime_Core_Module__diagsEnabled__C)
                  0000e488    00000004     uartecho_pem4f.oem4f (.const:xdc_runtime_Core_Module__diagsIncluded__C)
                  0000e48c    00000004     uartecho_pem4f.oem4f (.const:xdc_runtime_Core_Module__diagsMask__C)
                  0000e490    00000004     uartecho_pem4f.oem4f (.const:xdc_runtime_Error_E_memory__C)
                  0000e494    00000004     uartecho_pem4f.oem4f (.const:xdc_runtime_Error_Module__diagsEnabled__C)
                  0000e498    00000004     uartecho_pem4f.oem4f (.const:xdc_runtime_Error_Module__diagsIncluded__C)
                  0000e49c    00000004     uartecho_pem4f.oem4f (.const:xdc_runtime_Error_Module__diagsMask__C)
                  0000e4a0    00000004     uartecho_pem4f.oem4f (.const:xdc_runtime_Error_Module__loggerFxn8__C)
                  0000e4a4    00000004     uartecho_pem4f.oem4f (.const:xdc_runtime_Error_Module__loggerObj__C)
                  0000e4a8    00000004     uartecho_pem4f.oem4f (.const:xdc_runtime_Error_policyFxn__C)
                  0000e4ac    00000004     uartecho_pem4f.oem4f (.const:xdc_runtime_Error_raiseHook__C)
                  0000e4b0    00000004     uartecho_pem4f.oem4f (.const:xdc_runtime_IFilterLogger_Interface__BASE__C)
                  0000e4b4    00000004     uartecho_pem4f.oem4f (.const:xdc_runtime_IGateProvider_Interface__BASE__C)
                  0000e4b8    00000004     uartecho_pem4f.oem4f (.const:xdc_runtime_IHeap_Interface__BASE__C)
                  0000e4bc    00000004     uartecho_pem4f.oem4f (.const:xdc_runtime_ILogger_Interface__BASE__C)
                  0000e4c0    00000004     uartecho_pem4f.oem4f (.const:xdc_runtime_IModule_Interface__BASE__C)
                  0000e4c4    00000004     uartecho_pem4f.oem4f (.const:xdc_runtime_Log_L_error__C)
                  0000e4c8    00000004     uartecho_pem4f.oem4f (.const:xdc_runtime_Memory_defaultHeapInstance__C)
                  0000e4cc    00000004     uartecho_pem4f.oem4f (.const:xdc_runtime_Startup_execImpl__C)
                  0000e4d0    00000004     uartecho_pem4f.oem4f (.const:xdc_runtime_Startup_lastFxns__A)
                  0000e4d4    00000004     uartecho_pem4f.oem4f (.const:xdc_runtime_Startup_maxPasses__C)
                  0000e4d8    00000004     uartecho_pem4f.oem4f (.const:xdc_runtime_Startup_sfxnRts__C)
                  0000e4dc    00000004     uartecho_pem4f.oem4f (.const:xdc_runtime_Startup_sfxnTab__C)
                  0000e4e0    00000004     uartecho_pem4f.oem4f (.const:xdc_runtime_SysMin_bufSize__C)
                  0000e4e4    00000004     uartecho_pem4f.oem4f (.const:xdc_runtime_SysMin_outputFunc__C)
                  0000e4e8    00000004     uartecho_pem4f.oem4f (.const:xdc_runtime_System_Module__gateObj__C)
                  0000e4ec    00000004     uartecho_pem4f.oem4f (.const:xdc_runtime_System_abortFxn__C)
                  0000e4f0    00000004     uartecho_pem4f.oem4f (.const:xdc_runtime_System_exitFxn__C)
                  0000e4f4    00000004     uartecho_pem4f.oem4f (.const:xdc_runtime_System_extendFxn__C)
                  0000e4f8    00000004     uartecho_pem4f.oem4f (.const:xdc_runtime_System_maxAtexitHandlers__C)
                  0000e4fc    00000004     uartecho_pem4f.oem4f (.const:xdc_runtime_Text_charTab__C)
                  0000e500    00000004     uartecho_pem4f.oem4f (.const:xdc_runtime_Text_nameEmpty__C)
                  0000e504    00000004     uartecho_pem4f.oem4f (.const:xdc_runtime_Text_nameStatic__C)
                  0000e508    00000004     uartecho_pem4f.oem4f (.const:xdc_runtime_Text_nameUnknown__C)
                  0000e50c    00000004     uartecho_pem4f.oem4f (.const:xdc_runtime_Text_nodeTab__C)
                  0000e510    00000004     uartecho_pem4f.oem4f (.const:xdc_runtime_Text_visitRopeFxn__C)
                  0000e514    00000002     uartecho_pem4f.oem4f (.const:ti_sysbios_family_arm_lm4_TimestampProvider_useClockTimer__C)
                  0000e516    00000002     uartecho_pem4f.oem4f (.const:ti_sysbios_family_arm_m3_Hwi_Module__id__C)
                  0000e518    00000002     uartecho_pem4f.oem4f (.const:ti_sysbios_family_arm_m3_Hwi_Module__loggerDefined__C)
                  0000e51a    00000002     uartecho_pem4f.oem4f (.const:ti_sysbios_gates_GateMutex_Module__id__C)
                  0000e51c    00000002     uartecho_pem4f.oem4f (.const:ti_sysbios_heaps_HeapMem_Module__id__C)
                  0000e51e    00000002     uartecho_pem4f.oem4f (.const:ti_sysbios_knl_Clock_Module__id__C)
                  0000e520    00000002     uartecho_pem4f.oem4f (.const:ti_sysbios_knl_Clock_Module__loggerDefined__C)
                  0000e522    00000002     uartecho_pem4f.oem4f (.const:ti_sysbios_knl_Semaphore_Module__id__C)
                  0000e524    00000002     uartecho_pem4f.oem4f (.const:ti_sysbios_knl_Semaphore_Module__loggerDefined__C)
                  0000e526    00000002     uartecho_pem4f.oem4f (.const:ti_sysbios_knl_Task_Module__id__C)
                  0000e528    00000002     uartecho_pem4f.oem4f (.const:ti_sysbios_knl_Task_Module__loggerDefined__C)
                  0000e52a    00000002     uartecho_pem4f.oem4f (.const:ti_sysbios_knl_Task_initStackFlag__C)
                  0000e52c    00000002     uartecho_pem4f.oem4f (.const:ti_sysbios_utils_Load_Module__id__C)
                  0000e52e    00000002     uartecho_pem4f.oem4f (.const:ti_sysbios_utils_Load_Module__loggerDefined__C)
                  0000e530    00000002     uartecho_pem4f.oem4f (.const:ti_sysbios_utils_Load_hwiEnabled__C)
                  0000e532    00000002     uartecho_pem4f.oem4f (.const:ti_sysbios_utils_Load_updateInIdle__C)
                  0000e534    00000002     uartecho_pem4f.oem4f (.const:ti_uia_loggers_LoggerStopMode_Module__id__C)
                  0000e536    00000002     uartecho_pem4f.oem4f (.const:ti_uia_loggers_LoggerStopMode_isTimestampEnabled__C)
                  0000e538    00000002     uartecho_pem4f.oem4f (.const:xdc_runtime_Core_Module__id__C)
                  0000e53a    00000002     uartecho_pem4f.oem4f (.const:xdc_runtime_Error_Module__loggerDefined__C)
                  0000e53c    00000002     uartecho_pem4f.oem4f (.const:xdc_runtime_Error_maxDepth__C)
                  0000e53e    00000002     uartecho_pem4f.oem4f (.const:xdc_runtime_Memory_Module__id__C)
                  0000e540    00000002     uartecho_pem4f.oem4f (.const:xdc_runtime_SysMin_flushAtExit__C)
                  0000e542    00000002     uartecho_pem4f.oem4f (.const:xdc_runtime_Text_charCnt__C)
                  0000e544    00000002     uartecho_pem4f.oem4f (.const:xdc_runtime_Text_isLoaded__C)
                  0000e546    00000002     uartecho_pem4f.oem4f (.const:xdc_runtime_Text_registryModsLastId__C)
                  0000e548    00000002     uartecho_pem4f.oem4f (.const:xdc_runtime_Text_unnamedModsLastId__C)

.cinit     0    0000e550    000003a8     
                  0000e550    00000373     (.cinit..data.load) [load image, compression = rle]
                  0000e8c3    00000001     --HOLE-- [fill = 0]
                  0000e8c4    0000000c     (__TI_handler_table)
                  0000e8d0    00000008     (.cinit..bss.load) [load image, compression = zero_init]
                  0000e8d8    00000008     (.cinit..vecs.load) [load image, compression = zero_init]
                  0000e8e0    00000018     (__TI_cinit_table)

.vecs      0    20000000    00000360     UNINITIALIZED
                  20000000    00000360     uartecho_pem4f.oem4f (.vecs)

.bss       0    20000380    000044b0     UNINITIALIZED
                  20000380    00002000     uartecho_pem4f.oem4f (.bss:ti_sysbios_heaps_HeapMem_Instance_State_0_buf__A)
                  20002380    00001600     uartecho_pem4f.oem4f (.bss:taskStackSection)
                  20003980    00000400     uartecho_pem4f.oem4f (.bss:ti_uia_loggers_LoggerStopMode_Instance_State_2_packetArray__A)
                  20003d80    00000360     uartecho_pem4f.oem4f (.bss:ti_sysbios_family_arm_m3_Hwi_dispatchTable)
                  200040e0    00000020     grlib.lib : image.obj (.bss)
                  20004100    00000200     uartecho_pem4f.oem4f (.bss:ti_uia_loggers_LoggerStopMode_Instance_State_1_packetArray__A)
                  20004300    00000120     rtsv7M4_T_le_v4SPD16_eabi.lib : trgmsg.obj (.bss:__CIOBUF_)
                  20004420    00000034     main.obj (.bss:buffer)
                  20004454    00000008     (.common:parmbuf)
                  2000445c    00000004     grlib.lib : context.obj (.bss)
                  20004460    00000004     (.common:bufferSem)
                  20004464    0000001c     --HOLE--
                  20004480    00000100     uartecho_pem4f.oem4f (.bss:ti_uia_loggers_LoggerStopMode_Instance_State_0_packetArray__A)
                  20004580    00000088     DK_TM4C129X.obj (.bss:uartTivaObjects)
                  20004608    00000080     uartecho_pem4f.oem4f (.bss:xdc_runtime_SysMin_Module_State_0_outbuf__A)
                  20004688    00000078     --HOLE--
                  20004700    00000030     uartecho_pem4f.oem4f (.bss:ti_uia_loggers_LoggerStopMode_Instance_State_0_hdr__A)
                  20004730    00000050     --HOLE--
                  20004780    00000030     uartecho_pem4f.oem4f (.bss:ti_uia_loggers_LoggerStopMode_Instance_State_1_hdr__A)
                  200047b0    00000050     --HOLE--
                  20004800    00000030     uartecho_pem4f.oem4f (.bss:ti_uia_loggers_LoggerStopMode_Instance_State_2_hdr__A)

.data      0    20004830    000005d4     UNINITIALIZED
                  20004830    00000154     uartecho_pem4f.oem4f (.data)
                  20004984    00000130     uartecho_pem4f.oem4f (.data:ti_sysbios_knl_Task_Object__table__V)
                  20004ab4    0000009c     uartecho_pem4f.oem4f (.data:ti_uia_loggers_LoggerStopMode_Object__table__V)
                  20004b50    00000098     uartecho_pem4f.oem4f (.data:ti_sysbios_utils_Load_Module__state__V)
                  20004be8    00000080     uartecho_pem4f.oem4f (.data:ti_sysbios_family_arm_lm4_Timer_Object__table__V)
                  20004c68    00000044     uartecho_pem4f.oem4f (.data:ti_sysbios_knl_Task_Module__state__V)
                  20004cac    00000040     uartecho_pem4f.oem4f (.data:ti_sysbios_family_arm_lm4_Timer_Module_State_0_device__A)
                  20004cec    00000038     uartecho_pem4f.oem4f (.data:ti_sysbios_gates_GateMutex_Object__table__V)
                  20004d24    00000034     uartecho_pem4f.oem4f (.data:ti_sysbios_family_arm_m3_Hwi_Module__state__V)
                  20004d58    00000030     uartecho_pem4f.oem4f (.data:ti_sysbios_family_arm_m3_Hwi_Object__table__V)
                  20004d88    0000002c     uartecho_pem4f.oem4f (.data:ti_sysbios_knl_Clock_Module__state__V)
                  20004db4    00000024     uartecho_pem4f.oem4f (.data:ti_sysbios_BIOS_Module__state__V)
                  20004dd8    00000008     drivers_tivaware.aem4f : GPIOTiva.oem4f (.data)
                  20004de0    00000008     rtsv7M4_T_le_v4SPD16_eabi.lib : _lock.obj (.data)
                  20004de8    00000008                                   : exit.obj (.data)
                  20004df0    00000008     ti.uia.runtime.aem4f : QueueDescriptor.oem4f (.data)
                  20004df8    00000004     drivers_tivaware.aem4f : UART.oem4f (.data)
                  20004dfc    00000004     main.obj (.data)
                  20004e00    00000004     rtsv7M4_T_le_v4SPD16_eabi.lib : stkdepth_vars.obj (.data)

.stack     0    20004e04    00000300     UNINITIALIZED
                  20004e04    00000300     --HOLE--


LINKER GENERATED COPY TABLES

__TI_cinit_table @ 0000e8e0 records: 3, size/record: 8, table size: 24
	.data: load addr=0000e550, load size=00000373 bytes, run addr=20004830, run size=000005d4 bytes, compression=rle
	.bss: load addr=0000e8d0, load size=00000008 bytes, run addr=20000380, run size=000044b0 bytes, compression=zero_init
	.vecs: load addr=0000e8d8, load size=00000008 bytes, run addr=20000000, run size=00000360 bytes, compression=zero_init


LINKER GENERATED HANDLER TABLE

__TI_handler_table @ 0000e8c4 records: 3, size/record: 4, table size: 12
	index: 0, handler: __TI_zero_init
	index: 1, handler: __TI_decompress_rle24
	index: 2, handler: __TI_decompress_none


GLOBAL SYMBOLS: SORTED ALPHABETICALLY BY Name 

address    name
--------   ----
00006ca5   C$$EXIT
000063ab   C$$IO$$
00002f6d   DK_TM4C129X_initGPIO
00004ab1   DK_TM4C129X_initGeneral
00007671   DK_TM4C129X_initUART
00007459   Festo_Control_Driver
00006f85   Festo_Control_Ejector
00006fc1   Festo_Control_Measure
000069cd   Festo_Control_Platform
00006839   Festo_Driver_Init
00008279   Festo_Sense_Ejector_Ready
00008287   Festo_Sense_Measure_Down
00008295   Festo_Sense_Piece_Colour
000082a3   Festo_Sense_Piece_Material
000082b1   Festo_Sense_Piece_Placed
000082bf   Festo_Sense_Riser_Down
000082cd   Festo_Sense_Riser_Up
00001a3d   FrameDraw
000077d1   GPIODirModeSet
0000384d   GPIOPadConfigSet
00006ab1   GPIOPinConfigure
00008479   GPIOPinRead
000080e9   GPIOPinTypeADC
000080fb   GPIOPinTypeGPIOInput
00007e65   GPIOPinTypeGPIOOutput
0000810d   GPIOPinTypeUART
0000847f   GPIOPinWrite
0000de48   GPIO_config
000079dd   GPIO_init
00007879   GPIO_read
000078a1   GPIO_write
000061f9   GrContextClipRegionSet
00008485   GrContextFontSet
00006131   GrContextInit
0000491d   GrDefaultStringRenderer
000077fb   GrFontBaselineGet
00007ce1   GrFontCodepageGet
00007ad9   GrFontGlyphDataGet
00001cb5   GrFontGlyphRender
00007941   GrFontInfoGet
000082db   GrImageDraw
00008439   GrMapISO8859_1_Unicode
0000811f   GrStringDraw
00007825   GrStringNextCharGet
00005ff9   GrStringWidthGet
00001739   HOSTclock
00001701   HOSTclose
000016c3   HOSTgetenv
00001667   HOSTlseek
00001615   HOSTopen
000015c9   HOSTread
0000156b   HOSTrename
00001531   HOSTtime
000014f9   HOSTunlink
000014ad   HOSTwrite
000011d1   Kentec320x240x16_SSD2119Init
000084cd   LCDDMAConfigSet
00008321   LCDIDDCommandWrite
000084d1   LCDIDDConfigSet
0000832d   LCDIDDDataWrite
00007163   LCDIDDTimingSet
00007afb   LCDModeSet
UNDEFED    SHT$$INIT_ARRAY$$Base
UNDEFED    SHT$$INIT_ARRAY$$Limit
0000848b   SysCtlDelay
000072ed   SysCtlPeripheralEnable
20004a68   TSK_idle
000083df   UARTCharGet
000082e9   UARTCharGetNonBlocking
000083e9   UARTCharPut
000082f7   UARTCharPutNonBlocking
00006e81   UARTConfigSetExpClk
00007d01   UARTDisable
0000806f   UARTEnable
00008491   UARTFIFOLevelSet
000084d5   UARTIntClear
000083f3   UARTIntDisable
00008441   UARTIntEnable
000083fd   UARTIntStatus
00007321   UARTTiva_close
00008497   UARTTiva_control
0000df78   UARTTiva_fxnTable
00008449   UARTTiva_init
00003225   UARTTiva_open
00005e49   UARTTiva_read
0000748b   UARTTiva_readCancel
00006063   UARTTiva_readPolling
00005eb5   UARTTiva_write
000074bd   UARTTiva_writeCancel
00006f05   UARTTiva_writePolling
00007e7d   UART_Params_init
0000e1d0   UART_config
0000e018   UART_defaultParams
0000719d   UART_init
00007e95   UART_open
00008407   UART_read
00008411   UART_write
00000000   __ASM__
20004300   __CIOBUF_
00000068   __ISA__
0000007b   __PLAT__
20005104   __STACK_END
00000300   __STACK_SIZE
20005004   __STACK_TOP
0000009c   __TARG__
0000e8e0   __TI_CINIT_Base
0000e8f8   __TI_CINIT_Limit
0000e8c4   __TI_Handler_Table_Base
0000e8d0   __TI_Handler_Table_Limit
00000001   __TI_args_main
0000547d   __TI_auto_init
20004de8   __TI_cleanup_ptr
00008305   __TI_decompress_none
000084a3   __TI_decompress_rle24
20004dec   __TI_dtors_ptr
000063af   __TI_readmsg
00000000   __TI_static_base__
00006381   __TI_writemsg
00008131   __TI_zero_init
000000c2   __TRDR__
00005c7f   __aeabi_memclr
00005c7f   __aeabi_memclr4
00005c7f   __aeabi_memclr8
000055bd   __aeabi_memcpy
000055bd   __aeabi_memcpy4
000055bd   __aeabi_memcpy8
00005c81   __aeabi_memset
00005c81   __aeabi_memset4
00005c81   __aeabi_memset8
00006ec3   __aeabi_uidivmod
ffffffff   __binit__
ffffffff   __c_args__
20004e04   __stack
0000849d   __xdc__init
20004980   __xdc__init__addr
00007ec5   _args_main
00006731   _c_int00
20004de0   _lock
00008093   _nop
0000808b   _register_lock
00008085   _register_unlock
00007969   _task_Festo
00008339   _task_LCD
20004de4   _unlock
00006ca9   abort
ffffffff   binit
20004420   buffer
20004dfc   bufferCounter
20004460   bufferSem
00006c61   copy_in
000045b1   echoFxn
00006cb1   exit
0000e280   g_psDefaultCodePointMapTable
0000db60   g_sFontCmss18b
0000dfa0   g_sKentec320x240x16_SSD2119
0000d988   gpioHWAttrs
00000469   main
20004e00   main_func_sp
000055bd   memcpy
00005c87   memset
00008179   strcpy
00008099   strlen
0000e2d0   ti_catalog_arm_cortexm4_tiva_ce_Boot_A_mustNotUseEnhancedClockMode__C
0000e2d4   ti_catalog_arm_cortexm4_tiva_ce_Boot_Module__diagsEnabled__C
0000e2d8   ti_catalog_arm_cortexm4_tiva_ce_Boot_Module__diagsIncluded__C
0000e2dc   ti_catalog_arm_cortexm4_tiva_ce_Boot_Module__diagsMask__C
0000d866   ti_catalog_arm_cortexm4_tiva_ce_Boot_Module__id__C
00008169   ti_catalog_arm_cortexm4_tiva_ce_Boot_init__I
00002399   ti_catalog_arm_cortexm4_tiva_ce_Boot_sysCtlClockFreqSetI__I
00005791   ti_catalog_arm_cortexm4_tiva_ce_Boot_sysCtlClockFreqSet__E
20004db4   ti_sysbios_BIOS_Module__state__V
000084d9   ti_sysbios_BIOS_RtsGateProxy_enter__E
[...]
000081a9   ti_sysbios_BIOS_start__E
000081b9   ti_sysbios_family_arm_lm4_TimestampProvider_rolloverFunc__E
000081c9   ti_sysbios_family_arm_m3_TaskSupport_glue
000081d9   ti_sysbios_gates_GateMutex_Instance_finalize__E
000081e9   ti_sysbios_knl_Semaphore_Instance_finalize__E
000081f9   ti_sysbios_knl_Task_Object__get__S
00008209   ti_sysbios_knl_Task_disable__E
00008219   ti_uia_loggers_LoggerStopMode_Object__get__S
00008229   ti_uia_loggers_LoggerStopMode_isEmpty__E
00008239   xdc_runtime_Gate_leaveSystem__E
00008249   xdc_runtime_Memory_free__E
00008259   xdc_runtime_SysMin_ready__E
00008259   xdc_runtime_System_SupportProxy_ready__E
00008269   xdc_runtime_System_vsnprintf__E
00008279   Festo_Sense_Ejector_Ready
00008287   Festo_Sense_Measure_Down
00008295   Festo_Sense_Piece_Colour
000082a3   Festo_Sense_Piece_Material
000082b1   Festo_Sense_Piece_Placed
000082bf   Festo_Sense_Riser_Down
000082cd   Festo_Sense_Riser_Up
000082db   GrImageDraw
000082e9   UARTCharGetNonBlocking
000082f7   UARTCharPutNonBlocking
00008305   __TI_decompress_none
00008313   ti_sysbios_knl_Queue_empty__E
00008321   LCDIDDCommandWrite
0000832d   LCDIDDDataWrite
00008339   _task_LCD
00008345   ti_sysbios_family_arm_lm4_Timer_getMaxTicks__E
00008351   ti_sysbios_family_arm_lm4_TimestampProvider_startTimer__E
0000835d   ti_sysbios_family_arm_m3_Hwi_Params__init__S
00008369   ti_sysbios_family_arm_m3_Hwi_disableFxn__E
00008369   ti_sysbios_hal_Hwi_HwiProxy_disable__E
00008369   ti_sysbios_hal_Hwi_disable__E
00008375   ti_sysbios_family_arm_m3_TaskSupport_checkStack__E
00008375   ti_sysbios_knl_Task_SupportProxy_checkStack__E
00008381   ti_sysbios_gates_GateHwi_enter__E
0000838d   ti_sysbios_knl_Queue_Object__get__S
00008399   ti_sysbios_knl_Semaphore_Params__init__S
000083a5   xdc_runtime_Error_init__E
000083b1   xdc_runtime_Gate_enterSystem__E
000083bd   xdc_runtime_Memory_calloc__E
000083c9   xdc_runtime_Memory_getMaxDefaultTypeAlign__E
000083df   UARTCharGet
000083e9   UARTCharPut
000083f3   UARTIntDisable
000083fd   UARTIntStatus
00008407   UART_read
00008411   UART_write
0000842f   xdc_runtime_Text_visitRope__I
00008439   GrMapISO8859_1_Unicode
00008441   UARTIntEnable
00008449   UARTTiva_init
00008459   ti_sysbios_family_arm_lm4_Timer_masterDisable__I
00008461   ti_sysbios_family_arm_m3_Hwi_startup__E
00008461   ti_sysbios_hal_Hwi_HwiProxy_startup__E
00008461   ti_sysbios_hal_Hwi_startup__E
00008469   ti_sysbios_knl_Idle_loop__E
00008479   GPIOPinRead
0000847f   GPIOPinWrite
00008485   GrContextFontSet
0000848b   SysCtlDelay
00008491   UARTFIFOLevelSet
00008497   UARTTiva_control
0000849d   __xdc__init
000084a3   __TI_decompress_rle24
000084a9   ti_sysbios_family_arm_lm4_TimestampProvider_Module_startup__E
000084af   ti_sysbios_family_arm_m3_Hwi_restoreFxn__E
000084af   ti_sysbios_hal_Hwi_HwiProxy_restore__E
000084af   ti_sysbios_hal_Hwi_restore__E
000084b5   ti_sysbios_gates_GateHwi_leave__E
000084bb   ti_sysbios_heaps_HeapMem_isBlocking__E
000084c1   ti_sysbios_knl_Queue_Instance_init__E
000084c7   xdc_runtime_System_Module_startup__E
000084cd   LCDDMAConfigSet
000084d1   LCDIDDConfigSet
000084d5   UARTIntClear
000084d9   ti_sysbios_BIOS_RtsGateProxy_enter__E
000084dd   ti_sysbios_BIOS_RtsGateProxy_leave__E
000084e1   ti_sysbios_family_arm_lm4_Timer_getPeriod__E
000084e5   ti_sysbios_family_arm_lm4_Timer_masterEnable__I
000084e9   ti_sysbios_family_arm_m3_Hwi_destruct
000084ed   ti_sysbios_family_arm_m3_TaskSupport_Module__startupDone__S
000084f1   ti_sysbios_gates_GateHwi_query__E
000084f1   xdc_runtime_Main_Module_GateProxy_query__E
000084f1   xdc_runtime_System_Module_GateProxy_query__E
000084f5   ti_sysbios_BIOS_RtsGateProxy_query__E
000084f5   ti_sysbios_gates_GateMutex_query__E
000084f5   ti_sysbios_heaps_HeapMem_Module_GateProxy_query__E
000084f9   ti_sysbios_hal_Hwi_HwiProxy_Module__startupDone__S
000084fd   ti_sysbios_heaps_HeapMem_Module_GateProxy_enter__E
00008501   ti_sysbios_heaps_HeapMem_Module_GateProxy_leave__E
00008505   ti_sysbios_knl_Clock_TimerProxy_Module__startupDone__S
00008509   ti_sysbios_knl_Clock_TimerProxy_getMaxTicks__E
0000850d   ti_sysbios_knl_Clock_TimerProxy_getPeriod__E
00008511   ti_sysbios_knl_Queue_destruct
00008515   ti_sysbios_knl_Semaphore_destruct
00008519   ti_sysbios_knl_Task_SupportProxy_Module__startupDone__S
0000851d   ti_sysbios_knl_Task_startup__E
00008521   ti_uia_loggers_LoggerStopMode_getContents__E
00008525   ti_uia_loggers_LoggerStopMode_getFilterLevel__E
00008529   ti_uia_loggers_LoggerStopMode_getInstanceId__E
0000852d   ti_uia_loggers_LoggerStopMode_getMaxLength__E
00008531   ti_uia_loggers_LoggerStopMode_getPriority__E
00008535   ti_uia_loggers_LoggerStopMode_getTransferType__E
00008539   xdc_runtime_Error_getSite__E
0000853d   xdc_runtime_Memory_HeapProxy_alloc__E
00008541   xdc_runtime_Memory_HeapProxy_free__E
00008545   xdc_runtime_System_Module_GateProxy_enter__E
00008549   xdc_runtime_System_Module_GateProxy_leave__E
0000854d   xdc_runtime_System_aprintf_va__F
00008551   xdc_runtime_System_printf_va__F
00008554   xdc_runtime_Text_charTab__A
0000d865   xdc_runtime_Error_policy__C
0000d866   ti_catalog_arm_cortexm4_tiva_ce_Boot_Module__id__C
0000d988   gpioHWAttrs
0000db60   g_sFontCmss18b
0000dde8   ti_uia_loggers_LoggerStopMode_Module__FXNS__C
0000de48   GPIO_config
0000df1c   ti_sysbios_family_arm_m3_Hwi_Object__PARAMS__C
0000df78   UARTTiva_fxnTable
0000dfa0   g_sKentec320x240x16_SSD2119
0000dfc8   ti_sysbios_heaps_HeapMem_Module__FXNS__C
0000dff0   ti_uia_loggers_LoggerStopMode_Object__PARAMS__C
0000e018   UART_defaultParams
0000e03c   ti_sysbios_gates_GateHwi_Module__FXNS__C
0000e060   ti_sysbios_gates_GateMutex_Module__FXNS__C
0000e084   ti_sysbios_heaps_HeapMem_Object__PARAMS__C
0000e0a8   ti_sysbios_knl_Semaphore_Object__PARAMS__C
0000e0cc   xdc_runtime_Startup_sfxnTab__A
0000e0f0   ti_sysbios_family_arm_m3_Hwi_Object__DESC__C
0000e110   ti_sysbios_gates_GateHwi_Object__DESC__C
0000e130   ti_sysbios_gates_GateMutex_Object__DESC__C
0000e150   ti_sysbios_heaps_HeapMem_Object__DESC__C
0000e170   ti_sysbios_knl_Queue_Object__DESC__C
0000e190   ti_sysbios_knl_Semaphore_Object__DESC__C
0000e1b0   ti_uia_loggers_LoggerStopMode_Object__DESC__C
0000e1d0   UART_config
0000e1e8   ti_sysbios_gates_GateHwi_Object__PARAMS__C
0000e200   ti_sysbios_gates_GateMutex_Object__PARAMS__C
0000e218   ti_sysbios_knl_Queue_Object__PARAMS__C
0000e248   xdc_runtime_Startup_firstFxns__A
0000e25c   xdc_runtime_Startup_sfxnRts__A
0000e280   g_psDefaultCodePointMapTable
0000e290   xdc_runtime_Text_nodeTab__A
0000e2a8   ti_sysbios_family_arm_m3_Hwi_excHookFuncs__A
0000e2b0   ti_sysbios_knl_Idle_funcList__C
0000e2b8   uartTivaHWAttrs
0000e2c0   xdc_runtime_Startup_firstFxns__C
0000e2c8   xdc_runtime_Startup_lastFxns__C
0000e2d0   ti_catalog_arm_cortexm4_tiva_ce_Boot_A_mustNotUseEnhancedClockMode__C
0000e2d4   ti_catalog_arm_cortexm4_tiva_ce_Boot_Module__diagsEnabled__C
0000e2d8   ti_catalog_arm_cortexm4_tiva_ce_Boot_Module__diagsIncluded__C
0000e2dc   ti_catalog_arm_cortexm4_tiva_ce_Boot_Module__diagsMask__C
0000e2e0   ti_sysbios_family_arm_lm4_Timer_enableFunc__C
0000e2e4   ti_sysbios_family_arm_lm4_Timer_numTimerDevices__C
0000e2e8   ti_sysbios_family_arm_lm4_Timer_startupNeeded__C
0000e2ec   ti_sysbios_family_arm_m3_Hwi_E_NMI__C
0000e2f0   ti_sysbios_family_arm_m3_Hwi_E_alreadyDefined__C
0000e2f4   ti_sysbios_family_arm_m3_Hwi_E_busFault__C
0000e2f8   ti_sysbios_family_arm_m3_Hwi_E_debugMon__C
0000e2fc   ti_sysbios_family_arm_m3_Hwi_E_hardFault__C
0000e300   ti_sysbios_family_arm_m3_Hwi_E_memFault__C
0000e304   ti_sysbios_family_arm_m3_Hwi_E_noIsr__C
0000e308   ti_sysbios_family_arm_m3_Hwi_E_reserved__C
0000e30c   ti_sysbios_family_arm_m3_Hwi_E_svCall__C
0000e310   ti_sysbios_family_arm_m3_Hwi_E_usageFault__C
0000e314   ti_sysbios_family_arm_m3_Hwi_LD_end__C
0000e318   ti_sysbios_family_arm_m3_Hwi_LM_begin__C
0000e31c   ti_sysbios_family_arm_m3_Hwi_Module__diagsEnabled__C
0000e320   ti_sysbios_family_arm_m3_Hwi_Module__diagsIncluded__C
0000e324   ti_sysbios_family_arm_m3_Hwi_Module__diagsMask__C
0000e328   ti_sysbios_family_arm_m3_Hwi_Module__loggerFxn1__C
0000e32c   ti_sysbios_family_arm_m3_Hwi_Module__loggerFxn8__C
0000e330   ti_sysbios_family_arm_m3_Hwi_Module__loggerObj__C
0000e334   ti_sysbios_family_arm_m3_Hwi_NUM_INTERRUPTS__C
0000e338   ti_sysbios_family_arm_m3_Hwi_Object__count__C
0000e33c   ti_sysbios_family_arm_m3_Hwi_ccr__C
0000e340   ti_sysbios_family_arm_m3_Hwi_excHandlerFunc__C
0000e344   ti_sysbios_family_arm_m3_Hwi_excHookFuncs__C
0000e348   ti_sysbios_family_arm_m3_Hwi_nullIsrFunc__C
0000e34c   ti_sysbios_family_arm_m3_Hwi_priGroup__C
0000e350   ti_sysbios_gates_GateMutex_A_badContext__C
0000e354   ti_sysbios_gates_GateMutex_Instance_State_sem__O
0000e358   ti_sysbios_gates_GateMutex_Module__diagsEnabled__C
0000e35c   ti_sysbios_gates_GateMutex_Module__diagsIncluded__C
0000e360   ti_sysbios_gates_GateMutex_Module__diagsMask__C
0000e364   ti_sysbios_heaps_HeapMem_A_align__C
0000e368   ti_sysbios_heaps_HeapMem_A_heapSize__C
0000e36c   ti_sysbios_heaps_HeapMem_A_invalidFree__C
0000e370   ti_sysbios_heaps_HeapMem_A_zeroBlock__C
0000e374   ti_sysbios_heaps_HeapMem_E_memory__C
0000e378   ti_sysbios_heaps_HeapMem_Module__diagsEnabled__C
0000e37c   ti_sysbios_heaps_HeapMem_Module__diagsIncluded__C
0000e380   ti_sysbios_heaps_HeapMem_Module__diagsMask__C
0000e384   ti_sysbios_heaps_HeapMem_Module__gateObj__C
0000e388   ti_sysbios_heaps_HeapMem_Object__count__C
0000e38c   ti_sysbios_heaps_HeapMem_reqAlign__C
0000e390   ti_sysbios_knl_Clock_LM_begin__C
0000e394   ti_sysbios_knl_Clock_LM_tick__C
0000e398   ti_sysbios_knl_Clock_LW_delayed__C
0000e39c   ti_sysbios_knl_Clock_Module_State_clockQ__O
0000e3a0   ti_sysbios_knl_Clock_Module__diagsEnabled__C
0000e3a4   ti_sysbios_knl_Clock_Module__diagsIncluded__C
0000e3a8   ti_sysbios_knl_Clock_Module__diagsMask__C
0000e3ac   ti_sysbios_knl_Clock_Module__loggerFxn1__C
0000e3b0   ti_sysbios_knl_Clock_Module__loggerFxn2__C
0000e3b4   ti_sysbios_knl_Clock_Module__loggerObj__C
0000e3b8   ti_sysbios_knl_Idle_funcList__A
0000e3bc   ti_sysbios_knl_Semaphore_A_badContext__C
0000e3c0   ti_sysbios_knl_Semaphore_A_noEvents__C
0000e3c4   ti_sysbios_knl_Semaphore_A_overflow__C
0000e3c8   ti_sysbios_knl_Semaphore_A_pendTaskDisabled__C
0000e3cc   ti_sysbios_knl_Semaphore_Instance_State_pendQ__O
0000e3d0   ti_sysbios_knl_Semaphore_LM_pend__C
0000e3d4   ti_sysbios_knl_Semaphore_LM_post__C
0000e3d8   ti_sysbios_knl_Semaphore_Module__diagsEnabled__C
0000e3dc   ti_sysbios_knl_Semaphore_Module__diagsIncluded__C
0000e3e0   ti_sysbios_knl_Semaphore_Module__diagsMask__C
0000e3e4   ti_sysbios_knl_Semaphore_Module__loggerFxn2__C
0000e3e8   ti_sysbios_knl_Semaphore_Module__loggerFxn4__C
0000e3ec   ti_sysbios_knl_Semaphore_Module__loggerObj__C
0000e3f0   ti_sysbios_knl_Task_A_badTimeout__C
0000e3f4   ti_sysbios_knl_Task_A_sleepTaskDisabled__C
0000e3f8   ti_sysbios_knl_Task_E_spOutOfBounds__C
0000e3fc   ti_sysbios_knl_Task_E_stackOverflow__C
0000e400   ti_sysbios_knl_Task_LD_block__C
0000e404   ti_sysbios_knl_Task_LD_exit__C
0000e408   ti_sysbios_knl_Task_LD_ready__C
0000e40c   ti_sysbios_knl_Task_LM_sleep__C
0000e410   ti_sysbios_knl_Task_LM_switch__C
0000e414   ti_sysbios_knl_Task_Module_State_inactiveQ__O
0000e418   ti_sysbios_knl_Task_Module__diagsEnabled__C
0000e41c   ti_sysbios_knl_Task_Module__diagsIncluded__C
0000e420   ti_sysbios_knl_Task_Module__diagsMask__C
0000e424   ti_sysbios_knl_Task_Module__loggerFxn2__C
0000e428   ti_sysbios_knl_Task_Module__loggerFxn4__C
0000e42c   ti_sysbios_knl_Task_Module__loggerObj__C
0000e430   ti_sysbios_knl_Task_Object__count__C
0000e434   ti_sysbios_knl_Task_allBlockedFunc__C
0000e438   ti_sysbios_knl_Task_numConstructedTasks__C
0000e43c   ti_sysbios_utils_Load_LS_cpuLoad__C
0000e440   ti_sysbios_utils_Load_LS_hwiLoad__C
0000e444   ti_sysbios_utils_Load_Module__diagsEnabled__C
0000e448   ti_sysbios_utils_Load_Module__diagsIncluded__C
0000e44c   ti_sysbios_utils_Load_Module__diagsMask__C
0000e450   ti_sysbios_utils_Load_Module__loggerFxn1__C
0000e454   ti_sysbios_utils_Load_Module__loggerFxn2__C
0000e458   ti_sysbios_utils_Load_Module__loggerObj__C
0000e45c   ti_sysbios_utils_Load_postUpdate__C
0000e460   ti_sysbios_utils_Load_windowInMs__C
0000e464   ti_uia_loggers_LoggerStopMode_Module__diagsEnabled__C
0000e468   ti_uia_loggers_LoggerStopMode_Module__diagsIncluded__C
0000e46c   ti_uia_loggers_LoggerStopMode_Module__diagsMask__C
0000e470   ti_uia_loggers_LoggerStopMode_Object__count__C
0000e474   ti_uia_runtime_ILoggerSnapshot_Interface__BASE__C
0000e478   ti_uia_runtime_IUIATransfer_Interface__BASE__C
0000e47c   xdc_runtime_Assert_E_assertFailed__C
0000e480   xdc_runtime_Core_A_initializedParams__C
0000e484   xdc_runtime_Core_Module__diagsEnabled__C
0000e488   xdc_runtime_Core_Module__diagsIncluded__C
0000e48c   xdc_runtime_Core_Module__diagsMask__C
0000e490   xdc_runtime_Error_E_memory__C
0000e494   xdc_runtime_Error_Module__diagsEnabled__C
0000e498   xdc_runtime_Error_Module__diagsIncluded__C
0000e49c   xdc_runtime_Error_Module__diagsMask__C
0000e4a0   xdc_runtime_Error_Module__loggerFxn8__C
0000e4a4   xdc_runtime_Error_Module__loggerObj__C
0000e4a8   xdc_runtime_Error_policyFxn__C
0000e4ac   xdc_runtime_Error_raiseHook__C
0000e4b0   xdc_runtime_IFilterLogger_Interface__BASE__C
0000e4b4   xdc_runtime_IGateProvider_Interface__BASE__C
0000e4b8   xdc_runtime_IHeap_Interface__BASE__C
0000e4bc   xdc_runtime_ILogger_Interface__BASE__C
0000e4c0   xdc_runtime_IModule_Interface__BASE__C
0000e4c4   xdc_runtime_Log_L_error__C
0000e4c8   xdc_runtime_Memory_defaultHeapInstance__C
0000e4cc   xdc_runtime_Startup_execImpl__C
0000e4d0   xdc_runtime_Startup_lastFxns__A
0000e4d4   xdc_runtime_Startup_maxPasses__C
0000e4d8   xdc_runtime_Startup_sfxnRts__C
0000e4dc   xdc_runtime_Startup_sfxnTab__C
0000e4e0   xdc_runtime_SysMin_bufSize__C
0000e4e4   xdc_runtime_SysMin_outputFunc__C
0000e4e8   xdc_runtime_System_Module__gateObj__C
0000e4ec   xdc_runtime_System_abortFxn__C
0000e4f0   xdc_runtime_System_exitFxn__C
0000e4f4   xdc_runtime_System_extendFxn__C
0000e4f8   xdc_runtime_System_maxAtexitHandlers__C
0000e4fc   xdc_runtime_Text_charTab__C
0000e500   xdc_runtime_Text_nameEmpty__C
0000e504   xdc_runtime_Text_nameStatic__C
0000e508   xdc_runtime_Text_nameUnknown__C
0000e50c   xdc_runtime_Text_nodeTab__C
0000e510   xdc_runtime_Text_visitRopeFxn__C
0000e514   ti_sysbios_family_arm_lm4_TimestampProvider_useClockTimer__C
0000e516   ti_sysbios_family_arm_m3_Hwi_Module__id__C
0000e518   ti_sysbios_family_arm_m3_Hwi_Module__loggerDefined__C
0000e51a   ti_sysbios_gates_GateMutex_Module__id__C
0000e51c   ti_sysbios_heaps_HeapMem_Module__id__C
0000e51e   ti_sysbios_knl_Clock_Module__id__C
0000e520   ti_sysbios_knl_Clock_Module__loggerDefined__C
0000e522   ti_sysbios_knl_Semaphore_Module__id__C
0000e524   ti_sysbios_knl_Semaphore_Module__loggerDefined__C
0000e526   ti_sysbios_knl_Task_Module__id__C
0000e528   ti_sysbios_knl_Task_Module__loggerDefined__C
0000e52a   ti_sysbios_knl_Task_initStackFlag__C
0000e52c   ti_sysbios_utils_Load_Module__id__C
0000e52e   ti_sysbios_utils_Load_Module__loggerDefined__C
0000e530   ti_sysbios_utils_Load_hwiEnabled__C
0000e532   ti_sysbios_utils_Load_updateInIdle__C
0000e534   ti_uia_loggers_LoggerStopMode_Module__id__C
0000e536   ti_uia_loggers_LoggerStopMode_isTimestampEnabled__C
0000e538   xdc_runtime_Core_Module__id__C
0000e53a   xdc_runtime_Error_Module__loggerDefined__C
0000e53c   xdc_runtime_Error_maxDepth__C
0000e53e   xdc_runtime_Memory_Module__id__C
0000e540   xdc_runtime_SysMin_flushAtExit__C
0000e542   xdc_runtime_Text_charCnt__C
0000e544   xdc_runtime_Text_isLoaded__C
0000e546   xdc_runtime_Text_registryModsLastId__C
0000e548   xdc_runtime_Text_unnamedModsLastId__C
0000e8c4   __TI_Handler_Table_Base
0000e8d0   __TI_Handler_Table_Limit
0000e8e0   __TI_CINIT_Base
0000e8f8   __TI_CINIT_Limit
20000000   ti_sysbios_family_arm_m3_Hwi_ramVectors
20000380   ti_sysbios_heaps_HeapMem_Instance_State_0_buf__A
20002380   ti_sysbios_knl_Task_Instance_State_0_stack__A
20002680   ti_sysbios_knl_Task_Instance_State_1_stack__A
20002e80   ti_sysbios_knl_Task_Instance_State_2_stack__A
20003180   ti_sysbios_knl_Task_Instance_State_3_stack__A
20003980   ti_uia_loggers_LoggerStopMode_Instance_State_2_packetArray__A
20003d80   ti_sysbios_family_arm_m3_Hwi_dispatchTable
20004100   ti_uia_loggers_LoggerStopMode_Instance_State_1_packetArray__A
20004300   __CIOBUF_
20004420   buffer
20004460   bufferSem
20004480   ti_uia_loggers_LoggerStopMode_Instance_State_0_packetArray__A
20004580   uartTivaObjects
20004608   xdc_runtime_SysMin_Module_State_0_outbuf__A
20004700   ti_uia_loggers_LoggerStopMode_Instance_State_0_hdr__A
20004780   ti_uia_loggers_LoggerStopMode_Instance_State_1_hdr__A
20004800   ti_uia_loggers_LoggerStopMode_Instance_State_2_hdr__A
20004830   xdc_runtime_Diags_dictElems
20004840   ti_sysbios_family_arm_lm4_Timer_Module__root__V
20004848   ti_sysbios_family_arm_lm4_Timer_Module_State_0_handles__A
20004868   ti_sysbios_family_arm_lm4_Timer_Module__state__V
20004874   ti_sysbios_family_arm_lm4_TimestampProvider_Module__state__V
2000487c   ti_sysbios_family_arm_m3_Hwi_Module__root__V
20004884   ti_sysbios_family_arm_m3_Hwi_Module_State_0_excActive__A
20004888   ti_sysbios_family_arm_m3_Hwi_Module_State_0_excContext__A
2000488c   ti_sysbios_family_arm_m3_Hwi_Module_State_0_excStack__A
20004890   ti_sysbios_gates_GateHwi_Module__root__V
20004898   ti_sysbios_gates_GateHwi_Object__table__V
2000489c   ti_sysbios_gates_GateMutex_Module__root__V
200048a4   ti_sysbios_hal_Hwi_Module__root__V
200048ac   ti_sysbios_heaps_HeapMem_Module__root__V
200048b4   ti_sysbios_heaps_HeapMem_Object__table__V
200048cc   ti_sysbios_knl_Clock_Module__root__V
200048d4   ti_sysbios_knl_Event_Module__root__V
200048e0   ti_sysbios_knl_Queue_Module__root__V
200048e8   ti_sysbios_knl_Semaphore_Module__root__V
200048f0   ti_sysbios_knl_Task_Module__root__V
200048fc   ti_sysbios_knl_Task_Module_State_0_readyQ__A
2000491c   ti_sysbios_knl_Task_Module_State_0_idleTask__A
20004920   ti_sysbios_utils_Load_Module_State_0_taskStartTime__A
20004924   ti_sysbios_utils_Load_Module_State_0_runningTask__A
20004928   ti_uia_loggers_LoggerStopMode_Module__root__V
20004930   ti_uia_loggers_LoggerStopMode_Module__state__V
20004938   ti_uia_runtime_QueueDescriptor_Module__state__V
20004944   xdc_runtime_Error_Module__state__V
20004946   xdc_runtime_Main_Module__root__V
20004948   xdc_runtime_Memory_Module__state__V
2000494c   xdc_runtime_Registry_Module__state__V
20004954   xdc_runtime_Startup_Module__state__V
2000495c   xdc_runtime_SysMin_Module__state__V
20004968   xdc_runtime_System_Module_State_0_atexitHandlers__A
20004970   xdc_runtime_System_Module__state__V
20004978   xdc_runtime_Text_Module__state__V
20004980   __xdc__init__addr
20004984   ti_sysbios_knl_Task_Object__table__V
20004a68   TSK_idle
20004ab4   ti_uia_loggers_LoggerStopMode_Object__table__V
20004b50   ti_sysbios_utils_Load_Module__state__V
20004be8   ti_sysbios_family_arm_lm4_Timer_Object__table__V
20004c68   ti_sysbios_knl_Task_Module__state__V
20004cac   ti_sysbios_family_arm_lm4_Timer_Module_State_0_device__A
20004cec   ti_sysbios_gates_GateMutex_Object__table__V
20004d24   ti_sysbios_family_arm_m3_Hwi_Module__state__V
20004d58   ti_sysbios_family_arm_m3_Hwi_Object__table__V
20004d88   ti_sysbios_knl_Clock_Module__state__V
20004db4   ti_sysbios_BIOS_Module__state__V
20004de0   _lock
20004de4   _unlock
20004de8   __TI_cleanup_ptr
20004dec   __TI_dtors_ptr
20004df0   ti_uia_runtime_QueueDescriptor_gPtrToFirstDescriptor
20004df4   ti_uia_runtime_QueueDescriptor_gUpdateCount
20004dfc   bufferCounter
20004e00   main_func_sp
20004e04   __stack
20005004   __STACK_TOP
20005104   __STACK_END
e000e000   ti_sysbios_family_arm_m3_Hwi_nvic
ffffffff   __binit__
ffffffff   __c_args__
ffffffff   binit
UNDEFED    SHT$$INIT_ARRAY$$Base
UNDEFED    SHT$$INIT_ARRAY$$Limit

[721 symbols]
