******************************************************************************
                  TI ARM Linker PC v5.2.2                      
******************************************************************************
>> Linked Sat May 16 01:17:16 2015

OUTPUT FILE NAME:   <FestoStation.out>
ENTRY POINT SYMBOL: "_c_int00"  address: 00005a55


MEMORY CONFIGURATION

         name            origin    length      used     unused   attr    fill
----------------------  --------  ---------  --------  --------  ----  --------
  FLASH                 00000000   00100000  0000e624  000f19dc  R  X
  SRAM                  20000000   00040000  00004e60  0003b1a0  RW X


SEGMENT ALLOCATION MAP

run origin  load origin   length   init length attrs members
----------  ----------- ---------- ----------- ----- -------
00000000    00000000    0000e630   0000e630    r-x
  00000000    00000000    0000003c   0000003c    r-- .resetVecs
  00000040    00000040    0000817a   0000817a    r-x .text
  000081bc    000081bc    0000603e   0000603e    r-- .const
  0000e200    0000e200    00000430   00000430    r-- .cinit
20000000    20000000    00000360   00000000    rw-
  20000000    20000000    00000360   00000000    rw- .vecs
20000380    20000380    00004b00   00000000    rw-
  20000380    20000380    000041b0   00000000    rw- .bss
  20004530    20004530    00000650   00000000    rw- .data
  20004b80    20004b80    00000300   00000000    rw- .stack


SECTION ALLOCATION MAP

 output                                  attributes/
section   page    origin      length       input sections
--------  ----  ----------  ----------   ----------------
.resetVecs 
*          0    00000000    0000003c     
                  00000000    0000003c     FestoStation_pem4f.oem4f (.resetVecs)

.text      0    00000040    0000817a     
                  00000040    00000434     sysbios.aem4f : BIOS.obj (.text:ti_sysbios_family_arm_m3_Hwi_excDumpRegs__I)
                  00000474    00000370     grlib.lib : image.obj (.text:InternalImageDraw)
                  000007e4    0000034c     ti.targets.arm.rtsarm.aem4f : System.oem4f (.text:xdc_runtime_System_doPrint__I)
                  00000b30    000002e4     grlib.lib : image.obj (.text:PixelTransparentDraw)
                  00000e14    000002dc     kentec320x240x16_ssd2119.obj (.text:Kentec320x240x16_SSD2119Init)
                  000010f0    000002d4     rtsv7M4_T_le_v4SPD16_eabi.lib : trgdrv.obj (.text)
                  000013c4    00000278     frame.obj (.text:FrameDraw)
                  0000163c    00000256     grlib.lib : string.obj (.text:GrFontGlyphRender)
                  00001892    00000002     FestoStation_pem4f.oem4f (.text:ti_sysbios_BIOS_nullFunc__I)
                  00001894    00000214     drivers_tivaware.aem4f : UARTTiva.oem4f (.text:UARTTiva_open)
                  00001aa8    00000204     Boot.aem4f : Boot_sysctl.oem4f (.text:ti_catalog_arm_cortexm4_tiva_ce_Boot_sysCtlClockFreqSetI__I)
                  00001cac    00000004     driverlib.lib : lcd.obj (.text:LCDDMAConfigSet)
                  00001cb0    000001f0     sysbios.aem4f : BIOS.obj (.text:ti_sysbios_family_arm_m3_Hwi_excHandlerMax__I)
                  00001ea0    000001a4     kentec320x240x16_ssd2119.obj (.text:Kentec320x240x16_SSD2119PixelDrawMultiple)
                  00002044    00000004     driverlib.lib : lcd.obj (.text:LCDIDDConfigSet)
                  00002048    00000178     sysbios.aem4f : BIOS.obj (.text:ti_sysbios_knl_Semaphore_pend__E)
                  000021c0    00000174                   : BIOS.obj (.text:ti_sysbios_family_arm_m3_Hwi_excBusFault__I)
                  00002334    00000004     driverlib.lib : uart.obj (.text:UARTIntClear)
                  00002338    00000164     sysbios.aem4f : BIOS.obj (.text:ti_sysbios_family_arm_m3_Hwi_excUsageFault__I)
                  0000249c    00000004     FestoStation_pem4f.oem4f (.text:ti_sysbios_BIOS_RtsGateProxy_enter__E)
                  000024a0    00000150     sysbios.aem4f : BIOS.obj (.text:ti_sysbios_knl_Event_pend__E)
                  000025f0    00000148     drivers_tivaware.aem4f : GPIOTiva.oem4f (.text:GPIO_setConfig)
                  00002738    00000148     sysbios.aem4f : BIOS.obj (.text:ti_sysbios_family_arm_m3_Hwi_excMemFault__I)
                  00002880    00000138     FestoStation_pem4f.oem4f (.text:ti_uia_loggers_LoggerStopMode_writeMemoryRange__E)
                  000029b8    00000130     driverlib.lib : gpio.obj (.text:GPIOPadConfigSet)
                  00002ae8    00000118     ti.targets.arm.rtsarm.aem4f : Error.oem4f (.text:xdc_runtime_Error_policyDefault__E)
                  00002c00    0000010c     FestoStation_pem4f.oem4f (.text:ti_uia_loggers_LoggerStopMode_write8__E)
                  00002d0c    00000004     FestoStation_pem4f.oem4f (.text:ti_sysbios_BIOS_RtsGateProxy_leave__E)
                  00002d10    00000108     sysbios.aem4f : BIOS.obj (.text:ti_sysbios_family_arm_lm4_Timer_start__E)
                  00002e18    00000108                   : BIOS.obj (.text:ti_sysbios_family_arm_lm4_TimestampProvider_get64__E)
                  00002f20    00000100     ti.targets.arm.rtsarm.aem4f : Core-mem.oem4f (.text:xdc_runtime_Core_createObject__I)
                  00003020    000000f8                                 : Startup.oem4f (.text:xdc_runtime_Startup_startMods__I)
                  00003118    000000f8     FestoStation_pem4f.oem4f (.text:xdc_runtime_System_printfExtend__I)
                  00003210    000000f4     sysbios.aem4f : m3_Hwi_asm.obj (.text:ti_sysbios_family_arm_m3_Hwi_dispatch__I)
                  00003304    000000f4     FestoStation_pem4f.oem4f (.text:ti_uia_loggers_LoggerStopMode_write4__E)
                  000033f8    000000e8     FestoStation_pem4f.oem4f (.text:ti_uia_loggers_LoggerStopMode_write2__E)
                  000034e0    000000e4     FestoStation_pem4f.oem4f (.text:ti_uia_loggers_LoggerStopMode_write1__E)
                  000035c4    000000de     kentec320x240x16_ssd2119.obj (.text:Kentec320x240x16_SSD2119RectFill)
                  000036a2    00000002     FestoStation_pem4f.oem4f (.text:ti_uia_loggers_LoggerStopMode_setFilterLevel__E)
                  000036a4    000000d8     FestoStation.obj (.text:main)
                  0000377c    000000d8     FestoStation_pem4f.oem4f (.text:ti_uia_loggers_LoggerStopMode_write0__E)
                  00003854    000000cc     FestoStation.obj (.text:echoFxn)
                  00003920    000000cc     sysbios.aem4f : BIOS.obj (.text:ti_sysbios_heaps_HeapMem_alloc__E)
                  000039ec    000000cc     ti.targets.arm.rtsarm.aem4f : Core-smem.oem4f (.text:xdc_runtime_Core_constructObject__I)
                  00003ab8    000000c4     DK_TM4C129X.obj (.text:DK_TM4C129X_initGeneral)
                  00003b7c    000000c4     grlib.lib : string.obj (.text:GrDefaultStringRenderer)
                  00003c40    000000bc     sysbios.aem4f : BIOS.obj (.text:ti_sysbios_family_arm_m3_Hwi_excDebugMon__I)
                  00003cfc    00000004                   : BIOS.obj (.text:ti_sysbios_family_arm_lm4_Timer_masterEnable__I)
                  00003d00    000000bc                   : BIOS.obj (.text:ti_sysbios_family_arm_m3_Hwi_excHardFault__I)
                  00003dbc    00000004     FestoStation_pem4f.oem4f (.text:ti_sysbios_family_arm_m3_Hwi_destruct)
                  00003dc0    000000b8     sysbios.aem4f : BIOS.obj (.text:ti_sysbios_knl_Task_sleep__E)
                  00003e78    000000b4     FestoStation.obj (.text:_task_Festo)
                  00003f2c    000000b4     FestoStation.obj (.text:_task_LCD)
                  00003fe0    000000b4     sysbios.aem4f : BIOS.obj (.text:ti_sysbios_knl_Task_checkStacks__E)
                  00004094    00000004     FestoStation_pem4f.oem4f (.text:ti_sysbios_family_arm_m3_TaskSupport_Module__startupDone__S)
                  00004098    000000ac     sysbios.aem4f : BIOS.obj (.text:ti_sysbios_family_arm_lm4_Timer_enableTiva__I)
                  00004144    000000a0     auto_init.aem4f : auto_init.oem4f (.text)
                  000041e4    000000a0     ti.targets.arm.rtsarm.aem4f : Text.oem4f (.text:xdc_runtime_Text_putMod__E)
                  00004284    0000009c     rtsv7M4_T_le_v4SPD16_eabi.lib : memcpy_t2.obj (.text)
                  00004320    0000009a     ti.targets.arm.rtsarm.aem4f : Text.oem4f (.text:xdc_runtime_Text_putSite__E)
                  000043ba    00000002     ti.uia.loggers.aem4f : LoggerStopMode.oem4f (.text:ti_uia_loggers_LoggerStopMode_setPriority__E)
                  000043bc    00000098     drivers_tivaware.aem4f : GPIOTiva.oem4f (.text:GPIO_init)
                  00004454    00000098                            : UARTTiva.oem4f (.text:UARTTiva_readPolling)
                  000044ec    00000098     Boot.aem4f : Boot.oem4f (.text:ti_catalog_arm_cortexm4_tiva_ce_Boot_sysCtlClockFreqSet__E)
                  00004584    00000004     FestoStation_pem4f.oem4f (.text:ti_sysbios_heaps_HeapMem_Module_GateProxy_enter__E)
                  00004588    00000094     sysbios.aem4f : BIOS.obj (.text:ti_sysbios_family_arm_m3_Hwi_Instance_init__E)
                  0000461c    00000004     FestoStation_pem4f.oem4f (.text:ti_sysbios_heaps_HeapMem_Module_GateProxy_leave__E)
                  00004620    00000094     sysbios.aem4f : BIOS.obj (.text:ti_sysbios_family_arm_m3_Hwi_initNVIC__E)
                  000046b4    00000090     ti.uia.loggers.aem4f : LoggerStopMode.oem4f (.text:ti_uia_loggers_LoggerStopMode_initQueueDescriptor__E)
                  00004744    0000008e     drivers_tivaware.aem4f : UARTTiva.oem4f (.text:readTaskBlocking)
                  000047d2    0000008c                            : UARTTiva.oem4f (.text:UARTTiva_control)
                  0000485e    0000008c                            : UARTTiva.oem4f (.text:UARTTiva_write)
                  000048ea    00000002     FestoStation_pem4f.oem4f (.text:xdc_runtime_Startup_reset__I)
                  000048ec    0000008c     sysbios.aem4f : m3_TaskSupport_asm.obj (.text:ti_sysbios_family_arm_m3_TaskSupport_buildTaskStack)
                  00004978    0000008c                   : BIOS.obj (.text:ti_sysbios_knl_Event_post__E)
                  00004a04    00000004     FestoStation_pem4f.oem4f (.text:ti_sysbios_knl_Clock_TimerProxy_getMaxTicks__E)
                  00004a08    0000008c     sysbios.aem4f : BIOS.obj (.text:ti_sysbios_knl_Task_postInit__I)
                  00004a94    00000004     FestoStation_pem4f.oem4f (.text:ti_sysbios_knl_Clock_TimerProxy_getPeriod__E)
                  00004a98    00000084     sysbios.aem4f : BIOS.obj (.text:ti_sysbios_family_arm_lm4_Timer_getExpiredCounts__E)
                  00004b1c    00000004     FestoStation_pem4f.oem4f (.text:ti_sysbios_knl_Clock_destruct)
                  00004b20    00000080     sysbios.aem4f : BIOS.obj (.text:ti_sysbios_knl_Semaphore_post__E)
                  00004ba0    00000080                   : BIOS.obj (.text:ti_sysbios_utils_Load_updateLoads__E)
                  00004c20    0000007c     drivers_tivaware.aem4f : UARTTiva.oem4f (.text:readIsrTextBlocking)
                  00004c9c    00000004     FestoStation_pem4f.oem4f (.text:ti_sysbios_knl_Queue_destruct)
                  00004ca0    0000007c     sysbios.aem4f : BIOS.obj (.text:ti_sysbios_heaps_HeapMem_free__E)
                  00004d1c    0000007a     driverlib.lib : adc.obj (.text:ADCSequenceStepConfigure)
                  00004d96    0000007a     drivers_tivaware.aem4f : UARTTiva.oem4f (.text:readTaskCallback)
                  00004e10    0000007a     rtsv7M4_T_le_v4SPD16_eabi.lib : memset_t2.obj (.text)
                  00004e8a    00000076     drivers_tivaware.aem4f : UARTTiva.oem4f (.text:readIsrTextCallback)
                  00004f00    00000074     sysbios.aem4f : BIOS.obj (.text:ti_sysbios_family_arm_m3_Hwi_postInit__I)
                  00004f74    00000074     ti.uia.runtime.aem4f : QueueDescriptor.oem4f (.text:ti_uia_runtime_QueueDescriptor_addToList__E)
                  00004fe8    00000070     FestoStation.obj (.text:Festo_Driver_Init)
                  00005058    00000070     sysbios.aem4f : BIOS.obj (.text:ti_sysbios_knl_Semaphore_Instance_init__E)
                  000050c8    0000006c                   : BIOS.obj (.text:ti_sysbios_knl_Clock_workFunc__E)
                  00005134    00000004     FestoStation_pem4f.oem4f (.text:ti_sysbios_knl_Semaphore_destruct)
                  00005138    0000006c     sysbios.aem4f : BIOS.obj (.text:ti_sysbios_knl_Task_exit__E)
                  000051a4    00000004     ti.uia.loggers.aem4f : LoggerStopMode.oem4f (.text:ti_uia_loggers_LoggerStopMode_getContents__E)
                  000051a8    0000006c     sysbios.aem4f : BIOS.obj (.text:ti_sysbios_utils_Load_updateThreadContexts__E)
                  00005214    0000006c     drivers_tivaware.aem4f : UARTTiva.oem4f (.text:writeData)
                  00005280    0000006c     ti.targets.arm.rtsarm.aem4f : Error.oem4f (.text:xdc_runtime_Error_print__E)
                  000052ec    0000006c                                 : Memory.oem4f (.text:xdc_runtime_Memory_alloc__E)
                  00005358    0000006a     grlib.lib : string.obj (.text:GrStringWidthGet)
                  000053c2    0000006a     rtsv7M4_T_le_v4SPD16_eabi.lib : copy_decompress_rle.obj (.text)
                  0000542c    00000068     grlib.lib : context.obj (.text:GrContextInit)
                  00005494    00000068     rtsv7M4_T_le_v4SPD16_eabi.lib : trgmsg.obj (.text)
                  000054fc    00000066     ti.uia.loggers.aem4f : LoggerStopMode.oem4f (.text:ti_uia_loggers_LoggerStopMode_flush__E)
                  00005562    00000066     ti.targets.arm.rtsarm.aem4f : Core-mem.oem4f (.text:xdc_runtime_Core_deleteObject__I)
                  000055c8    00000064     drivers_tivaware.aem4f : GPIOTiva.oem4f (.text:GPIO_hwiIntFxn)
                  0000562c    00000064     FestoStation_pem4f.oem4f (.text:ti_sysbios_family_arm_m3_Hwi_create)
                  00005690    00000064     sysbios.aem4f : BIOS.obj (.text:ti_sysbios_utils_Load_idleFxn__E)
                  000056f4    00000064     ti.targets.arm.rtsarm.aem4f : System.oem4f (.text:xdc_runtime_System_formatNum__I)
                  00005758    00000062     grlib.lib : context.obj (.text:GrContextClipRegionSet)
                  000057ba    00000006     driverlib.lib : gpio.obj (.text:GPIOIntClear)
                  000057c0    00000060     sysbios.aem4f : BIOS.obj (.text:ti_sysbios_knl_Task_schedule__I)
                  00005820    0000005e     kentec320x240x16_ssd2119.obj (.text:Kentec320x240x16_SSD2119LineDrawH)
                  0000587e    0000005e     kentec320x240x16_ssd2119.obj (.text:Kentec320x240x16_SSD2119LineDrawV)
                  000058dc    00000004     FestoStation_pem4f.oem4f (.text:ti_uia_loggers_LoggerStopMode_getFilterLevel__E)
                  000058e0    0000005c     sysbios.aem4f : BIOS.obj (.text:ti_sysbios_knl_Task_Module_startup__E)
                  0000593c    00000004     ti.uia.loggers.aem4f : LoggerStopMode.oem4f (.text:ti_uia_loggers_LoggerStopMode_getInstanceId__E)
                  00005940    0000005c     sysbios.aem4f : BIOS.obj (.text:ti_sysbios_knl_Task_startCore__E)
                  0000599c    0000005b     ti.targets.arm.rtsarm.aem4f : Text.oem4f (.text:xdc_runtime_Text_putLab__E)
                  000059f7    00000001     --HOLE-- [fill = 0]
                  000059f8    0000005a     grlib.lib : string.obj (.text:FontWideGlyphDataGet)
                  00005a52    00000002     --HOLE-- [fill = 0]
                  00005a54    00000058     boot.aem4f : boot.oem4f (.text)
                  00005aac    00000004     ti.uia.loggers.aem4f : LoggerStopMode.oem4f (.text:ti_uia_loggers_LoggerStopMode_getMaxLength__E)
                  00005ab0    00000058     sysbios.aem4f : BIOS.obj (.text:ti_sysbios_family_arm_lm4_TimestampProvider_get32__E)
                  00005b08    00000058     FestoStation_pem4f.oem4f (.text:ti_sysbios_family_arm_m3_Hwi_construct)
                  00005b60    00000058     sysbios.aem4f : m3_Hwi_asm_switch.obj (.text:ti_sysbios_family_arm_m3_Hwi_initStacks__E)
                  00005bb8    00000056     driverlib.lib : gpio.obj (.text:GPIOIntTypeSet)
                  00005c0e    00000002     --HOLE-- [fill = 0]
                  00005c10    00000054     sysbios.aem4f : BIOS.obj (.text:ti_sysbios_family_arm_lm4_Timer_initDevice__I)
                  00005c64    00000004     ti.uia.loggers.aem4f : LoggerStopMode.oem4f (.text:ti_uia_loggers_LoggerStopMode_getPriority__E)
                  00005c68    00000054     sysbios.aem4f : BIOS.obj (.text:ti_sysbios_family_arm_m3_Hwi_dispatchC__I)
                  00005cbc    00000004     ti.uia.loggers.aem4f : LoggerStopMode.oem4f (.text:ti_uia_loggers_LoggerStopMode_getTransferType__E)
                  00005cc0    00000054     sysbios.aem4f : BIOS.obj (.text:ti_sysbios_utils_Load_updateCurrentThreadTime__E)
                  00005d14    00000054     ti.targets.arm.rtsarm.aem4f : Assert.oem4f (.text:xdc_runtime_Assert_raise__I)
                  00005d68    00000052     drivers_tivaware.aem4f : UARTTiva.oem4f (.text:readIsrBinaryBlocking)
                  00005dba    00000050     FestoStation.obj (.text:Festo_Control_Platform)
                  00005e0a    00000002     --HOLE-- [fill = 0]
                  00005e0c    00000050     drivers_tivaware.aem4f : GPIOTiva.oem4f (.text:GPIO_setCallback)
                  00005e5c    00000050                            : GPIOTiva.oem4f (.text:GPIO_toggle)
                  00005eac    00000050                            : GPIOTiva.oem4f (.text:GPIO_write)
                  00005efc    00000050     Boot.aem4f : Boot_sysctl.oem4f (.text:_SysCtlFrequencyGet)
                  00005f4c    00000004     ti.targets.arm.rtsarm.aem4f : Error.oem4f (.text:xdc_runtime_Error_getSite__E)
                  00005f50    00000050     sysbios.aem4f : BIOS.obj (.text:ti_sysbios_family_arm_m3_Hwi_Module_startup__E)
                  00005fa0    00000050     ti.targets.arm.rtsarm.aem4f : Startup.oem4f (.text:xdc_runtime_Startup_exec__E)
                  00005ff0    00000050                                 : Text.oem4f (.text:xdc_runtime_Text_visitRope2__I)
                  00006040    0000004c     drivers_tivaware.aem4f : UARTTiva.oem4f (.text:UARTTiva_close)
                  0000608c    0000004c                            : UARTTiva.oem4f (.text:readIsrBinaryCallback)
                  000060d8    0000004c     rtsv7M4_T_le_v4SPD16_eabi.lib : cpy_tbl.obj (.text)
                  00006124    00000004     FestoStation_pem4f.oem4f (.text:xdc_runtime_System_Module_GateProxy_enter__E)
                  00006128    0000004c     sysbios.aem4f : BIOS.obj (.text:ti_sysbios_heaps_HeapMem_getStats__E)
                  00006174    00000004     FestoStation_pem4f.oem4f (.text:xdc_runtime_System_Module_GateProxy_leave__E)
                  00006178    0000004c     sysbios.aem4f : BIOS.obj (.text:ti_sysbios_knl_Task_allBlockedFunction__I)
                  000061c4    0000004c     ti.uia.loggers.aem4f : LoggerStopMode.oem4f (.text:ti_uia_loggers_LoggerStopMode_Module_startup__E)
                  00006210    0000004a     grlib.lib : string.obj (.text:UpdateContextCharMapping)
                  0000625a    00000002     --HOLE-- [fill = 0]
                  0000625c    00000048     driverlib.lib : gpio.obj (.text:GPIOPinConfigure)
                  000062a4    00000048     drivers_tivaware.aem4f : UARTTiva.oem4f (.text:UARTTiva_writeCancel)
                  000062ec    00000004     ti.targets.arm.rtsarm.aem4f : System.oem4f (.text:xdc_runtime_System_aprintf_va__F)
                  000062f0    00000048     sysbios.aem4f : BIOS.obj (.text:ti_sysbios_family_arm_lm4_Timer_enableTimers__I)
                  00006338    00000048                   : BIOS.obj (.text:ti_sysbios_family_arm_m3_Hwi_disableInterrupt__E)
                  00006380    00000048                   : BIOS.obj (.text:ti_sysbios_family_arm_m3_Hwi_enableInterrupt__E)
                  000063c8    00000048                   : BIOS.obj (.text:ti_sysbios_family_arm_m3_Hwi_excReserved__I)
                  00006410    00000048                   : BIOS.obj (.text:ti_sysbios_knl_Mailbox_Module_startup__E)
                  00006458    00000046     drivers_tivaware.aem4f : RingBuf.oem4f (.text:RingBuf_put)
                  0000649e    00000046     ti.targets.arm.rtsarm.aem4f : Core-params.oem4f (.text:xdc_runtime_Core_assignParams__I)
                  000064e4    00000044     rtsv7M4_T_le_v4SPD16_eabi.lib : exit.obj (.text)
                  00006528    00000044     sysbios.aem4f : BIOS.obj (.text:ti_sysbios_family_arm_lm4_Timer_isrStub__E)
                  0000656c    00000004     ti.targets.arm.rtsarm.aem4f : System.oem4f (.text:xdc_runtime_System_printf_va__F)
                  00006570    00000044     sysbios.aem4f : BIOS.obj (.text:ti_sysbios_family_arm_m3_Hwi_getStackInfo__E)
                  000065b4    00000044     ti.uia.loggers.aem4f : LoggerStopMode.oem4f (.text:ti_uia_loggers_LoggerStopMode_initBuffer__I)
                  000065f8    00000044     ti.targets.arm.rtsarm.aem4f : Error.oem4f (.text:xdc_runtime_Error_setX__E)
                  0000663c    00000044                                 : SysMin.oem4f (.text:xdc_runtime_SysMin_flush__E)
                  00006680    00000044                                 : Text.oem4f (.text:xdc_runtime_Text_xprintf__I)
                  000066c4    00000042     driverlib.lib : uart.obj (.text:UARTConfigSetExpClk)
                  00006706    00000042     drivers_tivaware.aem4f : UARTTiva.oem4f (.text:UARTTiva_writePolling)
                  00006748    00000042     rtsv7M4_T_le_v4SPD16_eabi.lib : u_divt2.obj (.text)
                  0000678a    00000040     drivers_tivaware.aem4f : RingBuf.oem4f (.text:RingBuf_get)
                  000067ca    00000040                            : UARTTiva.oem4f (.text:UARTTiva_read)
                  0000680a    00000006     driverlib.lib : gpio.obj (.text:GPIOPinRead)
                  00006810    00000040     sysbios.aem4f : BIOS.obj (.text:ti_sysbios_family_arm_lm4_Timer_Module_startup__E)
                  00006850    00000040                   : BIOS.obj (.text:ti_sysbios_family_arm_lm4_Timer_startup__E)
                  00006890    00000040                   : BIOS.obj (.text:ti_sysbios_heaps_HeapMem_Instance_init__E)
                  000068d0    0000003e     driverlib.lib : adc.obj (.text:ADCSequenceConfigure)
                  0000690e    0000003c     kentec320x240x16_ssd2119.obj (.text:Kentec320x240x16_SSD2119PixelDraw)
                  0000694a    00000006     driverlib.lib : gpio.obj (.text:GPIOPinWrite)
                  00006950    0000003c     sysbios.aem4f : BIOS.obj (.text:ti_sysbios_family_arm_m3_Hwi_excSvCall__I)
                  0000698c    00000004     --HOLE-- [fill = 0]
                  00006990    0000003c                   : BIOS.obj (.text:ti_sysbios_family_arm_m3_TaskSupport_start__E)
                  000069cc    00000004     --HOLE-- [fill = 0]
                  000069d0    0000003c                   : BIOS.obj (.text:ti_sysbios_heaps_HeapMem_init__I)
                  00006a0c    00000004     --HOLE-- [fill = 0]
                  00006a10    0000003c                   : BIOS.obj (.text:ti_sysbios_knl_Clock_Instance_init__E)
                  00006a4c    0000003a     grlib.lib : string.obj (.text:FontGlyphDataGet)
                  00006a86    0000003a     driverlib.lib : lcd.obj (.text:LCDIDDTimingSet)
                  00006ac0    00000038     drivers_tivaware.aem4f : UART.oem4f (.text:UART_init)
                  00006af8    00000038     sysbios.aem4f : BIOS.obj (.text:ti_sysbios_family_arm_m3_Hwi_excNoIsr__I)
                  00006b30    00000038     ti.targets.arm.rtsarm.aem4f : SysMin.oem4f (.text:xdc_runtime_SysMin_putch__E)
                  00006b68    00000038                                 : System.oem4f (.text:xdc_runtime_System_atexit__E)
                  00006ba0    00000036     drivers_tivaware.aem4f : UARTTiva.oem4f (.text:UARTTiva_readCancel)
                  00006bd6    00000002     --HOLE-- [fill = 0]
                  00006bd8    00000034     driverlib.lib : sysctl.obj (.text:SysCtlPeripheralEnable)
                  00006c0c    00000034     drivers_tivaware.aem4f : UARTTiva.oem4f (.text:UARTTiva_hwiIntFxn)
                  00006c40    00000034     sysbios.aem4f : BIOS.obj (.text:ti_sysbios_family_arm_m3_Hwi_excNmi__I)
                  00006c74    00000004     --HOLE-- [fill = 0]
                  00006c78    00000034                   : BIOS.obj (.text:ti_sysbios_hal_Hwi_checkStack)
                  00006cac    00000034     FestoStation_pem4f.oem4f (.text:ti_sysbios_knl_Clock_construct)
                  00006ce0    00000034     FestoStation_pem4f.oem4f (.text:ti_sysbios_knl_Semaphore_create)
                  00006d14    00000034     ti.uia.loggers.aem4f : LoggerStopMode.oem4f (.text:ti_uia_loggers_LoggerStopMode_reset__E)
                  00006d48    00000034     ti.targets.arm.rtsarm.aem4f : Core-label.oem4f (.text:xdc_runtime_Core_assignLabel__I)
                  00006d7c    00000033                                 : Text.oem4f (.text:xdc_runtime_Text_printVisFxn__I)
                  00006daf    00000001     --HOLE-- [fill = 0]
                  00006db0    00000032     FestoStation.obj (.text:Festo_Control_Driver)
                  00006de2    00000006     grlib.lib : string.obj (.text:GrContextFontSet)
                  00006de8    00000032     sysbios.aem4f : BIOS.obj (.text:ti_sysbios_hal_Hwi_initStack)
                  00006e1a    00000002     --HOLE-- [fill = 0]
                  00006e1c    00000030     drivers_tivaware.aem4f : GPIOTiva.oem4f (.text:GPIO_enableInt)
                  00006e4c    00000004     --HOLE-- [fill = 0]
                  00006e50    00000030     sysbios.aem4f : BIOS.obj (.text:ti_sysbios_family_arm_lm4_Timer_stop__E)
                  00006e80    00000030     FestoStation_pem4f.oem4f (.text:ti_sysbios_gates_GateHwi_Object__create__S)
                  00006eb0    00000030     FestoStation_pem4f.oem4f (.text:ti_sysbios_gates_GateMutex_Object__create__S)
                  00006ee0    00000030     sysbios.aem4f : BIOS.obj (.text:ti_sysbios_gates_GateMutex_enter__E)
                  00006f10    00000030     FestoStation_pem4f.oem4f (.text:ti_sysbios_heaps_HeapMem_Object__create__S)
                  00006f40    00000030     sysbios.aem4f : BIOS.obj (.text:ti_sysbios_knl_Event_pendTimeout__I)
                  00006f70    00000030                   : BIOS.obj (.text:ti_sysbios_knl_Mailbox_postInit__I)
                  00006fa0    00000030     FestoStation_pem4f.oem4f (.text:ti_sysbios_knl_Semaphore_construct)
                  00006fd0    00000030     sysbios.aem4f : BIOS.obj (.text:ti_sysbios_knl_Semaphore_pendTimeout__I)
                  00007000    00000030                   : BIOS.obj (.text:ti_sysbios_knl_Task_processVitalTaskFlag__I)
                  00007030    00000030                   : BIOS.obj (.text:ti_sysbios_knl_Task_unblockI__E)
                  00007060    00000030                   : BIOS.obj (.text:ti_sysbios_utils_Load_getGlobalHwiLoad__E)
                  00007090    00000030     FestoStation_pem4f.oem4f (.text:ti_uia_loggers_LoggerStopMode_Object__create__S)
                  000070c0    00000030     ti.targets.arm.rtsarm.aem4f : SysMin.oem4f (.text:xdc_runtime_SysMin_abort__E)
                  000070f0    00000030                                 : System.oem4f (.text:xdc_runtime_System_processAtExit__E)
                  00007120    0000002e     driverlib.lib : adc.obj (.text:ADCIntStatus)
                  0000714e    0000002e     grlib.lib : string.obj (.text:GrStringNextCharGet)
                  0000717c    0000002c     DK_TM4C129X.obj (.text:DK_TM4C129X_initUART)
                  000071a8    0000002c     grlib.lib : string.obj (.text:GrFontBaselineGet)
                  000071d4    0000002c     kentec320x240x16_ssd2119.obj (.text:WriteData)
                  00007200    0000002c     FestoStation_pem4f.oem4f (.text:ti_sysbios_BIOS_atExitFunc__I)
                  0000722c    00000004     --HOLE-- [fill = 0]
                  00007230    0000002c     sysbios.aem4f : BIOS.obj (.text:ti_sysbios_family_arm_m3_Hwi_Instance_finalize__E)
                  0000725c    0000002c     FestoStation_pem4f.oem4f (.text:ti_sysbios_knl_Clock_doTick__I)
                  00007288    0000002c     FestoStation_pem4f.oem4f (.text:ti_sysbios_knl_Queue_construct)
                  000072b4    0000002c     ti.targets.arm.rtsarm.aem4f : Text.oem4f (.text:xdc_runtime_Text_cordText__E)
                  000072e0    0000002a     driverlib.lib : gpio.obj (.text:GPIODirModeSet)
                  0000730a    0000002a     ti.targets.arm.rtsarm.aem4f : System.oem4f (.text:xdc_runtime_System_putchar__I)
                  00007334    00000028     kentec320x240x16_ssd2119.obj (.text:Kentec320x240x16_SSD2119ColorTranslate)
                  0000735c    00000004     --HOLE-- [fill = 0]
                  00007360    00000028     sysbios.aem4f : BIOS.obj (.text:ti_sysbios_knl_Clock_addI__E)
                  00007388    00000028                   : BIOS.obj (.text:ti_sysbios_knl_Semaphore_Instance_finalize__E)
                  000073b0    00000026     grlib.lib : string.obj (.text:GrFontInfoGet)
                  000073d6    00000026     sysbios.aem4f : m3_Hwi_asm.obj (.text:ti_sysbios_family_arm_m3_Hwi_pendSV__I)
                  000073fc    00000026     ti.targets.arm.rtsarm.aem4f : System.oem4f (.text:xdc_runtime_System_avprintf__E)
                  00007422    00000002     --HOLE-- [fill = 0]
                  00007424    00000024     FestoStation_pem4f.oem4f (.text:ti_sysbios_BIOS_errorRaiseHook__I)
                  00007448    00000024     FestoStation_pem4f.oem4f (.text:ti_sysbios_BIOS_registerRTSLock__I)
                  0000746c    00000024     FestoStation_pem4f.oem4f (.text:ti_sysbios_BIOS_removeRTSLock__I)
                  00007490    00000024     FestoStation_pem4f.oem4f (.text:ti_sysbios_gates_GateMutex_Object__delete__S)
                  000074b4    00000004     --HOLE-- [fill = 0]
                  000074b8    00000024     sysbios.aem4f : BIOS.obj (.text:ti_sysbios_knl_Clock_Module_startup__E)
                  000074dc    00000004     --HOLE-- [fill = 0]
                  000074e0    00000024                   : BIOS.obj (.text:ti_sysbios_knl_Clock_start__E)
                  00007504    00000004     --HOLE-- [fill = 0]
                  00007508    00000024                   : BIOS.obj (.text:ti_sysbios_knl_Task_restore__E)
                  0000752c    00000024     ti.targets.arm.rtsarm.aem4f : System.oem4f (.text:xdc_runtime_System_vprintf__E)
                  00007550    00000022     grlib.lib : string.obj (.text:GrFontGlyphDataGet)
                  00007572    00000022     driverlib.lib : lcd.obj (.text:LCDModeSet)
                  00007594    00000004     --HOLE-- [fill = 0]
                  00007598    00000022     sysbios.aem4f : BIOS.obj (.text:ti_sysbios_family_arm_lm4_Timer_write__I)
                  000075ba    00000022     FestoStation_pem4f.oem4f (.text:xdc_runtime_SysMin_output__I)
                  000075dc    00000020     drivers_tivaware.aem4f : GPIOTiva.oem4f (.text:GPIO_clearInt)
                  000075fc    00000020     Boot.aem4f : Boot_sysctl.oem4f (.text:_SysCtlMemTimingGet)
                  0000761c    00000020     FestoStation_pem4f.oem4f (.text:ti_sysbios_BIOS_rtsLock__I)
                  0000763c    00000020     FestoStation_pem4f.oem4f (.text:ti_sysbios_BIOS_startFunc__I)
                  0000765c    00000004     --HOLE-- [fill = 0]
                  00007660    00000020     sysbios.aem4f : BIOS.obj (.text:ti_sysbios_family_arm_lm4_Timer_postInit__I)
                  00007680    00000020                   : m3_Hwi_asm.obj (.text:ti_sysbios_family_arm_m3_Hwi_excHandlerAsm__I)
                  000076a0    00000020                   : BIOS.obj (.text:ti_sysbios_family_arm_m3_Hwi_excHandler__I)
                  000076c0    00000020     FestoStation_pem4f.oem4f (.text:ti_sysbios_gates_GateHwi_Object__delete__S)
                  000076e0    00000020     FestoStation_pem4f.oem4f (.text:ti_sysbios_heaps_HeapMem_Object__delete__S)
                  00007700    00000020     FestoStation_pem4f.oem4f (.text:ti_sysbios_knl_Clock_Object__destruct__S)
                  00007720    00000020     sysbios.aem4f : BIOS.obj (.text:ti_sysbios_knl_Idle_run__E)
                  00007740    00000020     FestoStation_pem4f.oem4f (.text:ti_sysbios_knl_Semaphore_Object__destruct__S)
                  00007760    00000020     FestoStation_pem4f.oem4f (.text:ti_uia_loggers_LoggerStopMode_Object__delete__S)
                  00007780    00000020     ti.targets.arm.rtsarm.aem4f : Registry.oem4f (.text:xdc_runtime_Registry_findById__E)
                  000077a0    00000020                                 : SysMin.oem4f (.text:xdc_runtime_SysMin_Module_startup__E)
                  000077c0    0000001e     driverlib.lib : adc.obj (.text:ADCSequenceDataGet)
                  000077de    0000001e     grlib.lib : string.obj (.text:GrFontCodepageGet)
                  000077fc    0000001c     driverlib.lib : uart.obj (.text:UARTDisable)
                  00007818    0000001c     drivers_tivaware.aem4f : GPIOTiva.oem4f (.text:getGpioIntIndex)
                  00007834    0000001c     FestoStation_pem4f.oem4f (.text:ti_sysbios_family_arm_m3_Hwi_Object__destruct__S)
                  00007850    0000001c     sysbios.aem4f : BIOS.obj (.text:ti_sysbios_gates_GateMutex_Instance_init__E)
                  0000786c    00000004     --HOLE-- [fill = 0]
                  00007870    0000001c                   : BIOS.obj (.text:ti_sysbios_knl_Clock_Instance_finalize__E)
                  0000788c    0000001c     FestoStation_pem4f.oem4f (.text:ti_sysbios_knl_Queue_Object__destruct__S)
                  000078a8    0000001c     sysbios.aem4f : BIOS.obj (.text:ti_sysbios_knl_Queue_put__E)
                  000078c4    00000004     --HOLE-- [fill = 0]
                  000078c8    0000001c                   : BIOS.obj (.text:ti_sysbios_knl_Task_enter__I)
                  000078e4    0000001c     ti.uia.loggers.aem4f : LoggerStopMode.oem4f (.text:ti_uia_loggers_LoggerStopMode_Instance_init__E)
                  00007900    0000001c     ti.targets.arm.rtsarm.aem4f : Error.oem4f (.text:xdc_runtime_Error_raiseX__E)
                  0000791c    0000001c                                 : Memory.oem4f (.text:xdc_runtime_Memory_valloc__E)
                  00007938    0000001c                                 : SysMin.oem4f (.text:xdc_runtime_SysMin_exit__E)
                  00007954    0000001c                                 : System.oem4f (.text:xdc_runtime_System_abort__E)
                  00007970    0000001a     FestoStation_pem4f.oem4f (.text:xdc_runtime_System_aprintf__E)
                  0000798a    0000001a     FestoStation_pem4f.oem4f (.text:xdc_runtime_System_printf__E)
                  000079a4    00000018     driverlib.lib : adc.obj (.text:ADCProcessorTrigger)
                  000079bc    00000018                   : adc.obj (.text:ADCSoftwareOversampleConfigure)
                  000079d4    00000018     drivers_tivaware.aem4f : UART.oem4f (.text:UART_Params_init)
                  000079ec    00000018                            : UART.oem4f (.text:UART_open)
                  00007a04    00000018     kentec320x240x16_ssd2119.obj (.text:WriteCommand)
                  00007a1c    00000018     FestoStation.obj (.text:_callback_Button_Down)
                  00007a34    00000018     FestoStation.obj (.text:_callback_Button_Select)
                  00007a4c    00000018     FestoStation.obj (.text:_callback_Button_Up)
                  00007a64    00000018     FestoStation.obj (.text:_callback_Festo_Riser_Down)
                  00007a7c    00000018     FestoStation.obj (.text:_callback_Festo_Riser_Up)
                  00007a94    00000018     rtsv7M4_T_le_v4SPD16_eabi.lib : args_main.obj (.text)
                  00007aac    00000018     FestoStation_pem4f.oem4f (.text:ti_sysbios_BIOS_rtsUnlock__I)
                  00007ac4    00000018     FestoStation_pem4f.oem4f (.text:ti_sysbios_family_arm_lm4_Timer_Module__startupDone__F)
                  00007adc    00000018     FestoStation_pem4f.oem4f (.text:ti_sysbios_family_arm_m3_Hwi_Handle__label__S)
                  00007af4    00000018     FestoStation_pem4f.oem4f (.text:ti_sysbios_family_arm_m3_Hwi_Module__startupDone__F)
                  00007b0c    00000018     sysbios.aem4f : m3_TaskSupport_asm.obj (.text:ti_sysbios_family_arm_m3_TaskSupport_swap__E)
                  00007b24    00000018     FestoStation_pem4f.oem4f (.text:ti_sysbios_gates_GateHwi_Handle__label__S)
                  00007b3c    00000018     FestoStation_pem4f.oem4f (.text:ti_sysbios_gates_GateMutex_Handle__label__S)
                  00007b54    00000004     --HOLE-- [fill = 0]
                  00007b58    00000018     sysbios.aem4f : BIOS.obj (.text:ti_sysbios_gates_GateMutex_leave__E)
                  00007b70    00000018     FestoStation_pem4f.oem4f (.text:ti_sysbios_heaps_HeapMem_Handle__label__S)
                  00007b88    00000018     FestoStation_pem4f.oem4f (.text:ti_sysbios_knl_Task_Handle__label__S)
                  00007ba0    00000018     sysbios.aem4f : BIOS.obj (.text:ti_sysbios_knl_Task_restoreHwi__E)
                  00007bb8    00000018                   : BIOS.obj (.text:ti_sysbios_knl_Task_sleepTimeout__I)
                  00007bd0    00000018     FestoStation_pem4f.oem4f (.text:ti_uia_loggers_LoggerStopMode_Handle__label__S)
                  00007be8    00000018     ti.targets.arm.rtsarm.aem4f : Error.oem4f (.text:xdc_runtime_Error_check__E)
                  00007c00    00000018                                 : System.oem4f (.text:xdc_runtime_System_exit__E)
                  00007c18    00000018                                 : Text.oem4f (.text:xdc_runtime_Text_ropeText__E)
                  00007c30    00000016     grlib.lib : string.obj (.text:GrStringDraw)
                  00007c46    00000016     FestoStation_pem4f.oem4f (.text:ti_sysbios_BIOS_exitFunc__I)
                  00007c5c    00000004     --HOLE-- [fill = 0]
                  00007c60    00000016     sysbios.aem4f : BIOS.obj (.text:ti_sysbios_knl_Task_unblock__E)
                  00007c76    00000016     ti.uia.loggers.aem4f : LoggerStopMode.oem4f (.text:ti_uia_loggers_LoggerStopMode_disable__E)
                  00007c8c    00000016                          : LoggerStopMode.oem4f (.text:ti_uia_loggers_LoggerStopMode_enable__E)
                  00007ca2    00000002     --HOLE-- [fill = 0]
                  00007ca4    00000014     DK_TM4C129X.obj (.text:DK_TM4C129X_initGPIO)
                  00007cb8    00000014     driverlib.lib : uart.obj (.text:UARTEnable)
                  00007ccc    00000014     rtsv7M4_T_le_v4SPD16_eabi.lib : _lock.obj (.text)
                  00007ce0    00000014                                   : strcpy.obj (.text)
                  00007cf4    00000014                                   : strlen.obj (.text)
                  00007d08    00000014     FestoStation_pem4f.oem4f (.text:ti_sysbios_family_arm_m3_Hwi_Object__get__S)
                  00007d1c    00000004     --HOLE-- [fill = 0]
                  00007d20    00000014     sysbios.aem4f : BIOS.obj (.text:ti_sysbios_family_arm_m3_Hwi_switchFromBootStack__E)
                  00007d34    00000014     FestoStation_pem4f.oem4f (.text:ti_sysbios_heaps_HeapMem_Object__get__S)
                  00007d48    00000014     FestoStation_pem4f.oem4f (.text:ti_sysbios_knl_Mailbox_Object__get__S)
                  00007d5c    00000004     --HOLE-- [fill = 0]
                  00007d60    00000014     sysbios.aem4f : BIOS.obj (.text:ti_sysbios_utils_Load_logLoads__I)
                  00007d74    00000012     driverlib.lib : gpio.obj (.text:GPIOPinTypeADC)
                  00007d86    00000012                   : gpio.obj (.text:GPIOPinTypeUART)
                  00007d98    00000012     drivers_tivaware.aem4f : RingBuf.oem4f (.text:RingBuf_construct)
                  00007daa    00000006     driverlib.lib : sysctl.obj (.text:SysCtlDelay)
                  00007db0    00000012     sysbios.aem4f : BIOS.obj (.text:ti_sysbios_hal_Hwi_Module_startup__E)
                  00007dc2    00000006     driverlib.lib : uart.obj (.text:UARTFIFOLevelSet)
                  00007dc8    00000012     sysbios.aem4f : BIOS.obj (.text:ti_sysbios_knl_Event_sync__E)
                  00007dda    00000012     FestoStation_pem4f.oem4f (.text:xdc_runtime_Startup_exec__I)
                  00007dec    00000010     FestoStation_pem4f.oem4f (.text:.bootCodeSection:ti_catalog_arm_cortexm4_tiva_ce_Boot_init__I)
                  00007dfc    00000010     driverlib.lib : adc.obj (.text:ADCIntEnable)
                  00007e0c    00000010     drivers_tivaware.aem4f : UARTTiva.oem4f (.text:readBlockingTimeout)
                  00007e1c    00000004     --HOLE-- [fill = 0]
                  00007e20    00000010     sysbios.aem4f : BIOS.obj (.text:ti_sysbios_BIOS_exit__E)
                  00007e30    00000010                   : BIOS.obj (.text:ti_sysbios_BIOS_getCpuFreq__E)
                  00007e40    00000010                   : BIOS.obj (.text:ti_sysbios_BIOS_setThreadType__E)
                  00007e50    00000010                   : BIOS.obj (.text:ti_sysbios_BIOS_start__E)
                  00007e60    00000010                   : BIOS.obj (.text:ti_sysbios_family_arm_lm4_TimestampProvider_rolloverFunc__E)
                  00007e70    00000010                   : m3_TaskSupport_asm.obj (.text:ti_sysbios_family_arm_m3_TaskSupport_glue)
                  00007e80    00000010                   : BIOS.obj (.text:ti_sysbios_gates_GateMutex_Instance_finalize__E)
                  00007e90    00000010     FestoStation_pem4f.oem4f (.text:ti_sysbios_knl_Task_Object__get__S)
                  00007ea0    00000010     sysbios.aem4f : BIOS.obj (.text:ti_sysbios_knl_Task_disable__E)
                  00007eb0    00000010     FestoStation_pem4f.oem4f (.text:ti_uia_loggers_LoggerStopMode_Object__get__S)
                  00007ec0    00000010     ti.uia.loggers.aem4f : LoggerStopMode.oem4f (.text:ti_uia_loggers_LoggerStopMode_isEmpty__E)
                  00007ed0    00000010     ti.targets.arm.rtsarm.aem4f : Gate.oem4f (.text:xdc_runtime_Gate_leaveSystem__E)
                  00007ee0    00000010                                 : Memory.oem4f (.text:xdc_runtime_Memory_free__E)
                  00007ef0    00000010                                 : SysMin.oem4f (.text:xdc_runtime_SysMin_ready__E)
                  00007f00    00000010                                 : System.oem4f (.text:xdc_runtime_System_vsnprintf__E)
                  00007f10    0000000e     driverlib.lib : adc.obj (.text:ADCSequenceEnable)
                  00007f1e    0000000e                   : gpio.obj (.text:GPIOIntStatus)
                  00007f2c    0000000e     grlib.lib : image.obj (.text:GrImageDraw)
                  00007f3a    0000000e     driverlib.lib : uart.obj (.text:UARTCharGetNonBlocking)
                  00007f48    0000000e                   : uart.obj (.text:UARTCharPutNonBlocking)
                  00007f56    0000000e     rtsv7M4_T_le_v4SPD16_eabi.lib : copy_decompress_none.obj (.text:decompress:none)
                  00007f64    00000004     --HOLE-- [fill = 0]
                  00007f68    0000000e     sysbios.aem4f : BIOS.obj (.text:ti_sysbios_knl_Clock_removeI__E)
                  00007f76    00000002     --HOLE-- [fill = 0]
                  00007f78    0000000e                   : BIOS.obj (.text:ti_sysbios_knl_Queue_empty__E)
                  00007f86    0000000c     driverlib.lib : gpio.obj (.text:GPIOIntEnable)
                  00007f92    0000000c                   : lcd.obj (.text:LCDIDDCommandWrite)
                  00007f9e    0000000c                   : lcd.obj (.text:LCDIDDDataWrite)
                  00007faa    0000000c     drivers_tivaware.aem4f : RingBuf.oem4f (.text:RingBuf_peek)
                  00007fb6    0000000c     driverlib.lib : uart.obj (.text:UARTFlowControlSet)
                  00007fc2    0000000c     drivers_tivaware.aem4f : UARTTiva.oem4f (.text:UARTTiva_init)
                  00007fce    0000000c     rtsv7M4_T_le_v4SPD16_eabi.lib : copy_zero_init.obj (.text:decompress:ZI)
                  00007fda    00000006     ti.targets.arm.rtsarm.aem4f : xdc_noinit.oem4f (.text:__xdc__init)
                  00007fe0    0000000c     sysbios.aem4f : BIOS.obj (.text:ti_sysbios_family_arm_lm4_Timer_getMaxTicks__E)
                  00007fec    00000004     --HOLE-- [fill = 0]
                  00007ff0    0000000c                   : BIOS.obj (.text:ti_sysbios_family_arm_lm4_TimestampProvider_startTimer__E)
                  00007ffc    0000000c     FestoStation_pem4f.oem4f (.text:ti_sysbios_family_arm_m3_Hwi_Params__init__S)
                  00008008    0000000c     sysbios.aem4f : BIOS.obj (.text:ti_sysbios_family_arm_m3_Hwi_disableFxn__E)
                  00008014    00000004     --HOLE-- [fill = 0]
                  00008018    0000000c                   : BIOS.obj (.text:ti_sysbios_family_arm_m3_TaskSupport_checkStack__E)
                  00008024    00000004     --HOLE-- [fill = 0]
                  00008028    0000000c                   : BIOS.obj (.text:ti_sysbios_gates_GateHwi_enter__E)
                  00008034    0000000c     FestoStation_pem4f.oem4f (.text:ti_sysbios_knl_Clock_Params__init__S)
                  00008040    0000000c     sysbios.aem4f : BIOS.obj (.text:ti_sysbios_knl_Clock_getTickPeriod__E)
                  0000804c    0000000c     FestoStation_pem4f.oem4f (.text:ti_sysbios_knl_Queue_Object__get__S)
                  00008058    0000000c     sysbios.aem4f : BIOS.obj (.text:ti_sysbios_knl_Queue_insert__E)
                  00008064    0000000c     FestoStation_pem4f.oem4f (.text:ti_sysbios_knl_Semaphore_Params__init__S)
                  00008070    0000000c     ti.targets.arm.rtsarm.aem4f : Error.oem4f (.text:xdc_runtime_Error_init__E)
                  0000807c    0000000c                                 : Gate.oem4f (.text:xdc_runtime_Gate_enterSystem__E)
                  00008088    0000000c                                 : Memory.oem4f (.text:xdc_runtime_Memory_calloc__E)
                  00008094    0000000c                                 : Memory.oem4f (.text:xdc_runtime_Memory_getMaxDefaultTypeAlign__E)
                  000080a0    0000000a     driverlib.lib : adc.obj (.text:ADCIntClear)
                  000080aa    0000000a     kentec320x240x16_ssd2119.obj (.text:Kentec320x240x16_SSD2119Flush)
                  000080b4    0000000a     driverlib.lib : uart.obj (.text:UARTCharGet)
                  000080be    0000000a                   : uart.obj (.text:UARTCharPut)
                  000080c8    0000000a                   : uart.obj (.text:UARTIntDisable)
                  000080d2    0000000a                   : uart.obj (.text:UARTIntStatus)
                  000080dc    0000000a     drivers_tivaware.aem4f : UART.oem4f (.text:UART_read)
                  000080e6    0000000a                            : UART.oem4f (.text:UART_write)
                  000080f0    0000000a     FestoStation_pem4f.oem4f (.text:xdc_runtime_IHeap_alloc)
                  000080fa    0000000a     FestoStation_pem4f.oem4f (.text:xdc_runtime_IHeap_free)
                  00008104    0000000a     FestoStation_pem4f.oem4f (.text:xdc_runtime_Text_visitRope__I)
                  0000810e    00000008     grlib.lib : charmap.obj (.text:GrMapISO8859_1_Unicode)
                  00008116    00000008     driverlib.lib : uart.obj (.text:UARTIntEnable)
                  0000811e    00000008     drivers_tivaware.aem4f : UARTTiva.oem4f (.text:readSemCallback)
                  00008126    00000008     sysbios.aem4f : BIOS.obj (.text:ti_sysbios_family_arm_lm4_Timer_masterDisable__I)
                  0000812e    00000002     --HOLE-- [fill = 0]
                  00008130    00000008                   : BIOS.obj (.text:ti_sysbios_family_arm_m3_Hwi_startup__E)
                  00008138    00000008     drivers_tivaware.aem4f : UARTTiva.oem4f (.text:writeSemCallback)
                  00008140    00000006     rtsv7M4_T_le_v4SPD16_eabi.lib : copy_decompress_rle.obj (.text:decompress:rle24)
                  00008146    00000002     --HOLE-- [fill = 0]
                  00008148    00000006     sysbios.aem4f : BIOS.obj (.text:ti_sysbios_family_arm_lm4_TimestampProvider_Module_startup__E)
                  0000814e    00000002     --HOLE-- [fill = 0]
                  00008150    00000006                   : BIOS.obj (.text:ti_sysbios_family_arm_m3_Hwi_doTaskRestore__I)
                  00008156    00000002     --HOLE-- [fill = 0]
                  00008158    00000006                   : BIOS.obj (.text:ti_sysbios_family_arm_m3_Hwi_restoreFxn__E)
                  0000815e    00000002     --HOLE-- [fill = 0]
                  00008160    00000006                   : BIOS.obj (.text:ti_sysbios_gates_GateHwi_leave__E)
                  00008166    00000002     --HOLE-- [fill = 0]
                  00008168    00000006                   : BIOS.obj (.text:ti_sysbios_heaps_HeapMem_isBlocking__E)
                  0000816e    00000002     --HOLE-- [fill = 0]
                  00008170    00000006                   : BIOS.obj (.text:ti_sysbios_knl_Clock_stop__E)
                  00008176    00000002     --HOLE-- [fill = 0]
                  00008178    00000006                   : BIOS.obj (.text:ti_sysbios_knl_Queue_Instance_init__E)
                  0000817e    00000006     ti.targets.arm.rtsarm.aem4f : System.oem4f (.text:xdc_runtime_System_Module_startup__E)
                  00008184    00000004     --HOLE-- [fill = 0]
                  00008188    00000004     sysbios.aem4f : BIOS.obj (.text:ti_sysbios_family_arm_lm4_Timer_getPeriod__E)
                  0000818c    00000004     --HOLE-- [fill = 0]
                  00008190    00000004                   : BIOS.obj (.text:ti_sysbios_gates_GateHwi_query__E)
                  00008194    00000004     --HOLE-- [fill = 0]
                  00008198    00000004                   : BIOS.obj (.text:ti_sysbios_gates_GateMutex_query__E)
                  0000819c    00000004     --HOLE-- [fill = 0]
                  000081a0    00000004                   : BIOS.obj (.text:ti_sysbios_knl_Task_startup__E)
                  000081a4    00000004     --HOLE-- [fill = 0]
                  000081a8    00000002                   : BIOS.obj (.text:ti_sysbios_family_arm_m3_Hwi_doSwiRestore__I)
                  000081aa    00000006     --HOLE-- [fill = 0]
                  000081b0    00000002                   : BIOS.obj (.text:ti_sysbios_gates_GateHwi_Instance_init__E)
                  000081b2    00000006     --HOLE-- [fill = 0]
                  000081b8    00000002                   : BIOS.obj (.text:ti_sysbios_knl_Clock_logTick__E)

.const     0    000081bc    0000603e     
                  000081bc    00001d8b     FestoStation_pem4f.oem4f (.const:xdc_runtime_Text_charTab__A)
                  00009f47    00001a46     frame.obj (.const:.string:g_pui8Top)
                  0000b98d    00000786     frame.obj (.const:.string:g_pui8Bottom)
                  0000c113    00000782     grlib.lib : fontcmss18b.obj (.const:.string:g_pui8Cmss18bData)
                  0000c895    00000546     frame.obj (.const:.string:g_pui8Left)
                  0000cddb    00000546     frame.obj (.const:.string:g_pui8Right)
                  0000d321    0000017c     frame.obj (.const:.string:g_pui8TopLeft)
                  0000d49d    00000173     frame.obj (.const:.string:g_pui8TopRight)
                  0000d610    00000120     Boot.aem4f : Boot_sysctl.oem4f (.const:g_pppui32XTALtoVCO)
                  0000d730    000000d0     frame.obj (.const:.string:g_pui8BottomLeft)
                  0000d800    000000c8     grlib.lib : fontcmss18b.obj (.const:g_sFontCmss18b)
                  0000d8c8    000000c4     frame.obj (.const:.string:g_pui8BottomRight)
                  0000d98c    00000090     driverlib.lib : gpio.obj (.const:g_pui32GPIOBaseAddrs)
                  0000da1c    0000006c     Boot.aem4f : Boot_sysctl.oem4f (.const:g_pui32Xtals)
                  0000da88    00000060     FestoStation_pem4f.oem4f (.const:ti_uia_loggers_LoggerStopMode_Module__FXNS__C)
                  0000dae8    00000054     drivers_tivaware.aem4f : GPIOTiva.oem4f (.const:.string)
                  0000db3c    0000004c                            : UARTTiva.oem4f (.const)
                  0000db88    00000048     FestoStation_pem4f.oem4f (.const:.string)
                  0000dbd0    00000048     drivers_tivaware.aem4f : GPIOTiva.oem4f (.const:gpioBaseAddresses)
                  0000dc18    00000030     Boot.aem4f : Boot_sysctl.oem4f (.const:g_sXTALtoMEMTIM)
                  0000dc48    00000030     FestoStation_pem4f.oem4f (.const:ti_sysbios_family_arm_m3_Hwi_Object__PARAMS__C)
                  0000dc78    00000028     drivers_tivaware.aem4f : UARTTiva.oem4f (.const:UARTTiva_fxnTable)
                  0000dca0    00000028     kentec320x240x16_ssd2119.obj (.const:g_sKentec320x240x16_SSD2119)
                  0000dcc8    00000028     FestoStation_pem4f.oem4f (.const:ti_sysbios_heaps_HeapMem_Module__FXNS__C)
                  0000dcf0    00000028     FestoStation_pem4f.oem4f (.const:ti_uia_loggers_LoggerStopMode_Object__PARAMS__C)
                  0000dd18    00000028     FestoStation_pem4f.oem4f (.const:xdc_runtime_Startup_sfxnTab__A)
                  0000dd40    00000024     drivers_tivaware.aem4f : UART.oem4f (.const:UART_defaultParams)
                  0000dd64    00000024     FestoStation_pem4f.oem4f (.const:ti_sysbios_gates_GateHwi_Module__FXNS__C)
                  0000dd88    00000024     FestoStation_pem4f.oem4f (.const:ti_sysbios_gates_GateMutex_Module__FXNS__C)
                  0000ddac    00000024     FestoStation_pem4f.oem4f (.const:ti_sysbios_heaps_HeapMem_Object__PARAMS__C)
                  0000ddd0    00000024     FestoStation_pem4f.oem4f (.const:ti_sysbios_knl_Clock_Object__PARAMS__C)
                  0000ddf4    00000024     FestoStation_pem4f.oem4f (.const:ti_sysbios_knl_Semaphore_Object__PARAMS__C)
                  0000de18    00000020     FestoStation_pem4f.oem4f (.const:ti_sysbios_family_arm_m3_Hwi_Object__DESC__C)
                  0000de38    00000020     FestoStation_pem4f.oem4f (.const:ti_sysbios_gates_GateHwi_Object__DESC__C)
                  0000de58    00000020     FestoStation_pem4f.oem4f (.const:ti_sysbios_gates_GateMutex_Object__DESC__C)
                  0000de78    00000020     FestoStation_pem4f.oem4f (.const:ti_sysbios_heaps_HeapMem_Object__DESC__C)
                  0000de98    00000020     FestoStation_pem4f.oem4f (.const:ti_sysbios_knl_Clock_Object__DESC__C)
                  0000deb8    00000020     FestoStation_pem4f.oem4f (.const:ti_sysbios_knl_Queue_Object__DESC__C)
                  0000ded8    00000020     FestoStation_pem4f.oem4f (.const:ti_sysbios_knl_Semaphore_Object__DESC__C)
                  0000def8    00000020     FestoStation_pem4f.oem4f (.const:ti_uia_loggers_LoggerStopMode_Object__DESC__C)
                  0000df18    00000018     FestoStation_pem4f.oem4f (.const)
                  0000df30    00000018     DK_TM4C129X.obj (.const:UART_config)
                  0000df48    00000018     FestoStation_pem4f.oem4f (.const:ti_sysbios_gates_GateHwi_Object__PARAMS__C)
                  0000df60    00000018     FestoStation_pem4f.oem4f (.const:ti_sysbios_gates_GateMutex_Object__PARAMS__C)
                  0000df78    00000018     FestoStation_pem4f.oem4f (.const:ti_sysbios_knl_Queue_Object__PARAMS__C)
                  0000df90    00000018     DK_TM4C129X.obj (.const:uartTivaHWAttrs)
                  0000dfa8    00000017     FestoStation.obj (.const:.string)
                  0000dfbf    00000001     FestoStation_pem4f.oem4f (.const:xdc_runtime_Error_policy__C)
                  0000dfc0    00000014     DK_TM4C129X.obj (.const:GPIOTiva_config)
                  0000dfd4    00000014     FestoStation_pem4f.oem4f (.const:xdc_runtime_Startup_firstFxns__A)
                  0000dfe8    00000014     FestoStation_pem4f.oem4f (.const:xdc_runtime_Startup_sfxnRts__A)
                  0000dffc    00000011     ti.targets.arm.rtsarm.aem4f : System.oem4f (.const:.string)
                  0000e00d    00000001     --HOLE-- [fill = 0]
                  0000e00e    00000002     FestoStation_pem4f.oem4f (.const:ti_catalog_arm_cortexm4_tiva_ce_Boot_Module__id__C)
                  0000e010    00000010     grlib.lib : context.obj (.const)
                  0000e020    00000010     FestoStation_pem4f.oem4f (.const:xdc_runtime_Text_nodeTab__A)
                  0000e030    00000008     Boot.aem4f : Boot_sysctl.oem4f (.const)
                  0000e038    00000008     FestoStation_pem4f.oem4f (.const:ti_sysbios_family_arm_m3_Hwi_excHookFuncs__A)
                  0000e040    00000008     FestoStation_pem4f.oem4f (.const:ti_sysbios_knl_Idle_funcList__A)
                  0000e048    00000008     FestoStation_pem4f.oem4f (.const:ti_sysbios_knl_Idle_funcList__C)
                  0000e050    00000008     FestoStation_pem4f.oem4f (.const:xdc_runtime_Startup_firstFxns__C)
                  0000e058    00000008     FestoStation_pem4f.oem4f (.const:xdc_runtime_Startup_lastFxns__C)
                  0000e060    00000004     FestoStation_pem4f.oem4f (.const:ti_catalog_arm_cortexm4_tiva_ce_Boot_A_mustNotUseEnhancedClockMode__C)
                  0000e064    00000004     FestoStation_pem4f.oem4f (.const:ti_catalog_arm_cortexm4_tiva_ce_Boot_Module__diagsEnabled__C)
                  0000e068    00000004     FestoStation_pem4f.oem4f (.const:ti_catalog_arm_cortexm4_tiva_ce_Boot_Module__diagsIncluded__C)
                  0000e06c    00000004     FestoStation_pem4f.oem4f (.const:ti_catalog_arm_cortexm4_tiva_ce_Boot_Module__diagsMask__C)
                  0000e070    00000004     FestoStation_pem4f.oem4f (.const:ti_sysbios_family_arm_lm4_Timer_enableFunc__C)
                  0000e074    00000004     FestoStation_pem4f.oem4f (.const:ti_sysbios_family_arm_lm4_Timer_numTimerDevices__C)
                  0000e078    00000004     FestoStation_pem4f.oem4f (.const:ti_sysbios_family_arm_lm4_Timer_startupNeeded__C)
                  0000e07c    00000004     FestoStation_pem4f.oem4f (.const:ti_sysbios_family_arm_m3_Hwi_E_NMI__C)
                  0000e080    00000004     FestoStation_pem4f.oem4f (.const:ti_sysbios_family_arm_m3_Hwi_E_alreadyDefined__C)
                  0000e084    00000004     FestoStation_pem4f.oem4f (.const:ti_sysbios_family_arm_m3_Hwi_E_busFault__C)
                  0000e088    00000004     FestoStation_pem4f.oem4f (.const:ti_sysbios_family_arm_m3_Hwi_E_debugMon__C)
                  0000e08c    00000004     FestoStation_pem4f.oem4f (.const:ti_sysbios_family_arm_m3_Hwi_E_hardFault__C)
                  0000e090    00000004     FestoStation_pem4f.oem4f (.const:ti_sysbios_family_arm_m3_Hwi_E_memFault__C)
                  0000e094    00000004     FestoStation_pem4f.oem4f (.const:ti_sysbios_family_arm_m3_Hwi_E_noIsr__C)
                  0000e098    00000004     FestoStation_pem4f.oem4f (.const:ti_sysbios_family_arm_m3_Hwi_E_reserved__C)
                  0000e09c    00000004     FestoStation_pem4f.oem4f (.const:ti_sysbios_family_arm_m3_Hwi_E_svCall__C)
                  0000e0a0    00000004     FestoStation_pem4f.oem4f (.const:ti_sysbios_family_arm_m3_Hwi_E_usageFault__C)
                  0000e0a4    00000004     FestoStation_pem4f.oem4f (.const:ti_sysbios_family_arm_m3_Hwi_NUM_INTERRUPTS__C)
                  0000e0a8    00000004     FestoStation_pem4f.oem4f (.const:ti_sysbios_family_arm_m3_Hwi_Object__count__C)
                  0000e0ac    00000004     FestoStation_pem4f.oem4f (.const:ti_sysbios_family_arm_m3_Hwi_ccr__C)
                  0000e0b0    00000004     FestoStation_pem4f.oem4f (.const:ti_sysbios_family_arm_m3_Hwi_excHandlerFunc__C)
                  0000e0b4    00000004     FestoStation_pem4f.oem4f (.const:ti_sysbios_family_arm_m3_Hwi_excHookFuncs__C)
                  0000e0b8    00000004     FestoStation_pem4f.oem4f (.const:ti_sysbios_family_arm_m3_Hwi_nullIsrFunc__C)
                  0000e0bc    00000004     FestoStation_pem4f.oem4f (.const:ti_sysbios_family_arm_m3_Hwi_priGroup__C)
                  0000e0c0    00000004     FestoStation_pem4f.oem4f (.const:ti_sysbios_gates_GateMutex_Instance_State_sem__O)
                  0000e0c4    00000004     FestoStation_pem4f.oem4f (.const:ti_sysbios_hal_Hwi_E_stackOverflow__C)
                  0000e0c8    00000004     FestoStation_pem4f.oem4f (.const:ti_sysbios_heaps_HeapMem_E_memory__C)
                  0000e0cc    00000004     FestoStation_pem4f.oem4f (.const:ti_sysbios_heaps_HeapMem_Module__gateObj__C)
                  0000e0d0    00000004     FestoStation_pem4f.oem4f (.const:ti_sysbios_heaps_HeapMem_Object__count__C)
                  0000e0d4    00000004     FestoStation_pem4f.oem4f (.const:ti_sysbios_heaps_HeapMem_reqAlign__C)
                  0000e0d8    00000004     FestoStation_pem4f.oem4f (.const:ti_sysbios_knl_Clock_Module_State_clockQ__O)
                  0000e0dc    00000004     FestoStation_pem4f.oem4f (.const:ti_sysbios_knl_Event_Instance_State_pendQ__O)
                  0000e0e0    00000004     FestoStation_pem4f.oem4f (.const:ti_sysbios_knl_Mailbox_Instance_State_freeQue__O)
                  0000e0e4    00000004     FestoStation_pem4f.oem4f (.const:ti_sysbios_knl_Mailbox_Object__count__C)
                  0000e0e8    00000004     FestoStation_pem4f.oem4f (.const:ti_sysbios_knl_Mailbox_maxTypeAlign__C)
                  0000e0ec    00000004     FestoStation_pem4f.oem4f (.const:ti_sysbios_knl_Semaphore_Instance_State_pendQ__O)
                  0000e0f0    00000004     FestoStation_pem4f.oem4f (.const:ti_sysbios_knl_Semaphore_eventPost__C)
                  0000e0f4    00000004     FestoStation_pem4f.oem4f (.const:ti_sysbios_knl_Semaphore_eventSync__C)
                  0000e0f8    00000004     FestoStation_pem4f.oem4f (.const:ti_sysbios_knl_Task_E_spOutOfBounds__C)
                  0000e0fc    00000004     FestoStation_pem4f.oem4f (.const:ti_sysbios_knl_Task_E_stackOverflow__C)
                  0000e100    00000004     FestoStation_pem4f.oem4f (.const:ti_sysbios_knl_Task_Module_State_inactiveQ__O)
                  0000e104    00000004     FestoStation_pem4f.oem4f (.const:ti_sysbios_knl_Task_Object__count__C)
                  0000e108    00000004     FestoStation_pem4f.oem4f (.const:ti_sysbios_knl_Task_allBlockedFunc__C)
                  0000e10c    00000004     FestoStation_pem4f.oem4f (.const:ti_sysbios_knl_Task_numConstructedTasks__C)
                  0000e110    00000004     FestoStation_pem4f.oem4f (.const:ti_sysbios_utils_Load_Module__diagsEnabled__C)
                  0000e114    00000004     FestoStation_pem4f.oem4f (.const:ti_sysbios_utils_Load_Module__diagsIncluded__C)
                  0000e118    00000004     FestoStation_pem4f.oem4f (.const:ti_sysbios_utils_Load_Module__diagsMask__C)
                  0000e11c    00000004     FestoStation_pem4f.oem4f (.const:ti_sysbios_utils_Load_postUpdate__C)
                  0000e120    00000004     FestoStation_pem4f.oem4f (.const:ti_sysbios_utils_Load_windowInMs__C)
                  0000e124    00000004     FestoStation_pem4f.oem4f (.const:ti_uia_loggers_LoggerStopMode_Module__diagsEnabled__C)
                  0000e128    00000004     FestoStation_pem4f.oem4f (.const:ti_uia_loggers_LoggerStopMode_Module__diagsIncluded__C)
                  0000e12c    00000004     FestoStation_pem4f.oem4f (.const:ti_uia_loggers_LoggerStopMode_Module__diagsMask__C)
                  0000e130    00000004     FestoStation_pem4f.oem4f (.const:ti_uia_loggers_LoggerStopMode_Object__count__C)
                  0000e134    00000004     FestoStation_pem4f.oem4f (.const:ti_uia_runtime_ILoggerSnapshot_Interface__BASE__C)
                  0000e138    00000004     FestoStation_pem4f.oem4f (.const:ti_uia_runtime_IUIATransfer_Interface__BASE__C)
                  0000e13c    00000004     FestoStation_pem4f.oem4f (.const:xdc_runtime_Assert_E_assertFailed__C)
                  0000e140    00000004     FestoStation_pem4f.oem4f (.const:xdc_runtime_Core_A_initializedParams__C)
                  0000e144    00000004     FestoStation_pem4f.oem4f (.const:xdc_runtime_Core_Module__diagsEnabled__C)
                  0000e148    00000004     FestoStation_pem4f.oem4f (.const:xdc_runtime_Core_Module__diagsIncluded__C)
                  0000e14c    00000004     FestoStation_pem4f.oem4f (.const:xdc_runtime_Core_Module__diagsMask__C)
                  0000e150    00000004     FestoStation_pem4f.oem4f (.const:xdc_runtime_Error_E_memory__C)
                  0000e154    00000004     FestoStation_pem4f.oem4f (.const:xdc_runtime_Error_Module__diagsEnabled__C)
                  0000e158    00000004     FestoStation_pem4f.oem4f (.const:xdc_runtime_Error_Module__diagsIncluded__C)
                  0000e15c    00000004     FestoStation_pem4f.oem4f (.const:xdc_runtime_Error_Module__diagsMask__C)
                  0000e160    00000004     FestoStation_pem4f.oem4f (.const:xdc_runtime_Error_Module__loggerFxn8__C)
                  0000e164    00000004     FestoStation_pem4f.oem4f (.const:xdc_runtime_Error_Module__loggerObj__C)
                  0000e168    00000004     FestoStation_pem4f.oem4f (.const:xdc_runtime_Error_policyFxn__C)
                  0000e16c    00000004     FestoStation_pem4f.oem4f (.const:xdc_runtime_Error_raiseHook__C)
                  0000e170    00000004     FestoStation_pem4f.oem4f (.const:xdc_runtime_IFilterLogger_Interface__BASE__C)
                  0000e174    00000004     FestoStation_pem4f.oem4f (.const:xdc_runtime_IGateProvider_Interface__BASE__C)
                  0000e178    00000004     FestoStation_pem4f.oem4f (.const:xdc_runtime_IHeap_Interface__BASE__C)
                  0000e17c    00000004     FestoStation_pem4f.oem4f (.const:xdc_runtime_ILogger_Interface__BASE__C)
                  0000e180    00000004     FestoStation_pem4f.oem4f (.const:xdc_runtime_IModule_Interface__BASE__C)
                  0000e184    00000004     FestoStation_pem4f.oem4f (.const:xdc_runtime_Log_L_error__C)
                  0000e188    00000004     FestoStation_pem4f.oem4f (.const:xdc_runtime_Memory_defaultHeapInstance__C)
                  0000e18c    00000004     FestoStation_pem4f.oem4f (.const:xdc_runtime_Startup_execImpl__C)
                  0000e190    00000004     FestoStation_pem4f.oem4f (.const:xdc_runtime_Startup_lastFxns__A)
                  0000e194    00000004     FestoStation_pem4f.oem4f (.const:xdc_runtime_Startup_maxPasses__C)
                  0000e198    00000004     FestoStation_pem4f.oem4f (.const:xdc_runtime_Startup_sfxnRts__C)
                  0000e19c    00000004     FestoStation_pem4f.oem4f (.const:xdc_runtime_Startup_sfxnTab__C)
                  0000e1a0    00000004     FestoStation_pem4f.oem4f (.const:xdc_runtime_SysMin_bufSize__C)
                  0000e1a4    00000004     FestoStation_pem4f.oem4f (.const:xdc_runtime_SysMin_outputFunc__C)
                  0000e1a8    00000004     FestoStation_pem4f.oem4f (.const:xdc_runtime_System_Module__gateObj__C)
                  0000e1ac    00000004     FestoStation_pem4f.oem4f (.const:xdc_runtime_System_abortFxn__C)
                  0000e1b0    00000004     FestoStation_pem4f.oem4f (.const:xdc_runtime_System_exitFxn__C)
                  0000e1b4    00000004     FestoStation_pem4f.oem4f (.const:xdc_runtime_System_extendFxn__C)
                  0000e1b8    00000004     FestoStation_pem4f.oem4f (.const:xdc_runtime_System_maxAtexitHandlers__C)
                  0000e1bc    00000004     FestoStation_pem4f.oem4f (.const:xdc_runtime_Text_charTab__C)
                  0000e1c0    00000004     FestoStation_pem4f.oem4f (.const:xdc_runtime_Text_nameEmpty__C)
                  0000e1c4    00000004     FestoStation_pem4f.oem4f (.const:xdc_runtime_Text_nameStatic__C)
                  0000e1c8    00000004     FestoStation_pem4f.oem4f (.const:xdc_runtime_Text_nameUnknown__C)
                  0000e1cc    00000004     FestoStation_pem4f.oem4f (.const:xdc_runtime_Text_nodeTab__C)
                  0000e1d0    00000004     FestoStation_pem4f.oem4f (.const:xdc_runtime_Text_visitRopeFxn__C)
                  0000e1d4    00000002     FestoStation_pem4f.oem4f (.const:ti_sysbios_family_arm_lm4_TimestampProvider_useClockTimer__C)
                  0000e1d6    00000002     FestoStation_pem4f.oem4f (.const:ti_sysbios_family_arm_m3_Hwi_Module__id__C)
                  0000e1d8    00000002     FestoStation_pem4f.oem4f (.const:ti_sysbios_hal_Hwi_Module__id__C)
                  0000e1da    00000002     FestoStation_pem4f.oem4f (.const:ti_sysbios_heaps_HeapMem_Module__id__C)
                  0000e1dc    00000002     FestoStation_pem4f.oem4f (.const:ti_sysbios_knl_Task_Module__id__C)
                  0000e1de    00000002     FestoStation_pem4f.oem4f (.const:ti_sysbios_knl_Task_initStackFlag__C)
                  0000e1e0    00000002     FestoStation_pem4f.oem4f (.const:ti_sysbios_utils_Load_hwiEnabled__C)
                  0000e1e2    00000002     FestoStation_pem4f.oem4f (.const:ti_sysbios_utils_Load_updateInIdle__C)
                  0000e1e4    00000002     FestoStation_pem4f.oem4f (.const:ti_uia_loggers_LoggerStopMode_Module__id__C)
                  0000e1e6    00000002     FestoStation_pem4f.oem4f (.const:ti_uia_loggers_LoggerStopMode_isTimestampEnabled__C)
                  0000e1e8    00000002     FestoStation_pem4f.oem4f (.const:xdc_runtime_Core_Module__id__C)
                  0000e1ea    00000002     FestoStation_pem4f.oem4f (.const:xdc_runtime_Error_Module__loggerDefined__C)
                  0000e1ec    00000002     FestoStation_pem4f.oem4f (.const:xdc_runtime_Error_maxDepth__C)
                  0000e1ee    00000002     FestoStation_pem4f.oem4f (.const:xdc_runtime_Memory_Module__id__C)
                  0000e1f0    00000002     FestoStation_pem4f.oem4f (.const:xdc_runtime_SysMin_flushAtExit__C)
                  0000e1f2    00000002     FestoStation_pem4f.oem4f (.const:xdc_runtime_Text_charCnt__C)
                  0000e1f4    00000002     FestoStation_pem4f.oem4f (.const:xdc_runtime_Text_isLoaded__C)
                  0000e1f6    00000002     FestoStation_pem4f.oem4f (.const:xdc_runtime_Text_registryModsLastId__C)
                  0000e1f8    00000002     FestoStation_pem4f.oem4f (.const:xdc_runtime_Text_unnamedModsLastId__C)

.cinit     0    0000e200    00000430     
                  0000e200    000003f9     (.cinit..data.load) [load image, compression = rle]
                  0000e5f9    00000003     --HOLE-- [fill = 0]
                  0000e5fc    0000000c     (__TI_handler_table)
                  0000e608    00000008     (.cinit..bss.load) [load image, compression = zero_init]
                  0000e610    00000008     (.cinit..vecs.load) [load image, compression = zero_init]
                  0000e618    00000018     (__TI_cinit_table)

.init_array 
*          0    00000000    00000000     UNINITIALIZED

.vecs      0    20000000    00000360     UNINITIALIZED
                  20000000    00000360     FestoStation_pem4f.oem4f (.vecs)

.bss       0    20000380    000041b0     UNINITIALIZED
                  20000380    00002000     FestoStation_pem4f.oem4f (.bss:ti_sysbios_heaps_HeapMem_Instance_State_0_buf__A)
                  20002380    00000e00     FestoStation_pem4f.oem4f (.bss:taskStackSection)
                  20003180    00000460     FestoStation_pem4f.oem4f (.bss:ti_sysbios_knl_Mailbox_Instance_State_0_allocBuf__A)
                  200035e0    00000020     (.common:g_pui8Dictionary)
                  20003600    00000400     FestoStation_pem4f.oem4f (.bss:ti_uia_loggers_LoggerStopMode_Instance_State_2_packetArray__A)
                  20003a00    00000360     FestoStation_pem4f.oem4f (.bss:ti_sysbios_family_arm_m3_Hwi_dispatchTable)
                  20003d60    00000020     (.common:uartTivaRingBuffer)
                  20003d80    00000200     FestoStation_pem4f.oem4f (.bss:ti_uia_loggers_LoggerStopMode_Instance_State_1_packetArray__A)
                  20003f80    00000120     rtsv7M4_T_le_v4SPD16_eabi.lib : trgmsg.obj (.bss:__CIOBUF_)
                  200040a0    00000034     FestoStation.obj (.bss:buffer)
                  200040d4    00000008     (.common:parmbuf)
                  200040dc    00000004     (.common:bufferSem)
                  200040e0    00000004     (.common:g_psGrLibDefaults)
                  200040e4    00000004     (.common:g_pui8OversampleFactor)
                  200040e8    00000004     (.common:gpioInterruptVectors)
                  200040ec    00000014     --HOLE--
                  20004100    00000100     FestoStation_pem4f.oem4f (.bss:ti_uia_loggers_LoggerStopMode_Instance_State_0_packetArray__A)
                  20004200    000000cc     DK_TM4C129X.obj (.bss:uartTivaObjects)
                  200042cc    00000090     drivers_tivaware.aem4f : GPIOTiva.oem4f (.bss:gpioCallbackInfo)
                  2000435c    00000080     FestoStation_pem4f.oem4f (.bss:xdc_runtime_SysMin_Module_State_0_outbuf__A)
                  200043dc    00000024     --HOLE--
                  20004400    00000030     FestoStation_pem4f.oem4f (.bss:ti_uia_loggers_LoggerStopMode_Instance_State_0_hdr__A)
                  20004430    00000050     --HOLE--
                  20004480    00000030     FestoStation_pem4f.oem4f (.bss:ti_uia_loggers_LoggerStopMode_Instance_State_1_hdr__A)
                  200044b0    00000050     --HOLE--
                  20004500    00000030     FestoStation_pem4f.oem4f (.bss:ti_uia_loggers_LoggerStopMode_Instance_State_2_hdr__A)

.data      0    20004530    00000650     UNINITIALIZED
                  20004530    00000174     FestoStation_pem4f.oem4f (.data)
                  200046a4    000000e4     FestoStation_pem4f.oem4f (.data:ti_sysbios_knl_Task_Object__table__V)
                  20004788    0000009c     FestoStation_pem4f.oem4f (.data:ti_uia_loggers_LoggerStopMode_Object__table__V)
                  20004824    00000098     FestoStation_pem4f.oem4f (.data:ti_sysbios_utils_Load_Module__state__V)
                  200048bc    00000080     FestoStation_pem4f.oem4f (.data:ti_sysbios_family_arm_lm4_Timer_Object__table__V)
                  2000493c    00000058     DK_TM4C129X.obj (.data:gpioPinConfigs)
                  20004994    00000050     FestoStation_pem4f.oem4f (.data:ti_sysbios_knl_Mailbox_Object__table__V)
                  200049e4    00000044     FestoStation_pem4f.oem4f (.data:ti_sysbios_knl_Task_Module__state__V)
                  20004a28    00000040     FestoStation_pem4f.oem4f (.data:ti_sysbios_family_arm_lm4_Timer_Module_State_0_device__A)
                  20004a68    00000038     FestoStation_pem4f.oem4f (.data:ti_sysbios_gates_GateMutex_Object__table__V)
                  20004aa0    00000034     FestoStation_pem4f.oem4f (.data:ti_sysbios_family_arm_m3_Hwi_Module__state__V)
                  20004ad4    00000030     FestoStation_pem4f.oem4f (.data:ti_sysbios_family_arm_m3_Hwi_Object__table__V)
                  20004b04    0000002c     FestoStation_pem4f.oem4f (.data:ti_sysbios_knl_Clock_Module__state__V)
                  20004b30    00000024     FestoStation_pem4f.oem4f (.data:ti_sysbios_BIOS_Module__state__V)
                  20004b54    00000008     rtsv7M4_T_le_v4SPD16_eabi.lib : _lock.obj (.data)
                  20004b5c    00000008                                   : exit.obj (.data)
                  20004b64    00000008     ti.uia.runtime.aem4f : QueueDescriptor.oem4f (.data)
                  20004b6c    00000005     drivers_tivaware.aem4f : GPIOTiva.oem4f (.data)
                  20004b71    00000003     --HOLE--
                  20004b74    00000004     FestoStation.obj (.data)
                  20004b78    00000004     drivers_tivaware.aem4f : UART.oem4f (.data)
                  20004b7c    00000004     rtsv7M4_T_le_v4SPD16_eabi.lib : stkdepth_vars.obj (.data)

.stack     0    20004b80    00000300     UNINITIALIZED
                  20004b80    00000300     --HOLE--

.bootVecs 
*          0    00000000    00000008     DSECT
                  00000000    00000008     boot.aem4f : boot.oem4f (.bootVecs)

xdc.meta   0    00000000    000000dc     COPY SECTION
                  00000000    000000dc     FestoStation_pem4f.oem4f (xdc.meta)

.TI.noinit 
*          0    20000380    00000000     UNINITIALIZED

.TI.persistent 
*          0    20004530    00000000     UNINITIALIZED


LINKER GENERATED COPY TABLES

__TI_cinit_table @ 0000e618 records: 3, size/record: 8, table size: 24
	.data: load addr=0000e200, load size=000003f9 bytes, run addr=20004530, run size=00000650 bytes, compression=rle
	.bss: load addr=0000e608, load size=00000008 bytes, run addr=20000380, run size=000041b0 bytes, compression=zero_init
	.vecs: load addr=0000e610, load size=00000008 bytes, run addr=20000000, run size=00000360 bytes, compression=zero_init


LINKER GENERATED HANDLER TABLE

__TI_handler_table @ 0000e5fc records: 3, size/record: 4, table size: 12
	index: 0, handler: __TI_decompress_rle24
	index: 1, handler: __TI_decompress_none
	index: 2, handler: __TI_zero_init


GLOBAL SYMBOLS: SORTED ALPHABETICALLY BY Name 

address   name                                                                 
-------   ----                                                                 
000080a1  ADCIntClear                                                          
00007dfd  ADCIntEnable                                                         
00007121  ADCIntStatus                                                         
000079a5  ADCProcessorTrigger                                                  
000068d1  ADCSequenceConfigure                                                 
000077c1  ADCSequenceDataGet                                                   
00007f11  ADCSequenceEnable                                                    
00004d1d  ADCSequenceStepConfigure                                             
000079bd  ADCSoftwareOversampleConfigure                                       
000064e5  C$$EXIT                                                              
000054c3  C$$IO$$                                                              
00007ca5  DK_TM4C129X_initGPIO                                                 
00003ab9  DK_TM4C129X_initGeneral                                              
0000717d  DK_TM4C129X_initUART                                                 
0000df28  DisplayEvents                                                        
0000df2c  DisplayMailbox                                                       
0000df20  FESTO                                                                
0000df24  FestoEvents                                                          
00006db1  Festo_Control_Driver                                                 
00005dbb  Festo_Control_Platform                                               
00004fe9  Festo_Driver_Init                                                    
000013c5  FrameDraw                                                            
000072e1  GPIODirModeSet                                                       
000057bb  GPIOIntClear                                                         
00007f87  GPIOIntEnable                                                        
00007f1f  GPIOIntStatus                                                        
[...]
0000dc48  ti_sysbios_family_arm_m3_Hwi_Object__PARAMS__C                       
0000dc78  UARTTiva_fxnTable                                                    
0000dca0  g_sKentec320x240x16_SSD2119                                          
0000dcc8  ti_sysbios_heaps_HeapMem_Module__FXNS__C                             
0000dcf0  ti_uia_loggers_LoggerStopMode_Object__PARAMS__C                      
0000dd18  xdc_runtime_Startup_sfxnTab__A                                       
0000dd40  UART_defaultParams                                                   
0000dd64  ti_sysbios_gates_GateHwi_Module__FXNS__C                             
0000dd88  ti_sysbios_gates_GateMutex_Module__FXNS__C                           
0000ddac  ti_sysbios_heaps_HeapMem_Object__PARAMS__C                           
0000ddd0  ti_sysbios_knl_Clock_Object__PARAMS__C                               
0000ddf4  ti_sysbios_knl_Semaphore_Object__PARAMS__C                           
0000de18  ti_sysbios_family_arm_m3_Hwi_Object__DESC__C                         
0000de38  ti_sysbios_gates_GateHwi_Object__DESC__C                             
0000de58  ti_sysbios_gates_GateMutex_Object__DESC__C                           
0000de78  ti_sysbios_heaps_HeapMem_Object__DESC__C                             
0000de98  ti_sysbios_knl_Clock_Object__DESC__C                                 
0000deb8  ti_sysbios_knl_Queue_Object__DESC__C                                 
0000ded8  ti_sysbios_knl_Semaphore_Object__DESC__C                             
0000def8  ti_uia_loggers_LoggerStopMode_Object__DESC__C                        
0000df18  echo                                                                 
0000df1c  LCD                                                                  
0000df20  FESTO                                                                
0000df24  FestoEvents                                                          
0000df28  DisplayEvents                                                        
0000df2c  DisplayMailbox                                                       
0000df30  UART_config                                                          
0000df48  ti_sysbios_gates_GateHwi_Object__PARAMS__C                           
0000df60  ti_sysbios_gates_GateMutex_Object__PARAMS__C                         
0000df78  ti_sysbios_knl_Queue_Object__PARAMS__C                               
0000df90  uartTivaHWAttrs                                                      
0000dfbf  xdc_runtime_Error_policy__C                                          
0000dfc0  GPIOTiva_config                                                      
0000dfd4  xdc_runtime_Startup_firstFxns__A                                     
0000dfe8  xdc_runtime_Startup_sfxnRts__A                                       
0000e00e  ti_catalog_arm_cortexm4_tiva_ce_Boot_Module__id__C                   
0000e010  g_psDefaultCodePointMapTable                                         
0000e020  xdc_runtime_Text_nodeTab__A                                          
0000e038  ti_sysbios_family_arm_m3_Hwi_excHookFuncs__A                         
0000e040  ti_sysbios_knl_Idle_funcList__A                                      
0000e048  ti_sysbios_knl_Idle_funcList__C                                      
0000e050  xdc_runtime_Startup_firstFxns__C                                     
0000e058  xdc_runtime_Startup_lastFxns__C                                      
0000e060  ti_catalog_arm_cortexm4_tiva_ce_Boot_A_mustNotUseEnhancedClockMode__C
0000e064  ti_catalog_arm_cortexm4_tiva_ce_Boot_Module__diagsEnabled__C         
0000e068  ti_catalog_arm_cortexm4_tiva_ce_Boot_Module__diagsIncluded__C        
0000e06c  ti_catalog_arm_cortexm4_tiva_ce_Boot_Module__diagsMask__C            
0000e070  ti_sysbios_family_arm_lm4_Timer_enableFunc__C                        
0000e074  ti_sysbios_family_arm_lm4_Timer_numTimerDevices__C                   
0000e078  ti_sysbios_family_arm_lm4_Timer_startupNeeded__C                     
0000e07c  ti_sysbios_family_arm_m3_Hwi_E_NMI__C                                
0000e080  ti_sysbios_family_arm_m3_Hwi_E_alreadyDefined__C                     
0000e084  ti_sysbios_family_arm_m3_Hwi_E_busFault__C                           
0000e088  ti_sysbios_family_arm_m3_Hwi_E_debugMon__C                           
0000e08c  ti_sysbios_family_arm_m3_Hwi_E_hardFault__C                          
0000e090  ti_sysbios_family_arm_m3_Hwi_E_memFault__C                           
0000e094  ti_sysbios_family_arm_m3_Hwi_E_noIsr__C                              
0000e098  ti_sysbios_family_arm_m3_Hwi_E_reserved__C                           
0000e09c  ti_sysbios_family_arm_m3_Hwi_E_svCall__C                             
0000e0a0  ti_sysbios_family_arm_m3_Hwi_E_usageFault__C                         
0000e0a4  ti_sysbios_family_arm_m3_Hwi_NUM_INTERRUPTS__C                       
0000e0a8  ti_sysbios_family_arm_m3_Hwi_Object__count__C                        
0000e0ac  ti_sysbios_family_arm_m3_Hwi_ccr__C                                  
0000e0b0  ti_sysbios_family_arm_m3_Hwi_excHandlerFunc__C                       
0000e0b4  ti_sysbios_family_arm_m3_Hwi_excHookFuncs__C                         
0000e0b8  ti_sysbios_family_arm_m3_Hwi_nullIsrFunc__C                          
0000e0bc  ti_sysbios_family_arm_m3_Hwi_priGroup__C                             
0000e0c0  ti_sysbios_gates_GateMutex_Instance_State_sem__O                     
0000e0c4  ti_sysbios_hal_Hwi_E_stackOverflow__C                                
0000e0c8  ti_sysbios_heaps_HeapMem_E_memory__C                                 
0000e0cc  ti_sysbios_heaps_HeapMem_Module__gateObj__C                          
0000e0d0  ti_sysbios_heaps_HeapMem_Object__count__C                            
0000e0d4  ti_sysbios_heaps_HeapMem_reqAlign__C                                 
0000e0d8  ti_sysbios_knl_Clock_Module_State_clockQ__O                          
0000e0dc  ti_sysbios_knl_Event_Instance_State_pendQ__O                         
0000e0e0  ti_sysbios_knl_Mailbox_Instance_State_freeQue__O                     
0000e0e4  ti_sysbios_knl_Mailbox_Object__count__C                              
0000e0e8  ti_sysbios_knl_Mailbox_maxTypeAlign__C                               
0000e0ec  ti_sysbios_knl_Semaphore_Instance_State_pendQ__O                     
0000e0f0  ti_sysbios_knl_Semaphore_eventPost__C                                
0000e0f4  ti_sysbios_knl_Semaphore_eventSync__C                                
0000e0f8  ti_sysbios_knl_Task_E_spOutOfBounds__C                               
0000e0fc  ti_sysbios_knl_Task_E_stackOverflow__C                               
0000e100  ti_sysbios_knl_Task_Module_State_inactiveQ__O                        
0000e104  ti_sysbios_knl_Task_Object__count__C                                 
0000e108  ti_sysbios_knl_Task_allBlockedFunc__C                                
0000e10c  ti_sysbios_knl_Task_numConstructedTasks__C                           
0000e110  ti_sysbios_utils_Load_Module__diagsEnabled__C                        
0000e114  ti_sysbios_utils_Load_Module__diagsIncluded__C                       
0000e118  ti_sysbios_utils_Load_Module__diagsMask__C                           
0000e11c  ti_sysbios_utils_Load_postUpdate__C                                  
0000e120  ti_sysbios_utils_Load_windowInMs__C                                  
0000e124  ti_uia_loggers_LoggerStopMode_Module__diagsEnabled__C                
0000e128  ti_uia_loggers_LoggerStopMode_Module__diagsIncluded__C               
0000e12c  ti_uia_loggers_LoggerStopMode_Module__diagsMask__C                   
0000e130  ti_uia_loggers_LoggerStopMode_Object__count__C                       
0000e134  ti_uia_runtime_ILoggerSnapshot_Interface__BASE__C                    
0000e138  ti_uia_runtime_IUIATransfer_Interface__BASE__C                       
0000e13c  xdc_runtime_Assert_E_assertFailed__C                                 
0000e140  xdc_runtime_Core_A_initializedParams__C                              
0000e144  xdc_runtime_Core_Module__diagsEnabled__C                             
0000e148  xdc_runtime_Core_Module__diagsIncluded__C                            
0000e14c  xdc_runtime_Core_Module__diagsMask__C                                
0000e150  xdc_runtime_Error_E_memory__C                                        
0000e154  xdc_runtime_Error_Module__diagsEnabled__C                            
0000e158  xdc_runtime_Error_Module__diagsIncluded__C                           
0000e15c  xdc_runtime_Error_Module__diagsMask__C                               
0000e160  xdc_runtime_Error_Module__loggerFxn8__C                              
0000e164  xdc_runtime_Error_Module__loggerObj__C                               
0000e168  xdc_runtime_Error_policyFxn__C                                       
0000e16c  xdc_runtime_Error_raiseHook__C                                       
0000e170  xdc_runtime_IFilterLogger_Interface__BASE__C                         
0000e174  xdc_runtime_IGateProvider_Interface__BASE__C                         
0000e178  xdc_runtime_IHeap_Interface__BASE__C                                 
0000e17c  xdc_runtime_ILogger_Interface__BASE__C                               
0000e180  xdc_runtime_IModule_Interface__BASE__C                               
0000e184  xdc_runtime_Log_L_error__C                                           
0000e188  xdc_runtime_Memory_defaultHeapInstance__C                            
0000e18c  xdc_runtime_Startup_execImpl__C                                      
0000e190  xdc_runtime_Startup_lastFxns__A                                      
0000e194  xdc_runtime_Startup_maxPasses__C                                     
0000e198  xdc_runtime_Startup_sfxnRts__C                                       
0000e19c  xdc_runtime_Startup_sfxnTab__C                                       
0000e1a0  xdc_runtime_SysMin_bufSize__C                                        
0000e1a4  xdc_runtime_SysMin_outputFunc__C                                     
0000e1a8  xdc_runtime_System_Module__gateObj__C                                
0000e1ac  xdc_runtime_System_abortFxn__C                                       
0000e1b0  xdc_runtime_System_exitFxn__C                                        
0000e1b4  xdc_runtime_System_extendFxn__C                                      
0000e1b8  xdc_runtime_System_maxAtexitHandlers__C                              
0000e1bc  xdc_runtime_Text_charTab__C                                          
0000e1c0  xdc_runtime_Text_nameEmpty__C                                        
0000e1c4  xdc_runtime_Text_nameStatic__C                                       
0000e1c8  xdc_runtime_Text_nameUnknown__C                                      
0000e1cc  xdc_runtime_Text_nodeTab__C                                          
0000e1d0  xdc_runtime_Text_visitRopeFxn__C                                     
0000e1d4  ti_sysbios_family_arm_lm4_TimestampProvider_useClockTimer__C         
0000e1d6  ti_sysbios_family_arm_m3_Hwi_Module__id__C                           
0000e1d8  ti_sysbios_hal_Hwi_Module__id__C                                     
0000e1da  ti_sysbios_heaps_HeapMem_Module__id__C                               
0000e1dc  ti_sysbios_knl_Task_Module__id__C                                    
0000e1de  ti_sysbios_knl_Task_initStackFlag__C                                 
0000e1e0  ti_sysbios_utils_Load_hwiEnabled__C                                  
0000e1e2  ti_sysbios_utils_Load_updateInIdle__C                                
0000e1e4  ti_uia_loggers_LoggerStopMode_Module__id__C                          
0000e1e6  ti_uia_loggers_LoggerStopMode_isTimestampEnabled__C                  
0000e1e8  xdc_runtime_Core_Module__id__C                                       
0000e1ea  xdc_runtime_Error_Module__loggerDefined__C                           
0000e1ec  xdc_runtime_Error_maxDepth__C                                        
0000e1ee  xdc_runtime_Memory_Module__id__C                                     
0000e1f0  xdc_runtime_SysMin_flushAtExit__C                                    
0000e1f2  xdc_runtime_Text_charCnt__C                                          
0000e1f4  xdc_runtime_Text_isLoaded__C                                         
0000e1f6  xdc_runtime_Text_registryModsLastId__C                               
0000e1f8  xdc_runtime_Text_unnamedModsLastId__C                                
0000e200  __TI_static_base__                                                   
0000e5fc  __TI_Handler_Table_Base                                              
0000e608  __TI_Handler_Table_Limit                                             
0000e618  __TI_CINIT_Base                                                      
0000e630  __TI_CINIT_Limit                                                     
20000000  ti_sysbios_family_arm_m3_Hwi_ramVectors                              
20000380  gpioCallbackFunctions                                                
20000380  ti_sysbios_heaps_HeapMem_Instance_State_0_buf__A                     
20002380  ti_sysbios_knl_Task_Instance_State_0_stack__A                        
20002680  ti_sysbios_knl_Task_Instance_State_1_stack__A                        
20002e80  ti_sysbios_knl_Task_Instance_State_2_stack__A                        
20003180  ti_sysbios_knl_Mailbox_Instance_State_0_allocBuf__A                  
20003600  ti_uia_loggers_LoggerStopMode_Instance_State_2_packetArray__A        
20003a00  ti_sysbios_family_arm_m3_Hwi_dispatchTable                           
20003d60  uartTivaRingBuffer                                                   
20003d80  ti_uia_loggers_LoggerStopMode_Instance_State_1_packetArray__A        
20003f80  __CIOBUF_                                                            
200040a0  buffer                                                               
200040dc  bufferSem                                                            
20004100  ti_uia_loggers_LoggerStopMode_Instance_State_0_packetArray__A        
20004200  uartTivaObjects                                                      
2000435c  xdc_runtime_SysMin_Module_State_0_outbuf__A                          
20004400  ti_uia_loggers_LoggerStopMode_Instance_State_0_hdr__A                
20004480  ti_uia_loggers_LoggerStopMode_Instance_State_1_hdr__A                
20004500  ti_uia_loggers_LoggerStopMode_Instance_State_2_hdr__A                
20004530  xdc_runtime_Diags_dictElems                                          
20004540  ti_sysbios_family_arm_lm4_Timer_Module__root__V                      
20004548  ti_sysbios_family_arm_lm4_Timer_Module_State_0_handles__A            
20004568  ti_sysbios_family_arm_lm4_Timer_Module__state__V                     
20004574  ti_sysbios_family_arm_lm4_TimestampProvider_Module__state__V         
2000457c  ti_sysbios_family_arm_m3_Hwi_Module__root__V                         
20004584  ti_sysbios_family_arm_m3_Hwi_Module_State_0_excActive__A             
20004588  ti_sysbios_family_arm_m3_Hwi_Module_State_0_excContext__A            
2000458c  ti_sysbios_family_arm_m3_Hwi_Module_State_0_excStack__A              
20004590  ti_sysbios_gates_GateHwi_Module__root__V                             
20004598  ti_sysbios_gates_GateHwi_Object__table__V                            
2000459c  ti_sysbios_gates_GateMutex_Module__root__V                           
200045a4  ti_sysbios_hal_Hwi_Module__root__V                                   
200045ac  ti_sysbios_heaps_HeapMem_Module__root__V                             
200045b4  ti_sysbios_heaps_HeapMem_Object__table__V                            
200045cc  ti_sysbios_knl_Clock_Module__root__V                                 
200045d4  ti_sysbios_knl_Event_Module__root__V                                 
200045e0  ti_sysbios_knl_Event_Object__table__V                                
200045f8  ti_sysbios_knl_Mailbox_Module__root__V                               
20004600  ti_sysbios_knl_Queue_Module__root__V                                 
20004608  ti_sysbios_knl_Semaphore_Module__root__V                             
20004610  ti_sysbios_knl_Task_Module__root__V                                  
2000461c  ti_sysbios_knl_Task_Module_State_0_readyQ__A                         
2000463c  ti_sysbios_knl_Task_Module_State_0_idleTask__A                       
20004640  ti_sysbios_utils_Load_Module_State_0_taskStartTime__A                
20004644  ti_sysbios_utils_Load_Module_State_0_runningTask__A                  
20004648  ti_uia_loggers_LoggerStopMode_Module__root__V                        
20004650  ti_uia_loggers_LoggerStopMode_Module__state__V                       
20004658  ti_uia_runtime_QueueDescriptor_Module__state__V                      
20004664  xdc_runtime_Error_Module__state__V                                   
20004666  xdc_runtime_Main_Module__root__V                                     
20004668  xdc_runtime_Memory_Module__state__V                                  
2000466c  xdc_runtime_Registry_Module__state__V                                
20004674  xdc_runtime_Startup_Module__state__V                                 
2000467c  xdc_runtime_SysMin_Module__state__V                                  
20004688  xdc_runtime_System_Module_State_0_atexitHandlers__A                  
20004690  xdc_runtime_System_Module__state__V                                  
20004698  xdc_runtime_Text_Module__state__V                                    
200046a0  __xdc__init__addr                                                    
200046a4  ti_sysbios_knl_Task_Object__table__V                                 
20004788  ti_uia_loggers_LoggerStopMode_Object__table__V                       
20004824  ti_sysbios_utils_Load_Module__state__V                               
200048bc  ti_sysbios_family_arm_lm4_Timer_Object__table__V                     
2000493c  gpioPinConfigs                                                       
20004994  ti_sysbios_knl_Mailbox_Object__table__V                              
200049e4  ti_sysbios_knl_Task_Module__state__V                                 
20004a28  ti_sysbios_family_arm_lm4_Timer_Module_State_0_device__A             
20004a68  ti_sysbios_gates_GateMutex_Object__table__V                          
20004aa0  ti_sysbios_family_arm_m3_Hwi_Module__state__V                        
20004ad4  ti_sysbios_family_arm_m3_Hwi_Object__table__V                        
20004b04  ti_sysbios_knl_Clock_Module__state__V                                
20004b30  ti_sysbios_BIOS_Module__state__V                                     
20004b54  _lock                                                                
20004b58  _unlock                                                              
20004b5c  __TI_cleanup_ptr                                                     
20004b60  __TI_dtors_ptr                                                       
20004b64  ti_uia_runtime_QueueDescriptor_gPtrToFirstDescriptor                 
20004b68  ti_uia_runtime_QueueDescriptor_gUpdateCount                          
20004b74  bufferCounter                                                        
20004b7c  main_func_sp                                                         
20004b80  __stack                                                              
20004d80  __STACK_TOP                                                          
20004e80  __STACK_END                                                          
e000e000  ti_sysbios_family_arm_m3_Hwi_nvic                                    
ffffffff  __binit__                                                            
ffffffff  __c_args__                                                           
ffffffff  binit                                                                
UNDEFED   SHT$$INIT_ARRAY$$Base                                                
UNDEFED   SHT$$INIT_ARRAY$$Limit                                               

[719 symbols]
